Archive member included to satisfy reference by file (symbol)

C:/Program Files (x86)/Arm GNU Toolchain arm-none-eabi/13.3 rel1/bin/../lib/gcc/arm-none-eabi/13.3.1/thumb/v7-a+fp/hard\libstdc++.a(atexit_arm.o)
                              ./src/drivers/Serial.o (__aeabi_atexit)
C:/Program Files (x86)/Arm GNU Toolchain arm-none-eabi/13.3 rel1/bin/../lib/gcc/arm-none-eabi/13.3.1/thumb/v7-a+fp/hard\libstdc++.a(class_type_info.o)
                              ./src/drivers/Onboard.o (vtable for __cxxabiv1::__class_type_info)
C:/Program Files (x86)/Arm GNU Toolchain arm-none-eabi/13.3 rel1/bin/../lib/gcc/arm-none-eabi/13.3.1/thumb/v7-a+fp/hard\libstdc++.a(del_ops.o)
                              ./src/drivers/Onboard.o (operator delete(void*, unsigned int))
C:/Program Files (x86)/Arm GNU Toolchain arm-none-eabi/13.3 rel1/bin/../lib/gcc/arm-none-eabi/13.3.1/thumb/v7-a+fp/hard\libstdc++.a(si_class_type_info.o)
                              ./src/drivers/Onboard.o (vtable for __cxxabiv1::__si_class_type_info)
C:/Program Files (x86)/Arm GNU Toolchain arm-none-eabi/13.3 rel1/bin/../lib/gcc/arm-none-eabi/13.3.1/thumb/v7-a+fp/hard\libstdc++.a(tinfo.o)
                              C:/Program Files (x86)/Arm GNU Toolchain arm-none-eabi/13.3 rel1/bin/../lib/gcc/arm-none-eabi/13.3.1/thumb/v7-a+fp/hard\libstdc++.a(class_type_info.o) (std::type_info::~type_info())
C:/Program Files (x86)/Arm GNU Toolchain arm-none-eabi/13.3 rel1/bin/../lib/gcc/arm-none-eabi/13.3.1/thumb/v7-a+fp/hard\libstdc++.a(del_op.o)
                              C:/Program Files (x86)/Arm GNU Toolchain arm-none-eabi/13.3 rel1/bin/../lib/gcc/arm-none-eabi/13.3.1/thumb/v7-a+fp/hard\libstdc++.a(del_ops.o) (operator delete(void*))
C:/Program Files (x86)/Arm GNU Toolchain arm-none-eabi/13.3 rel1/bin/../lib/gcc/arm-none-eabi/13.3.1/thumb/v7-a+fp/hard\libgcc.a(unwind-arm.o)
                              C:/Program Files (x86)/Arm GNU Toolchain arm-none-eabi/13.3 rel1/bin/../lib/gcc/arm-none-eabi/13.3.1/thumb/v7-a+fp/hard\libstdc++.a(class_type_info.o) (__aeabi_unwind_cpp_pr0)
C:/Program Files (x86)/Arm GNU Toolchain arm-none-eabi/13.3 rel1/bin/../lib/gcc/arm-none-eabi/13.3.1/thumb/v7-a+fp/hard\libgcc.a(libunwind.o)
                              C:/Program Files (x86)/Arm GNU Toolchain arm-none-eabi/13.3 rel1/bin/../lib/gcc/arm-none-eabi/13.3.1/thumb/v7-a+fp/hard\libgcc.a(unwind-arm.o) (restore_core_regs)
C:/Program Files (x86)/Arm GNU Toolchain arm-none-eabi/13.3 rel1/bin/../lib/gcc/arm-none-eabi/13.3.1/thumb/v7-a+fp/hard\libgcc.a(pr-support.o)
                              C:/Program Files (x86)/Arm GNU Toolchain arm-none-eabi/13.3 rel1/bin/../lib/gcc/arm-none-eabi/13.3.1/thumb/v7-a+fp/hard\libgcc.a(unwind-arm.o) (__gnu_unwind_execute)
C:/Program Files (x86)/Arm GNU Toolchain arm-none-eabi/13.3 rel1/bin/../lib/gcc/arm-none-eabi/13.3.1/thumb/v7-a+fp/hard\libg.a(libc_a-abort.o)
                              C:/Program Files (x86)/Arm GNU Toolchain arm-none-eabi/13.3 rel1/bin/../lib/gcc/arm-none-eabi/13.3.1/thumb/v7-a+fp/hard\libgcc.a(unwind-arm.o) (abort)
C:/Program Files (x86)/Arm GNU Toolchain arm-none-eabi/13.3 rel1/bin/../lib/gcc/arm-none-eabi/13.3.1/thumb/v7-a+fp/hard\libg.a(libc_a-malloc.o)
                              C:/Program Files (x86)/Arm GNU Toolchain arm-none-eabi/13.3 rel1/bin/../lib/gcc/arm-none-eabi/13.3.1/thumb/v7-a+fp/hard\libstdc++.a(del_op.o) (free)
C:/Program Files (x86)/Arm GNU Toolchain arm-none-eabi/13.3 rel1/bin/../lib/gcc/arm-none-eabi/13.3.1/thumb/v7-a+fp/hard\libg.a(libc_a-mallocr.o)
                              C:/Program Files (x86)/Arm GNU Toolchain arm-none-eabi/13.3 rel1/bin/../lib/gcc/arm-none-eabi/13.3.1/thumb/v7-a+fp/hard\libg.a(libc_a-malloc.o) (_malloc_r)
C:/Program Files (x86)/Arm GNU Toolchain arm-none-eabi/13.3 rel1/bin/../lib/gcc/arm-none-eabi/13.3.1/thumb/v7-a+fp/hard\libg.a(libc_a-mlock.o)
                              C:/Program Files (x86)/Arm GNU Toolchain arm-none-eabi/13.3 rel1/bin/../lib/gcc/arm-none-eabi/13.3.1/thumb/v7-a+fp/hard\libg.a(libc_a-mallocr.o) (__malloc_lock)
C:/Program Files (x86)/Arm GNU Toolchain arm-none-eabi/13.3 rel1/bin/../lib/gcc/arm-none-eabi/13.3.1/thumb/v7-a+fp/hard\libg.a(libc_a-cxa_atexit.o)
                              C:/Program Files (x86)/Arm GNU Toolchain arm-none-eabi/13.3 rel1/bin/../lib/gcc/arm-none-eabi/13.3.1/thumb/v7-a+fp/hard\libstdc++.a(atexit_arm.o) (__cxa_atexit)
C:/Program Files (x86)/Arm GNU Toolchain arm-none-eabi/13.3 rel1/bin/../lib/gcc/arm-none-eabi/13.3.1/thumb/v7-a+fp/hard\libg.a(libc_a-vsnprintf.o)
                              ./src/drivers/Serial.o (vsnprintf)
C:/Program Files (x86)/Arm GNU Toolchain arm-none-eabi/13.3 rel1/bin/../lib/gcc/arm-none-eabi/13.3.1/thumb/v7-a+fp/hard\libg.a(libc_a-signal.o)
                              C:/Program Files (x86)/Arm GNU Toolchain arm-none-eabi/13.3 rel1/bin/../lib/gcc/arm-none-eabi/13.3.1/thumb/v7-a+fp/hard\libg.a(libc_a-abort.o) (raise)
[...]
Memory Configuration

Name             Origin             Length             Attributes
BOOT_LOADER      0x18000000         0x00004000
SFLASH           0x18004000         0x07ffc000
RAM              0x20020000         0x00500000
*default*        0x00000000         0xffffffff

Linker script and memory map

LOAD ./src/drivers/Onboard.o
LOAD ./src/drivers/Serial.o
LOAD ./src/mcr_camera_2026base.o
LOAD ./generate/hwsetup.o
LOAD ./generate/inthandler.o
LOAD ./generate/mbed_sf_boot.o
LOAD ./generate/start.o
LOAD ./generate/vect_table.o
LOAD ./generate/vects.o
START GROUP
END GROUP
LOAD C:/Program Files (x86)/Arm GNU Toolchain arm-none-eabi/13.3 rel1/bin/../lib/gcc/arm-none-eabi/13.3.1/thumb/v7-a+fp/hard\libstdc++.a
LOAD C:/Program Files (x86)/Arm GNU Toolchain arm-none-eabi/13.3 rel1/bin/../lib/gcc/arm-none-eabi/13.3.1/thumb/v7-a+fp/hard\libm.a
START GROUP
LOAD C:/Program Files (x86)/Arm GNU Toolchain arm-none-eabi/13.3 rel1/bin/../lib/gcc/arm-none-eabi/13.3.1/thumb/v7-a+fp/hard\libgcc.a
LOAD C:/Program Files (x86)/Arm GNU Toolchain arm-none-eabi/13.3 rel1/bin/../lib/gcc/arm-none-eabi/13.3.1/thumb/v7-a+fp/hard\libg.a
LOAD C:/Program Files (x86)/Arm GNU Toolchain arm-none-eabi/13.3 rel1/bin/../lib/gcc/arm-none-eabi/13.3.1/thumb/v7-a+fp/hard\libc.a
END GROUP
START GROUP
LOAD C:/Program Files (x86)/Arm GNU Toolchain arm-none-eabi/13.3 rel1/bin/../lib/gcc/arm-none-eabi/13.3.1/thumb/v7-a+fp/hard\libgcc.a
LOAD C:/Program Files (x86)/Arm GNU Toolchain arm-none-eabi/13.3 rel1/bin/../lib/gcc/arm-none-eabi/13.3.1/thumb/v7-a+fp/hard\libc.a
LOAD C:/Program Files (x86)/Arm GNU Toolchain arm-none-eabi/13.3 rel1/bin/../lib/gcc/arm-none-eabi/13.3.1/thumb/v7-a+fp/hard\librdimon.a
END GROUP

.boot           0x18000000     0x3100
 *(.boot_loader)
 .boot_loader   0x18000000     0x3100 ./generate/mbed_sf_boot.o
                0x18000000                boot_loader

.fvectors       0x18004000       0x40
 *(.fvectors)
 .fvectors      0x18004000       0x40 ./generate/vect_table.o
                0x18004000                Start
                0x18004000                vector_table

.text           0x18004040     0xc17c
 *(.text)
 .text          0x18004040       0xc0 ./generate/start.o
                0x18004054                _PowerON_Reset
 .text          0x18004100      0x1ac C:/Program Files (x86)/Arm GNU Toolchain arm-none-eabi/13.3 rel1/bin/../lib/gcc/arm-none-eabi/13.3.1/thumb/v7-a+fp/hard\libgcc.a(libunwind.o)
                0x18004100                __restore_core_regs
                0x18004100                restore_core_regs
                0x18004118                __gnu_Unwind_Restore_VFP
                0x18004120                __gnu_Unwind_Save_VFP
                0x18004128                __gnu_Unwind_Restore_VFP_D
                0x18004130                __gnu_Unwind_Save_VFP_D
                0x18004138                __gnu_Unwind_Restore_VFP_D_16_to_31
                0x18004140                __gnu_Unwind_Save_VFP_D_16_to_31
                0x18004148                __gnu_Unwind_Restore_WMMXD
                0x1800418c                __gnu_Unwind_Save_WMMXD
                0x180041d0                __gnu_Unwind_Restore_WMMXC
                0x180041e4                __gnu_Unwind_Save_WMMXC
                0x180041f8                ___Unwind_RaiseException
                0x180041f8                _Unwind_RaiseException
                0x1800421c                _Unwind_Resume
                0x1800421c                ___Unwind_Resume
                0x18004240                _Unwind_Resume_or_Rethrow
                0x18004240                ___Unwind_Resume_or_Rethrow
                0x18004264                _Unwind_ForcedUnwind
                0x18004264                ___Unwind_ForcedUnwind
                0x18004288                ___Unwind_Backtrace
                0x18004288                _Unwind_Backtrace
 *fill*         0x180042ac       0x14 
 .text          0x180042c0      0x5e0 C:/Program Files (x86)/Arm GNU Toolchain arm-none-eabi/13.3 rel1/bin/../lib/gcc/arm-none-eabi/13.3.1/thumb/v7-a+fp/hard\libg.a(libc_a-memcpy.o)
                0x180042c0                memcpy
 .text          0x180048a0       0xa0 C:/Program Files (x86)/Arm GNU Toolchain arm-none-eabi/13.3 rel1/bin/../lib/gcc/arm-none-eabi/13.3.1/thumb/v7-a+fp/hard\libg.a(libc_a-memchr.o)
                0x180048a0                memchr
 .text          0x18004940       0xd8 C:/Program Files (x86)/Arm GNU Toolchain arm-none-eabi/13.3 rel1/bin/../lib/gcc/arm-none-eabi/13.3.1/thumb/v7-a+fp/hard\libg.a(libc_a-strlen.o)
                0x18004940                strlen
 .text          0x18004a18      0x278 C:/Program Files (x86)/Arm GNU Toolchain arm-none-eabi/13.3 rel1/bin/../lib/gcc/arm-none-eabi/13.3.1/thumb/v7-a+fp/hard\libgcc.a(_udivsi3.o)
                0x18004a18                __aeabi_uidiv
                0x18004a18                __udivsi3
                0x18004c74                __aeabi_uidivmod
 .text          0x18004c90      0x2b0 C:/Program Files (x86)/Arm GNU Toolchain arm-none-eabi/13.3 rel1/bin/../lib/gcc/arm-none-eabi/13.3.1/thumb/v7-a+fp/hard\libgcc.a(_divsi3.o)
                0x18004c90                __divsi3
                0x18004c90                __aeabi_idiv
                0x18004f24                __aeabi_idivmod
 .text          0x18004f40        0x4 C:/Program Files (x86)/Arm GNU Toolchain arm-none-eabi/13.3 rel1/bin/../lib/gcc/arm-none-eabi/13.3.1/thumb/v7-a+fp/hard\libgcc.a(_dvmd_tls.o)
                0x18004f40                __aeabi_idiv0
                0x18004f40                __aeabi_ldiv0
 *(.text.*)
 .text._ZN7Onboard4initEv
                0x18004f44      0x1e0 ./src/drivers/Onboard.o
                0x18004f44                Onboard::init()
 .text._ZN7Onboard10setUserLedEi
                0x18005124       0x44 ./src/drivers/Onboard.o
                0x18005124                Onboard::setUserLed(int)
 .text._ZN7Onboard11setColorLedEiii
                0x18005168       0x8c ./src/drivers/Onboard.o
                0x18005168                Onboard::setColorLed(int, int, int)
 .text._ZN7Onboard6updateEv
                0x180051f4       0xfc ./src/drivers/Onboard.o
                0x180051f4                Onboard::update()
 .text._ZN7Onboard2swEv
                0x180052f0       0x5c ./src/drivers/Onboard.o
                0x180052f0                Onboard::sw()
 .text._ZN6Serial4initEv
                0x1800534c      0x2f0 ./src/drivers/Serial.o
                0x1800534c                Serial::init()
 .text._ZN6Serial7putCharEc
                0x1800563c       0x8c ./src/drivers/Serial.o
                0x1800563c                Serial::putChar(char)
 .text._ZN6Serial5printEPKc
                0x180056c8       0x70 ./src/drivers/Serial.o
                0x180056c8                Serial::print(char const*)
 .text._ZN6Serial6printfEPKcz
                0x18005738       0x5c ./src/drivers/Serial.o
                0x18005738                Serial::printf(char const*, ...)
 .text._ZL9initOSTM0v
                0x18005794      0x1c0 ./src/mcr_camera_2026base.o
 .text.ostm0_interrupt_callback
                0x18005954      0x11c ./src/mcr_camera_2026base.o
                0x18005954                ostm0_interrupt_callback
 .text.main     0x18005a70      0x188 ./src/mcr_camera_2026base.o
                0x18005a70                main
 .text.HardwareSetup
                0x18005bf8       0x18 ./generate/hwsetup.o
                0x18005bf8                HardwareSetup
 .text.INT_Excep_UndefinedInst
                0x18005c10       0x18 ./generate/inthandler.o
                0x18005c10                INT_Excep_UndefinedInst
 .text.INT_Excep_SWI
                0x18005c28       0x18 ./generate/inthandler.o
                0x18005c28                INT_Excep_SWI
 .text.INT_Excep_PREFETCH_ABORT
                0x18005c40       0x18 ./generate/inthandler.o
                0x18005c40                INT_Excep_PREFETCH_ABORT
 .text.INT_Excep_DATA_ABORT
                0x18005c58       0x18 ./generate/inthandler.o
                0x18005c58                INT_Excep_DATA_ABORT
 .text.INT_Excep_Reserved
                0x18005c70       0x18 ./generate/inthandler.o
                0x18005c70                INT_Excep_Reserved
 .text.INT_Excep_IRQ
                0x18005c88       0x90 ./generate/inthandler.o
                0x18005c88                INT_Excep_IRQ
 .text.INT_Excep_FIQ
                0x18005d18       0x18 ./generate/inthandler.o
                0x18005d18                INT_Excep_FIQ
 .text.INT_Excep_GIC0
                0x18005d30       0x18 ./generate/inthandler.o
                0x18005d30                INT_Excep_GIC0
 .text.INT_Excep_GIC1
                0x18005d48       0x18 ./generate/inthandler.o
                0x18005d48                INT_Excep_GIC1
 .text.INT_Excep_GIC2
                0x18005d60       0x18 ./generate/inthandler.o
                0x18005d60                INT_Excep_GIC2
 .text.INT_Excep_GIC3
                0x18005d78       0x18 ./generate/inthandler.o
                0x18005d78                INT_Excep_GIC3
 .text.INT_Excep_GIC4
                0x18005d90       0x18 ./generate/inthandler.o
                0x18005d90                INT_Excep_GIC4
 .text.INT_Excep_GIC5
                0x18005da8       0x18 ./generate/inthandler.o
                0x18005da8                INT_Excep_GIC5
 .text.INT_Excep_GIC6
                0x18005dc0       0x18 ./generate/inthandler.o
                0x18005dc0                INT_Excep_GIC6
 .text.INT_Excep_GIC7
                0x18005dd8       0x18 ./generate/inthandler.o
                0x18005dd8                INT_Excep_GIC7
 .text.INT_Excep_GIC8
                0x18005df0       0x18 ./generate/inthandler.o
                0x18005df0                INT_Excep_GIC8
 .text.INT_Excep_GIC9
                0x18005e08       0x18 ./generate/inthandler.o
                0x18005e08                INT_Excep_GIC9
 .text.INT_Excep_GIC10
                0x18005e20       0x18 ./generate/inthandler.o
                0x18005e20                INT_Excep_GIC10
 .text.INT_Excep_GIC11
                0x18005e38       0x18 ./generate/inthandler.o
                0x18005e38                INT_Excep_GIC11
 .text.INT_Excep_GIC12
                0x18005e50       0x18 ./generate/inthandler.o
                0x18005e50                INT_Excep_GIC12
 .text.INT_Excep_GIC13
                0x18005e68       0x18 ./generate/inthandler.o
                0x18005e68                INT_Excep_GIC13
 .text.INT_Excep_GIC14
                0x18005e80       0x18 ./generate/inthandler.o
                0x18005e80                INT_Excep_GIC14
 .text.INT_Excep_GIC15
                0x18005e98       0x18 ./generate/inthandler.o
                0x18005e98                INT_Excep_GIC15
 .text.INT_Excep_CPU_PMUIRQ0
                0x18005eb0       0x18 ./generate/inthandler.o
                0x18005eb0                INT_Excep_CPU_PMUIRQ0
 .text.INT_Excep_CPU_COMMRX0
                0x18005ec8       0x18 ./generate/inthandler.o
                0x18005ec8                INT_Excep_CPU_COMMRX0
 .text.INT_Excep_CPU_COMMTX0
                0x18005ee0       0x18 ./generate/inthandler.o
                0x18005ee0                INT_Excep_CPU_COMMTX0
 .text.INT_Excep_CPU_CTIIRQ0
                0x18005ef8       0x18 ./generate/inthandler.o
                0x18005ef8                INT_Excep_CPU_CTIIRQ0
 .text.INT_Excep_IRQ0
                0x18005f10       0x18 ./generate/inthandler.o
                0x18005f10                INT_Excep_IRQ0
 .text.INT_Excep_IRQ1
                0x18005f28       0x18 ./generate/inthandler.o
                0x18005f28                INT_Excep_IRQ1
 .text.INT_Excep_IRQ2
                0x18005f40       0x18 ./generate/inthandler.o
                0x18005f40                INT_Excep_IRQ2
 .text.INT_Excep_IRQ3
                0x18005f58       0x18 ./generate/inthandler.o
                0x18005f58                INT_Excep_IRQ3
 .text.INT_Excep_IRQ4
                0x18005f70       0x18 ./generate/inthandler.o
                0x18005f70                INT_Excep_IRQ4
 .text.INT_Excep_IRQ5
                0x18005f88       0x18 ./generate/inthandler.o
                0x18005f88                INT_Excep_IRQ5
 .text.INT_Excep_IRQ6
                0x18005fa0       0x18 ./generate/inthandler.o
                0x18005fa0                INT_Excep_IRQ6
 .text.INT_Excep_IRQ7
                0x18005fb8       0x18 ./generate/inthandler.o
                0x18005fb8                INT_Excep_IRQ7
 .text.INT_Excep_PL310ERR
                0x18005fd0       0x18 ./generate/inthandler.o
                0x18005fd0                INT_Excep_PL310ERR
 .text.INT_Excep_DMAINT0
                0x18005fe8       0x18 ./generate/inthandler.o
                0x18005fe8                INT_Excep_DMAINT0
 .text.INT_Excep_DMAINT1
                0x18006000       0x18 ./generate/inthandler.o
                0x18006000                INT_Excep_DMAINT1
 .text.INT_Excep_DMAINT2
                0x18006018       0x18 ./generate/inthandler.o
                0x18006018                INT_Excep_DMAINT2
 .text.INT_Excep_DMAINT3
                0x18006030       0x18 ./generate/inthandler.o
                0x18006030                INT_Excep_DMAINT3
 .text.INT_Excep_DMAINT4
                0x18006048       0x18 ./generate/inthandler.o
                0x18006048                INT_Excep_DMAINT4
 .text.INT_Excep_DMAINT5
                0x18006060       0x18 ./generate/inthandler.o
                0x18006060                INT_Excep_DMAINT5
 .text.INT_Excep_DMAINT6
                0x18006078       0x18 ./generate/inthandler.o
                0x18006078                INT_Excep_DMAINT6
 .text.INT_Excep_DMAINT7
                0x18006090       0x18 ./generate/inthandler.o
                0x18006090                INT_Excep_DMAINT7
 .text.INT_Excep_DMAINT8
                0x180060a8       0x18 ./generate/inthandler.o
                0x180060a8                INT_Excep_DMAINT8
 .text.INT_Excep_DMAINT9
                0x180060c0       0x18 ./generate/inthandler.o
                0x180060c0                INT_Excep_DMAINT9
 .text.INT_Excep_DMAINT10
                0x180060d8       0x18 ./generate/inthandler.o
                0x180060d8                INT_Excep_DMAINT10
 .text.INT_Excep_DMAINT11
                0x180060f0       0x18 ./generate/inthandler.o
                0x180060f0                INT_Excep_DMAINT11
 .text.INT_Excep_DMAINT12
                0x18006108       0x18 ./generate/inthandler.o
                0x18006108                INT_Excep_DMAINT12
 .text.INT_Excep_DMAINT13
                0x18006120       0x18 ./generate/inthandler.o
                0x18006120                INT_Excep_DMAINT13
 .text.INT_Excep_DMAINT14
                0x18006138       0x18 ./generate/inthandler.o
                0x18006138                INT_Excep_DMAINT14
 .text.INT_Excep_DMAINT15
                0x18006150       0x18 ./generate/inthandler.o
                0x18006150                INT_Excep_DMAINT15
 .text.INT_Excep_DMAERR
                0x18006168       0x18 ./generate/inthandler.o
                0x18006168                INT_Excep_DMAERR
 .text.INT_Excep_USBI0
                0x18006180       0x18 ./generate/inthandler.o
                0x18006180                INT_Excep_USBI0
 .text.INT_Excep_USBI1
                0x18006198       0x18 ./generate/inthandler.o
                0x18006198                INT_Excep_USBI1
 .text.INT_Excep_S0_VI_VSYNC0
                0x180061b0       0x18 ./generate/inthandler.o
                0x180061b0                INT_Excep_S0_VI_VSYNC0
 .text.INT_Excep_S0_LO_VSYNC0
                0x180061c8       0x18 ./generate/inthandler.o
                0x180061c8                INT_Excep_S0_LO_VSYNC0
 .text.INT_Excep_S0_VSYNCERR0
                0x180061e0       0x18 ./generate/inthandler.o
                0x180061e0                INT_Excep_S0_VSYNCERR0
 .text.INT_Excep_GR3_VLINE0
                0x180061f8       0x18 ./generate/inthandler.o
                0x180061f8                INT_Excep_GR3_VLINE0
 .text.INT_Excep_S0_VFIELD0
                0x18006210       0x18 ./generate/inthandler.o
                0x18006210                INT_Excep_S0_VFIELD0
 .text.INT_Excep_IV1_VBUFERR0
                0x18006228       0x18 ./generate/inthandler.o
                0x18006228                INT_Excep_IV1_VBUFERR0
 .text.INT_Excep_IV3_VBUFERR0
                0x18006240       0x18 ./generate/inthandler.o
                0x18006240                INT_Excep_IV3_VBUFERR0
 .text.INT_Excep_IV5_VBUFERR0
                0x18006258       0x18 ./generate/inthandler.o
                0x18006258                INT_Excep_IV5_VBUFERR0
 .text.INT_Excep_IV6_VBUFERR0
                0x18006270       0x18 ./generate/inthandler.o
                0x18006270                INT_Excep_IV6_VBUFERR0
 .text.INT_Excep_S0_WLINE0
                0x18006288       0x18 ./generate/inthandler.o
                0x18006288                INT_Excep_S0_WLINE0
 .text.INT_Excep_S1_VI_VSYNC0
                0x180062a0       0x18 ./generate/inthandler.o
                0x180062a0                INT_Excep_S1_VI_VSYNC0
 .text.INT_Excep_S1_LO_VSYNC0
                0x180062b8       0x18 ./generate/inthandler.o
                0x180062b8                INT_Excep_S1_LO_VSYNC0
 .text.INT_Excep_S1_VSYNCERR0
                0x180062d0       0x18 ./generate/inthandler.o
                0x180062d0                INT_Excep_S1_VSYNCERR0
 .text.INT_Excep_S1_VFIELD0
                0x180062e8       0x18 ./generate/inthandler.o
                0x180062e8                INT_Excep_S1_VFIELD0
 .text.INT_Excep_IV2_VBUFERR0
                0x18006300       0x18 ./generate/inthandler.o
                0x18006300                INT_Excep_IV2_VBUFERR0
 .text.INT_Excep_IV4_VBUFERR0
                0x18006318       0x18 ./generate/inthandler.o
                0x18006318                INT_Excep_IV4_VBUFERR0
 .text.INT_Excep_S1_WLINE0
                0x18006330       0x18 ./generate/inthandler.o
                0x18006330                INT_Excep_S1_WLINE0
 .text.INT_Excep_OIR_VI_VSYNC0
                0x18006348       0x18 ./generate/inthandler.o
                0x18006348                INT_Excep_OIR_VI_VSYNC0
 .text.INT_Excep_OIR_LO_VSYNC0
                0x18006360       0x18 ./generate/inthandler.o
                0x18006360                INT_Excep_OIR_LO_VSYNC0
 .text.INT_Excep_OIR_VSYNCERR0
                0x18006378       0x18 ./generate/inthandler.o
                0x18006378                INT_Excep_OIR_VSYNCERR0
 .text.INT_Excep_OIR_VFIELD0
                0x18006390       0x18 ./generate/inthandler.o
                0x18006390                INT_Excep_OIR_VFIELD0
 .text.INT_Excep_IV7_VBUFERR0
                0x180063a8       0x18 ./generate/inthandler.o
                0x180063a8                INT_Excep_IV7_VBUFERR0
 .text.INT_Excep_V8_VBUFERR0
                0x180063c0       0x18 ./generate/inthandler.o
                0x180063c0                INT_Excep_V8_VBUFERR0
 .text.INT_Excep_OIR_WLINE0
                0x180063d8       0x18 ./generate/inthandler.o
                0x180063d8                INT_Excep_OIR_WLINE0
 .text.INT_Excep_S0_VI_VSYNC1
                0x180063f0       0x18 ./generate/inthandler.o
                0x180063f0                INT_Excep_S0_VI_VSYNC1
 .text.INT_Excep_S0_LO_VSYNC1
                0x18006408       0x18 ./generate/inthandler.o
                0x18006408                INT_Excep_S0_LO_VSYNC1
 .text.INT_Excep_S0_VSYNCERR1
                0x18006420       0x18 ./generate/inthandler.o
                0x18006420                INT_Excep_S0_VSYNCERR1
 .text.INT_Excep_GR3_VLINE1
                0x18006438       0x18 ./generate/inthandler.o
                0x18006438                INT_Excep_GR3_VLINE1
 .text.INT_Excep_S0_VFIELD1
                0x18006450       0x18 ./generate/inthandler.o
                0x18006450                INT_Excep_S0_VFIELD1
 .text.INT_Excep_IV1_VBUFERR1
                0x18006468       0x18 ./generate/inthandler.o
                0x18006468                INT_Excep_IV1_VBUFERR1
 .text.INT_Excep_IV3_VBUFERR1
                0x18006480       0x18 ./generate/inthandler.o
                0x18006480                INT_Excep_IV3_VBUFERR1
 .text.INT_Excep_IV5_VBUFERR1
                0x18006498       0x18 ./generate/inthandler.o
                0x18006498                INT_Excep_IV5_VBUFERR1
 .text.INT_Excep_IV6_VBUFERR1
                0x180064b0       0x18 ./generate/inthandler.o
                0x180064b0                INT_Excep_IV6_VBUFERR1
 .text.INT_Excep_S0_WLINE1
                0x180064c8       0x18 ./generate/inthandler.o
                0x180064c8                INT_Excep_S0_WLINE1
 .text.INT_Excep_S1_VI_VSYNC1
                0x180064e0       0x18 ./generate/inthandler.o
                0x180064e0                INT_Excep_S1_VI_VSYNC1
 .text.INT_Excep_S1_LO_VSYNC1
                0x180064f8       0x18 ./generate/inthandler.o
                0x180064f8                INT_Excep_S1_LO_VSYNC1
 .text.INT_Excep_S1_VSYNCERR1
                0x18006510       0x18 ./generate/inthandler.o
                0x18006510                INT_Excep_S1_VSYNCERR1
 .text.INT_Excep_S1_VFIELD1
                0x18006528       0x18 ./generate/inthandler.o
                0x18006528                INT_Excep_S1_VFIELD1
 .text.INT_Excep_IV2_VBUFERR1
                0x18006540       0x18 ./generate/inthandler.o
                0x18006540                INT_Excep_IV2_VBUFERR1
 .text.INT_Excep_IV4_VBUFERR1
                0x18006558       0x18 ./generate/inthandler.o
                0x18006558                INT_Excep_IV4_VBUFERR1
 .text.INT_Excep_S1_WLINE1
                0x18006570       0x18 ./generate/inthandler.o
                0x18006570                INT_Excep_S1_WLINE1
 .text.INT_Excep_OIR_VI_VSYNC1
                0x18006588       0x18 ./generate/inthandler.o
                0x18006588                INT_Excep_OIR_VI_VSYNC1
 .text.INT_Excep_OIR_LO_VSYNC1
                0x180065a0       0x18 ./generate/inthandler.o
                0x180065a0                INT_Excep_OIR_LO_VSYNC1
 .text.INT_Excep_OIR_VLINE1
                0x180065b8       0x18 ./generate/inthandler.o
                0x180065b8                INT_Excep_OIR_VLINE1
 .text.INT_Excep_OIR_VFIELD1
                0x180065d0       0x18 ./generate/inthandler.o
                0x180065d0                INT_Excep_OIR_VFIELD1
 .text.INT_Excep_IV7_VBUFERR1
                0x180065e8       0x18 ./generate/inthandler.o
                0x180065e8                INT_Excep_IV7_VBUFERR1
 .text.INT_Excep_IV8_VBUFERR1
                0x18006600       0x18 ./generate/inthandler.o
                0x18006600                INT_Excep_IV8_VBUFERR1
 .text.INT_Excep_OIR_WLINE1
                0x18006618       0x18 ./generate/inthandler.o
                0x18006618                INT_Excep_OIR_WLINE1
 .text.INT_Excep_IMRDI
                0x18006630       0x18 ./generate/inthandler.o
                0x18006630                INT_Excep_IMRDI
 .text.INT_Excep_IMR2I0
                0x18006648       0x18 ./generate/inthandler.o
                0x18006648                INT_Excep_IMR2I0
 .text.INT_Excep_IMR2I1
                0x18006660       0x18 ./generate/inthandler.o
                0x18006660                INT_Excep_IMR2I1
 .text.INT_Excep_JEDI
                0x18006678       0x18 ./generate/inthandler.o
                0x18006678                INT_Excep_JEDI
 .text.INT_Excep_JDTI
                0x18006690       0x18 ./generate/inthandler.o
                0x18006690                INT_Excep_JDTI
 .text.INT_Excep_CMP0
                0x180066a8       0x18 ./generate/inthandler.o
                0x180066a8                INT_Excep_CMP0
 .text.INT_Excep_CMP1
                0x180066c0       0x18 ./generate/inthandler.o
                0x180066c0                INT_Excep_CMP1
 .text.INT_Excep_INT0
                0x180066d8       0x18 ./generate/inthandler.o
                0x180066d8                INT_Excep_INT0
 .text.INT_Excep_INT1
                0x180066f0       0x18 ./generate/inthandler.o
                0x180066f0                INT_Excep_INT1
 .text.INT_Excep_INT2
                0x18006708       0x18 ./generate/inthandler.o
                0x18006708                INT_Excep_INT2
 .text.INT_Excep_INT3
                0x18006720       0x18 ./generate/inthandler.o
                0x18006720                INT_Excep_INT3
 .text.INT_Excep_OSTMI0
                0x18006738       0x14 ./generate/inthandler.o
                0x18006738                INT_Excep_OSTMI0
 .text.INT_Excep_OSTMI1
                0x1800674c       0x18 ./generate/inthandler.o
                0x1800674c                INT_Excep_OSTMI1
 .text.INT_Excep_CMI
                0x18006764       0x18 ./generate/inthandler.o
                0x18006764                INT_Excep_CMI
 .text.INT_Excep_WTOUT
                0x1800677c       0x18 ./generate/inthandler.o
                0x1800677c                INT_Excep_WTOUT
 .text.INT_Excep_ITI
                0x18006794       0x18 ./generate/inthandler.o
                0x18006794                INT_Excep_ITI
 .text.INT_Excep_TGI0A
                0x180067ac       0x18 ./generate/inthandler.o
                0x180067ac                INT_Excep_TGI0A
 .text.INT_Excep_TGI0B
                0x180067c4       0x18 ./generate/inthandler.o
                0x180067c4                INT_Excep_TGI0B
 .text.INT_Excep_TGI0C
                0x180067dc       0x18 ./generate/inthandler.o
                0x180067dc                INT_Excep_TGI0C
 .text.INT_Excep_TGI0D
                0x180067f4       0x18 ./generate/inthandler.o
                0x180067f4                INT_Excep_TGI0D
 .text.INT_Excep_TGI0V
                0x1800680c       0x18 ./generate/inthandler.o
                0x1800680c                INT_Excep_TGI0V
 .text.INT_Excep_TGI0E
                0x18006824       0x18 ./generate/inthandler.o
                0x18006824                INT_Excep_TGI0E
 .text.INT_Excep_TGI0F
                0x1800683c       0x18 ./generate/inthandler.o
                0x1800683c                INT_Excep_TGI0F
 .text.INT_Excep_TGI1A
                0x18006854       0x18 ./generate/inthandler.o
                0x18006854                INT_Excep_TGI1A
 .text.INT_Excep_TGI1B
                0x1800686c       0x18 ./generate/inthandler.o
                0x1800686c                INT_Excep_TGI1B
 .text.INT_Excep_TGI1V
                0x18006884       0x18 ./generate/inthandler.o
                0x18006884                INT_Excep_TGI1V
 .text.INT_Excep_TGI1U
                0x1800689c       0x18 ./generate/inthandler.o
                0x1800689c                INT_Excep_TGI1U
 .text.INT_Excep_TGI2A
                0x180068b4       0x18 ./generate/inthandler.o
                0x180068b4                INT_Excep_TGI2A
 .text.INT_Excep_TGI2B
                0x180068cc       0x18 ./generate/inthandler.o
                0x180068cc                INT_Excep_TGI2B
 .text.INT_Excep_TGI2V
                0x180068e4       0x18 ./generate/inthandler.o
                0x180068e4                INT_Excep_TGI2V
 .text.INT_Excep_TGI2U
                0x180068fc       0x18 ./generate/inthandler.o
                0x180068fc                INT_Excep_TGI2U
 .text.INT_Excep_TGI3A
                0x18006914       0x18 ./generate/inthandler.o
                0x18006914                INT_Excep_TGI3A
 .text.INT_Excep_TGI3B
                0x1800692c       0x18 ./generate/inthandler.o
                0x1800692c                INT_Excep_TGI3B
 .text.INT_Excep_TGI3C
                0x18006944       0x18 ./generate/inthandler.o
                0x18006944                INT_Excep_TGI3C
 .text.INT_Excep_TGI3D
                0x1800695c       0x18 ./generate/inthandler.o
                0x1800695c                INT_Excep_TGI3D
 .text.INT_Excep_TGI3V
                0x18006974       0x18 ./generate/inthandler.o
                0x18006974                INT_Excep_TGI3V
 .text.INT_Excep_TGI4A
                0x1800698c       0x18 ./generate/inthandler.o
                0x1800698c                INT_Excep_TGI4A
 .text.INT_Excep_TGI4B
                0x180069a4       0x18 ./generate/inthandler.o
                0x180069a4                INT_Excep_TGI4B
 .text.INT_Excep_TGI4C
                0x180069bc       0x18 ./generate/inthandler.o
                0x180069bc                INT_Excep_TGI4C
 .text.INT_Excep_TGI4D
                0x180069d4       0x18 ./generate/inthandler.o
                0x180069d4                INT_Excep_TGI4D
 .text.INT_Excep_TGI4V
                0x180069ec       0x18 ./generate/inthandler.o
                0x180069ec                INT_Excep_TGI4V
 .text.INT_Excep_CMI1
                0x18006a04       0x18 ./generate/inthandler.o
                0x18006a04                INT_Excep_CMI1
 .text.INT_Excep_CMI2
                0x18006a1c       0x18 ./generate/inthandler.o
                0x18006a1c                INT_Excep_CMI2
 .text.INT_Excep_SGDEI0
                0x18006a34       0x18 ./generate/inthandler.o
                0x18006a34                INT_Excep_SGDEI0
 .text.INT_Excep_SGDEI1
                0x18006a4c       0x18 ./generate/inthandler.o
                0x18006a4c                INT_Excep_SGDEI1
 .text.INT_Excep_SGDEI2
                0x18006a64       0x18 ./generate/inthandler.o
                0x18006a64                INT_Excep_SGDEI2
 .text.INT_Excep_SGDEI3
                0x18006a7c       0x18 ./generate/inthandler.o
                0x18006a7c                INT_Excep_SGDEI3
 .text.INT_Excep_ADI
                0x18006a94       0x18 ./generate/inthandler.o
                0x18006a94                INT_Excep_ADI
 .text.INT_Excep_ADWAR
                0x18006aac       0x18 ./generate/inthandler.o
                0x18006aac                INT_Excep_ADWAR
 .text.INT_Excep_SSII0
                0x18006ac4       0x18 ./generate/inthandler.o
                0x18006ac4                INT_Excep_SSII0
 .text.INT_Excep_SSIRXI0
                0x18006adc       0x18 ./generate/inthandler.o
                0x18006adc                INT_Excep_SSIRXI0
 .text.INT_Excep_SSITXI0
                0x18006af4       0x18 ./generate/inthandler.o
                0x18006af4                INT_Excep_SSITXI0
 .text.INT_Excep_SSII1
                0x18006b0c       0x18 ./generate/inthandler.o
                0x18006b0c                INT_Excep_SSII1
 .text.INT_Excep_SSIRXI1
                0x18006b24       0x18 ./generate/inthandler.o
                0x18006b24                INT_Excep_SSIRXI1
 .text.INT_Excep_SSITXI1
                0x18006b3c       0x18 ./generate/inthandler.o
                0x18006b3c                INT_Excep_SSITXI1
 .text.INT_Excep_SSII2
                0x18006b54       0x18 ./generate/inthandler.o
                0x18006b54                INT_Excep_SSII2
 .text.INT_Excep_SSIRTI2
                0x18006b6c       0x18 ./generate/inthandler.o
                0x18006b6c                INT_Excep_SSIRTI2
 .text.INT_Excep_SSII3
                0x18006b84       0x18 ./generate/inthandler.o
                0x18006b84                INT_Excep_SSII3
 .text.INT_Excep_SSIRXI3
                0x18006b9c       0x18 ./generate/inthandler.o
                0x18006b9c                INT_Excep_SSIRXI3
 .text.INT_Excep_SSITXI3
                0x18006bb4       0x18 ./generate/inthandler.o
                0x18006bb4                INT_Excep_SSITXI3
 .text.INT_Excep_SSII4
                0x18006bcc       0x18 ./generate/inthandler.o
                0x18006bcc                INT_Excep_SSII4
 .text.INT_Excep_SSIRTI4
                0x18006be4       0x18 ./generate/inthandler.o
                0x18006be4                INT_Excep_SSIRTI4
 .text.INT_Excep_SSII5
                0x18006bfc       0x18 ./generate/inthandler.o
                0x18006bfc                INT_Excep_SSII5
 .text.INT_Excep_SSIRXI5
                0x18006c14       0x18 ./generate/inthandler.o
                0x18006c14                INT_Excep_SSIRXI5
 .text.INT_Excep_SSITXI5
                0x18006c2c       0x18 ./generate/inthandler.o
                0x18006c2c                INT_Excep_SSITXI5
 .text.INT_Excep_SPDIFI
                0x18006c44       0x18 ./generate/inthandler.o
                0x18006c44                INT_Excep_SPDIFI
 .text.INT_Excep_I2C_TEI0
                0x18006c5c       0x18 ./generate/inthandler.o
                0x18006c5c                INT_Excep_I2C_TEI0
 .text.INT_Excep_RI0
                0x18006c74       0x18 ./generate/inthandler.o
                0x18006c74                INT_Excep_RI0
 .text.INT_Excep_TI0
                0x18006c8c       0x18 ./generate/inthandler.o
                0x18006c8c                INT_Excep_TI0
 .text.INT_Excep_SPI0
                0x18006ca4       0x18 ./generate/inthandler.o
                0x18006ca4                INT_Excep_SPI0
 .text.INT_Excep_STI0
                0x18006cbc       0x18 ./generate/inthandler.o
                0x18006cbc                INT_Excep_STI0
 .text.INT_Excep_NAKI0
                0x18006cd4       0x18 ./generate/inthandler.o
                0x18006cd4                INT_Excep_NAKI0
 .text.INT_Excep_ALI0
                0x18006cec       0x18 ./generate/inthandler.o
                0x18006cec                INT_Excep_ALI0
 .text.INT_Excep_TMOI0
                0x18006d04       0x18 ./generate/inthandler.o
                0x18006d04                INT_Excep_TMOI0
 .text.INT_Excep_I2C_TEI1
                0x18006d1c       0x18 ./generate/inthandler.o
                0x18006d1c                INT_Excep_I2C_TEI1
 .text.INT_Excep_RI1
                0x18006d34       0x18 ./generate/inthandler.o
                0x18006d34                INT_Excep_RI1
 .text.INT_Excep_TI1
                0x18006d4c       0x18 ./generate/inthandler.o
                0x18006d4c                INT_Excep_TI1
 .text.INT_Excep_SPI1
                0x18006d64       0x18 ./generate/inthandler.o
                0x18006d64                INT_Excep_SPI1
 .text.INT_Excep_STI1
                0x18006d7c       0x18 ./generate/inthandler.o
                0x18006d7c                INT_Excep_STI1
 .text.INT_Excep_NAKI1
                0x18006d94       0x18 ./generate/inthandler.o
                0x18006d94                INT_Excep_NAKI1
 .text.INT_Excep_ALI1
                0x18006dac       0x18 ./generate/inthandler.o
                0x18006dac                INT_Excep_ALI1
 .text.INT_Excep_TMOI1
                0x18006dc4       0x18 ./generate/inthandler.o
                0x18006dc4                INT_Excep_TMOI1
 .text.INT_Excep_TEI2
                0x18006ddc       0x18 ./generate/inthandler.o
                0x18006ddc                INT_Excep_TEI2
 .text.INT_Excep_RI2
                0x18006df4       0x18 ./generate/inthandler.o
                0x18006df4                INT_Excep_RI2
 .text.INT_Excep_TI2
                0x18006e0c       0x18 ./generate/inthandler.o
                0x18006e0c                INT_Excep_TI2
 .text.INT_Excep_SPI2
                0x18006e24       0x18 ./generate/inthandler.o
                0x18006e24                INT_Excep_SPI2
 .text.INT_Excep_STI2
                0x18006e3c       0x18 ./generate/inthandler.o
                0x18006e3c                INT_Excep_STI2
 .text.INT_Excep_NAKI2
                0x18006e54       0x18 ./generate/inthandler.o
                0x18006e54                INT_Excep_NAKI2
 .text.INT_Excep_ALI2
                0x18006e6c       0x18 ./generate/inthandler.o
                0x18006e6c                INT_Excep_ALI2
 .text.INT_Excep_TMOI2
                0x18006e84       0x18 ./generate/inthandler.o
                0x18006e84                INT_Excep_TMOI2
 .text.INT_Excep_TEI3
                0x18006e9c       0x18 ./generate/inthandler.o
                0x18006e9c                INT_Excep_TEI3
 .text.INT_Excep_RI3
                0x18006eb4       0x18 ./generate/inthandler.o
                0x18006eb4                INT_Excep_RI3
 .text.INT_Excep_TI3
                0x18006ecc       0x18 ./generate/inthandler.o
                0x18006ecc                INT_Excep_TI3
 .text.INT_Excep_SPI3
                0x18006ee4       0x18 ./generate/inthandler.o
                0x18006ee4                INT_Excep_SPI3
 .text.INT_Excep_STI3
                0x18006efc       0x18 ./generate/inthandler.o
                0x18006efc                INT_Excep_STI3
 .text.INT_Excep_NAKI3
                0x18006f14       0x18 ./generate/inthandler.o
                0x18006f14                INT_Excep_NAKI3
 .text.INT_Excep_ALI3
                0x18006f2c       0x18 ./generate/inthandler.o
                0x18006f2c                INT_Excep_ALI3
 .text.INT_Excep_TMOI3
                0x18006f44       0x18 ./generate/inthandler.o
                0x18006f44                INT_Excep_TMOI3
 .text.INT_Excep_FIFO_BRI0
                0x18006f5c       0x18 ./generate/inthandler.o
                0x18006f5c                INT_Excep_FIFO_BRI0
 .text.INT_Excep_FIFO_ERI0
                0x18006f74       0x18 ./generate/inthandler.o
                0x18006f74                INT_Excep_FIFO_ERI0
 .text.INT_Excep_FIFO_RXI0
                0x18006f8c       0x18 ./generate/inthandler.o
                0x18006f8c                INT_Excep_FIFO_RXI0
 .text.INT_Excep_FIFO_TXI0
                0x18006fa4       0x18 ./generate/inthandler.o
                0x18006fa4                INT_Excep_FIFO_TXI0
 .text.INT_Excep_FIFO_BRI1
                0x18006fbc       0x18 ./generate/inthandler.o
                0x18006fbc                INT_Excep_FIFO_BRI1
 .text.INT_Excep_FIFO_ERI1
                0x18006fd4       0x18 ./generate/inthandler.o
                0x18006fd4                INT_Excep_FIFO_ERI1
 .text.INT_Excep_FIFO_RXI1
                0x18006fec       0x18 ./generate/inthandler.o
                0x18006fec                INT_Excep_FIFO_RXI1
 .text.INT_Excep_FIFO_TXI1
                0x18007004       0x18 ./generate/inthandler.o
                0x18007004                INT_Excep_FIFO_TXI1
 .text.INT_Excep_BRI2
                0x1800701c       0x18 ./generate/inthandler.o
                0x1800701c                INT_Excep_BRI2
 .text.INT_Excep_ERI2
                0x18007034       0x18 ./generate/inthandler.o
                0x18007034                INT_Excep_ERI2
 .text.INT_Excep_RXI2
                0x1800704c       0x18 ./generate/inthandler.o
                0x1800704c                INT_Excep_RXI2
 .text.INT_Excep_TXI2
                0x18007064       0x18 ./generate/inthandler.o
                0x18007064                INT_Excep_TXI2
 .text.INT_Excep_BRI3
                0x1800707c       0x18 ./generate/inthandler.o
                0x1800707c                INT_Excep_BRI3
 .text.INT_Excep_ERI3
                0x18007094       0x18 ./generate/inthandler.o
                0x18007094                INT_Excep_ERI3
 .text.INT_Excep_RXI3
                0x180070ac       0x18 ./generate/inthandler.o
                0x180070ac                INT_Excep_RXI3
 .text.INT_Excep_TXI3
                0x180070c4       0x18 ./generate/inthandler.o
                0x180070c4                INT_Excep_TXI3
 .text.INT_Excep_BRI4
                0x180070dc       0x18 ./generate/inthandler.o
                0x180070dc                INT_Excep_BRI4
 .text.INT_Excep_ERI4
                0x180070f4       0x18 ./generate/inthandler.o
                0x180070f4                INT_Excep_ERI4
 .text.INT_Excep_RXI4
                0x1800710c       0x18 ./generate/inthandler.o
                0x1800710c                INT_Excep_RXI4
 .text.INT_Excep_TXI4
                0x18007124       0x18 ./generate/inthandler.o
                0x18007124                INT_Excep_TXI4
 .text.INT_Excep_BRI5
                0x1800713c       0x18 ./generate/inthandler.o
                0x1800713c                INT_Excep_BRI5
 .text.INT_Excep_ERI5
                0x18007154       0x18 ./generate/inthandler.o
                0x18007154                INT_Excep_ERI5
 .text.INT_Excep_RXI5
                0x1800716c       0x18 ./generate/inthandler.o
                0x1800716c                INT_Excep_RXI5
 .text.INT_Excep_TXI5
                0x18007184       0x18 ./generate/inthandler.o
                0x18007184                INT_Excep_TXI5
 .text.INT_Excep_BRI6
                0x1800719c       0x18 ./generate/inthandler.o
                0x1800719c                INT_Excep_BRI6
 .text.INT_Excep_ERI6
                0x180071b4       0x18 ./generate/inthandler.o
                0x180071b4                INT_Excep_ERI6
 .text.INT_Excep_RXI6
                0x180071cc       0x18 ./generate/inthandler.o
                0x180071cc                INT_Excep_RXI6
 .text.INT_Excep_TXI6
                0x180071e4       0x18 ./generate/inthandler.o
                0x180071e4                INT_Excep_TXI6
 .text.INT_Excep_BRI7
                0x180071fc       0x18 ./generate/inthandler.o
                0x180071fc                INT_Excep_BRI7
 .text.INT_Excep_ERI7
                0x18007214       0x18 ./generate/inthandler.o
                0x18007214                INT_Excep_ERI7
 .text.INT_Excep_RXI7
                0x1800722c       0x18 ./generate/inthandler.o
                0x1800722c                INT_Excep_RXI7
 .text.INT_Excep_TXI7
                0x18007244       0x18 ./generate/inthandler.o
                0x18007244                INT_Excep_TXI7
 .text.INT_Excep_GERI
                0x1800725c       0x18 ./generate/inthandler.o
                0x1800725c                INT_Excep_GERI
 .text.INT_Excep_RFI
                0x18007274       0x18 ./generate/inthandler.o
                0x18007274                INT_Excep_RFI
 .text.INT_Excep_CFRXI0
                0x1800728c       0x18 ./generate/inthandler.o
                0x1800728c                INT_Excep_CFRXI0
 .text.INT_Excep_CERI0
                0x180072a4       0x18 ./generate/inthandler.o
                0x180072a4                INT_Excep_CERI0
 .text.INT_Excep_CTXI0
                0x180072bc       0x18 ./generate/inthandler.o
                0x180072bc                INT_Excep_CTXI0
 .text.INT_Excep_CFRXI1
                0x180072d4       0x18 ./generate/inthandler.o
                0x180072d4                INT_Excep_CFRXI1
 .text.INT_Excep_CERI1
                0x180072ec       0x18 ./generate/inthandler.o
                0x180072ec                INT_Excep_CERI1
 .text.INT_Excep_CTXI1
                0x18007304       0x18 ./generate/inthandler.o
                0x18007304                INT_Excep_CTXI1
 .text.INT_Excep_CFRXI2
                0x1800731c       0x18 ./generate/inthandler.o
                0x1800731c                INT_Excep_CFRXI2
 .text.INT_Excep_CERI2
                0x18007334       0x18 ./generate/inthandler.o
                0x18007334                INT_Excep_CERI2
 .text.INT_Excep_CTXI2
                0x1800734c       0x18 ./generate/inthandler.o
                0x1800734c                INT_Excep_CTXI2
 .text.INT_Excep_CFRXI3
                0x18007364       0x18 ./generate/inthandler.o
                0x18007364                INT_Excep_CFRXI3
 .text.INT_Excep_CERI3
                0x1800737c       0x18 ./generate/inthandler.o
                0x1800737c                INT_Excep_CERI3
 .text.INT_Excep_CTXI3
                0x18007394       0x18 ./generate/inthandler.o
                0x18007394                INT_Excep_CTXI3
 .text.INT_Excep_CFRXI4
                0x180073ac       0x18 ./generate/inthandler.o
                0x180073ac                INT_Excep_CFRXI4
 .text.INT_Excep_CERI4
                0x180073c4       0x18 ./generate/inthandler.o
                0x180073c4                INT_Excep_CERI4
 .text.INT_Excep_CTXI4
                0x180073dc       0x18 ./generate/inthandler.o
                0x180073dc                INT_Excep_CTXI4
 .text.INT_Excep_SPEI0
                0x180073f4       0x18 ./generate/inthandler.o
                0x180073f4                INT_Excep_SPEI0
 .text.INT_Excep_SPRI0
                0x1800740c       0x18 ./generate/inthandler.o
                0x1800740c                INT_Excep_SPRI0
 .text.INT_Excep_SPTI0
                0x18007424       0x18 ./generate/inthandler.o
                0x18007424                INT_Excep_SPTI0
 .text.INT_Excep_SPEI1
                0x1800743c       0x18 ./generate/inthandler.o
                0x1800743c                INT_Excep_SPEI1
 .text.INT_Excep_SPRI1
                0x18007454       0x18 ./generate/inthandler.o
                0x18007454                INT_Excep_SPRI1
 .text.INT_Excep_SPTI1
                0x1800746c       0x18 ./generate/inthandler.o
                0x1800746c                INT_Excep_SPTI1
 .text.INT_Excep_SPEI2
                0x18007484       0x18 ./generate/inthandler.o
                0x18007484                INT_Excep_SPEI2
 .text.INT_Excep_SPRI2
                0x1800749c       0x18 ./generate/inthandler.o
                0x1800749c                INT_Excep_SPRI2
 .text.INT_Excep_SPTI2
                0x180074b4       0x18 ./generate/inthandler.o
                0x180074b4                INT_Excep_SPTI2
 .text.INT_Excep_SPEI3
                0x180074cc       0x18 ./generate/inthandler.o
                0x180074cc                INT_Excep_SPEI3
 .text.INT_Excep_SPRI3
                0x180074e4       0x18 ./generate/inthandler.o
                0x180074e4                INT_Excep_SPRI3
 .text.INT_Excep_SPTI3
                0x180074fc       0x18 ./generate/inthandler.o
                0x180074fc                INT_Excep_SPTI3
 .text.INT_Excep_SPEI4
                0x18007514       0x18 ./generate/inthandler.o
                0x18007514                INT_Excep_SPEI4
 .text.INT_Excep_SPRI4
                0x1800752c       0x18 ./generate/inthandler.o
                0x1800752c                INT_Excep_SPRI4
 .text.INT_Excep_SPTI4
                0x18007544       0x18 ./generate/inthandler.o
                0x18007544                INT_Excep_SPTI4
 .text.INT_Excep_IEBBTD
                0x1800755c       0x18 ./generate/inthandler.o
                0x1800755c                INT_Excep_IEBBTD
 .text.INT_Excep_IEBBTERR
                0x18007574       0x18 ./generate/inthandler.o
                0x18007574                INT_Excep_IEBBTERR
 .text.INT_Excep_IEBBTSTA
                0x1800758c       0x18 ./generate/inthandler.o
                0x1800758c                INT_Excep_IEBBTSTA
 .text.INT_Excep_IEBBTV
                0x180075a4       0x18 ./generate/inthandler.o
                0x180075a4                INT_Excep_IEBBTV
 .text.INT_Excep_ISY
                0x180075bc       0x18 ./generate/inthandler.o
                0x180075bc                INT_Excep_ISY
 .text.INT_Excep_IERR
                0x180075d4       0x18 ./generate/inthandler.o
                0x180075d4                INT_Excep_IERR
 .text.INT_Excep_ITARG
                0x180075ec       0x18 ./generate/inthandler.o
                0x180075ec                INT_Excep_ITARG
 .text.INT_Excep_ISEC
                0x18007604       0x18 ./generate/inthandler.o
                0x18007604                INT_Excep_ISEC
 .text.INT_Excep_IBUF
                0x1800761c       0x18 ./generate/inthandler.o
                0x1800761c                INT_Excep_IBUF
 .text.INT_Excep_IREADY
                0x18007634       0x18 ./generate/inthandler.o
                0x18007634                INT_Excep_IREADY
 .text.INT_Excep_STERB
                0x1800764c       0x18 ./generate/inthandler.o
                0x1800764c                INT_Excep_STERB
 .text.INT_Excep_FLTENDI
                0x18007664       0x18 ./generate/inthandler.o
                0x18007664                INT_Excep_FLTENDI
 .text.INT_Excep_FLTREQ0I
                0x1800767c       0x18 ./generate/inthandler.o
                0x1800767c                INT_Excep_FLTREQ0I
 .text.INT_Excep_FLTREQ1I
                0x18007694       0x18 ./generate/inthandler.o
                0x18007694                INT_Excep_FLTREQ1I
 .text.INT_Excep_MMC0
                0x180076ac       0x18 ./generate/inthandler.o
                0x180076ac                INT_Excep_MMC0
 .text.INT_Excep_MMC1
                0x180076c4       0x18 ./generate/inthandler.o
                0x180076c4                INT_Excep_MMC1
 .text.INT_Excep_MMC2
                0x180076dc       0x18 ./generate/inthandler.o
                0x180076dc                INT_Excep_MMC2
 .text.INT_Excep_SDHI0_3
                0x180076f4       0x18 ./generate/inthandler.o
                0x180076f4                INT_Excep_SDHI0_3
 .text.INT_Excep_SDHI0_0
                0x1800770c       0x18 ./generate/inthandler.o
                0x1800770c                INT_Excep_SDHI0_0
 .text.INT_Excep_SDHI0_1
                0x18007724       0x18 ./generate/inthandler.o
                0x18007724                INT_Excep_SDHI0_1
 .text.INT_Excep_SDHI1_3
                0x1800773c       0x18 ./generate/inthandler.o
                0x1800773c                INT_Excep_SDHI1_3
 .text.INT_Excep_SDHI1_0
                0x18007754       0x18 ./generate/inthandler.o
                0x18007754                INT_Excep_SDHI1_0
 .text.INT_Excep_SDHI1_1
                0x1800776c       0x18 ./generate/inthandler.o
                0x1800776c                INT_Excep_SDHI1_1
 .text.INT_Excep_ARM
                0x18007784       0x18 ./generate/inthandler.o
                0x18007784                INT_Excep_ARM
 .text.INT_Excep_PRD
                0x1800779c       0x18 ./generate/inthandler.o
                0x1800779c                INT_Excep_PRD
 .text.INT_Excep_CUP
                0x180077b4       0x18 ./generate/inthandler.o
                0x180077b4                INT_Excep_CUP
 .text.INT_Excep_SCUAI0
                0x180077cc       0x18 ./generate/inthandler.o
                0x180077cc                INT_Excep_SCUAI0
 .text.INT_Excep_SCUAI1
                0x180077e4       0x18 ./generate/inthandler.o
                0x180077e4                INT_Excep_SCUAI1
 .text.INT_Excep_SCUFDI0
                0x180077fc       0x18 ./generate/inthandler.o
                0x180077fc                INT_Excep_SCUFDI0
 .text.INT_Excep_SCUFDI1
                0x18007814       0x18 ./generate/inthandler.o
                0x18007814                INT_Excep_SCUFDI1
 .text.INT_Excep_SCUFDI2
                0x1800782c       0x18 ./generate/inthandler.o
                0x1800782c                INT_Excep_SCUFDI2
 .text.INT_Excep_SCUFDI3
                0x18007844       0x18 ./generate/inthandler.o
                0x18007844                INT_Excep_SCUFDI3
 .text.INT_Excep_SCUFUI0
                0x1800785c       0x18 ./generate/inthandler.o
                0x1800785c                INT_Excep_SCUFUI0
 .text.INT_Excep_SCUFUI1
                0x18007874       0x18 ./generate/inthandler.o
                0x18007874                INT_Excep_SCUFUI1
 .text.INT_Excep_SCUFUI2
                0x1800788c       0x18 ./generate/inthandler.o
                0x1800788c                INT_Excep_SCUFUI2
 .text.INT_Excep_SCUFUI3
                0x180078a4       0x18 ./generate/inthandler.o
                0x180078a4                INT_Excep_SCUFUI3
 .text.INT_Excep_SCUDVI0
                0x180078bc       0x18 ./generate/inthandler.o
                0x180078bc                INT_Excep_SCUDVI0
 .text.INT_Excep_SCUDVI1
                0x180078d4       0x18 ./generate/inthandler.o
                0x180078d4                INT_Excep_SCUDVI1
 .text.INT_Excep_SCUDVI2
                0x180078ec       0x18 ./generate/inthandler.o
                0x180078ec                INT_Excep_SCUDVI2
 .text.INT_Excep_SCUDVI3
                0x18007904       0x18 ./generate/inthandler.o
                0x18007904                INT_Excep_SCUDVI3
 .text.INT_Excep_MLBCI
                0x1800791c       0x18 ./generate/inthandler.o
                0x1800791c                INT_Excep_MLBCI
 .text.INT_Excep_MLBSI
                0x18007934       0x18 ./generate/inthandler.o
                0x18007934                INT_Excep_MLBSI
 .text.INT_Excep_DRC0
                0x1800794c       0x18 ./generate/inthandler.o
                0x1800794c                INT_Excep_DRC0
 .text.INT_Excep_DRC1
                0x18007964       0x18 ./generate/inthandler.o
                0x18007964                INT_Excep_DRC1
 .text.INT_Excep_LINI0_INT_T
                0x1800797c       0x18 ./generate/inthandler.o
                0x1800797c                INT_Excep_LINI0_INT_T
 .text.INT_Excep_LINI0_INT_R
                0x18007994       0x18 ./generate/inthandler.o
                0x18007994                INT_Excep_LINI0_INT_R
 .text.INT_Excep_LINI0_INT_S
                0x180079ac       0x18 ./generate/inthandler.o
                0x180079ac                INT_Excep_LINI0_INT_S
 .text.INT_Excep_LINI0_INT_M
                0x180079c4       0x18 ./generate/inthandler.o
                0x180079c4                INT_Excep_LINI0_INT_M
 .text.INT_Excep_LINI1_INT_T
                0x180079dc       0x18 ./generate/inthandler.o
                0x180079dc                INT_Excep_LINI1_INT_T
 .text.INT_Excep_LINI1_INT_R
                0x180079f4       0x18 ./generate/inthandler.o
                0x180079f4                INT_Excep_LINI1_INT_R
 .text.INT_Excep_LINI1_INT_S
                0x18007a0c       0x18 ./generate/inthandler.o
                0x18007a0c                INT_Excep_LINI1_INT_S
 .text.INT_Excep_LINI1_INT_M
                0x18007a24       0x18 ./generate/inthandler.o
                0x18007a24                INT_Excep_LINI1_INT_M
 .text.INT_Excep_ERI0
                0x18007a3c       0x18 ./generate/inthandler.o
                0x18007a3c                INT_Excep_ERI0
 .text.INT_Excep_RXI0
                0x18007a54       0x18 ./generate/inthandler.o
                0x18007a54                INT_Excep_RXI0
 .text.INT_Excep_TXI0
                0x18007a6c       0x18 ./generate/inthandler.o
                0x18007a6c                INT_Excep_TXI0
 .text.INT_Excep_TEI0
                0x18007a84       0x18 ./generate/inthandler.o
                0x18007a84                INT_Excep_TEI0
 .text.INT_Excep_ERI1
                0x18007a9c       0x18 ./generate/inthandler.o
                0x18007a9c                INT_Excep_ERI1
 .text.INT_Excep_RXI1
                0x18007ab4       0x18 ./generate/inthandler.o
                0x18007ab4                INT_Excep_RXI1
 .text.INT_Excep_TXI1
                0x18007acc       0x18 ./generate/inthandler.o
                0x18007acc                INT_Excep_TXI1
 .text.INT_Excep_TEI1
                0x18007ae4       0x18 ./generate/inthandler.o
                0x18007ae4                INT_Excep_TEI1
 .text.INT_Excep_ETHERI
                0x18007afc       0x18 ./generate/inthandler.o
                0x18007afc                INT_Excep_ETHERI
 .text.INT_Excep_CEUI
                0x18007b14       0x18 ./generate/inthandler.o
                0x18007b14                INT_Excep_CEUI
 .text.INT_Excep_INT_CSIH0TIR
                0x18007b2c       0x18 ./generate/inthandler.o
                0x18007b2c                INT_Excep_INT_CSIH0TIR
 .text.INT_Excep_INT_CSIH0TIRE
                0x18007b44       0x18 ./generate/inthandler.o
                0x18007b44                INT_Excep_INT_CSIH0TIRE
 .text.INT_Excep_INT_CSIH1TIC
                0x18007b5c       0x18 ./generate/inthandler.o
                0x18007b5c                INT_Excep_INT_CSIH1TIC
 .text.INT_Excep_INT_CSIH1TIJC
                0x18007b74       0x18 ./generate/inthandler.o
                0x18007b74                INT_Excep_INT_CSIH1TIJC
 .text.INT_Excep_ECCE10
                0x18007b8c       0x18 ./generate/inthandler.o
                0x18007b8c                INT_Excep_ECCE10
 .text.INT_Excep_ECCE20
                0x18007ba4       0x18 ./generate/inthandler.o
                0x18007ba4                INT_Excep_ECCE20
 .text.INT_Excep_ECCOVF0
                0x18007bbc       0x18 ./generate/inthandler.o
                0x18007bbc                INT_Excep_ECCOVF0
 .text.INT_Excep_ECCE11
                0x18007bd4       0x18 ./generate/inthandler.o
                0x18007bd4                INT_Excep_ECCE11
 .text.INT_Excep_ECCE21
                0x18007bec       0x18 ./generate/inthandler.o
                0x18007bec                INT_Excep_ECCE21
 .text.INT_Excep_ECCOVF1
                0x18007c04       0x18 ./generate/inthandler.o
                0x18007c04                INT_Excep_ECCOVF1
 .text.INT_Excep_ECCE12
                0x18007c1c       0x18 ./generate/inthandler.o
                0x18007c1c                INT_Excep_ECCE12
 .text.INT_Excep_ECCE22
                0x18007c34       0x18 ./generate/inthandler.o
                0x18007c34                INT_Excep_ECCE22
 .text.INT_Excep_ECCOVF2
                0x18007c4c       0x18 ./generate/inthandler.o
                0x18007c4c                INT_Excep_ECCOVF2
 .text.INT_Excep_ECCE13
                0x18007c64       0x18 ./generate/inthandler.o
                0x18007c64                INT_Excep_ECCE13
 .text.INT_Excep_ECCE23
                0x18007c7c       0x18 ./generate/inthandler.o
                0x18007c7c                INT_Excep_ECCE23
 .text.INT_Excep_ECCOVF3
                0x18007c94       0x18 ./generate/inthandler.o
                0x18007c94                INT_Excep_ECCOVF3
 .text.INT_Excep_H2XMLB_ERRINT
                0x18007cac       0x18 ./generate/inthandler.o
                0x18007cac                INT_Excep_H2XMLB_ERRINT
 .text.INT_Excep_H2XIC1_ERRINT
                0x18007cc4       0x18 ./generate/inthandler.o
                0x18007cc4                INT_Excep_H2XIC1_ERRINT
 .text.INT_Excep_X2HPERI1_ERRINT
                0x18007cdc       0x18 ./generate/inthandler.o
                0x18007cdc                INT_Excep_X2HPERI1_ERRINT
 .text.INT_Excep_X2HPERI2_ERRINT
                0x18007cf4       0x18 ./generate/inthandler.o
                0x18007cf4                INT_Excep_X2HPERI2_ERRINT
 .text.INT_Excep_X2HPERI34_ERRINT
                0x18007d0c       0x18 ./generate/inthandler.o
                0x18007d0c                INT_Excep_X2HPERI34_ERRINT
 .text.INT_Excep_X2HPERI5_ERRINT
                0x18007d24       0x18 ./generate/inthandler.o
                0x18007d24                INT_Excep_X2HPERI5_ERRINT
 .text.INT_Excep_X2HPERI67_ERRINT
                0x18007d3c       0x18 ./generate/inthandler.o
                0x18007d3c                INT_Excep_X2HPERI67_ERRINT
 .text.INT_Excep_X2HDBGR_ERRINT
                0x18007d54       0x18 ./generate/inthandler.o
                0x18007d54                INT_Excep_X2HDBGR_ERRINT
 .text.INT_Excep_X2HBSC_ERRINT
                0x18007d6c       0x18 ./generate/inthandler.o
                0x18007d6c                INT_Excep_X2HBSC_ERRINT
 .text.INT_Excep_X2HSPI1_ERRINT
                0x18007d84       0x18 ./generate/inthandler.o
                0x18007d84                INT_Excep_X2HSPI1_ERRINT
 .text.INT_Excep_X2HSPI2_ERRINT
                0x18007d9c       0x18 ./generate/inthandler.o
                0x18007d9c                INT_Excep_X2HSPI2_ERRINT
 .text.INT_Excep_PRRI
                0x18007db4       0x18 ./generate/inthandler.o
                0x18007db4                INT_Excep_PRRI
 .text.INT_Excep_IFEI0
                0x18007dcc       0x18 ./generate/inthandler.o
                0x18007dcc                INT_Excep_IFEI0
 .text.INT_Excep_OFFI0
                0x18007de4       0x18 ./generate/inthandler.o
                0x18007de4                INT_Excep_OFFI0
 .text.INT_Excep_PFVEI0
                0x18007dfc       0x18 ./generate/inthandler.o
                0x18007dfc                INT_Excep_PFVEI0
 .text.INT_Excep_IFEI1
                0x18007e14       0x18 ./generate/inthandler.o
                0x18007e14                INT_Excep_IFEI1
 .text.INT_Excep_OFFI1
                0x18007e2c       0x18 ./generate/inthandler.o
                0x18007e2c                INT_Excep_OFFI1
 .text.INT_Excep_PFVEI1
                0x18007e44       0x18 ./generate/inthandler.o
                0x18007e44                INT_Excep_PFVEI1
 .text.INT_Excep_TINT0
                0x18007e5c       0x18 ./generate/inthandler.o
                0x18007e5c                INT_Excep_TINT0
 .text.INT_Excep_TINT1
                0x18007e74       0x18 ./generate/inthandler.o
                0x18007e74                INT_Excep_TINT1
 .text.INT_Excep_TINT2
                0x18007e8c       0x18 ./generate/inthandler.o
                0x18007e8c                INT_Excep_TINT2
 .text.INT_Excep_TINT3
                0x18007ea4       0x18 ./generate/inthandler.o
                0x18007ea4                INT_Excep_TINT3
 .text.INT_Excep_TINT4
                0x18007ebc       0x18 ./generate/inthandler.o
                0x18007ebc                INT_Excep_TINT4
 .text.INT_Excep_TINT5
                0x18007ed4       0x18 ./generate/inthandler.o
                0x18007ed4                INT_Excep_TINT5
 .text.INT_Excep_TINT6
                0x18007eec       0x18 ./generate/inthandler.o
                0x18007eec                INT_Excep_TINT6
 .text.INT_Excep_TINT7
                0x18007f04       0x18 ./generate/inthandler.o
                0x18007f04                INT_Excep_TINT7
 .text.INT_Excep_TINT8
                0x18007f1c       0x18 ./generate/inthandler.o
                0x18007f1c                INT_Excep_TINT8
 .text.INT_Excep_TINT9
                0x18007f34       0x18 ./generate/inthandler.o
                0x18007f34                INT_Excep_TINT9
 .text.INT_Excep_TINT10
                0x18007f4c       0x18 ./generate/inthandler.o
                0x18007f4c                INT_Excep_TINT10
 .text.INT_Excep_TINT11
                0x18007f64       0x18 ./generate/inthandler.o
                0x18007f64                INT_Excep_TINT11
 .text.INT_Excep_TINT12
                0x18007f7c       0x18 ./generate/inthandler.o
                0x18007f7c                INT_Excep_TINT12
 .text.INT_Excep_TINT13
                0x18007f94       0x18 ./generate/inthandler.o
                0x18007f94                INT_Excep_TINT13
 .text.INT_Excep_TINT14
                0x18007fac       0x18 ./generate/inthandler.o
                0x18007fac                INT_Excep_TINT14
 .text.INT_Excep_TINT15
                0x18007fc4       0x18 ./generate/inthandler.o
                0x18007fc4                INT_Excep_TINT15
 .text.INT_Excep_TINT16
                0x18007fdc       0x18 ./generate/inthandler.o
                0x18007fdc                INT_Excep_TINT16
 .text.INT_Excep_TINT17
                0x18007ff4       0x18 ./generate/inthandler.o
                0x18007ff4                INT_Excep_TINT17
 .text.INT_Excep_TINT18
                0x1800800c       0x18 ./generate/inthandler.o
                0x1800800c                INT_Excep_TINT18
 .text.INT_Excep_TINT19
                0x18008024       0x18 ./generate/inthandler.o
                0x18008024                INT_Excep_TINT19
 .text.INT_Excep_TINT20
                0x1800803c       0x18 ./generate/inthandler.o
                0x1800803c                INT_Excep_TINT20
 .text.INT_Excep_TINT21
                0x18008054       0x18 ./generate/inthandler.o
                0x18008054                INT_Excep_TINT21
 .text.INT_Excep_TINT22
                0x1800806c       0x18 ./generate/inthandler.o
                0x1800806c                INT_Excep_TINT22
 .text.INT_Excep_TINT23
                0x18008084       0x18 ./generate/inthandler.o
                0x18008084                INT_Excep_TINT23
 .text.INT_Excep_TINT24
                0x1800809c       0x18 ./generate/inthandler.o
                0x1800809c                INT_Excep_TINT24
 .text.INT_Excep_TINT25
                0x180080b4       0x18 ./generate/inthandler.o
                0x180080b4                INT_Excep_TINT25
 .text.INT_Excep_TINT26
                0x180080cc       0x18 ./generate/inthandler.o
                0x180080cc                INT_Excep_TINT26
 .text.INT_Excep_TINT27
                0x180080e4       0x18 ./generate/inthandler.o
                0x180080e4                INT_Excep_TINT27
 .text.INT_Excep_TINT28
                0x180080fc       0x18 ./generate/inthandler.o
                0x180080fc                INT_Excep_TINT28
 .text.INT_Excep_TINT29
                0x18008114       0x18 ./generate/inthandler.o
                0x18008114                INT_Excep_TINT29
 .text.INT_Excep_TINT30
                0x1800812c       0x18 ./generate/inthandler.o
                0x1800812c                INT_Excep_TINT30
 .text.INT_Excep_TINT31
                0x18008144       0x18 ./generate/inthandler.o
                0x18008144                INT_Excep_TINT31
 .text.INT_Excep_TINT32
                0x1800815c       0x18 ./generate/inthandler.o
                0x1800815c                INT_Excep_TINT32
 .text.INT_Excep_TINT33
                0x18008174       0x18 ./generate/inthandler.o
                0x18008174                INT_Excep_TINT33
 .text.INT_Excep_TINT34
                0x1800818c       0x18 ./generate/inthandler.o
                0x1800818c                INT_Excep_TINT34
 .text.INT_Excep_TINT35
                0x180081a4       0x18 ./generate/inthandler.o
                0x180081a4                INT_Excep_TINT35
 .text.INT_Excep_TINT36
                0x180081bc       0x18 ./generate/inthandler.o
                0x180081bc                INT_Excep_TINT36
 .text.INT_Excep_TINT37
                0x180081d4       0x18 ./generate/inthandler.o
                0x180081d4                INT_Excep_TINT37
 .text.INT_Excep_TINT38
                0x180081ec       0x18 ./generate/inthandler.o
                0x180081ec                INT_Excep_TINT38
 .text.INT_Excep_TINT39
                0x18008204       0x18 ./generate/inthandler.o
                0x18008204                INT_Excep_TINT39
 .text.INT_Excep_TINT40
                0x1800821c       0x18 ./generate/inthandler.o
                0x1800821c                INT_Excep_TINT40
 .text.INT_Excep_TINT41
                0x18008234       0x18 ./generate/inthandler.o
                0x18008234                INT_Excep_TINT41
 .text.INT_Excep_TINT42
                0x1800824c       0x18 ./generate/inthandler.o
                0x1800824c                INT_Excep_TINT42
 .text.INT_Excep_TINT43
                0x18008264       0x18 ./generate/inthandler.o
                0x18008264                INT_Excep_TINT43
 .text.INT_Excep_TINT44
                0x1800827c       0x18 ./generate/inthandler.o
                0x1800827c                INT_Excep_TINT44
 .text.INT_Excep_TINT45
                0x18008294       0x18 ./generate/inthandler.o
                0x18008294                INT_Excep_TINT45
 .text.INT_Excep_TINT46
                0x180082ac       0x18 ./generate/inthandler.o
                0x180082ac                INT_Excep_TINT46
 .text.INT_Excep_TINT47
                0x180082c4       0x18 ./generate/inthandler.o
                0x180082c4                INT_Excep_TINT47
 .text.INT_Excep_TINT48
                0x180082dc       0x18 ./generate/inthandler.o
                0x180082dc                INT_Excep_TINT48
 .text.INT_Excep_TINT49
                0x180082f4       0x18 ./generate/inthandler.o
                0x180082f4                INT_Excep_TINT49
 .text.INT_Excep_TINT50
                0x1800830c       0x18 ./generate/inthandler.o
                0x1800830c                INT_Excep_TINT50
 .text.INT_Excep_TINT51
                0x18008324       0x18 ./generate/inthandler.o
                0x18008324                INT_Excep_TINT51
 .text.INT_Excep_TINT52
                0x1800833c       0x18 ./generate/inthandler.o
                0x1800833c                INT_Excep_TINT52
 .text.INT_Excep_TINT53
                0x18008354       0x18 ./generate/inthandler.o
                0x18008354                INT_Excep_TINT53
 .text.INT_Excep_TINT54
                0x1800836c       0x18 ./generate/inthandler.o
                0x1800836c                INT_Excep_TINT54
 .text.INT_Excep_TINT55
                0x18008384       0x18 ./generate/inthandler.o
                0x18008384                INT_Excep_TINT55
 .text.INT_Excep_TINT56
                0x1800839c       0x18 ./generate/inthandler.o
                0x1800839c                INT_Excep_TINT56
 .text.INT_Excep_TINT57
                0x180083b4       0x18 ./generate/inthandler.o
                0x180083b4                INT_Excep_TINT57
 .text.INT_Excep_TINT58
                0x180083cc       0x18 ./generate/inthandler.o
                0x180083cc                INT_Excep_TINT58
 .text.INT_Excep_TINT59
                0x180083e4       0x18 ./generate/inthandler.o
                0x180083e4                INT_Excep_TINT59
 .text.INT_Excep_TINT60
                0x180083fc       0x18 ./generate/inthandler.o
                0x180083fc                INT_Excep_TINT60
 .text.INT_Excep_TINT61
                0x18008414       0x18 ./generate/inthandler.o
                0x18008414                INT_Excep_TINT61
 .text.INT_Excep_TINT62
                0x1800842c       0x18 ./generate/inthandler.o
                0x1800842c                INT_Excep_TINT62
 .text.INT_Excep_TINT63
                0x18008444       0x18 ./generate/inthandler.o
                0x18008444                INT_Excep_TINT63
 .text.INT_Excep_TINT64
                0x1800845c       0x18 ./generate/inthandler.o
                0x1800845c                INT_Excep_TINT64
 .text.INT_Excep_TINT65
                0x18008474       0x18 ./generate/inthandler.o
                0x18008474                INT_Excep_TINT65
 .text.INT_Excep_TINT66
                0x1800848c       0x18 ./generate/inthandler.o
                0x1800848c                INT_Excep_TINT66
 .text.INT_Excep_TINT67
                0x180084a4       0x18 ./generate/inthandler.o
                0x180084a4                INT_Excep_TINT67
 .text.INT_Excep_TINT68
                0x180084bc       0x18 ./generate/inthandler.o
                0x180084bc                INT_Excep_TINT68
 .text.INT_Excep_TINT69
                0x180084d4       0x18 ./generate/inthandler.o
                0x180084d4                INT_Excep_TINT69
 .text.INT_Excep_TINT70
                0x180084ec       0x18 ./generate/inthandler.o
                0x180084ec                INT_Excep_TINT70
 .text.INT_Excep_TINT71
                0x18008504       0x18 ./generate/inthandler.o
                0x18008504                INT_Excep_TINT71
 .text.INT_Excep_TINT72
                0x1800851c       0x18 ./generate/inthandler.o
                0x1800851c                INT_Excep_TINT72
 .text.INT_Excep_TINT73
                0x18008534       0x18 ./generate/inthandler.o
                0x18008534                INT_Excep_TINT73
 .text.INT_Excep_TINT74
                0x1800854c       0x18 ./generate/inthandler.o
                0x1800854c                INT_Excep_TINT74
 .text.INT_Excep_TINT75
                0x18008564       0x18 ./generate/inthandler.o
                0x18008564                INT_Excep_TINT75
 .text.INT_Excep_TINT76
                0x1800857c       0x18 ./generate/inthandler.o
                0x1800857c                INT_Excep_TINT76
 .text.INT_Excep_TINT77
                0x18008594       0x18 ./generate/inthandler.o
                0x18008594                INT_Excep_TINT77
 .text.INT_Excep_TINT78
                0x180085ac       0x18 ./generate/inthandler.o
                0x180085ac                INT_Excep_TINT78
 .text.INT_Excep_TINT79
                0x180085c4       0x18 ./generate/inthandler.o
                0x180085c4                INT_Excep_TINT79
 .text.INT_Excep_TINT80
                0x180085dc       0x18 ./generate/inthandler.o
                0x180085dc                INT_Excep_TINT80
 .text.INT_Excep_TINT81
                0x180085f4       0x18 ./generate/inthandler.o
                0x180085f4                INT_Excep_TINT81
 .text.INT_Excep_TINT82
                0x1800860c       0x18 ./generate/inthandler.o
                0x1800860c                INT_Excep_TINT82
 .text.INT_Excep_TINT83
                0x18008624       0x18 ./generate/inthandler.o
                0x18008624                INT_Excep_TINT83
 .text.INT_Excep_TINT84
                0x1800863c       0x18 ./generate/inthandler.o
                0x1800863c                INT_Excep_TINT84
 .text.INT_Excep_TINT85
                0x18008654       0x18 ./generate/inthandler.o
                0x18008654                INT_Excep_TINT85
 .text.INT_Excep_TINT86
                0x1800866c       0x18 ./generate/inthandler.o
                0x1800866c                INT_Excep_TINT86
 .text.INT_Excep_TINT87
                0x18008684       0x18 ./generate/inthandler.o
                0x18008684                INT_Excep_TINT87
 .text.INT_Excep_TINT88
                0x1800869c       0x18 ./generate/inthandler.o
                0x1800869c                INT_Excep_TINT88
 .text.INT_Excep_TINT89
                0x180086b4       0x18 ./generate/inthandler.o
                0x180086b4                INT_Excep_TINT89
 .text.INT_Excep_TINT90
                0x180086cc       0x18 ./generate/inthandler.o
                0x180086cc                INT_Excep_TINT90
 .text.INT_Excep_TINT91
                0x180086e4       0x18 ./generate/inthandler.o
                0x180086e4                INT_Excep_TINT91
 .text.INT_Excep_TINT92
                0x180086fc       0x18 ./generate/inthandler.o
                0x180086fc                INT_Excep_TINT92
 .text.INT_Excep_TINT93
                0x18008714       0x18 ./generate/inthandler.o
                0x18008714                INT_Excep_TINT93
 .text.INT_Excep_TINT94
                0x1800872c       0x18 ./generate/inthandler.o
                0x1800872c                INT_Excep_TINT94
 .text.INT_Excep_TINT95
                0x18008744       0x18 ./generate/inthandler.o
                0x18008744                INT_Excep_TINT95
 .text.INT_Excep_TINT96
                0x1800875c       0x18 ./generate/inthandler.o
                0x1800875c                INT_Excep_TINT96
 .text.INT_Excep_TINT97
                0x18008774       0x18 ./generate/inthandler.o
                0x18008774                INT_Excep_TINT97
 .text.INT_Excep_TINT98
                0x1800878c       0x18 ./generate/inthandler.o
                0x1800878c                INT_Excep_TINT98
 .text.INT_Excep_TINT99
                0x180087a4       0x18 ./generate/inthandler.o
                0x180087a4                INT_Excep_TINT99
 .text.INT_Excep_TINT100
                0x180087bc       0x18 ./generate/inthandler.o
                0x180087bc                INT_Excep_TINT100
 .text.INT_Excep_TINT101
                0x180087d4       0x18 ./generate/inthandler.o
                0x180087d4                INT_Excep_TINT101
 .text.INT_Excep_TINT102
                0x180087ec       0x18 ./generate/inthandler.o
                0x180087ec                INT_Excep_TINT102
 .text.INT_Excep_TINT103
                0x18008804       0x18 ./generate/inthandler.o
                0x18008804                INT_Excep_TINT103
 .text.INT_Excep_TINT104
                0x1800881c       0x18 ./generate/inthandler.o
                0x1800881c                INT_Excep_TINT104
 .text.INT_Excep_TINT105
                0x18008834       0x18 ./generate/inthandler.o
                0x18008834                INT_Excep_TINT105
 .text.INT_Excep_TINT106
                0x1800884c       0x18 ./generate/inthandler.o
                0x1800884c                INT_Excep_TINT106
 .text.INT_Excep_TINT107
                0x18008864       0x18 ./generate/inthandler.o
                0x18008864                INT_Excep_TINT107
 .text.INT_Excep_TINT108
                0x1800887c       0x18 ./generate/inthandler.o
                0x1800887c                INT_Excep_TINT108
 .text.INT_Excep_TINT109
                0x18008894       0x18 ./generate/inthandler.o
                0x18008894                INT_Excep_TINT109
 .text.INT_Excep_TINT110
                0x180088ac       0x18 ./generate/inthandler.o
                0x180088ac                INT_Excep_TINT110
 .text.INT_Excep_TINT111
                0x180088c4       0x18 ./generate/inthandler.o
                0x180088c4                INT_Excep_TINT111
 .text.INT_Excep_TINT112
                0x180088dc       0x18 ./generate/inthandler.o
                0x180088dc                INT_Excep_TINT112
 .text.INT_Excep_TINT113
                0x180088f4       0x18 ./generate/inthandler.o
                0x180088f4                INT_Excep_TINT113
 .text.INT_Excep_TINT114
                0x1800890c       0x18 ./generate/inthandler.o
                0x1800890c                INT_Excep_TINT114
 .text.INT_Excep_TINT115
                0x18008924       0x18 ./generate/inthandler.o
                0x18008924                INT_Excep_TINT115
 .text.INT_Excep_TINT116
                0x1800893c       0x18 ./generate/inthandler.o
                0x1800893c                INT_Excep_TINT116
 .text.INT_Excep_TINT117
                0x18008954       0x18 ./generate/inthandler.o
                0x18008954                INT_Excep_TINT117
 .text.INT_Excep_TINT118
                0x1800896c       0x18 ./generate/inthandler.o
                0x1800896c                INT_Excep_TINT118
 .text.INT_Excep_TINT119
                0x18008984       0x18 ./generate/inthandler.o
                0x18008984                INT_Excep_TINT119
 .text.INT_Excep_TINT120
                0x1800899c       0x18 ./generate/inthandler.o
                0x1800899c                INT_Excep_TINT120
 .text.INT_Excep_TINT121
                0x180089b4       0x18 ./generate/inthandler.o
                0x180089b4                INT_Excep_TINT121
 .text.INT_Excep_TINT122
                0x180089cc       0x18 ./generate/inthandler.o
                0x180089cc                INT_Excep_TINT122
 .text.INT_Excep_TINT123
                0x180089e4       0x18 ./generate/inthandler.o
                0x180089e4                INT_Excep_TINT123
 .text.INT_Excep_TINT124
                0x180089fc       0x18 ./generate/inthandler.o
                0x180089fc                INT_Excep_TINT124
 .text.INT_Excep_TINT125
                0x18008a14       0x18 ./generate/inthandler.o
                0x18008a14                INT_Excep_TINT125
 .text.INT_Excep_TINT126
                0x18008a2c       0x18 ./generate/inthandler.o
                0x18008a2c                INT_Excep_TINT126
 .text.INT_Excep_TINT127
                0x18008a44       0x18 ./generate/inthandler.o
                0x18008a44                INT_Excep_TINT127
 .text.INT_Excep_TINT128
                0x18008a5c       0x18 ./generate/inthandler.o
                0x18008a5c                INT_Excep_TINT128
 .text.INT_Excep_TINT129
                0x18008a74       0x18 ./generate/inthandler.o
                0x18008a74                INT_Excep_TINT129
 .text.INT_Excep_TINT130
                0x18008a8c       0x18 ./generate/inthandler.o
                0x18008a8c                INT_Excep_TINT130
 .text.INT_Excep_TINT131
                0x18008aa4       0x18 ./generate/inthandler.o
                0x18008aa4                INT_Excep_TINT131
 .text.INT_Excep_TINT132
                0x18008abc       0x18 ./generate/inthandler.o
                0x18008abc                INT_Excep_TINT132
 .text.INT_Excep_TINT133
                0x18008ad4       0x18 ./generate/inthandler.o
                0x18008ad4                INT_Excep_TINT133
 .text.INT_Excep_TINT134
                0x18008aec       0x18 ./generate/inthandler.o
                0x18008aec                INT_Excep_TINT134
 .text.INT_Excep_TINT135
                0x18008b04       0x18 ./generate/inthandler.o
                0x18008b04                INT_Excep_TINT135
 .text.INT_Excep_TINT136
                0x18008b1c       0x18 ./generate/inthandler.o
                0x18008b1c                INT_Excep_TINT136
 .text.INT_Excep_TINT137
                0x18008b34       0x18 ./generate/inthandler.o
                0x18008b34                INT_Excep_TINT137
 .text.INT_Excep_TINT138
                0x18008b4c       0x18 ./generate/inthandler.o
                0x18008b4c                INT_Excep_TINT138
 .text.INT_Excep_TINT139
                0x18008b64       0x18 ./generate/inthandler.o
                0x18008b64                INT_Excep_TINT139
 .text.INT_Excep_TINT140
                0x18008b7c       0x18 ./generate/inthandler.o
                0x18008b7c                INT_Excep_TINT140
 .text.INT_Excep_TINT141
                0x18008b94       0x18 ./generate/inthandler.o
                0x18008b94                INT_Excep_TINT141
 .text.INT_Excep_TINT142
                0x18008bac       0x18 ./generate/inthandler.o
                0x18008bac                INT_Excep_TINT142
 .text.INT_Excep_TINT143
                0x18008bc4       0x18 ./generate/inthandler.o
                0x18008bc4                INT_Excep_TINT143
 .text.INT_Excep_TINT144
                0x18008bdc       0x18 ./generate/inthandler.o
                0x18008bdc                INT_Excep_TINT144
 .text.INT_Excep_TINT145
                0x18008bf4       0x18 ./generate/inthandler.o
                0x18008bf4                INT_Excep_TINT145
 .text.INT_Excep_TINT146
                0x18008c0c       0x18 ./generate/inthandler.o
                0x18008c0c                INT_Excep_TINT146
 .text.INT_Excep_TINT147
                0x18008c24       0x18 ./generate/inthandler.o
                0x18008c24                INT_Excep_TINT147
 .text.INT_Excep_TINT148
                0x18008c3c       0x18 ./generate/inthandler.o
                0x18008c3c                INT_Excep_TINT148
 .text.INT_Excep_TINT149
                0x18008c54       0x18 ./generate/inthandler.o
                0x18008c54                INT_Excep_TINT149
 .text.INT_Excep_TINT150
                0x18008c6c       0x18 ./generate/inthandler.o
                0x18008c6c                INT_Excep_TINT150
 .text.INT_Excep_TINT151
                0x18008c84       0x18 ./generate/inthandler.o
                0x18008c84                INT_Excep_TINT151
 .text.INT_Excep_TINT152
                0x18008c9c       0x18 ./generate/inthandler.o
                0x18008c9c                INT_Excep_TINT152
 .text.INT_Excep_TINT153
                0x18008cb4       0x18 ./generate/inthandler.o
                0x18008cb4                INT_Excep_TINT153
 .text.INT_Excep_TINT154
                0x18008ccc       0x18 ./generate/inthandler.o
                0x18008ccc                INT_Excep_TINT154
 .text.INT_Excep_TINT155
                0x18008ce4       0x18 ./generate/inthandler.o
                0x18008ce4                INT_Excep_TINT155
 .text.INT_Excep_TINT156
                0x18008cfc       0x18 ./generate/inthandler.o
                0x18008cfc                INT_Excep_TINT156
 .text.INT_Excep_TINT157
                0x18008d14       0x18 ./generate/inthandler.o
                0x18008d14                INT_Excep_TINT157
 .text.INT_Excep_TINT158
                0x18008d2c       0x18 ./generate/inthandler.o
                0x18008d2c                INT_Excep_TINT158
 .text.INT_Excep_TINT159
                0x18008d44       0x18 ./generate/inthandler.o
                0x18008d44                INT_Excep_TINT159
 .text.INT_Excep_TINT160
                0x18008d5c       0x18 ./generate/inthandler.o
                0x18008d5c                INT_Excep_TINT160
 .text.INT_Excep_TINT161
                0x18008d74       0x18 ./generate/inthandler.o
                0x18008d74                INT_Excep_TINT161
 .text.INT_Excep_TINT162
                0x18008d8c       0x18 ./generate/inthandler.o
                0x18008d8c                INT_Excep_TINT162
 .text.INT_Excep_TINT163
                0x18008da4       0x18 ./generate/inthandler.o
                0x18008da4                INT_Excep_TINT163
 .text.INT_Excep_TINT164
                0x18008dbc       0x18 ./generate/inthandler.o
                0x18008dbc                INT_Excep_TINT164
 .text.INT_Excep_TINT165
                0x18008dd4       0x18 ./generate/inthandler.o
                0x18008dd4                INT_Excep_TINT165
 .text.INT_Excep_TINT166
                0x18008dec       0x18 ./generate/inthandler.o
                0x18008dec                INT_Excep_TINT166
 .text.INT_Excep_TINT167
                0x18008e04       0x18 ./generate/inthandler.o
                0x18008e04                INT_Excep_TINT167
 .text.INT_Excep_TINT168
                0x18008e1c       0x18 ./generate/inthandler.o
                0x18008e1c                INT_Excep_TINT168
 .text.INT_Excep_TINT169
                0x18008e34       0x18 ./generate/inthandler.o
                0x18008e34                INT_Excep_TINT169
 .text.INT_Excep_TINT170
                0x18008e4c       0x18 ./generate/inthandler.o
                0x18008e4c                INT_Excep_TINT170
 .text.selfrel_offset31
                0x18008e64       0x14 C:/Program Files (x86)/Arm GNU Toolchain arm-none-eabi/13.3 rel1/bin/../lib/gcc/arm-none-eabi/13.3.1/thumb/v7-a+fp/hard\libgcc.a(unwind-arm.o)
 .text.search_EIT_table
                0x18008e78       0x60 C:/Program Files (x86)/Arm GNU Toolchain arm-none-eabi/13.3 rel1/bin/../lib/gcc/arm-none-eabi/13.3.1/thumb/v7-a+fp/hard\libgcc.a(unwind-arm.o)
 .text.__gnu_unwind_get_pr_addr
                0x18008ed8       0x2c C:/Program Files (x86)/Arm GNU Toolchain arm-none-eabi/13.3 rel1/bin/../lib/gcc/arm-none-eabi/13.3.1/thumb/v7-a+fp/hard\libgcc.a(unwind-arm.o)
 .text.get_eit_entry
                0x18008f04       0x9c C:/Program Files (x86)/Arm GNU Toolchain arm-none-eabi/13.3 rel1/bin/../lib/gcc/arm-none-eabi/13.3.1/thumb/v7-a+fp/hard\libgcc.a(unwind-arm.o)
 .text.restore_non_core_regs
                0x18008fa0       0x58 C:/Program Files (x86)/Arm GNU Toolchain arm-none-eabi/13.3 rel1/bin/../lib/gcc/arm-none-eabi/13.3.1/thumb/v7-a+fp/hard\libgcc.a(unwind-arm.o)
 .text._Unwind_decode_typeinfo_ptr.constprop.0
                0x18008ff8        0xc C:/Program Files (x86)/Arm GNU Toolchain arm-none-eabi/13.3 rel1/bin/../lib/gcc/arm-none-eabi/13.3.1/thumb/v7-a+fp/hard\libgcc.a(unwind-arm.o)
 .text._Unwind_DebugHook
                0x18009004        0x4 C:/Program Files (x86)/Arm GNU Toolchain arm-none-eabi/13.3 rel1/bin/../lib/gcc/arm-none-eabi/13.3.1/thumb/v7-a+fp/hard\libgcc.a(unwind-arm.o)
 .text.unwind_phase2
                0x18009008       0x3c C:/Program Files (x86)/Arm GNU Toolchain arm-none-eabi/13.3 rel1/bin/../lib/gcc/arm-none-eabi/13.3.1/thumb/v7-a+fp/hard\libgcc.a(unwind-arm.o)
 .text.unwind_phase2_forced
                0x18009044       0xd4 C:/Program Files (x86)/Arm GNU Toolchain arm-none-eabi/13.3 rel1/bin/../lib/gcc/arm-none-eabi/13.3.1/thumb/v7-a+fp/hard\libgcc.a(unwind-arm.o)
 .text.__gnu_Unwind_RaiseException
                0x18009118       0x68 C:/Program Files (x86)/Arm GNU Toolchain arm-none-eabi/13.3 rel1/bin/../lib/gcc/arm-none-eabi/13.3.1/thumb/v7-a+fp/hard\libgcc.a(unwind-arm.o)
                0x18009118                __gnu_Unwind_RaiseException
 .text.__gnu_Unwind_ForcedUnwind
                0x18009180       0x14 C:/Program Files (x86)/Arm GNU Toolchain arm-none-eabi/13.3 rel1/bin/../lib/gcc/arm-none-eabi/13.3.1/thumb/v7-a+fp/hard\libgcc.a(unwind-arm.o)
                0x18009180                __gnu_Unwind_ForcedUnwind
 .text.__gnu_Unwind_Resume
                0x18009194       0x44 C:/Program Files (x86)/Arm GNU Toolchain arm-none-eabi/13.3 rel1/bin/../lib/gcc/arm-none-eabi/13.3.1/thumb/v7-a+fp/hard\libgcc.a(unwind-arm.o)
                0x18009194                __gnu_Unwind_Resume
 .text.__gnu_Unwind_Resume_or_Rethrow
                0x180091d8       0x18 C:/Program Files (x86)/Arm GNU Toolchain arm-none-eabi/13.3 rel1/bin/../lib/gcc/arm-none-eabi/13.3.1/thumb/v7-a+fp/hard\libgcc.a(unwind-arm.o)
                0x180091d8                __gnu_Unwind_Resume_or_Rethrow
 .text._Unwind_VRS_Get
                0x180091f0       0x38 C:/Program Files (x86)/Arm GNU Toolchain arm-none-eabi/13.3 rel1/bin/../lib/gcc/arm-none-eabi/13.3.1/thumb/v7-a+fp/hard\libgcc.a(unwind-arm.o)
                0x180091f0                _Unwind_VRS_Get
 .text._Unwind_GetGR
                0x18009228       0x18 C:/Program Files (x86)/Arm GNU Toolchain arm-none-eabi/13.3 rel1/bin/../lib/gcc/arm-none-eabi/13.3.1/thumb/v7-a+fp/hard\libgcc.a(unwind-arm.o)
 .text._Unwind_VRS_Set
                0x18009240       0x38 C:/Program Files (x86)/Arm GNU Toolchain arm-none-eabi/13.3 rel1/bin/../lib/gcc/arm-none-eabi/13.3.1/thumb/v7-a+fp/hard\libgcc.a(unwind-arm.o)
                0x18009240                _Unwind_VRS_Set
 .text._Unwind_SetGR
                0x18009278       0x18 C:/Program Files (x86)/Arm GNU Toolchain arm-none-eabi/13.3 rel1/bin/../lib/gcc/arm-none-eabi/13.3.1/thumb/v7-a+fp/hard\libgcc.a(unwind-arm.o)
 .text.__gnu_Unwind_Backtrace
                0x18009290       0x7c C:/Program Files (x86)/Arm GNU Toolchain arm-none-eabi/13.3 rel1/bin/../lib/gcc/arm-none-eabi/13.3.1/thumb/v7-a+fp/hard\libgcc.a(unwind-arm.o)
                0x18009290                __gnu_Unwind_Backtrace
 .text.__gnu_unwind_pr_common
                0x1800930c      0x2d0 C:/Program Files (x86)/Arm GNU Toolchain arm-none-eabi/13.3 rel1/bin/../lib/gcc/arm-none-eabi/13.3.1/thumb/v7-a+fp/hard\libgcc.a(unwind-arm.o)
 .text.__aeabi_unwind_cpp_pr0
                0x180095dc        0x8 C:/Program Files (x86)/Arm GNU Toolchain arm-none-eabi/13.3 rel1/bin/../lib/gcc/arm-none-eabi/13.3.1/thumb/v7-a+fp/hard\libgcc.a(unwind-arm.o)
                0x180095dc                __aeabi_unwind_cpp_pr0
 .text.__aeabi_unwind_cpp_pr1
                0x180095e4        0x8 C:/Program Files (x86)/Arm GNU Toolchain arm-none-eabi/13.3 rel1/bin/../lib/gcc/arm-none-eabi/13.3.1/thumb/v7-a+fp/hard\libgcc.a(unwind-arm.o)
                0x180095e4                __aeabi_unwind_cpp_pr1
 .text.__aeabi_unwind_cpp_pr2
                0x180095ec        0x8 C:/Program Files (x86)/Arm GNU Toolchain arm-none-eabi/13.3 rel1/bin/../lib/gcc/arm-none-eabi/13.3.1/thumb/v7-a+fp/hard\libgcc.a(unwind-arm.o)
                0x180095ec                __aeabi_unwind_cpp_pr2
 .text._Unwind_VRS_Pop
                0x180095f4      0x304 C:/Program Files (x86)/Arm GNU Toolchain arm-none-eabi/13.3 rel1/bin/../lib/gcc/arm-none-eabi/13.3.1/thumb/v7-a+fp/hard\libgcc.a(unwind-arm.o)
                0x180095f4                _Unwind_VRS_Pop
 .text.next_unwind_byte
                0x180098f8       0x34 C:/Program Files (x86)/Arm GNU Toolchain arm-none-eabi/13.3 rel1/bin/../lib/gcc/arm-none-eabi/13.3.1/thumb/v7-a+fp/hard\libgcc.a(pr-support.o)
 .text.__gnu_unwind_execute
                0x1800992c      0x2fc C:/Program Files (x86)/Arm GNU Toolchain arm-none-eabi/13.3 rel1/bin/../lib/gcc/arm-none-eabi/13.3.1/thumb/v7-a+fp/hard\libgcc.a(pr-support.o)
                0x1800992c                __gnu_unwind_execute
 .text.abort    0x18009c28       0x10 C:/Program Files (x86)/Arm GNU Toolchain arm-none-eabi/13.3 rel1/bin/../lib/gcc/arm-none-eabi/13.3.1/thumb/v7-a+fp/hard\libg.a(libc_a-abort.o)
                0x18009c28                abort
 .text._malloc_r
                0x18009c38      0x58c C:/Program Files (x86)/Arm GNU Toolchain arm-none-eabi/13.3 rel1/bin/../lib/gcc/arm-none-eabi/13.3.1/thumb/v7-a+fp/hard\libg.a(libc_a-mallocr.o)
                0x18009c38                _malloc_r
 .text.__malloc_lock
                0x1800a1c4        0xc C:/Program Files (x86)/Arm GNU Toolchain arm-none-eabi/13.3 rel1/bin/../lib/gcc/arm-none-eabi/13.3.1/thumb/v7-a+fp/hard\libg.a(libc_a-mlock.o)
                0x1800a1c4                __malloc_lock
 .text.__malloc_unlock
                0x1800a1d0        0xc C:/Program Files (x86)/Arm GNU Toolchain arm-none-eabi/13.3 rel1/bin/../lib/gcc/arm-none-eabi/13.3.1/thumb/v7-a+fp/hard\libg.a(libc_a-mlock.o)
                0x1800a1d0                __malloc_unlock
 .text.vsnprintf
                0x1800a1dc       0x7c C:/Program Files (x86)/Arm GNU Toolchain arm-none-eabi/13.3 rel1/bin/../lib/gcc/arm-none-eabi/13.3.1/thumb/v7-a+fp/hard\libg.a(libc_a-vsnprintf.o)
                0x1800a1dc                vsnprintf
 .text.raise    0x1800a258       0x5c C:/Program Files (x86)/Arm GNU Toolchain arm-none-eabi/13.3 rel1/bin/../lib/gcc/arm-none-eabi/13.3.1/thumb/v7-a+fp/hard\libg.a(libc_a-signal.o)
                0x1800a258                raise
 .text._kill_r  0x1800a2b4       0x2c C:/Program Files (x86)/Arm GNU Toolchain arm-none-eabi/13.3 rel1/bin/../lib/gcc/arm-none-eabi/13.3.1/thumb/v7-a+fp/hard\libg.a(libc_a-signalr.o)
                0x1800a2b4                _kill_r
 .text._getpid_r
                0x1800a2e0        0x4 C:/Program Files (x86)/Arm GNU Toolchain arm-none-eabi/13.3 rel1/bin/../lib/gcc/arm-none-eabi/13.3.1/thumb/v7-a+fp/hard\libg.a(libc_a-signalr.o)
                0x1800a2e0                _getpid_r
 .text._sbrk_r  0x1800a2e4       0x28 C:/Program Files (x86)/Arm GNU Toolchain arm-none-eabi/13.3 rel1/bin/../lib/gcc/arm-none-eabi/13.3.1/thumb/v7-a+fp/hard\libg.a(libc_a-sbrkr.o)
                0x1800a2e4                _sbrk_r
 .text.__retarget_lock_init_recursive
                0x1800a30c        0x4 C:/Program Files (x86)/Arm GNU Toolchain arm-none-eabi/13.3 rel1/bin/../lib/gcc/arm-none-eabi/13.3.1/thumb/v7-a+fp/hard\libg.a(libc_a-lock.o)
                0x1800a30c                __retarget_lock_init_recursive
 .text.__retarget_lock_close_recursive
                0x1800a310        0x4 C:/Program Files (x86)/Arm GNU Toolchain arm-none-eabi/13.3 rel1/bin/../lib/gcc/arm-none-eabi/13.3.1/thumb/v7-a+fp/hard\libg.a(libc_a-lock.o)
                0x1800a310                __retarget_lock_close_recursive
 .text.__retarget_lock_acquire_recursive
                0x1800a314        0x4 C:/Program Files (x86)/Arm GNU Toolchain arm-none-eabi/13.3 rel1/bin/../lib/gcc/arm-none-eabi/13.3.1/thumb/v7-a+fp/hard\libg.a(libc_a-lock.o)
                0x1800a314                __retarget_lock_acquire_recursive
 .text.__retarget_lock_release_recursive
                0x1800a318        0x4 C:/Program Files (x86)/Arm GNU Toolchain arm-none-eabi/13.3 rel1/bin/../lib/gcc/arm-none-eabi/13.3.1/thumb/v7-a+fp/hard\libg.a(libc_a-lock.o)
                0x1800a318                __retarget_lock_release_recursive
 .text.sysconf  0x1800a31c       0x1c C:/Program Files (x86)/Arm GNU Toolchain arm-none-eabi/13.3 rel1/bin/../lib/gcc/arm-none-eabi/13.3.1/thumb/v7-a+fp/hard\libg.a(libc_a-sysconf.o)
                0x1800a31c                sysconf
 .text._malloc_trim_r