Archive member included to satisfy reference by file (symbol)

C:/Program Files (x86)/Arm GNU Toolchain arm-none-eabi/13.3 rel1/bin/../lib/gcc/arm-none-eabi/13.3.1/thumb/v7-a+fp/hard\libgcc.a(unwind-arm.o)
                              ./src/mcr_camera_2026base.o (__aeabi_unwind_cpp_pr1)
C:/Program Files (x86)/Arm GNU Toolchain arm-none-eabi/13.3 rel1/bin/../lib/gcc/arm-none-eabi/13.3.1/thumb/v7-a+fp/hard\libgcc.a(libunwind.o)
                              C:/Program Files (x86)/Arm GNU Toolchain arm-none-eabi/13.3 rel1/bin/../lib/gcc/arm-none-eabi/13.3.1/thumb/v7-a+fp/hard\libgcc.a(unwind-arm.o) (restore_core_regs)
C:/Program Files (x86)/Arm GNU Toolchain arm-none-eabi/13.3 rel1/bin/../lib/gcc/arm-none-eabi/13.3.1/thumb/v7-a+fp/hard\libgcc.a(pr-support.o)
                              C:/Program Files (x86)/Arm GNU Toolchain arm-none-eabi/13.3 rel1/bin/../lib/gcc/arm-none-eabi/13.3.1/thumb/v7-a+fp/hard\libgcc.a(unwind-arm.o) (__gnu_unwind_execute)
C:/Program Files (x86)/Arm GNU Toolchain arm-none-eabi/13.3 rel1/bin/../lib/gcc/arm-none-eabi/13.3.1/thumb/v7-a+fp/hard\libg.a(libc_a-abort.o)
                              C:/Program Files (x86)/Arm GNU Toolchain arm-none-eabi/13.3 rel1/bin/../lib/gcc/arm-none-eabi/13.3.1/thumb/v7-a+fp/hard\libgcc.a(unwind-arm.o) (abort)
C:/Program Files (x86)/Arm GNU Toolchain arm-none-eabi/13.3 rel1/bin/../lib/gcc/arm-none-eabi/13.3.1/thumb/v7-a+fp/hard\libg.a(libc_a-signal.o)
                              C:/Program Files (x86)/Arm GNU Toolchain arm-none-eabi/13.3 rel1/bin/../lib/gcc/arm-none-eabi/13.3.1/thumb/v7-a+fp/hard\libg.a(libc_a-abort.o) (raise)
C:/Program Files (x86)/Arm GNU Toolchain arm-none-eabi/13.3 rel1/bin/../lib/gcc/arm-none-eabi/13.3.1/thumb/v7-a+fp/hard\libg.a(libc_a-impure.o)
                              C:/Program Files (x86)/Arm GNU Toolchain arm-none-eabi/13.3 rel1/bin/../lib/gcc/arm-none-eabi/13.3.1/thumb/v7-a+fp/hard\libg.a(libc_a-signal.o) (_impure_ptr)
C:/Program Files (x86)/Arm GNU Toolchain arm-none-eabi/13.3 rel1/bin/../lib/gcc/arm-none-eabi/13.3.1/thumb/v7-a+fp/hard\libg.a(libc_a-signalr.o)
                              C:/Program Files (x86)/Arm GNU Toolchain arm-none-eabi/13.3 rel1/bin/../lib/gcc/arm-none-eabi/13.3.1/thumb/v7-a+fp/hard\libg.a(libc_a-signal.o) (_kill_r)
C:/Program Files (x86)/Arm GNU Toolchain arm-none-eabi/13.3 rel1/bin/../lib/gcc/arm-none-eabi/13.3.1/thumb/v7-a+fp/hard\libg.a(libc_a-memcpy.o)
                              C:/Program Files (x86)/Arm GNU Toolchain arm-none-eabi/13.3 rel1/bin/../lib/gcc/arm-none-eabi/13.3.1/thumb/v7-a+fp/hard\libgcc.a(unwind-arm.o) (memcpy)
C:/Program Files (x86)/Arm GNU Toolchain arm-none-eabi/13.3 rel1/bin/../lib/gcc/arm-none-eabi/13.3.1/thumb/v7-a+fp/hard\libg.a(libc_a-mallocr.o)
                              C:/Program Files (x86)/Arm GNU Toolchain arm-none-eabi/13.3 rel1/bin/../lib/gcc/arm-none-eabi/13.3.1/thumb/v7-a+fp/hard\libg.a(libc_a-signal.o) (_malloc_r)
C:/Program Files (x86)/Arm GNU Toolchain arm-none-eabi/13.3 rel1/bin/../lib/gcc/arm-none-eabi/13.3.1/thumb/v7-a+fp/hard\libg.a(libc_a-mlock.o)
                              C:/Program Files (x86)/Arm GNU Toolchain arm-none-eabi/13.3 rel1/bin/../lib/gcc/arm-none-eabi/13.3.1/thumb/v7-a+fp/hard\libg.a(libc_a-mallocr.o) (__malloc_lock)
C:/Program Files (x86)/Arm GNU Toolchain arm-none-eabi/13.3 rel1/bin/../lib/gcc/arm-none-eabi/13.3.1/thumb/v7-a+fp/hard\libg.a(libc_a-findfp.o)
                              C:/Program Files (x86)/Arm GNU Toolchain arm-none-eabi/13.3 rel1/bin/../lib/gcc/arm-none-eabi/13.3.1/thumb/v7-a+fp/hard\libg.a(libc_a-impure.o) (__sf)
C:/Program Files (x86)/Arm GNU Toolchain arm-none-eabi/13.3 rel1/bin/../lib/gcc/arm-none-eabi/13.3.1/thumb/v7-a+fp/hard\libg.a(libc_a-fwalk.o)
                              C:/Program Files (x86)/Arm GNU Toolchain arm-none-eabi/13.3 rel1/bin/../lib/gcc/arm-none-eabi/13.3.1/thumb/v7-a+fp/hard\libg.a(libc_a-findfp.o) (_fwalk_sglue)
C:/Program Files (x86)/Arm GNU Toolchain arm-none-eabi/13.3 rel1/bin/../lib/gcc/arm-none-eabi/13.3.1/thumb/v7-a+fp/hard\libg.a(libc_a-stdio.o)
                              C:/Program Files (x86)/Arm GNU Toolchain arm-none-eabi/13.3 rel1/bin/../lib/gcc/arm-none-eabi/13.3.1/thumb/v7-a+fp/hard\libg.a(libc_a-findfp.o) (__sread)
C:/Program Files (x86)/Arm GNU Toolchain arm-none-eabi/13.3 rel1/bin/../lib/gcc/arm-none-eabi/13.3.1/thumb/v7-a+fp/hard\libg.a(libc_a-memset.o)
                              C:/Program Files (x86)/Arm GNU Toolchain arm-none-eabi/13.3 rel1/bin/../lib/gcc/arm-none-eabi/13.3.1/thumb/v7-a+fp/hard\libg.a(libc_a-findfp.o) (memset)
C:/Program Files (x86)/Arm GNU Toolchain arm-none-eabi/13.3 rel1/bin/../lib/gcc/arm-none-eabi/13.3.1/thumb/v7-a+fp/hard\libg.a(libc_a-closer.o)
                              C:/Program Files (x86)/Arm GNU Toolchain arm-none-eabi/13.3 rel1/bin/../lib/gcc/arm-none-eabi/13.3.1/thumb/v7-a+fp/hard\libg.a(libc_a-stdio.o) (_close_r)
[...]
Memory Configuration

Name             Origin             Length             Attributes
BOOT_LOADER      0x18000000         0x00004000
SFLASH           0x18004000         0x07ffc000
RAM              0x20020000         0x00500000
*default*        0x00000000         0xffffffff

Linker script and memory map

LOAD ./src/drivers/Onboard.o
LOAD ./src/mcr_camera_2026base.o
LOAD ./generate/hwsetup.o
LOAD ./generate/inthandler.o
LOAD ./generate/mbed_sf_boot.o
LOAD ./generate/start.o
LOAD ./generate/vect_table.o
LOAD ./generate/vects.o
START GROUP
END GROUP
LOAD C:/Program Files (x86)/Arm GNU Toolchain arm-none-eabi/13.3 rel1/bin/../lib/gcc/arm-none-eabi/13.3.1/thumb/v7-a+fp/hard\libstdc++.a
LOAD C:/Program Files (x86)/Arm GNU Toolchain arm-none-eabi/13.3 rel1/bin/../lib/gcc/arm-none-eabi/13.3.1/thumb/v7-a+fp/hard\libm.a
START GROUP
LOAD C:/Program Files (x86)/Arm GNU Toolchain arm-none-eabi/13.3 rel1/bin/../lib/gcc/arm-none-eabi/13.3.1/thumb/v7-a+fp/hard\libgcc.a
LOAD C:/Program Files (x86)/Arm GNU Toolchain arm-none-eabi/13.3 rel1/bin/../lib/gcc/arm-none-eabi/13.3.1/thumb/v7-a+fp/hard\libg.a
LOAD C:/Program Files (x86)/Arm GNU Toolchain arm-none-eabi/13.3 rel1/bin/../lib/gcc/arm-none-eabi/13.3.1/thumb/v7-a+fp/hard\libc.a
END GROUP
START GROUP
LOAD C:/Program Files (x86)/Arm GNU Toolchain arm-none-eabi/13.3 rel1/bin/../lib/gcc/arm-none-eabi/13.3.1/thumb/v7-a+fp/hard\libgcc.a
LOAD C:/Program Files (x86)/Arm GNU Toolchain arm-none-eabi/13.3 rel1/bin/../lib/gcc/arm-none-eabi/13.3.1/thumb/v7-a+fp/hard\libc.a
LOAD C:/Program Files (x86)/Arm GNU Toolchain arm-none-eabi/13.3 rel1/bin/../lib/gcc/arm-none-eabi/13.3.1/thumb/v7-a+fp/hard\librdimon.a
END GROUP

.boot           0x18000000     0x3100
 *(.boot_loader)
 .boot_loader   0x18000000     0x3100 ./generate/mbed_sf_boot.o
                0x18000000                boot_loader

.fvectors       0x18004000       0x40
 *(.fvectors)
 .fvectors      0x18004000       0x40 ./generate/vect_table.o
                0x18004000                Start
                0x18004000                vector_table

.text           0x18004040     0x62e0
 *(.text)
 .text          0x18004040       0xa4 ./generate/start.o
                0x18004054                _PowerON_Reset
 .text          0x180040e4      0x1ac C:/Program Files (x86)/Arm GNU Toolchain arm-none-eabi/13.3 rel1/bin/../lib/gcc/arm-none-eabi/13.3.1/thumb/v7-a+fp/hard\libgcc.a(libunwind.o)
                0x180040e4                __restore_core_regs
                0x180040e4                restore_core_regs
                0x180040fc                __gnu_Unwind_Restore_VFP
                0x18004104                __gnu_Unwind_Save_VFP
                0x1800410c                __gnu_Unwind_Restore_VFP_D
                0x18004114                __gnu_Unwind_Save_VFP_D
                0x1800411c                __gnu_Unwind_Restore_VFP_D_16_to_31
                0x18004124                __gnu_Unwind_Save_VFP_D_16_to_31
                0x1800412c                __gnu_Unwind_Restore_WMMXD
                0x18004170                __gnu_Unwind_Save_WMMXD
                0x180041b4                __gnu_Unwind_Restore_WMMXC
                0x180041c8                __gnu_Unwind_Save_WMMXC
                0x180041dc                ___Unwind_RaiseException
                0x180041dc                _Unwind_RaiseException
                0x18004200                _Unwind_Resume
                0x18004200                ___Unwind_Resume
                0x18004224                _Unwind_Resume_or_Rethrow
                0x18004224                ___Unwind_Resume_or_Rethrow
                0x18004248                _Unwind_ForcedUnwind
                0x18004248                ___Unwind_ForcedUnwind
                0x1800426c                ___Unwind_Backtrace
                0x1800426c                _Unwind_Backtrace
 *fill*         0x18004290       0x30 
 .text          0x180042c0      0x5e0 C:/Program Files (x86)/Arm GNU Toolchain arm-none-eabi/13.3 rel1/bin/../lib/gcc/arm-none-eabi/13.3.1/thumb/v7-a+fp/hard\libg.a(libc_a-memcpy.o)
                0x180042c0                memcpy
 .text          0x180048a0      0x278 C:/Program Files (x86)/Arm GNU Toolchain arm-none-eabi/13.3 rel1/bin/../lib/gcc/arm-none-eabi/13.3.1/thumb/v7-a+fp/hard\libgcc.a(_udivsi3.o)
                0x180048a0                __aeabi_uidiv
                0x180048a0                __udivsi3
                0x18004afc                __aeabi_uidivmod
 .text          0x18004b18        0x4 C:/Program Files (x86)/Arm GNU Toolchain arm-none-eabi/13.3 rel1/bin/../lib/gcc/arm-none-eabi/13.3.1/thumb/v7-a+fp/hard\libgcc.a(_dvmd_tls.o)
                0x18004b18                __aeabi_idiv0
                0x18004b18                __aeabi_ldiv0
 *fill*         0x18004b1c       0x24 
 .text          0x18004b40       0xd8 C:/Program Files (x86)/Arm GNU Toolchain arm-none-eabi/13.3 rel1/bin/../lib/gcc/arm-none-eabi/13.3.1/thumb/v7-a+fp/hard\libc.a(libc_a-strlen.o)
                0x18004b40                strlen
 *(.text.*)
 .text._ZN7OnboardC2Ev
                0x18004c18      0x24c ./src/drivers/Onboard.o
                0x18004c18                Onboard::Onboard()
                0x18004c18                Onboard::Onboard()
 .text._ZN7Onboard6setLedEii
                0x18004e64       0x68 ./src/drivers/Onboard.o
                0x18004e64                Onboard::setLed(int, int)
 .text._ZN7Onboard6updateEv
                0x18004ecc       0xf4 ./src/drivers/Onboard.o
                0x18004ecc                Onboard::update()
 .text._ZN7Onboard2swEv
                0x18004fc0       0x5c ./src/drivers/Onboard.o
                0x18004fc0                Onboard::sw()
 .text._ZL9initOSTM0v
                0x1800501c      0x168 ./src/mcr_camera_2026base.o
 .text.ostm0_interrupt_callback
                0x18005184      0x1c0 ./src/mcr_camera_2026base.o
                0x18005184                ostm0_interrupt_callback
 .text.main     0x18005344       0x30 ./src/mcr_camera_2026base.o
                0x18005344                main
 .text.HardwareSetup
                0x18005374       0x18 ./generate/hwsetup.o
                0x18005374                HardwareSetup
 .text.INT_Excep_UndefinedInst
                0x1800538c       0x18 ./generate/inthandler.o
                0x1800538c                INT_Excep_UndefinedInst
 .text.INT_Excep_SWI
                0x180053a4       0x18 ./generate/inthandler.o
                0x180053a4                INT_Excep_SWI
 .text.INT_Excep_PREFETCH_ABORT
                0x180053bc       0x18 ./generate/inthandler.o
                0x180053bc                INT_Excep_PREFETCH_ABORT
 .text.INT_Excep_DATA_ABORT
                0x180053d4       0x18 ./generate/inthandler.o
                0x180053d4                INT_Excep_DATA_ABORT
 .text.INT_Excep_Reserved
                0x180053ec       0x18 ./generate/inthandler.o
                0x180053ec                INT_Excep_Reserved
 .text.INT_Excep_IRQ
                0x18005404       0x18 ./generate/inthandler.o
                0x18005404                INT_Excep_IRQ
 .text.INT_Excep_FIQ
                0x1800541c       0x18 ./generate/inthandler.o
                0x1800541c                INT_Excep_FIQ
 .text.INT_Excep_GIC0
                0x18005434       0x18 ./generate/inthandler.o
                0x18005434                INT_Excep_GIC0
 .text.INT_Excep_GIC1
                0x1800544c       0x18 ./generate/inthandler.o
                0x1800544c                INT_Excep_GIC1
 .text.INT_Excep_GIC2
                0x18005464       0x18 ./generate/inthandler.o
                0x18005464                INT_Excep_GIC2
 .text.INT_Excep_GIC3
                0x1800547c       0x18 ./generate/inthandler.o
                0x1800547c                INT_Excep_GIC3
 .text.INT_Excep_GIC4
                0x18005494       0x18 ./generate/inthandler.o
                0x18005494                INT_Excep_GIC4
 .text.INT_Excep_GIC5
                0x180054ac       0x18 ./generate/inthandler.o
                0x180054ac                INT_Excep_GIC5
 .text.INT_Excep_GIC6
                0x180054c4       0x18 ./generate/inthandler.o
                0x180054c4                INT_Excep_GIC6
 .text.INT_Excep_GIC7
                0x180054dc       0x18 ./generate/inthandler.o
                0x180054dc                INT_Excep_GIC7
 .text.INT_Excep_GIC8
                0x180054f4       0x18 ./generate/inthandler.o
                0x180054f4                INT_Excep_GIC8
 .text.INT_Excep_GIC9
                0x1800550c       0x18 ./generate/inthandler.o
                0x1800550c                INT_Excep_GIC9
 .text.INT_Excep_GIC10
                0x18005524       0x18 ./generate/inthandler.o
                0x18005524                INT_Excep_GIC10
 .text.INT_Excep_GIC11
                0x1800553c       0x18 ./generate/inthandler.o
                0x1800553c                INT_Excep_GIC11
 .text.INT_Excep_GIC12
                0x18005554       0x18 ./generate/inthandler.o
                0x18005554                INT_Excep_GIC12
 .text.INT_Excep_GIC13
                0x1800556c       0x18 ./generate/inthandler.o
                0x1800556c                INT_Excep_GIC13
 .text.INT_Excep_GIC14
                0x18005584       0x18 ./generate/inthandler.o
                0x18005584                INT_Excep_GIC14
 .text.INT_Excep_GIC15
                0x1800559c       0x18 ./generate/inthandler.o
                0x1800559c                INT_Excep_GIC15
 .text.INT_Excep_CPU_PMUIRQ0
                0x180055b4       0x18 ./generate/inthandler.o
                0x180055b4                INT_Excep_CPU_PMUIRQ0
 .text.INT_Excep_CPU_COMMRX0
                0x180055cc       0x18 ./generate/inthandler.o
                0x180055cc                INT_Excep_CPU_COMMRX0
 .text.INT_Excep_CPU_COMMTX0
                0x180055e4       0x18 ./generate/inthandler.o
                0x180055e4                INT_Excep_CPU_COMMTX0
 .text.INT_Excep_CPU_CTIIRQ0
                0x180055fc       0x18 ./generate/inthandler.o
                0x180055fc                INT_Excep_CPU_CTIIRQ0
 .text.INT_Excep_IRQ0
                0x18005614       0x18 ./generate/inthandler.o
                0x18005614                INT_Excep_IRQ0
 .text.INT_Excep_IRQ1
                0x1800562c       0x18 ./generate/inthandler.o
                0x1800562c                INT_Excep_IRQ1
 .text.INT_Excep_IRQ2
                0x18005644       0x18 ./generate/inthandler.o
                0x18005644                INT_Excep_IRQ2
 .text.INT_Excep_IRQ3
                0x1800565c       0x18 ./generate/inthandler.o
                0x1800565c                INT_Excep_IRQ3
 .text.INT_Excep_IRQ4
                0x18005674       0x18 ./generate/inthandler.o
                0x18005674                INT_Excep_IRQ4
 .text.INT_Excep_IRQ5
                0x1800568c       0x18 ./generate/inthandler.o
                0x1800568c                INT_Excep_IRQ5
 .text.INT_Excep_IRQ6
                0x180056a4       0x18 ./generate/inthandler.o
                0x180056a4                INT_Excep_IRQ6
 .text.INT_Excep_IRQ7
                0x180056bc       0x18 ./generate/inthandler.o
                0x180056bc                INT_Excep_IRQ7
 .text.INT_Excep_PL310ERR
                0x180056d4       0x18 ./generate/inthandler.o
                0x180056d4                INT_Excep_PL310ERR
 .text.INT_Excep_DMAINT0
                0x180056ec       0x18 ./generate/inthandler.o
                0x180056ec                INT_Excep_DMAINT0
 .text.INT_Excep_DMAINT1
                0x18005704       0x18 ./generate/inthandler.o
                0x18005704                INT_Excep_DMAINT1
 .text.INT_Excep_DMAINT2
                0x1800571c       0x18 ./generate/inthandler.o
                0x1800571c                INT_Excep_DMAINT2
 .text.INT_Excep_DMAINT3
                0x18005734       0x18 ./generate/inthandler.o
                0x18005734                INT_Excep_DMAINT3
 .text.INT_Excep_DMAINT4
                0x1800574c       0x18 ./generate/inthandler.o
                0x1800574c                INT_Excep_DMAINT4
 .text.INT_Excep_DMAINT5
                0x18005764       0x18 ./generate/inthandler.o
                0x18005764                INT_Excep_DMAINT5
 .text.INT_Excep_DMAINT6
                0x1800577c       0x18 ./generate/inthandler.o
                0x1800577c                INT_Excep_DMAINT6
 .text.INT_Excep_DMAINT7
                0x18005794       0x18 ./generate/inthandler.o
                0x18005794                INT_Excep_DMAINT7
 .text.INT_Excep_DMAINT8
                0x180057ac       0x18 ./generate/inthandler.o
                0x180057ac                INT_Excep_DMAINT8
 .text.INT_Excep_DMAINT9
                0x180057c4       0x18 ./generate/inthandler.o
                0x180057c4                INT_Excep_DMAINT9
 .text.INT_Excep_DMAINT10
                0x180057dc       0x18 ./generate/inthandler.o
                0x180057dc                INT_Excep_DMAINT10
 .text.INT_Excep_DMAINT11
                0x180057f4       0x18 ./generate/inthandler.o
                0x180057f4                INT_Excep_DMAINT11
 .text.INT_Excep_DMAINT12
                0x1800580c       0x18 ./generate/inthandler.o
                0x1800580c                INT_Excep_DMAINT12
 .text.INT_Excep_DMAINT13
                0x18005824       0x18 ./generate/inthandler.o
                0x18005824                INT_Excep_DMAINT13
 .text.INT_Excep_DMAINT14
                0x1800583c       0x18 ./generate/inthandler.o
                0x1800583c                INT_Excep_DMAINT14
 .text.INT_Excep_DMAINT15
                0x18005854       0x18 ./generate/inthandler.o
                0x18005854                INT_Excep_DMAINT15
 .text.INT_Excep_DMAERR
                0x1800586c       0x18 ./generate/inthandler.o
                0x1800586c                INT_Excep_DMAERR
 .text.INT_Excep_USBI0
                0x18005884       0x18 ./generate/inthandler.o
                0x18005884                INT_Excep_USBI0
 .text.INT_Excep_USBI1
                0x1800589c       0x18 ./generate/inthandler.o
                0x1800589c                INT_Excep_USBI1
 .text.INT_Excep_S0_VI_VSYNC0
                0x180058b4       0x18 ./generate/inthandler.o
                0x180058b4                INT_Excep_S0_VI_VSYNC0
 .text.INT_Excep_S0_LO_VSYNC0
                0x180058cc       0x18 ./generate/inthandler.o
                0x180058cc                INT_Excep_S0_LO_VSYNC0
 .text.INT_Excep_S0_VSYNCERR0
                0x180058e4       0x18 ./generate/inthandler.o
                0x180058e4                INT_Excep_S0_VSYNCERR0
 .text.INT_Excep_GR3_VLINE0
                0x180058fc       0x18 ./generate/inthandler.o
                0x180058fc                INT_Excep_GR3_VLINE0
 .text.INT_Excep_S0_VFIELD0
                0x18005914       0x18 ./generate/inthandler.o
                0x18005914                INT_Excep_S0_VFIELD0
 .text.INT_Excep_IV1_VBUFERR0
                0x1800592c       0x18 ./generate/inthandler.o
                0x1800592c                INT_Excep_IV1_VBUFERR0
 .text.INT_Excep_IV3_VBUFERR0
                0x18005944       0x18 ./generate/inthandler.o
                0x18005944                INT_Excep_IV3_VBUFERR0
 .text.INT_Excep_IV5_VBUFERR0
                0x1800595c       0x18 ./generate/inthandler.o
                0x1800595c                INT_Excep_IV5_VBUFERR0
 .text.INT_Excep_IV6_VBUFERR0
                0x18005974       0x18 ./generate/inthandler.o
                0x18005974                INT_Excep_IV6_VBUFERR0
 .text.INT_Excep_S0_WLINE0
                0x1800598c       0x18 ./generate/inthandler.o
                0x1800598c                INT_Excep_S0_WLINE0
 .text.INT_Excep_S1_VI_VSYNC0
                0x180059a4       0x18 ./generate/inthandler.o
                0x180059a4                INT_Excep_S1_VI_VSYNC0
 .text.INT_Excep_S1_LO_VSYNC0
                0x180059bc       0x18 ./generate/inthandler.o
                0x180059bc                INT_Excep_S1_LO_VSYNC0
 .text.INT_Excep_S1_VSYNCERR0
                0x180059d4       0x18 ./generate/inthandler.o
                0x180059d4                INT_Excep_S1_VSYNCERR0
 .text.INT_Excep_S1_VFIELD0
                0x180059ec       0x18 ./generate/inthandler.o
                0x180059ec                INT_Excep_S1_VFIELD0
 .text.INT_Excep_IV2_VBUFERR0
                0x18005a04       0x18 ./generate/inthandler.o
                0x18005a04                INT_Excep_IV2_VBUFERR0
 .text.INT_Excep_IV4_VBUFERR0
                0x18005a1c       0x18 ./generate/inthandler.o
                0x18005a1c                INT_Excep_IV4_VBUFERR0
 .text.INT_Excep_S1_WLINE0
                0x18005a34       0x18 ./generate/inthandler.o
                0x18005a34                INT_Excep_S1_WLINE0
 .text.INT_Excep_OIR_VI_VSYNC0
                0x18005a4c       0x18 ./generate/inthandler.o
                0x18005a4c                INT_Excep_OIR_VI_VSYNC0
 .text.INT_Excep_OIR_LO_VSYNC0
                0x18005a64       0x18 ./generate/inthandler.o
                0x18005a64                INT_Excep_OIR_LO_VSYNC0
 .text.INT_Excep_OIR_VSYNCERR0
                0x18005a7c       0x18 ./generate/inthandler.o
                0x18005a7c                INT_Excep_OIR_VSYNCERR0
 .text.INT_Excep_OIR_VFIELD0
                0x18005a94       0x18 ./generate/inthandler.o
                0x18005a94                INT_Excep_OIR_VFIELD0
 .text.INT_Excep_IV7_VBUFERR0
                0x18005aac       0x18 ./generate/inthandler.o
                0x18005aac                INT_Excep_IV7_VBUFERR0
 .text.INT_Excep_V8_VBUFERR0
                0x18005ac4       0x18 ./generate/inthandler.o
                0x18005ac4                INT_Excep_V8_VBUFERR0
 .text.INT_Excep_OIR_WLINE0
                0x18005adc       0x18 ./generate/inthandler.o
                0x18005adc                INT_Excep_OIR_WLINE0
 .text.INT_Excep_S0_VI_VSYNC1
                0x18005af4       0x18 ./generate/inthandler.o
                0x18005af4                INT_Excep_S0_VI_VSYNC1
 .text.INT_Excep_S0_LO_VSYNC1
                0x18005b0c       0x18 ./generate/inthandler.o
                0x18005b0c                INT_Excep_S0_LO_VSYNC1
 .text.INT_Excep_S0_VSYNCERR1
                0x18005b24       0x18 ./generate/inthandler.o
                0x18005b24                INT_Excep_S0_VSYNCERR1
 .text.INT_Excep_GR3_VLINE1
                0x18005b3c       0x18 ./generate/inthandler.o
                0x18005b3c                INT_Excep_GR3_VLINE1
 .text.INT_Excep_S0_VFIELD1
                0x18005b54       0x18 ./generate/inthandler.o
                0x18005b54                INT_Excep_S0_VFIELD1
 .text.INT_Excep_IV1_VBUFERR1
                0x18005b6c       0x18 ./generate/inthandler.o
                0x18005b6c                INT_Excep_IV1_VBUFERR1
 .text.INT_Excep_IV3_VBUFERR1
                0x18005b84       0x18 ./generate/inthandler.o
                0x18005b84                INT_Excep_IV3_VBUFERR1
 .text.INT_Excep_IV5_VBUFERR1
                0x18005b9c       0x18 ./generate/inthandler.o
                0x18005b9c                INT_Excep_IV5_VBUFERR1
 .text.INT_Excep_IV6_VBUFERR1
                0x18005bb4       0x18 ./generate/inthandler.o
                0x18005bb4                INT_Excep_IV6_VBUFERR1
 .text.INT_Excep_S0_WLINE1
                0x18005bcc       0x18 ./generate/inthandler.o
                0x18005bcc                INT_Excep_S0_WLINE1
 .text.INT_Excep_S1_VI_VSYNC1
                0x18005be4       0x18 ./generate/inthandler.o
                0x18005be4                INT_Excep_S1_VI_VSYNC1
 .text.INT_Excep_S1_LO_VSYNC1
                0x18005bfc       0x18 ./generate/inthandler.o
                0x18005bfc                INT_Excep_S1_LO_VSYNC1
 .text.INT_Excep_S1_VSYNCERR1
                0x18005c14       0x18 ./generate/inthandler.o
                0x18005c14                INT_Excep_S1_VSYNCERR1
 .text.INT_Excep_S1_VFIELD1
                0x18005c2c       0x18 ./generate/inthandler.o
                0x18005c2c                INT_Excep_S1_VFIELD1
 .text.INT_Excep_IV2_VBUFERR1
                0x18005c44       0x18 ./generate/inthandler.o
                0x18005c44                INT_Excep_IV2_VBUFERR1
 .text.INT_Excep_IV4_VBUFERR1
                0x18005c5c       0x18 ./generate/inthandler.o
                0x18005c5c                INT_Excep_IV4_VBUFERR1
 .text.INT_Excep_S1_WLINE1
                0x18005c74       0x18 ./generate/inthandler.o
                0x18005c74                INT_Excep_S1_WLINE1
 .text.INT_Excep_OIR_VI_VSYNC1
                0x18005c8c       0x18 ./generate/inthandler.o
                0x18005c8c                INT_Excep_OIR_VI_VSYNC1
 .text.INT_Excep_OIR_LO_VSYNC1
                0x18005ca4       0x18 ./generate/inthandler.o
                0x18005ca4                INT_Excep_OIR_LO_VSYNC1
 .text.INT_Excep_OIR_VLINE1
                0x18005cbc       0x18 ./generate/inthandler.o
                0x18005cbc                INT_Excep_OIR_VLINE1
 .text.INT_Excep_OIR_VFIELD1
                0x18005cd4       0x18 ./generate/inthandler.o
                0x18005cd4                INT_Excep_OIR_VFIELD1
 .text.INT_Excep_IV7_VBUFERR1
                0x18005cec       0x18 ./generate/inthandler.o
                0x18005cec                INT_Excep_IV7_VBUFERR1
 .text.INT_Excep_IV8_VBUFERR1
                0x18005d04       0x18 ./generate/inthandler.o
                0x18005d04                INT_Excep_IV8_VBUFERR1
 .text.INT_Excep_OIR_WLINE1
                0x18005d1c       0x18 ./generate/inthandler.o
                0x18005d1c                INT_Excep_OIR_WLINE1
 .text.INT_Excep_IMRDI
                0x18005d34       0x18 ./generate/inthandler.o
                0x18005d34                INT_Excep_IMRDI
 .text.INT_Excep_IMR2I0
                0x18005d4c       0x18 ./generate/inthandler.o
                0x18005d4c                INT_Excep_IMR2I0
 .text.INT_Excep_IMR2I1
                0x18005d64       0x18 ./generate/inthandler.o
                0x18005d64                INT_Excep_IMR2I1
 .text.INT_Excep_JEDI
                0x18005d7c       0x18 ./generate/inthandler.o
                0x18005d7c                INT_Excep_JEDI
 .text.INT_Excep_JDTI
                0x18005d94       0x18 ./generate/inthandler.o
                0x18005d94                INT_Excep_JDTI
 .text.INT_Excep_CMP0
                0x18005dac       0x18 ./generate/inthandler.o
                0x18005dac                INT_Excep_CMP0
 .text.INT_Excep_CMP1
                0x18005dc4       0x18 ./generate/inthandler.o
                0x18005dc4                INT_Excep_CMP1
 .text.INT_Excep_INT0
                0x18005ddc       0x18 ./generate/inthandler.o
                0x18005ddc                INT_Excep_INT0
 .text.INT_Excep_INT1
                0x18005df4       0x18 ./generate/inthandler.o
                0x18005df4                INT_Excep_INT1
 .text.INT_Excep_INT2
                0x18005e0c       0x18 ./generate/inthandler.o
                0x18005e0c                INT_Excep_INT2
 .text.INT_Excep_INT3
                0x18005e24       0x18 ./generate/inthandler.o
                0x18005e24                INT_Excep_INT3
 .text.INT_Excep_OSTMI0
                0x18005e3c       0x1c ./generate/inthandler.o
                0x18005e3c                INT_Excep_OSTMI0
 .text.INT_Excep_OSTMI1
                0x18005e58       0x18 ./generate/inthandler.o
                0x18005e58                INT_Excep_OSTMI1
 .text.INT_Excep_CMI
                0x18005e70       0x18 ./generate/inthandler.o
                0x18005e70                INT_Excep_CMI
 .text.INT_Excep_WTOUT
                0x18005e88       0x18 ./generate/inthandler.o
                0x18005e88                INT_Excep_WTOUT
 .text.INT_Excep_ITI
                0x18005ea0       0x18 ./generate/inthandler.o
                0x18005ea0                INT_Excep_ITI
 .text.INT_Excep_TGI0A
                0x18005eb8       0x18 ./generate/inthandler.o
                0x18005eb8                INT_Excep_TGI0A
 .text.INT_Excep_TGI0B
                0x18005ed0       0x18 ./generate/inthandler.o
                0x18005ed0                INT_Excep_TGI0B
 .text.INT_Excep_TGI0C
                0x18005ee8       0x18 ./generate/inthandler.o
                0x18005ee8                INT_Excep_TGI0C
 .text.INT_Excep_TGI0D
                0x18005f00       0x18 ./generate/inthandler.o
                0x18005f00                INT_Excep_TGI0D
 .text.INT_Excep_TGI0V
                0x18005f18       0x18 ./generate/inthandler.o
                0x18005f18                INT_Excep_TGI0V
 .text.INT_Excep_TGI0E
                0x18005f30       0x18 ./generate/inthandler.o
                0x18005f30                INT_Excep_TGI0E
 .text.INT_Excep_TGI0F
                0x18005f48       0x18 ./generate/inthandler.o
                0x18005f48                INT_Excep_TGI0F
 .text.INT_Excep_TGI1A
                0x18005f60       0x18 ./generate/inthandler.o
                0x18005f60                INT_Excep_TGI1A
 .text.INT_Excep_TGI1B
                0x18005f78       0x18 ./generate/inthandler.o
                0x18005f78                INT_Excep_TGI1B
 .text.INT_Excep_TGI1V
                0x18005f90       0x18 ./generate/inthandler.o
                0x18005f90                INT_Excep_TGI1V
 .text.INT_Excep_TGI1U
                0x18005fa8       0x18 ./generate/inthandler.o
                0x18005fa8                INT_Excep_TGI1U
 .text.INT_Excep_TGI2A
                0x18005fc0       0x18 ./generate/inthandler.o
                0x18005fc0                INT_Excep_TGI2A
 .text.INT_Excep_TGI2B
                0x18005fd8       0x18 ./generate/inthandler.o
                0x18005fd8                INT_Excep_TGI2B
 .text.INT_Excep_TGI2V
                0x18005ff0       0x18 ./generate/inthandler.o
                0x18005ff0                INT_Excep_TGI2V
 .text.INT_Excep_TGI2U
                0x18006008       0x18 ./generate/inthandler.o
                0x18006008                INT_Excep_TGI2U
 .text.INT_Excep_TGI3A
                0x18006020       0x18 ./generate/inthandler.o
                0x18006020                INT_Excep_TGI3A
 .text.INT_Excep_TGI3B
                0x18006038       0x18 ./generate/inthandler.o
                0x18006038                INT_Excep_TGI3B
 .text.INT_Excep_TGI3C
                0x18006050       0x18 ./generate/inthandler.o
                0x18006050                INT_Excep_TGI3C
 .text.INT_Excep_TGI3D
                0x18006068       0x18 ./generate/inthandler.o
                0x18006068                INT_Excep_TGI3D
 .text.INT_Excep_TGI3V
                0x18006080       0x18 ./generate/inthandler.o
                0x18006080                INT_Excep_TGI3V
 .text.INT_Excep_TGI4A
                0x18006098       0x18 ./generate/inthandler.o
                0x18006098                INT_Excep_TGI4A
 .text.INT_Excep_TGI4B
                0x180060b0       0x18 ./generate/inthandler.o
                0x180060b0                INT_Excep_TGI4B
 .text.INT_Excep_TGI4C
                0x180060c8       0x18 ./generate/inthandler.o
                0x180060c8                INT_Excep_TGI4C
 .text.INT_Excep_TGI4D
                0x180060e0       0x18 ./generate/inthandler.o
                0x180060e0                INT_Excep_TGI4D
 .text.INT_Excep_TGI4V
                0x180060f8       0x18 ./generate/inthandler.o
                0x180060f8                INT_Excep_TGI4V
 .text.INT_Excep_CMI1
                0x18006110       0x18 ./generate/inthandler.o
                0x18006110                INT_Excep_CMI1
 .text.INT_Excep_CMI2
                0x18006128       0x18 ./generate/inthandler.o
                0x18006128                INT_Excep_CMI2
 .text.INT_Excep_SGDEI0
                0x18006140       0x18 ./generate/inthandler.o
                0x18006140                INT_Excep_SGDEI0
 .text.INT_Excep_SGDEI1
                0x18006158       0x18 ./generate/inthandler.o
                0x18006158                INT_Excep_SGDEI1
 .text.INT_Excep_SGDEI2
                0x18006170       0x18 ./generate/inthandler.o
                0x18006170                INT_Excep_SGDEI2
 .text.INT_Excep_SGDEI3
                0x18006188       0x18 ./generate/inthandler.o
                0x18006188                INT_Excep_SGDEI3
 .text.INT_Excep_ADI
                0x180061a0       0x18 ./generate/inthandler.o
                0x180061a0                INT_Excep_ADI
 .text.INT_Excep_ADWAR
                0x180061b8       0x18 ./generate/inthandler.o
                0x180061b8                INT_Excep_ADWAR
 .text.INT_Excep_SSII0
                0x180061d0       0x18 ./generate/inthandler.o
                0x180061d0                INT_Excep_SSII0
 .text.INT_Excep_SSIRXI0
                0x180061e8       0x18 ./generate/inthandler.o
                0x180061e8                INT_Excep_SSIRXI0
 .text.INT_Excep_SSITXI0
                0x18006200       0x18 ./generate/inthandler.o
                0x18006200                INT_Excep_SSITXI0
 .text.INT_Excep_SSII1
                0x18006218       0x18 ./generate/inthandler.o
                0x18006218                INT_Excep_SSII1
 .text.INT_Excep_SSIRXI1
                0x18006230       0x18 ./generate/inthandler.o
                0x18006230                INT_Excep_SSIRXI1
 .text.INT_Excep_SSITXI1
                0x18006248       0x18 ./generate/inthandler.o
                0x18006248                INT_Excep_SSITXI1
 .text.INT_Excep_SSII2
                0x18006260       0x18 ./generate/inthandler.o
                0x18006260                INT_Excep_SSII2
 .text.INT_Excep_SSIRTI2
                0x18006278       0x18 ./generate/inthandler.o
                0x18006278                INT_Excep_SSIRTI2
 .text.INT_Excep_SSII3
                0x18006290       0x18 ./generate/inthandler.o
                0x18006290                INT_Excep_SSII3
 .text.INT_Excep_SSIRXI3
                0x180062a8       0x18 ./generate/inthandler.o
                0x180062a8                INT_Excep_SSIRXI3
 .text.INT_Excep_SSITXI3
                0x180062c0       0x18 ./generate/inthandler.o
                0x180062c0                INT_Excep_SSITXI3
 .text.INT_Excep_SSII4
                0x180062d8       0x18 ./generate/inthandler.o
                0x180062d8                INT_Excep_SSII4
 .text.INT_Excep_SSIRTI4
                0x180062f0       0x18 ./generate/inthandler.o
                0x180062f0                INT_Excep_SSIRTI4
 .text.INT_Excep_SSII5
                0x18006308       0x18 ./generate/inthandler.o
                0x18006308                INT_Excep_SSII5
 .text.INT_Excep_SSIRXI5
                0x18006320       0x18 ./generate/inthandler.o
                0x18006320                INT_Excep_SSIRXI5
 .text.INT_Excep_SSITXI5
                0x18006338       0x18 ./generate/inthandler.o
                0x18006338                INT_Excep_SSITXI5
 .text.INT_Excep_SPDIFI
                0x18006350       0x18 ./generate/inthandler.o
                0x18006350                INT_Excep_SPDIFI
 .text.INT_Excep_I2C_TEI0
                0x18006368       0x18 ./generate/inthandler.o
                0x18006368                INT_Excep_I2C_TEI0
 .text.INT_Excep_RI0
                0x18006380       0x18 ./generate/inthandler.o
                0x18006380                INT_Excep_RI0
 .text.INT_Excep_TI0
                0x18006398       0x18 ./generate/inthandler.o
                0x18006398                INT_Excep_TI0
 .text.INT_Excep_SPI0
                0x180063b0       0x18 ./generate/inthandler.o
                0x180063b0                INT_Excep_SPI0
 .text.INT_Excep_STI0
                0x180063c8       0x18 ./generate/inthandler.o
                0x180063c8                INT_Excep_STI0
 .text.INT_Excep_NAKI0
                0x180063e0       0x18 ./generate/inthandler.o
                0x180063e0                INT_Excep_NAKI0
 .text.INT_Excep_ALI0
                0x180063f8       0x18 ./generate/inthandler.o
                0x180063f8                INT_Excep_ALI0
 .text.INT_Excep_TMOI0
                0x18006410       0x18 ./generate/inthandler.o
                0x18006410                INT_Excep_TMOI0
 .text.INT_Excep_I2C_TEI1
                0x18006428       0x18 ./generate/inthandler.o
                0x18006428                INT_Excep_I2C_TEI1
 .text.INT_Excep_RI1
                0x18006440       0x18 ./generate/inthandler.o
                0x18006440                INT_Excep_RI1
 .text.INT_Excep_TI1
                0x18006458       0x18 ./generate/inthandler.o
                0x18006458                INT_Excep_TI1
 .text.INT_Excep_SPI1
                0x18006470       0x18 ./generate/inthandler.o
                0x18006470                INT_Excep_SPI1
 .text.INT_Excep_STI1
                0x18006488       0x18 ./generate/inthandler.o
                0x18006488                INT_Excep_STI1
 .text.INT_Excep_NAKI1
                0x180064a0       0x18 ./generate/inthandler.o
                0x180064a0                INT_Excep_NAKI1
 .text.INT_Excep_ALI1
                0x180064b8       0x18 ./generate/inthandler.o
                0x180064b8                INT_Excep_ALI1
 .text.INT_Excep_TMOI1
                0x180064d0       0x18 ./generate/inthandler.o
                0x180064d0                INT_Excep_TMOI1
 .text.INT_Excep_TEI2
                0x180064e8       0x18 ./generate/inthandler.o
                0x180064e8                INT_Excep_TEI2
 .text.INT_Excep_RI2
                0x18006500       0x18 ./generate/inthandler.o
                0x18006500                INT_Excep_RI2
 .text.INT_Excep_TI2
                0x18006518       0x18 ./generate/inthandler.o
                0x18006518                INT_Excep_TI2
 .text.INT_Excep_SPI2
                0x18006530       0x18 ./generate/inthandler.o
                0x18006530                INT_Excep_SPI2
 .text.INT_Excep_STI2
                0x18006548       0x18 ./generate/inthandler.o
                0x18006548                INT_Excep_STI2
 .text.INT_Excep_NAKI2
                0x18006560       0x18 ./generate/inthandler.o
                0x18006560                INT_Excep_NAKI2
 .text.INT_Excep_ALI2
                0x18006578       0x18 ./generate/inthandler.o
                0x18006578                INT_Excep_ALI2
 .text.INT_Excep_TMOI2
                0x18006590       0x18 ./generate/inthandler.o
                0x18006590                INT_Excep_TMOI2
 .text.INT_Excep_TEI3
                0x180065a8       0x18 ./generate/inthandler.o
                0x180065a8                INT_Excep_TEI3
 .text.INT_Excep_RI3
                0x180065c0       0x18 ./generate/inthandler.o
                0x180065c0                INT_Excep_RI3
 .text.INT_Excep_TI3
                0x180065d8       0x18 ./generate/inthandler.o
                0x180065d8                INT_Excep_TI3
 .text.INT_Excep_SPI3
                0x180065f0       0x18 ./generate/inthandler.o
                0x180065f0                INT_Excep_SPI3
 .text.INT_Excep_STI3
                0x18006608       0x18 ./generate/inthandler.o
                0x18006608                INT_Excep_STI3
 .text.INT_Excep_NAKI3
                0x18006620       0x18 ./generate/inthandler.o
                0x18006620                INT_Excep_NAKI3
 .text.INT_Excep_ALI3
                0x18006638       0x18 ./generate/inthandler.o
                0x18006638                INT_Excep_ALI3
 .text.INT_Excep_TMOI3
                0x18006650       0x18 ./generate/inthandler.o
                0x18006650                INT_Excep_TMOI3
 .text.INT_Excep_FIFO_BRI0
                0x18006668       0x18 ./generate/inthandler.o
                0x18006668                INT_Excep_FIFO_BRI0
 .text.INT_Excep_FIFO_ERI0
                0x18006680       0x18 ./generate/inthandler.o
                0x18006680                INT_Excep_FIFO_ERI0
 .text.INT_Excep_FIFO_RXI0
                0x18006698       0x18 ./generate/inthandler.o
                0x18006698                INT_Excep_FIFO_RXI0
 .text.INT_Excep_FIFO_TXI0
                0x180066b0       0x18 ./generate/inthandler.o
                0x180066b0                INT_Excep_FIFO_TXI0
 .text.INT_Excep_FIFO_BRI1
                0x180066c8       0x18 ./generate/inthandler.o
                0x180066c8                INT_Excep_FIFO_BRI1
 .text.INT_Excep_FIFO_ERI1
                0x180066e0       0x18 ./generate/inthandler.o
                0x180066e0                INT_Excep_FIFO_ERI1
 .text.INT_Excep_FIFO_RXI1
                0x180066f8       0x18 ./generate/inthandler.o
                0x180066f8                INT_Excep_FIFO_RXI1
 .text.INT_Excep_FIFO_TXI1
                0x18006710       0x18 ./generate/inthandler.o
                0x18006710                INT_Excep_FIFO_TXI1
 .text.INT_Excep_BRI2
                0x18006728       0x18 ./generate/inthandler.o
                0x18006728                INT_Excep_BRI2
 .text.INT_Excep_ERI2
                0x18006740       0x18 ./generate/inthandler.o
                0x18006740                INT_Excep_ERI2
 .text.INT_Excep_RXI2
                0x18006758       0x18 ./generate/inthandler.o
                0x18006758                INT_Excep_RXI2
 .text.INT_Excep_TXI2
                0x18006770       0x18 ./generate/inthandler.o
                0x18006770                INT_Excep_TXI2
 .text.INT_Excep_BRI3
                0x18006788       0x18 ./generate/inthandler.o
                0x18006788                INT_Excep_BRI3
 .text.INT_Excep_ERI3
                0x180067a0       0x18 ./generate/inthandler.o
                0x180067a0                INT_Excep_ERI3
 .text.INT_Excep_RXI3
                0x180067b8       0x18 ./generate/inthandler.o
                0x180067b8                INT_Excep_RXI3
 .text.INT_Excep_TXI3
                0x180067d0       0x18 ./generate/inthandler.o
                0x180067d0                INT_Excep_TXI3
 .text.INT_Excep_BRI4
                0x180067e8       0x18 ./generate/inthandler.o
                0x180067e8                INT_Excep_BRI4
 .text.INT_Excep_ERI4
                0x18006800       0x18 ./generate/inthandler.o
                0x18006800                INT_Excep_ERI4
 .text.INT_Excep_RXI4
                0x18006818       0x18 ./generate/inthandler.o
                0x18006818                INT_Excep_RXI4
 .text.INT_Excep_TXI4
                0x18006830       0x18 ./generate/inthandler.o
                0x18006830                INT_Excep_TXI4
 .text.INT_Excep_BRI5
                0x18006848       0x18 ./generate/inthandler.o
                0x18006848                INT_Excep_BRI5
 .text.INT_Excep_ERI5
                0x18006860       0x18 ./generate/inthandler.o
                0x18006860                INT_Excep_ERI5
 .text.INT_Excep_RXI5
                0x18006878       0x18 ./generate/inthandler.o
                0x18006878                INT_Excep_RXI5
 .text.INT_Excep_TXI5
                0x18006890       0x18 ./generate/inthandler.o
                0x18006890                INT_Excep_TXI5
 .text.INT_Excep_BRI6
                0x180068a8       0x18 ./generate/inthandler.o
                0x180068a8                INT_Excep_BRI6
 .text.INT_Excep_ERI6
                0x180068c0       0x18 ./generate/inthandler.o
                0x180068c0                INT_Excep_ERI6
 .text.INT_Excep_RXI6
                0x180068d8       0x18 ./generate/inthandler.o
                0x180068d8                INT_Excep_RXI6
 .text.INT_Excep_TXI6
                0x180068f0       0x18 ./generate/inthandler.o
                0x180068f0                INT_Excep_TXI6
 .text.INT_Excep_BRI7
                0x18006908       0x18 ./generate/inthandler.o
                0x18006908                INT_Excep_BRI7
 .text.INT_Excep_ERI7
                0x18006920       0x18 ./generate/inthandler.o
                0x18006920                INT_Excep_ERI7
 .text.INT_Excep_RXI7
                0x18006938       0x18 ./generate/inthandler.o
                0x18006938                INT_Excep_RXI7
 .text.INT_Excep_TXI7
                0x18006950       0x18 ./generate/inthandler.o
                0x18006950                INT_Excep_TXI7
 .text.INT_Excep_GERI
                0x18006968       0x18 ./generate/inthandler.o
                0x18006968                INT_Excep_GERI
 .text.INT_Excep_RFI
                0x18006980       0x18 ./generate/inthandler.o
                0x18006980                INT_Excep_RFI
 .text.INT_Excep_CFRXI0
                0x18006998       0x18 ./generate/inthandler.o
                0x18006998                INT_Excep_CFRXI0
 .text.INT_Excep_CERI0
                0x180069b0       0x18 ./generate/inthandler.o
                0x180069b0                INT_Excep_CERI0
 .text.INT_Excep_CTXI0
                0x180069c8       0x18 ./generate/inthandler.o
                0x180069c8                INT_Excep_CTXI0
 .text.INT_Excep_CFRXI1
                0x180069e0       0x18 ./generate/inthandler.o
                0x180069e0                INT_Excep_CFRXI1
 .text.INT_Excep_CERI1
                0x180069f8       0x18 ./generate/inthandler.o
                0x180069f8                INT_Excep_CERI1
 .text.INT_Excep_CTXI1
                0x18006a10       0x18 ./generate/inthandler.o
                0x18006a10                INT_Excep_CTXI1
 .text.INT_Excep_CFRXI2
                0x18006a28       0x18 ./generate/inthandler.o
                0x18006a28                INT_Excep_CFRXI2
 .text.INT_Excep_CERI2
                0x18006a40       0x18 ./generate/inthandler.o
                0x18006a40                INT_Excep_CERI2
 .text.INT_Excep_CTXI2
                0x18006a58       0x18 ./generate/inthandler.o
                0x18006a58                INT_Excep_CTXI2
 .text.INT_Excep_CFRXI3
                0x18006a70       0x18 ./generate/inthandler.o
                0x18006a70                INT_Excep_CFRXI3
 .text.INT_Excep_CERI3
                0x18006a88       0x18 ./generate/inthandler.o
                0x18006a88                INT_Excep_CERI3
 .text.INT_Excep_CTXI3
                0x18006aa0       0x18 ./generate/inthandler.o
                0x18006aa0                INT_Excep_CTXI3
 .text.INT_Excep_CFRXI4
                0x18006ab8       0x18 ./generate/inthandler.o
                0x18006ab8                INT_Excep_CFRXI4
 .text.INT_Excep_CERI4
                0x18006ad0       0x18 ./generate/inthandler.o
                0x18006ad0                INT_Excep_CERI4
 .text.INT_Excep_CTXI4
                0x18006ae8       0x18 ./generate/inthandler.o
                0x18006ae8                INT_Excep_CTXI4
 .text.INT_Excep_SPEI0
                0x18006b00       0x18 ./generate/inthandler.o
                0x18006b00                INT_Excep_SPEI0
 .text.INT_Excep_SPRI0
                0x18006b18       0x18 ./generate/inthandler.o
                0x18006b18                INT_Excep_SPRI0
 .text.INT_Excep_SPTI0
                0x18006b30       0x18 ./generate/inthandler.o
                0x18006b30                INT_Excep_SPTI0
 .text.INT_Excep_SPEI1
                0x18006b48       0x18 ./generate/inthandler.o
                0x18006b48                INT_Excep_SPEI1
 .text.INT_Excep_SPRI1
                0x18006b60       0x18 ./generate/inthandler.o
                0x18006b60                INT_Excep_SPRI1
 .text.INT_Excep_SPTI1
                0x18006b78       0x18 ./generate/inthandler.o
                0x18006b78                INT_Excep_SPTI1
 .text.INT_Excep_SPEI2
                0x18006b90       0x18 ./generate/inthandler.o
                0x18006b90                INT_Excep_SPEI2
 .text.INT_Excep_SPRI2
                0x18006ba8       0x18 ./generate/inthandler.o
                0x18006ba8                INT_Excep_SPRI2
 .text.INT_Excep_SPTI2
                0x18006bc0       0x18 ./generate/inthandler.o
                0x18006bc0                INT_Excep_SPTI2
 .text.INT_Excep_SPEI3
                0x18006bd8       0x18 ./generate/inthandler.o
                0x18006bd8                INT_Excep_SPEI3
 .text.INT_Excep_SPRI3
                0x18006bf0       0x18 ./generate/inthandler.o
                0x18006bf0                INT_Excep_SPRI3
 .text.INT_Excep_SPTI3
                0x18006c08       0x18 ./generate/inthandler.o
                0x18006c08                INT_Excep_SPTI3
 .text.INT_Excep_SPEI4
                0x18006c20       0x18 ./generate/inthandler.o
                0x18006c20                INT_Excep_SPEI4
 .text.INT_Excep_SPRI4
                0x18006c38       0x18 ./generate/inthandler.o
                0x18006c38                INT_Excep_SPRI4
 .text.INT_Excep_SPTI4
                0x18006c50       0x18 ./generate/inthandler.o
                0x18006c50                INT_Excep_SPTI4
 .text.INT_Excep_IEBBTD
                0x18006c68       0x18 ./generate/inthandler.o
                0x18006c68                INT_Excep_IEBBTD
 .text.INT_Excep_IEBBTERR
                0x18006c80       0x18 ./generate/inthandler.o
                0x18006c80                INT_Excep_IEBBTERR
 .text.INT_Excep_IEBBTSTA
                0x18006c98       0x18 ./generate/inthandler.o
                0x18006c98                INT_Excep_IEBBTSTA
 .text.INT_Excep_IEBBTV
                0x18006cb0       0x18 ./generate/inthandler.o
                0x18006cb0                INT_Excep_IEBBTV
 .text.INT_Excep_ISY
                0x18006cc8       0x18 ./generate/inthandler.o
                0x18006cc8                INT_Excep_ISY
 .text.INT_Excep_IERR
                0x18006ce0       0x18 ./generate/inthandler.o
                0x18006ce0                INT_Excep_IERR
 .text.INT_Excep_ITARG
                0x18006cf8       0x18 ./generate/inthandler.o
                0x18006cf8                INT_Excep_ITARG
 .text.INT_Excep_ISEC
                0x18006d10       0x18 ./generate/inthandler.o
                0x18006d10                INT_Excep_ISEC
 .text.INT_Excep_IBUF
                0x18006d28       0x18 ./generate/inthandler.o
                0x18006d28                INT_Excep_IBUF
 .text.INT_Excep_IREADY
                0x18006d40       0x18 ./generate/inthandler.o
                0x18006d40                INT_Excep_IREADY
 .text.INT_Excep_STERB
                0x18006d58       0x18 ./generate/inthandler.o
                0x18006d58                INT_Excep_STERB
 .text.INT_Excep_FLTENDI
                0x18006d70       0x18 ./generate/inthandler.o
                0x18006d70                INT_Excep_FLTENDI
 .text.INT_Excep_FLTREQ0I
                0x18006d88       0x18 ./generate/inthandler.o
                0x18006d88                INT_Excep_FLTREQ0I
 .text.INT_Excep_FLTREQ1I
                0x18006da0       0x18 ./generate/inthandler.o
                0x18006da0                INT_Excep_FLTREQ1I
 .text.INT_Excep_MMC0
                0x18006db8       0x18 ./generate/inthandler.o
                0x18006db8                INT_Excep_MMC0
 .text.INT_Excep_MMC1
                0x18006dd0       0x18 ./generate/inthandler.o
                0x18006dd0                INT_Excep_MMC1
 .text.INT_Excep_MMC2
                0x18006de8       0x18 ./generate/inthandler.o
                0x18006de8                INT_Excep_MMC2
 .text.INT_Excep_SDHI0_3
                0x18006e00       0x18 ./generate/inthandler.o
                0x18006e00                INT_Excep_SDHI0_3
 .text.INT_Excep_SDHI0_0
                0x18006e18       0x18 ./generate/inthandler.o
                0x18006e18                INT_Excep_SDHI0_0
 .text.INT_Excep_SDHI0_1
                0x18006e30       0x18 ./generate/inthandler.o
                0x18006e30                INT_Excep_SDHI0_1
 .text.INT_Excep_SDHI1_3
                0x18006e48       0x18 ./generate/inthandler.o
                0x18006e48                INT_Excep_SDHI1_3
 .text.INT_Excep_SDHI1_0
                0x18006e60       0x18 ./generate/inthandler.o
                0x18006e60                INT_Excep_SDHI1_0
 .text.INT_Excep_SDHI1_1
                0x18006e78       0x18 ./generate/inthandler.o
                0x18006e78                INT_Excep_SDHI1_1
 .text.INT_Excep_ARM
                0x18006e90       0x18 ./generate/inthandler.o
                0x18006e90                INT_Excep_ARM
 .text.INT_Excep_PRD
                0x18006ea8       0x18 ./generate/inthandler.o
                0x18006ea8                INT_Excep_PRD
 .text.INT_Excep_CUP
                0x18006ec0       0x18 ./generate/inthandler.o
                0x18006ec0                INT_Excep_CUP
 .text.INT_Excep_SCUAI0
                0x18006ed8       0x18 ./generate/inthandler.o
                0x18006ed8                INT_Excep_SCUAI0
 .text.INT_Excep_SCUAI1
                0x18006ef0       0x18 ./generate/inthandler.o
                0x18006ef0                INT_Excep_SCUAI1
 .text.INT_Excep_SCUFDI0
                0x18006f08       0x18 ./generate/inthandler.o
                0x18006f08                INT_Excep_SCUFDI0
 .text.INT_Excep_SCUFDI1
                0x18006f20       0x18 ./generate/inthandler.o
                0x18006f20                INT_Excep_SCUFDI1
 .text.INT_Excep_SCUFDI2
                0x18006f38       0x18 ./generate/inthandler.o
                0x18006f38                INT_Excep_SCUFDI2
 .text.INT_Excep_SCUFDI3
                0x18006f50       0x18 ./generate/inthandler.o
                0x18006f50                INT_Excep_SCUFDI3
 .text.INT_Excep_SCUFUI0
                0x18006f68       0x18 ./generate/inthandler.o
                0x18006f68                INT_Excep_SCUFUI0
 .text.INT_Excep_SCUFUI1
                0x18006f80       0x18 ./generate/inthandler.o
                0x18006f80                INT_Excep_SCUFUI1
 .text.INT_Excep_SCUFUI2
                0x18006f98       0x18 ./generate/inthandler.o
                0x18006f98                INT_Excep_SCUFUI2
 .text.INT_Excep_SCUFUI3
                0x18006fb0       0x18 ./generate/inthandler.o
                0x18006fb0                INT_Excep_SCUFUI3
 .text.INT_Excep_SCUDVI0
                0x18006fc8       0x18 ./generate/inthandler.o
                0x18006fc8                INT_Excep_SCUDVI0
 .text.INT_Excep_SCUDVI1
                0x18006fe0       0x18 ./generate/inthandler.o
                0x18006fe0                INT_Excep_SCUDVI1
 .text.INT_Excep_SCUDVI2
                0x18006ff8       0x18 ./generate/inthandler.o
                0x18006ff8                INT_Excep_SCUDVI2
 .text.INT_Excep_SCUDVI3
                0x18007010       0x18 ./generate/inthandler.o
                0x18007010                INT_Excep_SCUDVI3
 .text.INT_Excep_MLBCI
                0x18007028       0x18 ./generate/inthandler.o
                0x18007028                INT_Excep_MLBCI
 .text.INT_Excep_MLBSI
                0x18007040       0x18 ./generate/inthandler.o
                0x18007040                INT_Excep_MLBSI
 .text.INT_Excep_DRC0
                0x18007058       0x18 ./generate/inthandler.o
                0x18007058                INT_Excep_DRC0
 .text.INT_Excep_DRC1
                0x18007070       0x18 ./generate/inthandler.o
                0x18007070                INT_Excep_DRC1
 .text.INT_Excep_LINI0_INT_T
                0x18007088       0x18 ./generate/inthandler.o
                0x18007088                INT_Excep_LINI0_INT_T
 .text.INT_Excep_LINI0_INT_R
                0x180070a0       0x18 ./generate/inthandler.o
                0x180070a0                INT_Excep_LINI0_INT_R
 .text.INT_Excep_LINI0_INT_S
                0x180070b8       0x18 ./generate/inthandler.o
                0x180070b8                INT_Excep_LINI0_INT_S
 .text.INT_Excep_LINI0_INT_M
                0x180070d0       0x18 ./generate/inthandler.o
                0x180070d0                INT_Excep_LINI0_INT_M
 .text.INT_Excep_LINI1_INT_T
                0x180070e8       0x18 ./generate/inthandler.o
                0x180070e8                INT_Excep_LINI1_INT_T
 .text.INT_Excep_LINI1_INT_R
                0x18007100       0x18 ./generate/inthandler.o
                0x18007100                INT_Excep_LINI1_INT_R
 .text.INT_Excep_LINI1_INT_S
                0x18007118       0x18 ./generate/inthandler.o
                0x18007118                INT_Excep_LINI1_INT_S
 .text.INT_Excep_LINI1_INT_M
                0x18007130       0x18 ./generate/inthandler.o
                0x18007130                INT_Excep_LINI1_INT_M
 .text.INT_Excep_ERI0
                0x18007148       0x18 ./generate/inthandler.o
                0x18007148                INT_Excep_ERI0
 .text.INT_Excep_RXI0
                0x18007160       0x18 ./generate/inthandler.o
                0x18007160                INT_Excep_RXI0
 .text.INT_Excep_TXI0
                0x18007178       0x18 ./generate/inthandler.o
                0x18007178                INT_Excep_TXI0
 .text.INT_Excep_TEI0
                0x18007190       0x18 ./generate/inthandler.o
                0x18007190                INT_Excep_TEI0
 .text.INT_Excep_ERI1
                0x180071a8       0x18 ./generate/inthandler.o
                0x180071a8                INT_Excep_ERI1
 .text.INT_Excep_RXI1
                0x180071c0       0x18 ./generate/inthandler.o
                0x180071c0                INT_Excep_RXI1
 .text.INT_Excep_TXI1
                0x180071d8       0x18 ./generate/inthandler.o
                0x180071d8                INT_Excep_TXI1
 .text.INT_Excep_TEI1
                0x180071f0       0x18 ./generate/inthandler.o
                0x180071f0                INT_Excep_TEI1
 .text.INT_Excep_ETHERI
                0x18007208       0x18 ./generate/inthandler.o
                0x18007208                INT_Excep_ETHERI
 .text.INT_Excep_CEUI
                0x18007220       0x18 ./generate/inthandler.o
                0x18007220                INT_Excep_CEUI
 .text.INT_Excep_INT_CSIH0TIR
                0x18007238       0x18 ./generate/inthandler.o
                0x18007238                INT_Excep_INT_CSIH0TIR
 .text.INT_Excep_INT_CSIH0TIRE
                0x18007250       0x18 ./generate/inthandler.o
                0x18007250                INT_Excep_INT_CSIH0TIRE
 .text.INT_Excep_INT_CSIH1TIC
                0x18007268       0x18 ./generate/inthandler.o
                0x18007268                INT_Excep_INT_CSIH1TIC
 .text.INT_Excep_INT_CSIH1TIJC
                0x18007280       0x18 ./generate/inthandler.o
                0x18007280                INT_Excep_INT_CSIH1TIJC
 .text.INT_Excep_ECCE10
                0x18007298       0x18 ./generate/inthandler.o
                0x18007298                INT_Excep_ECCE10
 .text.INT_Excep_ECCE20
                0x180072b0       0x18 ./generate/inthandler.o
                0x180072b0                INT_Excep_ECCE20
 .text.INT_Excep_ECCOVF0
                0x180072c8       0x18 ./generate/inthandler.o
                0x180072c8                INT_Excep_ECCOVF0
 .text.INT_Excep_ECCE11
                0x180072e0       0x18 ./generate/inthandler.o
                0x180072e0                INT_Excep_ECCE11
 .text.INT_Excep_ECCE21
                0x180072f8       0x18 ./generate/inthandler.o
                0x180072f8                INT_Excep_ECCE21
 .text.INT_Excep_ECCOVF1
                0x18007310       0x18 ./generate/inthandler.o
                0x18007310                INT_Excep_ECCOVF1
 .text.INT_Excep_ECCE12
                0x18007328       0x18 ./generate/inthandler.o
                0x18007328                INT_Excep_ECCE12
 .text.INT_Excep_ECCE22
                0x18007340       0x18 ./generate/inthandler.o
                0x18007340                INT_Excep_ECCE22
 .text.INT_Excep_ECCOVF2
                0x18007358       0x18 ./generate/inthandler.o
                0x18007358                INT_Excep_ECCOVF2
 .text.INT_Excep_ECCE13
                0x18007370       0x18 ./generate/inthandler.o
                0x18007370                INT_Excep_ECCE13
 .text.INT_Excep_ECCE23
                0x18007388       0x18 ./generate/inthandler.o
                0x18007388                INT_Excep_ECCE23
 .text.INT_Excep_ECCOVF3
                0x180073a0       0x18 ./generate/inthandler.o
                0x180073a0                INT_Excep_ECCOVF3
 .text.INT_Excep_H2XMLB_ERRINT
                0x180073b8       0x18 ./generate/inthandler.o
                0x180073b8                INT_Excep_H2XMLB_ERRINT
 .text.INT_Excep_H2XIC1_ERRINT
                0x180073d0       0x18 ./generate/inthandler.o
                0x180073d0                INT_Excep_H2XIC1_ERRINT
 .text.INT_Excep_X2HPERI1_ERRINT
                0x180073e8       0x18 ./generate/inthandler.o
                0x180073e8                INT_Excep_X2HPERI1_ERRINT
 .text.INT_Excep_X2HPERI2_ERRINT
                0x18007400       0x18 ./generate/inthandler.o
                0x18007400                INT_Excep_X2HPERI2_ERRINT
 .text.INT_Excep_X2HPERI34_ERRINT
                0x18007418       0x18 ./generate/inthandler.o
                0x18007418                INT_Excep_X2HPERI34_ERRINT
 .text.INT_Excep_X2HPERI5_ERRINT
                0x18007430       0x18 ./generate/inthandler.o
                0x18007430                INT_Excep_X2HPERI5_ERRINT
 .text.INT_Excep_X2HPERI67_ERRINT
                0x18007448       0x18 ./generate/inthandler.o
                0x18007448                INT_Excep_X2HPERI67_ERRINT
 .text.INT_Excep_X2HDBGR_ERRINT
                0x18007460       0x18 ./generate/inthandler.o
                0x18007460                INT_Excep_X2HDBGR_ERRINT
 .text.INT_Excep_X2HBSC_ERRINT
                0x18007478       0x18 ./generate/inthandler.o
                0x18007478                INT_Excep_X2HBSC_ERRINT
 .text.INT_Excep_X2HSPI1_ERRINT
                0x18007490       0x18 ./generate/inthandler.o
                0x18007490                INT_Excep_X2HSPI1_ERRINT
 .text.INT_Excep_X2HSPI2_ERRINT
                0x180074a8       0x18 ./generate/inthandler.o
                0x180074a8                INT_Excep_X2HSPI2_ERRINT
 .text.INT_Excep_PRRI
                0x180074c0       0x18 ./generate/inthandler.o
                0x180074c0                INT_Excep_PRRI
 .text.INT_Excep_IFEI0
                0x180074d8       0x18 ./generate/inthandler.o
                0x180074d8                INT_Excep_IFEI0
 .text.INT_Excep_OFFI0
                0x180074f0       0x18 ./generate/inthandler.o
                0x180074f0                INT_Excep_OFFI0
 .text.INT_Excep_PFVEI0
                0x18007508       0x18 ./generate/inthandler.o
                0x18007508                INT_Excep_PFVEI0
 .text.INT_Excep_IFEI1
                0x18007520       0x18 ./generate/inthandler.o
                0x18007520                INT_Excep_IFEI1
 .text.INT_Excep_OFFI1
                0x18007538       0x18 ./generate/inthandler.o
                0x18007538                INT_Excep_OFFI1
 .text.INT_Excep_PFVEI1
                0x18007550       0x18 ./generate/inthandler.o
                0x18007550                INT_Excep_PFVEI1
 .text.INT_Excep_TINT0
                0x18007568       0x18 ./generate/inthandler.o
                0x18007568                INT_Excep_TINT0
 .text.INT_Excep_TINT1
                0x18007580       0x18 ./generate/inthandler.o
                0x18007580                INT_Excep_TINT1
 .text.INT_Excep_TINT2
                0x18007598       0x18 ./generate/inthandler.o
                0x18007598                INT_Excep_TINT2
 .text.INT_Excep_TINT3
                0x180075b0       0x18 ./generate/inthandler.o
                0x180075b0                INT_Excep_TINT3
 .text.INT_Excep_TINT4
                0x180075c8       0x18 ./generate/inthandler.o
                0x180075c8                INT_Excep_TINT4
 .text.INT_Excep_TINT5
                0x180075e0       0x18 ./generate/inthandler.o
                0x180075e0                INT_Excep_TINT5
 .text.INT_Excep_TINT6
                0x180075f8       0x18 ./generate/inthandler.o
                0x180075f8                INT_Excep_TINT6
 .text.INT_Excep_TINT7
                0x18007610       0x18 ./generate/inthandler.o
                0x18007610                INT_Excep_TINT7
 .text.INT_Excep_TINT8
                0x18007628       0x18 ./generate/inthandler.o
                0x18007628                INT_Excep_TINT8
 .text.INT_Excep_TINT9
                0x18007640       0x18 ./generate/inthandler.o
                0x18007640                INT_Excep_TINT9
 .text.INT_Excep_TINT10
                0x18007658       0x18 ./generate/inthandler.o
                0x18007658                INT_Excep_TINT10
 .text.INT_Excep_TINT11
                0x18007670       0x18 ./generate/inthandler.o
                0x18007670                INT_Excep_TINT11
 .text.INT_Excep_TINT12
                0x18007688       0x18 ./generate/inthandler.o
                0x18007688                INT_Excep_TINT12
 .text.INT_Excep_TINT13
                0x180076a0       0x18 ./generate/inthandler.o
                0x180076a0                INT_Excep_TINT13
 .text.INT_Excep_TINT14
                0x180076b8       0x18 ./generate/inthandler.o
                0x180076b8                INT_Excep_TINT14
 .text.INT_Excep_TINT15
                0x180076d0       0x18 ./generate/inthandler.o
                0x180076d0                INT_Excep_TINT15
 .text.INT_Excep_TINT16
                0x180076e8       0x18 ./generate/inthandler.o
                0x180076e8                INT_Excep_TINT16
 .text.INT_Excep_TINT17
                0x18007700       0x18 ./generate/inthandler.o
                0x18007700                INT_Excep_TINT17
 .text.INT_Excep_TINT18
                0x18007718       0x18 ./generate/inthandler.o
                0x18007718                INT_Excep_TINT18
 .text.INT_Excep_TINT19
                0x18007730       0x18 ./generate/inthandler.o
                0x18007730                INT_Excep_TINT19
 .text.INT_Excep_TINT20
                0x18007748       0x18 ./generate/inthandler.o
                0x18007748                INT_Excep_TINT20
 .text.INT_Excep_TINT21
                0x18007760       0x18 ./generate/inthandler.o
                0x18007760                INT_Excep_TINT21
 .text.INT_Excep_TINT22
                0x18007778       0x18 ./generate/inthandler.o
                0x18007778                INT_Excep_TINT22
 .text.INT_Excep_TINT23
                0x18007790       0x18 ./generate/inthandler.o
                0x18007790                INT_Excep_TINT23
 .text.INT_Excep_TINT24
                0x180077a8       0x18 ./generate/inthandler.o
                0x180077a8                INT_Excep_TINT24
 .text.INT_Excep_TINT25
                0x180077c0       0x18 ./generate/inthandler.o
                0x180077c0                INT_Excep_TINT25
 .text.INT_Excep_TINT26
                0x180077d8       0x18 ./generate/inthandler.o
                0x180077d8                INT_Excep_TINT26
 .text.INT_Excep_TINT27
                0x180077f0       0x18 ./generate/inthandler.o
                0x180077f0                INT_Excep_TINT27
 .text.INT_Excep_TINT28
                0x18007808       0x18 ./generate/inthandler.o
                0x18007808                INT_Excep_TINT28
 .text.INT_Excep_TINT29
                0x18007820       0x18 ./generate/inthandler.o
                0x18007820                INT_Excep_TINT29
 .text.INT_Excep_TINT30
                0x18007838       0x18 ./generate/inthandler.o
                0x18007838                INT_Excep_TINT30
 .text.INT_Excep_TINT31
                0x18007850       0x18 ./generate/inthandler.o
                0x18007850                INT_Excep_TINT31
 .text.INT_Excep_TINT32
                0x18007868       0x18 ./generate/inthandler.o
                0x18007868                INT_Excep_TINT32
 .text.INT_Excep_TINT33
                0x18007880       0x18 ./generate/inthandler.o
                0x18007880                INT_Excep_TINT33
 .text.INT_Excep_TINT34
                0x18007898       0x18 ./generate/inthandler.o
                0x18007898                INT_Excep_TINT34
 .text.INT_Excep_TINT35
                0x180078b0       0x18 ./generate/inthandler.o
                0x180078b0                INT_Excep_TINT35
 .text.INT_Excep_TINT36
                0x180078c8       0x18 ./generate/inthandler.o
                0x180078c8                INT_Excep_TINT36
 .text.INT_Excep_TINT37
                0x180078e0       0x18 ./generate/inthandler.o
                0x180078e0                INT_Excep_TINT37
 .text.INT_Excep_TINT38
                0x180078f8       0x18 ./generate/inthandler.o
                0x180078f8                INT_Excep_TINT38
 .text.INT_Excep_TINT39
                0x18007910       0x18 ./generate/inthandler.o
                0x18007910                INT_Excep_TINT39
 .text.INT_Excep_TINT40
                0x18007928       0x18 ./generate/inthandler.o
                0x18007928                INT_Excep_TINT40
 .text.INT_Excep_TINT41
                0x18007940       0x18 ./generate/inthandler.o
                0x18007940                INT_Excep_TINT41
 .text.INT_Excep_TINT42
                0x18007958       0x18 ./generate/inthandler.o
                0x18007958                INT_Excep_TINT42
 .text.INT_Excep_TINT43
                0x18007970       0x18 ./generate/inthandler.o
                0x18007970                INT_Excep_TINT43
 .text.INT_Excep_TINT44
                0x18007988       0x18 ./generate/inthandler.o
                0x18007988                INT_Excep_TINT44
 .text.INT_Excep_TINT45
                0x180079a0       0x18 ./generate/inthandler.o
                0x180079a0                INT_Excep_TINT45
 .text.INT_Excep_TINT46
                0x180079b8       0x18 ./generate/inthandler.o
                0x180079b8                INT_Excep_TINT46
 .text.INT_Excep_TINT47
                0x180079d0       0x18 ./generate/inthandler.o
                0x180079d0                INT_Excep_TINT47
 .text.INT_Excep_TINT48
                0x180079e8       0x18 ./generate/inthandler.o
                0x180079e8                INT_Excep_TINT48
 .text.INT_Excep_TINT49
                0x18007a00       0x18 ./generate/inthandler.o
                0x18007a00                INT_Excep_TINT49
 .text.INT_Excep_TINT50
                0x18007a18       0x18 ./generate/inthandler.o
                0x18007a18                INT_Excep_TINT50
 .text.INT_Excep_TINT51
                0x18007a30       0x18 ./generate/inthandler.o
                0x18007a30                INT_Excep_TINT51
 .text.INT_Excep_TINT52
                0x18007a48       0x18 ./generate/inthandler.o
                0x18007a48                INT_Excep_TINT52
 .text.INT_Excep_TINT53
                0x18007a60       0x18 ./generate/inthandler.o
                0x18007a60                INT_Excep_TINT53
 .text.INT_Excep_TINT54
                0x18007a78       0x18 ./generate/inthandler.o
                0x18007a78                INT_Excep_TINT54
 .text.INT_Excep_TINT55
                0x18007a90       0x18 ./generate/inthandler.o
                0x18007a90                INT_Excep_TINT55
 .text.INT_Excep_TINT56
                0x18007aa8       0x18 ./generate/inthandler.o
                0x18007aa8                INT_Excep_TINT56
 .text.INT_Excep_TINT57
                0x18007ac0       0x18 ./generate/inthandler.o
                0x18007ac0                INT_Excep_TINT57
 .text.INT_Excep_TINT58
                0x18007ad8       0x18 ./generate/inthandler.o
                0x18007ad8                INT_Excep_TINT58
 .text.INT_Excep_TINT59
                0x18007af0       0x18 ./generate/inthandler.o
                0x18007af0                INT_Excep_TINT59
 .text.INT_Excep_TINT60
                0x18007b08       0x18 ./generate/inthandler.o
                0x18007b08                INT_Excep_TINT60
 .text.INT_Excep_TINT61
                0x18007b20       0x18 ./generate/inthandler.o
                0x18007b20                INT_Excep_TINT61
 .text.INT_Excep_TINT62
                0x18007b38       0x18 ./generate/inthandler.o
                0x18007b38                INT_Excep_TINT62
 .text.INT_Excep_TINT63
                0x18007b50       0x18 ./generate/inthandler.o
                0x18007b50                INT_Excep_TINT63
 .text.INT_Excep_TINT64
                0x18007b68       0x18 ./generate/inthandler.o
                0x18007b68                INT_Excep_TINT64
 .text.INT_Excep_TINT65
                0x18007b80       0x18 ./generate/inthandler.o
                0x18007b80                INT_Excep_TINT65
 .text.INT_Excep_TINT66
                0x18007b98       0x18 ./generate/inthandler.o
                0x18007b98                INT_Excep_TINT66
 .text.INT_Excep_TINT67
                0x18007bb0       0x18 ./generate/inthandler.o
                0x18007bb0                INT_Excep_TINT67
 .text.INT_Excep_TINT68
                0x18007bc8       0x18 ./generate/inthandler.o
                0x18007bc8                INT_Excep_TINT68
 .text.INT_Excep_TINT69
                0x18007be0       0x18 ./generate/inthandler.o
                0x18007be0                INT_Excep_TINT69
 .text.INT_Excep_TINT70
                0x18007bf8       0x18 ./generate/inthandler.o
                0x18007bf8                INT_Excep_TINT70
 .text.INT_Excep_TINT71
                0x18007c10       0x18 ./generate/inthandler.o
                0x18007c10                INT_Excep_TINT71
 .text.INT_Excep_TINT72
                0x18007c28       0x18 ./generate/inthandler.o
                0x18007c28                INT_Excep_TINT72
 .text.INT_Excep_TINT73
                0x18007c40       0x18 ./generate/inthandler.o
                0x18007c40                INT_Excep_TINT73
 .text.INT_Excep_TINT74
                0x18007c58       0x18 ./generate/inthandler.o
                0x18007c58                INT_Excep_TINT74
 .text.INT_Excep_TINT75
                0x18007c70       0x18 ./generate/inthandler.o
                0x18007c70                INT_Excep_TINT75
 .text.INT_Excep_TINT76
                0x18007c88       0x18 ./generate/inthandler.o
                0x18007c88                INT_Excep_TINT76
 .text.INT_Excep_TINT77
                0x18007ca0       0x18 ./generate/inthandler.o
                0x18007ca0                INT_Excep_TINT77
 .text.INT_Excep_TINT78
                0x18007cb8       0x18 ./generate/inthandler.o
                0x18007cb8                INT_Excep_TINT78
 .text.INT_Excep_TINT79
                0x18007cd0       0x18 ./generate/inthandler.o
                0x18007cd0                INT_Excep_TINT79
 .text.INT_Excep_TINT80
                0x18007ce8       0x18 ./generate/inthandler.o
                0x18007ce8                INT_Excep_TINT80
 .text.INT_Excep_TINT81
                0x18007d00       0x18 ./generate/inthandler.o
                0x18007d00                INT_Excep_TINT81
 .text.INT_Excep_TINT82
                0x18007d18       0x18 ./generate/inthandler.o
                0x18007d18                INT_Excep_TINT82
 .text.INT_Excep_TINT83
                0x18007d30       0x18 ./generate/inthandler.o
                0x18007d30                INT_Excep_TINT83
 .text.INT_Excep_TINT84
                0x18007d48       0x18 ./generate/inthandler.o
                0x18007d48                INT_Excep_TINT84
 .text.INT_Excep_TINT85
                0x18007d60       0x18 ./generate/inthandler.o
                0x18007d60                INT_Excep_TINT85
 .text.INT_Excep_TINT86
                0x18007d78       0x18 ./generate/inthandler.o
                0x18007d78                INT_Excep_TINT86
 .text.INT_Excep_TINT87
                0x18007d90       0x18 ./generate/inthandler.o
                0x18007d90                INT_Excep_TINT87
 .text.INT_Excep_TINT88
                0x18007da8       0x18 ./generate/inthandler.o
                0x18007da8                INT_Excep_TINT88
 .text.INT_Excep_TINT89
                0x18007dc0       0x18 ./generate/inthandler.o
                0x18007dc0                INT_Excep_TINT89
 .text.INT_Excep_TINT90
                0x18007dd8       0x18 ./generate/inthandler.o
                0x18007dd8                INT_Excep_TINT90
 .text.INT_Excep_TINT91
                0x18007df0       0x18 ./generate/inthandler.o
                0x18007df0                INT_Excep_TINT91
 .text.INT_Excep_TINT92
                0x18007e08       0x18 ./generate/inthandler.o
                0x18007e08                INT_Excep_TINT92
 .text.INT_Excep_TINT93
                0x18007e20       0x18 ./generate/inthandler.o
                0x18007e20                INT_Excep_TINT93
 .text.INT_Excep_TINT94
                0x18007e38       0x18 ./generate/inthandler.o
                0x18007e38                INT_Excep_TINT94
 .text.INT_Excep_TINT95
                0x18007e50       0x18 ./generate/inthandler.o
                0x18007e50                INT_Excep_TINT95
 .text.INT_Excep_TINT96
                0x18007e68       0x18 ./generate/inthandler.o
                0x18007e68                INT_Excep_TINT96
 .text.INT_Excep_TINT97
                0x18007e80       0x18 ./generate/inthandler.o
                0x18007e80                INT_Excep_TINT97
 .text.INT_Excep_TINT98
                0x18007e98       0x18 ./generate/inthandler.o
                0x18007e98                INT_Excep_TINT98
 .text.INT_Excep_TINT99
                0x18007eb0       0x18 ./generate/inthandler.o
                0x18007eb0                INT_Excep_TINT99
 .text.INT_Excep_TINT100
                0x18007ec8       0x18 ./generate/inthandler.o
                0x18007ec8                INT_Excep_TINT100
 .text.INT_Excep_TINT101
                0x18007ee0       0x18 ./generate/inthandler.o
                0x18007ee0                INT_Excep_TINT101
 .text.INT_Excep_TINT102
                0x18007ef8       0x18 ./generate/inthandler.o
                0x18007ef8                INT_Excep_TINT102
 .text.INT_Excep_TINT103
                0x18007f10       0x18 ./generate/inthandler.o
                0x18007f10                INT_Excep_TINT103
 .text.INT_Excep_TINT104
                0x18007f28       0x18 ./generate/inthandler.o
                0x18007f28                INT_Excep_TINT104
 .text.INT_Excep_TINT105
                0x18007f40       0x18 ./generate/inthandler.o
                0x18007f40                INT_Excep_TINT105
 .text.INT_Excep_TINT106
                0x18007f58       0x18 ./generate/inthandler.o
                0x18007f58                INT_Excep_TINT106
 .text.INT_Excep_TINT107
                0x18007f70       0x18 ./generate/inthandler.o
                0x18007f70                INT_Excep_TINT107
 .text.INT_Excep_TINT108
                0x18007f88       0x18 ./generate/inthandler.o
                0x18007f88                INT_Excep_TINT108
 .text.INT_Excep_TINT109
                0x18007fa0       0x18 ./generate/inthandler.o
                0x18007fa0                INT_Excep_TINT109
 .text.INT_Excep_TINT110
                0x18007fb8       0x18 ./generate/inthandler.o
                0x18007fb8                INT_Excep_TINT110
 .text.INT_Excep_TINT111
                0x18007fd0       0x18 ./generate/inthandler.o
                0x18007fd0                INT_Excep_TINT111
 .text.INT_Excep_TINT112
                0x18007fe8       0x18 ./generate/inthandler.o
                0x18007fe8                INT_Excep_TINT112
 .text.INT_Excep_TINT113
                0x18008000       0x18 ./generate/inthandler.o
                0x18008000                INT_Excep_TINT113
 .text.INT_Excep_TINT114
                0x18008018       0x18 ./generate/inthandler.o
                0x18008018                INT_Excep_TINT114
 .text.INT_Excep_TINT115
                0x18008030       0x18 ./generate/inthandler.o
                0x18008030                INT_Excep_TINT115
 .text.INT_Excep_TINT116
                0x18008048       0x18 ./generate/inthandler.o
                0x18008048                INT_Excep_TINT116
 .text.INT_Excep_TINT117
                0x18008060       0x18 ./generate/inthandler.o
                0x18008060                INT_Excep_TINT117
 .text.INT_Excep_TINT118
                0x18008078       0x18 ./generate/inthandler.o
                0x18008078                INT_Excep_TINT118
 .text.INT_Excep_TINT119
                0x18008090       0x18 ./generate/inthandler.o
                0x18008090                INT_Excep_TINT119
 .text.INT_Excep_TINT120
                0x180080a8       0x18 ./generate/inthandler.o
                0x180080a8                INT_Excep_TINT120
 .text.INT_Excep_TINT121
                0x180080c0       0x18 ./generate/inthandler.o
                0x180080c0                INT_Excep_TINT121
 .text.INT_Excep_TINT122
                0x180080d8       0x18 ./generate/inthandler.o
                0x180080d8                INT_Excep_TINT122
 .text.INT_Excep_TINT123
                0x180080f0       0x18 ./generate/inthandler.o
                0x180080f0                INT_Excep_TINT123
 .text.INT_Excep_TINT124
                0x18008108       0x18 ./generate/inthandler.o
                0x18008108                INT_Excep_TINT124
 .text.INT_Excep_TINT125
                0x18008120       0x18 ./generate/inthandler.o
                0x18008120                INT_Excep_TINT125
 .text.INT_Excep_TINT126
                0x18008138       0x18 ./generate/inthandler.o
                0x18008138                INT_Excep_TINT126
 .text.INT_Excep_TINT127
                0x18008150       0x18 ./generate/inthandler.o
                0x18008150                INT_Excep_TINT127
 .text.INT_Excep_TINT128
                0x18008168       0x18 ./generate/inthandler.o
                0x18008168                INT_Excep_TINT128
 .text.INT_Excep_TINT129
                0x18008180       0x18 ./generate/inthandler.o
                0x18008180                INT_Excep_TINT129
 .text.INT_Excep_TINT130
                0x18008198       0x18 ./generate/inthandler.o
                0x18008198                INT_Excep_TINT130
 .text.INT_Excep_TINT131
                0x180081b0       0x18 ./generate/inthandler.o
                0x180081b0                INT_Excep_TINT131
 .text.INT_Excep_TINT132
                0x180081c8       0x18 ./generate/inthandler.o
                0x180081c8                INT_Excep_TINT132
 .text.INT_Excep_TINT133
                0x180081e0       0x18 ./generate/inthandler.o
                0x180081e0                INT_Excep_TINT133
 .text.INT_Excep_TINT134
                0x180081f8       0x18 ./generate/inthandler.o
                0x180081f8                INT_Excep_TINT134
 .text.INT_Excep_TINT135
                0x18008210       0x18 ./generate/inthandler.o
                0x18008210                INT_Excep_TINT135
 .text.INT_Excep_TINT136
                0x18008228       0x18 ./generate/inthandler.o
                0x18008228                INT_Excep_TINT136
 .text.INT_Excep_TINT137
                0x18008240       0x18 ./generate/inthandler.o
                0x18008240                INT_Excep_TINT137
 .text.INT_Excep_TINT138
                0x18008258       0x18 ./generate/inthandler.o
                0x18008258                INT_Excep_TINT138
 .text.INT_Excep_TINT139
                0x18008270       0x18 ./generate/inthandler.o
                0x18008270                INT_Excep_TINT139
 .text.INT_Excep_TINT140
                0x18008288       0x18 ./generate/inthandler.o
                0x18008288                INT_Excep_TINT140
 .text.INT_Excep_TINT141
                0x180082a0       0x18 ./generate/inthandler.o
                0x180082a0                INT_Excep_TINT141
 .text.INT_Excep_TINT142
                0x180082b8       0x18 ./generate/inthandler.o
                0x180082b8                INT_Excep_TINT142
 .text.INT_Excep_TINT143
                0x180082d0       0x18 ./generate/inthandler.o
                0x180082d0                INT_Excep_TINT143
 .text.INT_Excep_TINT144
                0x180082e8       0x18 ./generate/inthandler.o
                0x180082e8                INT_Excep_TINT144
 .text.INT_Excep_TINT145
                0x18008300       0x18 ./generate/inthandler.o
                0x18008300                INT_Excep_TINT145
 .text.INT_Excep_TINT146
                0x18008318       0x18 ./generate/inthandler.o
                0x18008318                INT_Excep_TINT146
 .text.INT_Excep_TINT147
                0x18008330       0x18 ./generate/inthandler.o
                0x18008330                INT_Excep_TINT147
 .text.INT_Excep_TINT148
                0x18008348       0x18 ./generate/inthandler.o
                0x18008348                INT_Excep_TINT148
 .text.INT_Excep_TINT149
                0x18008360       0x18 ./generate/inthandler.o
                0x18008360                INT_Excep_TINT149
 .text.INT_Excep_TINT150
                0x18008378       0x18 ./generate/inthandler.o
                0x18008378                INT_Excep_TINT150
 .text.INT_Excep_TINT151
                0x18008390       0x18 ./generate/inthandler.o
                0x18008390                INT_Excep_TINT151
 .text.INT_Excep_TINT152
                0x180083a8       0x18 ./generate/inthandler.o
                0x180083a8                INT_Excep_TINT152
 .text.INT_Excep_TINT153
                0x180083c0       0x18 ./generate/inthandler.o
                0x180083c0                INT_Excep_TINT153
 .text.INT_Excep_TINT154
                0x180083d8       0x18 ./generate/inthandler.o
                0x180083d8                INT_Excep_TINT154
 .text.INT_Excep_TINT155
                0x180083f0       0x18 ./generate/inthandler.o
                0x180083f0                INT_Excep_TINT155
 .text.INT_Excep_TINT156
                0x18008408       0x18 ./generate/inthandler.o
                0x18008408                INT_Excep_TINT156
 .text.INT_Excep_TINT157
                0x18008420       0x18 ./generate/inthandler.o
                0x18008420                INT_Excep_TINT157
 .text.INT_Excep_TINT158
                0x18008438       0x18 ./generate/inthandler.o
                0x18008438                INT_Excep_TINT158
 .text.INT_Excep_TINT159
                0x18008450       0x18 ./generate/inthandler.o
                0x18008450                INT_Excep_TINT159
 .text.INT_Excep_TINT160
                0x18008468       0x18 ./generate/inthandler.o
                0x18008468                INT_Excep_TINT160
 .text.INT_Excep_TINT161
                0x18008480       0x18 ./generate/inthandler.o
                0x18008480                INT_Excep_TINT161
 .text.INT_Excep_TINT162
                0x18008498       0x18 ./generate/inthandler.o
                0x18008498                INT_Excep_TINT162
 .text.INT_Excep_TINT163
                0x180084b0       0x18 ./generate/inthandler.o
                0x180084b0                INT_Excep_TINT163
 .text.INT_Excep_TINT164
                0x180084c8       0x18 ./generate/inthandler.o
                0x180084c8                INT_Excep_TINT164
 .text.INT_Excep_TINT165
                0x180084e0       0x18 ./generate/inthandler.o
                0x180084e0                INT_Excep_TINT165
 .text.INT_Excep_TINT166
                0x180084f8       0x18 ./generate/inthandler.o
                0x180084f8                INT_Excep_TINT166
 .text.INT_Excep_TINT167
                0x18008510       0x18 ./generate/inthandler.o
                0x18008510                INT_Excep_TINT167
 .text.INT_Excep_TINT168
                0x18008528       0x18 ./generate/inthandler.o
                0x18008528                INT_Excep_TINT168
 .text.INT_Excep_TINT169
                0x18008540       0x18 ./generate/inthandler.o
                0x18008540                INT_Excep_TINT169
 .text.INT_Excep_TINT170
                0x18008558       0x18 ./generate/inthandler.o
                0x18008558                INT_Excep_TINT170
 .text.selfrel_offset31
                0x18008570       0x14 C:/Program Files (x86)/Arm GNU Toolchain arm-none-eabi/13.3 rel1/bin/../lib/gcc/arm-none-eabi/13.3.1/thumb/v7-a+fp/hard\libgcc.a(unwind-arm.o)
 .text.search_EIT_table
                0x18008584       0x60 C:/Program Files (x86)/Arm GNU Toolchain arm-none-eabi/13.3 rel1/bin/../lib/gcc/arm-none-eabi/13.3.1/thumb/v7-a+fp/hard\libgcc.a(unwind-arm.o)
 .text.__gnu_unwind_get_pr_addr
                0x180085e4       0x2c C:/Program Files (x86)/Arm GNU Toolchain arm-none-eabi/13.3 rel1/bin/../lib/gcc/arm-none-eabi/13.3.1/thumb/v7-a+fp/hard\libgcc.a(unwind-arm.o)
 .text.get_eit_entry
                0x18008610       0x9c C:/Program Files (x86)/Arm GNU Toolchain arm-none-eabi/13.3 rel1/bin/../lib/gcc/arm-none-eabi/13.3.1/thumb/v7-a+fp/hard\libgcc.a(unwind-arm.o)
 .text.restore_non_core_regs
                0x180086ac       0x58 C:/Program Files (x86)/Arm GNU Toolchain arm-none-eabi/13.3 rel1/bin/../lib/gcc/arm-none-eabi/13.3.1/thumb/v7-a+fp/hard\libgcc.a(unwind-arm.o)
 .text._Unwind_decode_typeinfo_ptr.constprop.0
                0x18008704        0xc C:/Program Files (x86)/Arm GNU Toolchain arm-none-eabi/13.3 rel1/bin/../lib/gcc/arm-none-eabi/13.3.1/thumb/v7-a+fp/hard\libgcc.a(unwind-arm.o)
 .text._Unwind_DebugHook
                0x18008710        0x4 C:/Program Files (x86)/Arm GNU Toolchain arm-none-eabi/13.3 rel1/bin/../lib/gcc/arm-none-eabi/13.3.1/thumb/v7-a+fp/hard\libgcc.a(unwind-arm.o)
 .text.unwind_phase2
                0x18008714       0x3c C:/Program Files (x86)/Arm GNU Toolchain arm-none-eabi/13.3 rel1/bin/../lib/gcc/arm-none-eabi/13.3.1/thumb/v7-a+fp/hard\libgcc.a(unwind-arm.o)
 .text.unwind_phase2_forced
                0x18008750       0xd4 C:/Program Files (x86)/Arm GNU Toolchain arm-none-eabi/13.3 rel1/bin/../lib/gcc/arm-none-eabi/13.3.1/thumb/v7-a+fp/hard\libgcc.a(unwind-arm.o)
 .text.__gnu_Unwind_RaiseException
                0x18008824       0x68 C:/Program Files (x86)/Arm GNU Toolchain arm-none-eabi/13.3 rel1/bin/../lib/gcc/arm-none-eabi/13.3.1/thumb/v7-a+fp/hard\libgcc.a(unwind-arm.o)
                0x18008824                __gnu_Unwind_RaiseException
 .text.__gnu_Unwind_ForcedUnwind
                0x1800888c       0x14 C:/Program Files (x86)/Arm GNU Toolchain arm-none-eabi/13.3 rel1/bin/../lib/gcc/arm-none-eabi/13.3.1/thumb/v7-a+fp/hard\libgcc.a(unwind-arm.o)
                0x1800888c                __gnu_Unwind_ForcedUnwind
 .text.__gnu_Unwind_Resume
                0x180088a0       0x44 C:/Program Files (x86)/Arm GNU Toolchain arm-none-eabi/13.3 rel1/bin/../lib/gcc/arm-none-eabi/13.3.1/thumb/v7-a+fp/hard\libgcc.a(unwind-arm.o)
                0x180088a0                __gnu_Unwind_Resume
 .text.__gnu_Unwind_Resume_or_Rethrow
                0x180088e4       0x18 C:/Program Files (x86)/Arm GNU Toolchain arm-none-eabi/13.3 rel1/bin/../lib/gcc/arm-none-eabi/13.3.1/thumb/v7-a+fp/hard\libgcc.a(unwind-arm.o)
                0x180088e4                __gnu_Unwind_Resume_or_Rethrow
 .text._Unwind_VRS_Get
                0x180088fc       0x38 C:/Program Files (x86)/Arm GNU Toolchain arm-none-eabi/13.3 rel1/bin/../lib/gcc/arm-none-eabi/13.3.1/thumb/v7-a+fp/hard\libgcc.a(unwind-arm.o)
                0x180088fc                _Unwind_VRS_Get
 .text._Unwind_GetGR
                0x18008934       0x18 C:/Program Files (x86)/Arm GNU Toolchain arm-none-eabi/13.3 rel1/bin/../lib/gcc/arm-none-eabi/13.3.1/thumb/v7-a+fp/hard\libgcc.a(unwind-arm.o)
 .text._Unwind_VRS_Set
                0x1800894c       0x38 C:/Program Files (x86)/Arm GNU Toolchain arm-none-eabi/13.3 rel1/bin/../lib/gcc/arm-none-eabi/13.3.1/thumb/v7-a+fp/hard\libgcc.a(unwind-arm.o)
                0x1800894c                _Unwind_VRS_Set
 .text._Unwind_SetGR
                0x18008984       0x18 C:/Program Files (x86)/Arm GNU Toolchain arm-none-eabi/13.3 rel1/bin/../lib/gcc/arm-none-eabi/13.3.1/thumb/v7-a+fp/hard\libgcc.a(unwind-arm.o)
 .text.__gnu_Unwind_Backtrace
                0x1800899c       0x7c C:/Program Files (x86)/Arm GNU Toolchain arm-none-eabi/13.3 rel1/bin/../lib/gcc/arm-none-eabi/13.3.1/thumb/v7-a+fp/hard\libgcc.a(unwind-arm.o)
                0x1800899c                __gnu_Unwind_Backtrace
 .text.__gnu_unwind_pr_common
                0x18008a18      0x2d0 C:/Program Files (x86)/Arm GNU Toolchain arm-none-eabi/13.3 rel1/bin/../lib/gcc/arm-none-eabi/13.3.1/thumb/v7-a+fp/hard\libgcc.a(unwind-arm.o)
 .text.__aeabi_unwind_cpp_pr0
                0x18008ce8        0x8 C:/Program Files (x86)/Arm GNU Toolchain arm-none-eabi/13.3 rel1/bin/../lib/gcc/arm-none-eabi/13.3.1/thumb/v7-a+fp/hard\libgcc.a(unwind-arm.o)
                0x18008ce8                __aeabi_unwind_cpp_pr0
 .text.__aeabi_unwind_cpp_pr1
                0x18008cf0        0x8 C:/Program Files (x86)/Arm GNU Toolchain arm-none-eabi/13.3 rel1/bin/../lib/gcc/arm-none-eabi/13.3.1/thumb/v7-a+fp/hard\libgcc.a(unwind-arm.o)
                0x18008cf0                __aeabi_unwind_cpp_pr1
 .text.__aeabi_unwind_cpp_pr2
                0x18008cf8        0x8 C:/Program Files (x86)/Arm GNU Toolchain arm-none-eabi/13.3 rel1/bin/../lib/gcc/arm-none-eabi/13.3.1/thumb/v7-a+fp/hard\libgcc.a(unwind-arm.o)
                0x18008cf8                __aeabi_unwind_cpp_pr2
 .text._Unwind_VRS_Pop
                0x18008d00      0x304 C:/Program Files (x86)/Arm GNU Toolchain arm-none-eabi/13.3 rel1/bin/../lib/gcc/arm-none-eabi/13.3.1/thumb/v7-a+fp/hard\libgcc.a(unwind-arm.o)
                0x18008d00                _Unwind_VRS_Pop
 .text.next_unwind_byte
                0x18009004       0x34 C:/Program Files (x86)/Arm GNU Toolchain arm-none-eabi/13.3 rel1/bin/../lib/gcc/arm-none-eabi/13.3.1/thumb/v7-a+fp/hard\libgcc.a(pr-support.o)
 .text.__gnu_unwind_execute
                0x18009038      0x2fc C:/Program Files (x86)/Arm GNU Toolchain arm-none-eabi/13.3 rel1/bin/../lib/gcc/arm-none-eabi/13.3.1/thumb/v7-a+fp/hard\libgcc.a(pr-support.o)
                0x18009038                __gnu_unwind_execute
 .text.abort    0x18009334       0x10 C:/Program Files (x86)/Arm GNU Toolchain arm-none-eabi/13.3 rel1/bin/../lib/gcc/arm-none-eabi/13.3.1/thumb/v7-a+fp/hard\libg.a(libc_a-abort.o)
                0x18009334                abort
 .text.raise    0x18009344       0x5c C:/Program Files (x86)/Arm GNU Toolchain arm-none-eabi/13.3 rel1/bin/../lib/gcc/arm-none-eabi/13.3.1/thumb/v7-a+fp/hard\libg.a(libc_a-signal.o)
                0x18009344                raise
 .text._kill_r  0x180093a0       0x2c C:/Program Files (x86)/Arm GNU Toolchain arm-none-eabi/13.3 rel1/bin/../lib/gcc/arm-none-eabi/13.3.1/thumb/v7-a+fp/hard\libg.a(libc_a-signalr.o)
                0x180093a0                _kill_r
 .text._getpid_r
                0x180093cc        0x4 C:/Program Files (x86)/Arm GNU Toolchain arm-none-eabi/13.3 rel1/bin/../lib/gcc/arm-none-eabi/13.3.1/thumb/v7-a+fp/hard\libg.a(libc_a-signalr.o)
                0x180093cc                _getpid_r
 .text.__malloc_lock
                0x180093d0        0xc C:/Program Files (x86)/Arm GNU Toolchain arm-none-eabi/13.3 rel1/bin/../lib/gcc/arm-none-eabi/13.3.1/thumb/v7-a+fp/hard\libg.a(libc_a-mlock.o)
                0x180093d0                __malloc_lock
 .text.__malloc_unlock
                0x180093dc        0xc C:/Program Files (x86)/Arm GNU Toolchain arm-none-eabi/13.3 rel1/bin/../lib/gcc/arm-none-eabi/13.3.1/thumb/v7-a+fp/hard\libg.a(libc_a-mlock.o)
                0x180093dc                __malloc_unlock
 .text.stdio_exit_handler
                0x180093e8       0x1c C:/Program Files (x86)/Arm GNU Toolchain arm-none-eabi/13.3 rel1/bin/../lib/gcc/arm-none-eabi/13.3.1/thumb/v7-a+fp/hard\libg.a(libc_a-findfp.o)
 .text.cleanup_stdio
                0x18009404       0x40 C:/Program Files (x86)/Arm GNU Toolchain arm-none-eabi/13.3 rel1/bin/../lib/gcc/arm-none-eabi/13.3.1/thumb/v7-a+fp/hard\libg.a(libc_a-findfp.o)
 .text.global_stdio_init.part.0
                0x18009444       0xf8 C:/Program Files (x86)/Arm GNU Toolchain arm-none-eabi/13.3 rel1/bin/../lib/gcc/arm-none-eabi/13.3.1/thumb/v7-a+fp/hard\libg.a(libc_a-findfp.o)
 .text.__sinit  0x1800953c       0x50 C:/Program Files (x86)/Arm GNU Toolchain arm-none-eabi/13.3 rel1/bin/../lib/gcc/arm-none-eabi/13.3.1/thumb/v7-a+fp/hard\libg.a(libc_a-findfp.o)
                0x1800953c                __sinit
 .text.__sfp_lock_acquire
                0x1800958c        0xc C:/Program Files (x86)/Arm GNU Toolchain arm-none-eabi/13.3 rel1/bin/../lib/gcc/arm-none-eabi/13.3.1/thumb/v7-a+fp/hard\libg.a(libc_a-findfp.o)
                0x1800958c                __sfp_lock_acquire
 .text.__sfp_lock_release
                0x18009598        0xc C:/Program Files (x86)/Arm GNU Toolchain arm-none-eabi/13.3 rel1/bin/../lib/gcc/arm-none-eabi/13.3.1/thumb/v7-a+fp/hard\libg.a(libc_a-findfp.o)
                0x18009598                __sfp_lock_release
 .text._fwalk_sglue
                0x180095a4       0x44 C:/Program Files (x86)/Arm GNU Toolchain arm-none-eabi/13.3 rel1/bin/../lib/gcc/arm-none-eabi/13.3.1/thumb/v7-a+fp/hard\libg.a(libc_a-fwalk.o)
                0x180095a4                _fwalk_sglue
 .text.__sread  0x180095e8       0x24 C:/Program Files (x86)/Arm GNU Toolchain arm-none-eabi/13.3 rel1/bin/../lib/gcc/arm-none-eabi/13.3.1/thumb/v7-a+fp/hard\libg.a(libc_a-stdio.o)
                0x180095e8                __sread
 .text.__swrite
                0x1800960c       0x40 C:/Program Files (x86)/Arm GNU Toolchain arm-none-eabi/13.3 rel1/bin/../lib/gcc/arm-none-eabi/13.3.1/thumb/v7-a+fp/hard\libg.a(libc_a-stdio.o)
                0x1800960c                __swrite
 .text.__sseek  0x1800964c       0x24 C:/Program Files (x86)/Arm GNU Toolchain arm-none-eabi/13.3 rel1/bin/../lib/gcc/arm-none-eabi/13.3.1/thumb/v7-a+fp/hard\libg.a(libc_a-stdio.o)
                0x1800964c                __sseek
 .text.__sclose
                0x18009670        0x8 C:/Program Files (x86)/Arm GNU Toolchain arm-none-eabi/13.3 rel1/bin/../lib/gcc/arm-none-eabi/13.3.1/thumb/v7-a+fp/hard\libg.a(libc_a-stdio.o)
                0x18009670                __sclose
 .text.memset   0x18009678       0xa8 C:/Program Files (x86)/Arm GNU Toolchain arm-none-eabi/13.3 rel1/bin/../lib/gcc/arm-none-eabi/13.3.1/thumb/v7-a+fp/hard\libg.a(libc_a-memset.o)
                0x18009678                memset
 .text._close_r
                0x18009720       0x28 C:/Program Files (x86)/Arm GNU Toolchain arm-none-eabi/13.3 rel1/bin/../lib/gcc/arm-none-eabi/13.3.1/thumb/v7-a+fp/hard\libg.a(libc_a-closer.o)
                0x18009720                _close_r
 .text._lseek_r
                0x18009748       0x30 C:/Program Files (x86)/Arm GNU Toolchain arm-none-eabi/13.3 rel1/bin/../lib/gcc/arm-none-eabi/13.3.1/thumb/v7-a+fp/hard\libg.a(libc_a-lseekr.o)
                0x18009748                _lseek_r
 .text._read_r  0x18009778       0x30 C:/Program Files (x86)/Arm GNU Toolchain arm-none-eabi/13.3 rel1/bin/../lib/gcc/arm-none-eabi/13.3.1/thumb/v7-a+fp/hard\libg.a(libc_a-readr.o)
                0x18009778                _read_r