Archive member included to satisfy reference by file (symbol)

C:/Program Files (x86)/Arm GNU Toolchain arm-none-eabi/13.3 rel1/bin/../lib/gcc/arm-none-eabi/13.3.1/thumb/v7-a+fp/hard\libstdc++.a(atexit_arm.o)
                              ./src/drivers/Camera.o (__aeabi_atexit)
C:/Program Files (x86)/Arm GNU Toolchain arm-none-eabi/13.3 rel1/bin/../lib/gcc/arm-none-eabi/13.3.1/thumb/v7-a+fp/hard\libstdc++.a(class_type_info.o)
                              ./src/drivers/Camera.o (vtable for __cxxabiv1::__class_type_info)
C:/Program Files (x86)/Arm GNU Toolchain arm-none-eabi/13.3 rel1/bin/../lib/gcc/arm-none-eabi/13.3.1/thumb/v7-a+fp/hard\libstdc++.a(del_ops.o)
                              ./src/drivers/Camera.o (operator delete(void*, unsigned int))
C:/Program Files (x86)/Arm GNU Toolchain arm-none-eabi/13.3 rel1/bin/../lib/gcc/arm-none-eabi/13.3.1/thumb/v7-a+fp/hard\libstdc++.a(eh_arm.o)
                              ./src/drivers/Camera.o (__cxa_end_cleanup)
C:/Program Files (x86)/Arm GNU Toolchain arm-none-eabi/13.3 rel1/bin/../lib/gcc/arm-none-eabi/13.3.1/thumb/v7-a+fp/hard\libstdc++.a(eh_exception.o)
                              C:/Program Files (x86)/Arm GNU Toolchain arm-none-eabi/13.3 rel1/bin/../lib/gcc/arm-none-eabi/13.3.1/thumb/v7-a+fp/hard\libstdc++.a(eh_arm.o) (typeinfo for __cxxabiv1::__forced_unwind)
C:/Program Files (x86)/Arm GNU Toolchain arm-none-eabi/13.3 rel1/bin/../lib/gcc/arm-none-eabi/13.3.1/thumb/v7-a+fp/hard\libstdc++.a(eh_globals.o)
                              C:/Program Files (x86)/Arm GNU Toolchain arm-none-eabi/13.3 rel1/bin/../lib/gcc/arm-none-eabi/13.3.1/thumb/v7-a+fp/hard\libstdc++.a(eh_arm.o) (__cxa_get_globals)
C:/Program Files (x86)/Arm GNU Toolchain arm-none-eabi/13.3 rel1/bin/../lib/gcc/arm-none-eabi/13.3.1/thumb/v7-a+fp/hard\libstdc++.a(eh_personality.o)
                              ./src/drivers/Camera.o (__gxx_personality_v0)
C:/Program Files (x86)/Arm GNU Toolchain arm-none-eabi/13.3 rel1/bin/../lib/gcc/arm-none-eabi/13.3.1/thumb/v7-a+fp/hard\libstdc++.a(eh_terminate.o)
                              C:/Program Files (x86)/Arm GNU Toolchain arm-none-eabi/13.3 rel1/bin/../lib/gcc/arm-none-eabi/13.3.1/thumb/v7-a+fp/hard\libstdc++.a(eh_arm.o) (std::terminate())
C:/Program Files (x86)/Arm GNU Toolchain arm-none-eabi/13.3 rel1/bin/../lib/gcc/arm-none-eabi/13.3.1/thumb/v7-a+fp/hard\libstdc++.a(eh_unex_handler.o)
                              C:/Program Files (x86)/Arm GNU Toolchain arm-none-eabi/13.3 rel1/bin/../lib/gcc/arm-none-eabi/13.3.1/thumb/v7-a+fp/hard\libstdc++.a(eh_terminate.o) (__cxxabiv1::__unexpected_handler)
C:/Program Files (x86)/Arm GNU Toolchain arm-none-eabi/13.3 rel1/bin/../lib/gcc/arm-none-eabi/13.3.1/thumb/v7-a+fp/hard\libstdc++.a(si_class_type_info.o)
                              ./src/drivers/Camera.o (vtable for __cxxabiv1::__si_class_type_info)
C:/Program Files (x86)/Arm GNU Toolchain arm-none-eabi/13.3 rel1/bin/../lib/gcc/arm-none-eabi/13.3.1/thumb/v7-a+fp/hard\libstdc++.a(tinfo.o)
                              C:/Program Files (x86)/Arm GNU Toolchain arm-none-eabi/13.3 rel1/bin/../lib/gcc/arm-none-eabi/13.3.1/thumb/v7-a+fp/hard\libstdc++.a(class_type_info.o) (std::type_info::~type_info())
C:/Program Files (x86)/Arm GNU Toolchain arm-none-eabi/13.3 rel1/bin/../lib/gcc/arm-none-eabi/13.3.1/thumb/v7-a+fp/hard\libstdc++.a(vterminate.o)
                              C:/Program Files (x86)/Arm GNU Toolchain arm-none-eabi/13.3 rel1/bin/../lib/gcc/arm-none-eabi/13.3.1/thumb/v7-a+fp/hard\libstdc++.a(eh_terminate.o) (__gnu_cxx::__verbose_terminate_handler())
C:/Program Files (x86)/Arm GNU Toolchain arm-none-eabi/13.3 rel1/bin/../lib/gcc/arm-none-eabi/13.3.1/thumb/v7-a+fp/hard\libstdc++.a(cp-demangle.o)
                              C:/Program Files (x86)/Arm GNU Toolchain arm-none-eabi/13.3 rel1/bin/../lib/gcc/arm-none-eabi/13.3.1/thumb/v7-a+fp/hard\libstdc++.a(vterminate.o) (__cxa_demangle)
C:/Program Files (x86)/Arm GNU Toolchain arm-none-eabi/13.3 rel1/bin/../lib/gcc/arm-none-eabi/13.3.1/thumb/v7-a+fp/hard\libstdc++.a(del_op.o)
                              C:/Program Files (x86)/Arm GNU Toolchain arm-none-eabi/13.3 rel1/bin/../lib/gcc/arm-none-eabi/13.3.1/thumb/v7-a+fp/hard\libstdc++.a(del_ops.o) (operator delete(void*))
C:/Program Files (x86)/Arm GNU Toolchain arm-none-eabi/13.3 rel1/bin/../lib/gcc/arm-none-eabi/13.3.1/thumb/v7-a+fp/hard\libstdc++.a(eh_call.o)
                              C:/Program Files (x86)/Arm GNU Toolchain arm-none-eabi/13.3 rel1/bin/../lib/gcc/arm-none-eabi/13.3.1/thumb/v7-a+fp/hard\libstdc++.a(eh_personality.o) (__cxa_call_terminate)
C:/Program Files (x86)/Arm GNU Toolchain arm-none-eabi/13.3 rel1/bin/../lib/gcc/arm-none-eabi/13.3.1/thumb/v7-a+fp/hard\libstdc++.a(eh_catch.o)
                              C:/Program Files (x86)/Arm GNU Toolchain arm-none-eabi/13.3 rel1/bin/../lib/gcc/arm-none-eabi/13.3.1/thumb/v7-a+fp/hard\libstdc++.a(eh_personality.o) (__cxa_begin_catch)
[...]
Memory Configuration

Name             Origin             Length             Attributes
BOOT_LOADER      0x18000000         0x00004000
SFLASH           0x18004000         0x07ffc000
RAM              0x20020000         0x00500000
*default*        0x00000000         0xffffffff

Linker script and memory map

LOAD ./src/drivers/video/video_decoder/video_decoder.o
LOAD ./src/drivers/video/vdec/src/r_vdec.o
LOAD ./src/drivers/video/vdec/src/r_vdec_check_parameter.o
LOAD ./src/drivers/video/vdec/src/r_vdec_register.o
LOAD ./src/drivers/video/vdec/src/r_vdec_register_address.o
LOAD ./src/drivers/video/vdc5/src/r_vdc5.o
LOAD ./src/drivers/video/vdc5/src/r_vdc5_check_parameter.o
LOAD ./src/drivers/video/vdc5/src/r_vdc5_interrupt.o
LOAD ./src/drivers/video/vdc5/src/r_vdc5_register.o
LOAD ./src/drivers/video/vdc5/src/r_vdc5_register_address.o
LOAD ./src/drivers/video/vdc5/src/r_vdc5_shared_param.o
LOAD ./src/drivers/video/lvds/lvds_pll_data.o
LOAD ./src/drivers/video/lvds/lvds_pll_main.o
LOAD ./src/drivers/video/DisplayBase.o
LOAD ./src/drivers/video/gr_peach_vdc5.o
LOAD ./src/drivers/video/lcd_settings.o
LOAD ./src/drivers/Camera.o
LOAD ./src/drivers/Onboard.o
LOAD ./src/drivers/Serial.o
LOAD ./src/mcr_camera_2026base.o
LOAD ./generate/hwsetup.o
LOAD ./generate/inthandler.o
LOAD ./generate/mbed_sf_boot.o
LOAD ./generate/start.o
LOAD ./generate/vect_table.o
LOAD ./generate/vects.o
START GROUP
END GROUP
LOAD C:/Program Files (x86)/Arm GNU Toolchain arm-none-eabi/13.3 rel1/bin/../lib/gcc/arm-none-eabi/13.3.1/thumb/v7-a+fp/hard\libstdc++.a
LOAD C:/Program Files (x86)/Arm GNU Toolchain arm-none-eabi/13.3 rel1/bin/../lib/gcc/arm-none-eabi/13.3.1/thumb/v7-a+fp/hard\libm.a
START GROUP
LOAD C:/Program Files (x86)/Arm GNU Toolchain arm-none-eabi/13.3 rel1/bin/../lib/gcc/arm-none-eabi/13.3.1/thumb/v7-a+fp/hard\libgcc.a
LOAD C:/Program Files (x86)/Arm GNU Toolchain arm-none-eabi/13.3 rel1/bin/../lib/gcc/arm-none-eabi/13.3.1/thumb/v7-a+fp/hard\libg.a
LOAD C:/Program Files (x86)/Arm GNU Toolchain arm-none-eabi/13.3 rel1/bin/../lib/gcc/arm-none-eabi/13.3.1/thumb/v7-a+fp/hard\libc.a
END GROUP
START GROUP
LOAD C:/Program Files (x86)/Arm GNU Toolchain arm-none-eabi/13.3 rel1/bin/../lib/gcc/arm-none-eabi/13.3.1/thumb/v7-a+fp/hard\libgcc.a
LOAD C:/Program Files (x86)/Arm GNU Toolchain arm-none-eabi/13.3 rel1/bin/../lib/gcc/arm-none-eabi/13.3.1/thumb/v7-a+fp/hard\libc.a
LOAD C:/Program Files (x86)/Arm GNU Toolchain arm-none-eabi/13.3 rel1/bin/../lib/gcc/arm-none-eabi/13.3.1/thumb/v7-a+fp/hard\librdimon.a
END GROUP

.boot           0x18000000     0x3100
 *(.boot_loader)
 .boot_loader   0x18000000     0x3100 ./generate/mbed_sf_boot.o
                0x18000000                boot_loader

.fvectors       0x18004000       0x40
 *(.fvectors)
 .fvectors      0x18004000       0x40 ./generate/vect_table.o
                0x18004000                Start
                0x18004000                vector_table

.text           0x18004040    0x23aa0
 *(.text)
 .text          0x18004040       0xc0 ./generate/start.o
                0x18004054                _PowerON_Reset
 .text          0x18004100      0x278 C:/Program Files (x86)/Arm GNU Toolchain arm-none-eabi/13.3 rel1/bin/../lib/gcc/arm-none-eabi/13.3.1/thumb/v7-a+fp/hard\libgcc.a(_udivsi3.o)
                0x18004100                __aeabi_uidiv
                0x18004100                __udivsi3
                0x1800435c                __aeabi_uidivmod
 .text          0x18004378        0x4 C:/Program Files (x86)/Arm GNU Toolchain arm-none-eabi/13.3 rel1/bin/../lib/gcc/arm-none-eabi/13.3.1/thumb/v7-a+fp/hard\libgcc.a(_dvmd_tls.o)
                0x18004378                __aeabi_idiv0
                0x18004378                __aeabi_ldiv0
 .text          0x1800437c      0x1ac C:/Program Files (x86)/Arm GNU Toolchain arm-none-eabi/13.3 rel1/bin/../lib/gcc/arm-none-eabi/13.3.1/thumb/v7-a+fp/hard\libgcc.a(libunwind.o)
                0x1800437c                __restore_core_regs
                0x1800437c                restore_core_regs
                0x18004394                __gnu_Unwind_Restore_VFP
                0x1800439c                __gnu_Unwind_Save_VFP
                0x180043a4                __gnu_Unwind_Restore_VFP_D
                0x180043ac                __gnu_Unwind_Save_VFP_D
                0x180043b4                __gnu_Unwind_Restore_VFP_D_16_to_31
                0x180043bc                __gnu_Unwind_Save_VFP_D_16_to_31
                0x180043c4                __gnu_Unwind_Restore_WMMXD
                0x18004408                __gnu_Unwind_Save_WMMXD
                0x1800444c                __gnu_Unwind_Restore_WMMXC
                0x18004460                __gnu_Unwind_Save_WMMXC
                0x18004474                ___Unwind_RaiseException
                0x18004474                _Unwind_RaiseException
                0x18004498                _Unwind_Resume
                0x18004498                ___Unwind_Resume
                0x180044bc                _Unwind_Resume_or_Rethrow
                0x180044bc                ___Unwind_Resume_or_Rethrow
                0x180044e0                _Unwind_ForcedUnwind
                0x180044e0                ___Unwind_ForcedUnwind
                0x18004504                ___Unwind_Backtrace
                0x18004504                _Unwind_Backtrace
 *fill*         0x18004528       0x18 
 .text          0x18004540      0x2e0 C:/Program Files (x86)/Arm GNU Toolchain arm-none-eabi/13.3 rel1/bin/../lib/gcc/arm-none-eabi/13.3.1/thumb/v7-a+fp/hard\libg.a(libc_a-strcmp.o)
                0x18004540                strcmp
 .text          0x18004820       0xa0 C:/Program Files (x86)/Arm GNU Toolchain arm-none-eabi/13.3 rel1/bin/../lib/gcc/arm-none-eabi/13.3.1/thumb/v7-a+fp/hard\libg.a(libc_a-memchr.o)
                0x18004820                memchr
 .text          0x180048c0      0x5e0 C:/Program Files (x86)/Arm GNU Toolchain arm-none-eabi/13.3 rel1/bin/../lib/gcc/arm-none-eabi/13.3.1/thumb/v7-a+fp/hard\libg.a(libc_a-memcpy.o)
                0x180048c0                memcpy
 *fill*         0x18004ea0       0x20 
 .text          0x18004ec0       0xd8 C:/Program Files (x86)/Arm GNU Toolchain arm-none-eabi/13.3 rel1/bin/../lib/gcc/arm-none-eabi/13.3.1/thumb/v7-a+fp/hard\libg.a(libc_a-strlen.o)
                0x18004ec0                strlen
 .text          0x18004f98      0x2b0 C:/Program Files (x86)/Arm GNU Toolchain arm-none-eabi/13.3 rel1/bin/../lib/gcc/arm-none-eabi/13.3.1/thumb/v7-a+fp/hard\libgcc.a(_divsi3.o)
                0x18004f98                __divsi3
                0x18004f98                __aeabi_idiv
                0x1800522c                __aeabi_idivmod
 *(.text.*)
 .text.GRAPHICS_VideoDecoderInit
                0x18005248       0xe8 ./src/drivers/video/video_decoder/video_decoder.o
                0x18005248                GRAPHICS_VideoDecoderInit
 .text.init_func
                0x18005330       0x88 ./src/drivers/video/video_decoder/video_decoder.o
 .text.Input    0x180053b8       0x9c ./src/drivers/video/video_decoder/video_decoder.o
 .text.SyncSep  0x18005454      0x208 ./src/drivers/video/video_decoder/video_decoder.o
 .text.YcSep    0x1800565c      0x28c ./src/drivers/video/video_decoder/video_decoder.o
 .text.ChromaDec
                0x180058e8      0x17c ./src/drivers/video/video_decoder/video_decoder.o
 .text.DigitalClamp
                0x18005a64       0xcc ./src/drivers/video/video_decoder/video_decoder.o
 .text.Output   0x18005b30       0x54 ./src/drivers/video/video_decoder/video_decoder.o
 .text.R_VDEC_Initialize
                0x18005b84       0xb4 ./src/drivers/video/vdec/src/r_vdec.o
                0x18005b84                R_VDEC_Initialize
 .text.R_VDEC_ActivePeriod
                0x18005c38       0x88 ./src/drivers/video/vdec/src/r_vdec.o
                0x18005c38                R_VDEC_ActivePeriod
 .text.R_VDEC_SyncSeparation
                0x18005cc0       0x88 ./src/drivers/video/vdec/src/r_vdec.o
                0x18005cc0                R_VDEC_SyncSeparation
 .text.R_VDEC_YcSeparation
                0x18005d48       0x88 ./src/drivers/video/vdec/src/r_vdec.o
                0x18005d48                R_VDEC_YcSeparation
 .text.R_VDEC_ChromaDecoding
                0x18005dd0       0x88 ./src/drivers/video/vdec/src/r_vdec.o
                0x18005dd0                R_VDEC_ChromaDecoding
 .text.R_VDEC_DigitalClamp
                0x18005e58       0x88 ./src/drivers/video/vdec/src/r_vdec.o
                0x18005e58                R_VDEC_DigitalClamp
 .text.R_VDEC_Output
                0x18005ee0       0x88 ./src/drivers/video/vdec/src/r_vdec.o
                0x18005ee0                R_VDEC_Output
 .text.VDEC_InitializeCheckParam
                0x18005f68       0x58 ./src/drivers/video/vdec/src/r_vdec_check_parameter.o
                0x18005f68                VDEC_InitializeCheckParam
 .text.VDEC_ActivePeriodCheckParam
                0x18005fc0       0xb8 ./src/drivers/video/vdec/src/r_vdec_check_parameter.o
                0x18005fc0                VDEC_ActivePeriodCheckParam
 .text.VDEC_SyncSeparationCheckParam
                0x18006078      0x13c ./src/drivers/video/vdec/src/r_vdec_check_parameter.o
                0x18006078                VDEC_SyncSeparationCheckParam
 .text.VDEC_YcSeparationCheckParam
                0x180061b4      0x13c ./src/drivers/video/vdec/src/r_vdec_check_parameter.o
                0x180061b4                VDEC_YcSeparationCheckParam
 .text.VDEC_ChromaDecodingCheckParam
                0x180062f0      0x10c ./src/drivers/video/vdec/src/r_vdec_check_parameter.o
                0x180062f0                VDEC_ChromaDecodingCheckParam
 .text.VDEC_DigitalClampCheckParam
                0x180063fc      0x1e0 ./src/drivers/video/vdec/src/r_vdec_check_parameter.o
                0x180063fc                VDEC_DigitalClampCheckParam
 .text.VDEC_OutputCheckParam
                0x180065dc       0x9c ./src/drivers/video/vdec/src/r_vdec_check_parameter.o
                0x180065dc                VDEC_OutputCheckParam
 .text.NoiseReductionLPFCheckParam
                0x18006678       0x74 ./src/drivers/video/vdec/src/r_vdec_check_parameter.o
 .text.SyncSlicerCheckParam
                0x180066ec      0x158 ./src/drivers/video/vdec/src/r_vdec_check_parameter.o
 .text.HorizontalAFCCheckParam
                0x18006844      0x11c ./src/drivers/video/vdec/src/r_vdec_check_parameter.o
 .text.VerticalCountdownCheckParam
                0x18006960       0x90 ./src/drivers/video/vdec/src/r_vdec_check_parameter.o
 .text.AgcPgaCheckParam
                0x180069f0       0xac ./src/drivers/video/vdec/src/r_vdec_check_parameter.o
 .text.PeakLimiterControlCheckParam
                0x18006a9c       0xc8 ./src/drivers/video/vdec/src/r_vdec_check_parameter.o
 .text.OverRangeControlCheckParam
                0x18006b64       0xe4 ./src/drivers/video/vdec/src/r_vdec_check_parameter.o
 .text.YcSeparationControlCheckParam
                0x18006c48      0x20c ./src/drivers/video/vdec/src/r_vdec_check_parameter.o
 .text.FilterTAPsCoefficientCheckParam
                0x18006e54       0x90 ./src/drivers/video/vdec/src/r_vdec_check_parameter.o
 .text.ChromaDecodingControlCheckParam
                0x18006ee4       0xa0 ./src/drivers/video/vdec/src/r_vdec_check_parameter.o
 .text.BurstLockCheckParam
                0x18006f84       0xe4 ./src/drivers/video/vdec/src/r_vdec_check_parameter.o
 .text.AccColorKillerCheckParam
                0x18007068      0x11c ./src/drivers/video/vdec/src/r_vdec_check_parameter.o
 .text.VDEC_Initialize
                0x18007184       0xac ./src/drivers/video/vdec/src/r_vdec_register.o
                0x18007184                VDEC_Initialize
 .text.VDEC_ActivePeriod
                0x18007230       0x98 ./src/drivers/video/vdec/src/r_vdec_register.o
                0x18007230                VDEC_ActivePeriod
 .text.VDEC_SyncSeparation
                0x180072c8       0xb8 ./src/drivers/video/vdec/src/r_vdec_register.o
                0x180072c8                VDEC_SyncSeparation
 .text.VDEC_YcSeparation
                0x18007380      0x14c ./src/drivers/video/vdec/src/r_vdec_register.o
                0x18007380                VDEC_YcSeparation
 .text.VDEC_ChromaDecoding
                0x180074cc      0x478 ./src/drivers/video/vdec/src/r_vdec_register.o
                0x180074cc                VDEC_ChromaDecoding
 .text.VDEC_DigitalClamp
                0x18007944      0x2dc ./src/drivers/video/vdec/src/r_vdec_register.o
                0x18007944                VDEC_DigitalClamp
 .text.VDEC_Output
                0x18007c20       0x80 ./src/drivers/video/vdec/src/r_vdec_register.o
                0x18007c20                VDEC_Output
 .text.NoiseReductionLPF
                0x18007ca0       0x90 ./src/drivers/video/vdec/src/r_vdec_register.o
 .text.SyncSlicer
                0x18007d30      0x1c0 ./src/drivers/video/vdec/src/r_vdec_register.o
 .text.HorizontalAFC
                0x18007ef0      0x198 ./src/drivers/video/vdec/src/r_vdec_register.o
 .text.VerticalCountdown
                0x18008088       0xd8 ./src/drivers/video/vdec/src/r_vdec_register.o
 .text.AgcPga   0x18008160      0x1e8 ./src/drivers/video/vdec/src/r_vdec_register.o
 .text.PeakLimiterControl
                0x18008348       0xb8 ./src/drivers/video/vdec/src/r_vdec_register.o
 .text.OverRangeControl
                0x18008400      0x150 ./src/drivers/video/vdec/src/r_vdec_register.o
 .text.YcSeparationControl
                0x18008550      0x41c ./src/drivers/video/vdec/src/r_vdec_register.o
 .text.FilterTAPsCoefficient
                0x1800896c       0x94 ./src/drivers/video/vdec/src/r_vdec_register.o
 .text.R_VDC5_Initialize
                0x18008a00      0x1a4 ./src/drivers/video/vdc5/src/r_vdc5.o
                0x18008a00                R_VDC5_Initialize
 .text.R_VDC5_VideoInput
                0x18008ba4       0x88 ./src/drivers/video/vdc5/src/r_vdc5.o
                0x18008ba4                R_VDC5_VideoInput
 .text.R_VDC5_SyncControl
                0x18008c2c      0x144 ./src/drivers/video/vdc5/src/r_vdc5.o
                0x18008c2c                R_VDC5_SyncControl
 .text.R_VDC5_DisplayOutput
                0x18008d70       0xf0 ./src/drivers/video/vdc5/src/r_vdc5.o
                0x18008d70                R_VDC5_DisplayOutput
 .text.R_VDC5_CallbackISR
                0x18008e60       0xcc ./src/drivers/video/vdc5/src/r_vdc5.o
                0x18008e60                R_VDC5_CallbackISR
 .text.R_VDC5_WriteDataControl
                0x18008f2c      0x16c ./src/drivers/video/vdc5/src/r_vdc5.o
                0x18008f2c                R_VDC5_WriteDataControl
 .text.R_VDC5_StartProcess
                0x18009098       0xbc ./src/drivers/video/vdc5/src/r_vdc5.o
                0x18009098                R_VDC5_StartProcess
 .text.R_VDC5_StopProcess
                0x18009154       0xbc ./src/drivers/video/vdc5/src/r_vdc5.o
                0x18009154                R_VDC5_StopProcess
 .text.ConvertRwProcId2SclId
                0x18009210       0x80 ./src/drivers/video/vdc5/src/r_vdc5.o
 .text.VDC5_InitializeCheckPrm
                0x18009290      0x450 ./src/drivers/video/vdc5/src/r_vdc5_check_parameter.o
                0x18009290                VDC5_InitializeCheckPrm
 .text.VDC5_VideoInputCheckPrm
                0x180096e0      0x2a0 ./src/drivers/video/vdc5/src/r_vdc5_check_parameter.o
                0x180096e0                VDC5_VideoInputCheckPrm
 .text.VDC5_SyncControlCheckPrm
                0x18009980       0xec ./src/drivers/video/vdc5/src/r_vdc5_check_parameter.o
                0x18009980                VDC5_SyncControlCheckPrm
 .text.VDC5_DisplayOutputCheckPrm
                0x18009a6c      0x1f4 ./src/drivers/video/vdc5/src/r_vdc5_check_parameter.o
                0x18009a6c                VDC5_DisplayOutputCheckPrm
 .text.VDC5_CallbackISRCheckPrm
                0x18009c60       0xf4 ./src/drivers/video/vdc5/src/r_vdc5_check_parameter.o
                0x18009c60                VDC5_CallbackISRCheckPrm
 .text.VDC5_WriteDataControlCheckPrm
                0x18009d54      0x2dc ./src/drivers/video/vdc5/src/r_vdc5_check_parameter.o
                0x18009d54                VDC5_WriteDataControlCheckPrm
 .text.VDC5_StartProcessCheckPrm
                0x1800a030      0x15c ./src/drivers/video/vdc5/src/r_vdc5_check_parameter.o
                0x1800a030                VDC5_StartProcessCheckPrm
 .text.VDC5_StopProcessCheckPrm
                0x1800a18c       0x74 ./src/drivers/video/vdc5/src/r_vdc5_check_parameter.o
                0x1800a18c                VDC5_StopProcessCheckPrm
 .text.CheckChannel
                0x1800a200       0x4c ./src/drivers/video/vdc5/src/r_vdc5_check_parameter.o
 .text.CheckLayerId
                0x1800a24c       0x70 ./src/drivers/video/vdc5/src/r_vdc5_check_parameter.o
 .text.CheckRect
                0x1800a2bc      0x134 ./src/drivers/video/vdc5/src/r_vdc5_check_parameter.o
 .text.CheckTcon_Horizontal
                0x1800a3f0       0x94 ./src/drivers/video/vdc5/src/r_vdc5_check_parameter.o
 .text.CheckTcon_HorizontalPol
                0x1800a484       0xb0 ./src/drivers/video/vdc5/src/r_vdc5_check_parameter.o
 .text.CheckTcon_Vertical
                0x1800a534       0x94 ./src/drivers/video/vdc5/src/r_vdc5_check_parameter.o
 .text.CheckTcon_DataEnable
                0x1800a5c8       0x5c ./src/drivers/video/vdc5/src/r_vdc5_check_parameter.o
 .text.R_VDC5_GetISR
                0x1800a624       0x84 ./src/drivers/video/vdc5/src/r_vdc5_interrupt.o
                0x1800a624                R_VDC5_GetISR
 .text.VDC5_Int_Disable
                0x1800a6a8       0xc0 ./src/drivers/video/vdc5/src/r_vdc5_interrupt.o
                0x1800a6a8                VDC5_Int_Disable
 .text.VDC5_Int_SetInterrupt
                0x1800a768      0x438 ./src/drivers/video/vdc5/src/r_vdc5_interrupt.o
                0x1800a768                VDC5_Int_SetInterrupt
 .text.VDC5_Ch0_s0_vi_vsync_ISR
                0x1800aba0       0xb0 ./src/drivers/video/vdc5/src/r_vdc5_interrupt.o
 .text.VDC5_Ch0_s0_lo_vsync_ISR
                0x1800ac50       0xb0 ./src/drivers/video/vdc5/src/r_vdc5_interrupt.o
 .text.VDC5_Ch0_s0_vsyncerr_ISR
                0x1800ad00       0xb0 ./src/drivers/video/vdc5/src/r_vdc5_interrupt.o
 .text.VDC5_Ch0_vline_ISR
                0x1800adb0       0xb0 ./src/drivers/video/vdc5/src/r_vdc5_interrupt.o
 .text.VDC5_Ch0_s0_vfield_ISR
                0x1800ae60       0xb0 ./src/drivers/video/vdc5/src/r_vdc5_interrupt.o
 .text.VDC5_Ch0_iv1_vbuferr_ISR
                0x1800af10       0xb0 ./src/drivers/video/vdc5/src/r_vdc5_interrupt.o
 .text.VDC5_Ch0_iv3_vbuferr_ISR
                0x1800afc0       0xb0 ./src/drivers/video/vdc5/src/r_vdc5_interrupt.o
 .text.VDC5_Ch0_iv5_vbuferr_ISR
                0x1800b070       0xb0 ./src/drivers/video/vdc5/src/r_vdc5_interrupt.o
 .text.VDC5_Ch0_iv6_vbuferr_ISR
                0x1800b120       0xb0 ./src/drivers/video/vdc5/src/r_vdc5_interrupt.o
 .text.VDC5_Ch0_s0_wline_ISR
                0x1800b1d0       0xb0 ./src/drivers/video/vdc5/src/r_vdc5_interrupt.o
 .text.VDC5_Ch0_s1_vi_vsync_ISR
                0x1800b280       0xb0 ./src/drivers/video/vdc5/src/r_vdc5_interrupt.o
 .text.VDC5_Ch0_s1_lo_vsync_ISR
                0x1800b330       0xb0 ./src/drivers/video/vdc5/src/r_vdc5_interrupt.o
 .text.VDC5_Ch0_s1_vsyncerr_ISR
                0x1800b3e0       0xb0 ./src/drivers/video/vdc5/src/r_vdc5_interrupt.o
 .text.VDC5_Ch0_s1_vfield_ISR
                0x1800b490       0xb0 ./src/drivers/video/vdc5/src/r_vdc5_interrupt.o
 .text.VDC5_Ch0_iv2_vbuferr_ISR
                0x1800b540       0xb0 ./src/drivers/video/vdc5/src/r_vdc5_interrupt.o
 .text.VDC5_Ch0_iv4_vbuferr_ISR
                0x1800b5f0       0xb0 ./src/drivers/video/vdc5/src/r_vdc5_interrupt.o
 .text.VDC5_Ch0_s1_wline_ISR
                0x1800b6a0       0xb0 ./src/drivers/video/vdc5/src/r_vdc5_interrupt.o
 .text.VDC5_Ch0_oir_vi_vsync_ISR
                0x1800b750       0xb0 ./src/drivers/video/vdc5/src/r_vdc5_interrupt.o
 .text.VDC5_Ch0_oir_lo_vsync_ISR
                0x1800b800       0xb0 ./src/drivers/video/vdc5/src/r_vdc5_interrupt.o
 .text.VDC5_Ch0_oir_vline_ISR
                0x1800b8b0       0xb0 ./src/drivers/video/vdc5/src/r_vdc5_interrupt.o
 .text.VDC5_Ch0_oir_vfield_ISR
                0x1800b960       0xb0 ./src/drivers/video/vdc5/src/r_vdc5_interrupt.o
 .text.VDC5_Ch0_iv7_vbuferr_ISR
                0x1800ba10       0xb0 ./src/drivers/video/vdc5/src/r_vdc5_interrupt.o
 .text.VDC5_Ch0_iv8_vbuferr_ISR
                0x1800bac0       0xb0 ./src/drivers/video/vdc5/src/r_vdc5_interrupt.o
 .text.VDC5_Ch1_s0_vi_vsync_ISR
                0x1800bb70       0xb0 ./src/drivers/video/vdc5/src/r_vdc5_interrupt.o
 .text.VDC5_Ch1_s0_lo_vsync_ISR
                0x1800bc20       0xb0 ./src/drivers/video/vdc5/src/r_vdc5_interrupt.o
 .text.VDC5_Ch1_s0_vsyncerr_ISR
                0x1800bcd0       0xb0 ./src/drivers/video/vdc5/src/r_vdc5_interrupt.o
 .text.VDC5_Ch1_vline_ISR
                0x1800bd80       0xb0 ./src/drivers/video/vdc5/src/r_vdc5_interrupt.o
 .text.VDC5_Ch1_s0_vfield_ISR
                0x1800be30       0xb0 ./src/drivers/video/vdc5/src/r_vdc5_interrupt.o
 .text.VDC5_Ch1_iv1_vbuferr_ISR
                0x1800bee0       0xb0 ./src/drivers/video/vdc5/src/r_vdc5_interrupt.o
 .text.VDC5_Ch1_iv3_vbuferr_ISR
                0x1800bf90       0xb0 ./src/drivers/video/vdc5/src/r_vdc5_interrupt.o
 .text.VDC5_Ch1_iv5_vbuferr_ISR
                0x1800c040       0xb0 ./src/drivers/video/vdc5/src/r_vdc5_interrupt.o
 .text.VDC5_Ch1_iv6_vbuferr_ISR
                0x1800c0f0       0xb0 ./src/drivers/video/vdc5/src/r_vdc5_interrupt.o
 .text.VDC5_Ch1_s0_wline_ISR
                0x1800c1a0       0xb0 ./src/drivers/video/vdc5/src/r_vdc5_interrupt.o
 .text.VDC5_Ch1_s1_vi_vsync_ISR
                0x1800c250       0xb0 ./src/drivers/video/vdc5/src/r_vdc5_interrupt.o
 .text.VDC5_Ch1_s1_lo_vsync_ISR
                0x1800c300       0xb0 ./src/drivers/video/vdc5/src/r_vdc5_interrupt.o
 .text.VDC5_Ch1_s1_vsyncerr_ISR
                0x1800c3b0       0xb0 ./src/drivers/video/vdc5/src/r_vdc5_interrupt.o
 .text.VDC5_Ch1_s1_vfield_ISR
                0x1800c460       0xb0 ./src/drivers/video/vdc5/src/r_vdc5_interrupt.o
 .text.VDC5_Ch1_iv2_vbuferr_ISR
                0x1800c510       0xb0 ./src/drivers/video/vdc5/src/r_vdc5_interrupt.o
 .text.VDC5_Ch1_iv4_vbuferr_ISR
                0x1800c5c0       0xb0 ./src/drivers/video/vdc5/src/r_vdc5_interrupt.o
 .text.VDC5_Ch1_s1_wline_ISR
                0x1800c670       0xb0 ./src/drivers/video/vdc5/src/r_vdc5_interrupt.o
 .text.VDC5_Ch1_oir_vi_vsync_ISR
                0x1800c720       0xb0 ./src/drivers/video/vdc5/src/r_vdc5_interrupt.o
 .text.VDC5_Ch1_oir_lo_vsync_ISR
                0x1800c7d0       0xb0 ./src/drivers/video/vdc5/src/r_vdc5_interrupt.o
 .text.VDC5_Ch1_oir_vline_ISR
                0x1800c880       0xb0 ./src/drivers/video/vdc5/src/r_vdc5_interrupt.o
 .text.VDC5_Ch1_oir_vfield_ISR
                0x1800c930       0xb0 ./src/drivers/video/vdc5/src/r_vdc5_interrupt.o
 .text.VDC5_Ch1_iv7_vbuferr_ISR
                0x1800c9e0       0xb0 ./src/drivers/video/vdc5/src/r_vdc5_interrupt.o
 .text.VDC5_Ch1_iv8_vbuferr_ISR
                0x1800ca90       0xb0 ./src/drivers/video/vdc5/src/r_vdc5_interrupt.o
 .text.VDC5_Initialize
                0x1800cb40      0x3d0 ./src/drivers/video/vdc5/src/r_vdc5_register.o
                0x1800cb40                VDC5_Initialize
 .text.VDC5_VideoInput
                0x1800cf10      0x23c ./src/drivers/video/vdc5/src/r_vdc5_register.o
                0x1800cf10                VDC5_VideoInput
 .text.VDC5_SyncControl
                0x1800d14c      0x5f0 ./src/drivers/video/vdc5/src/r_vdc5_register.o
                0x1800d14c                VDC5_SyncControl
 .text.VDC5_DisplayOutput
                0x1800d73c      0x4c8 ./src/drivers/video/vdc5/src/r_vdc5_register.o
                0x1800d73c                VDC5_DisplayOutput
 .text.VDC5_WriteDataControl
                0x1800dc04      0x650 ./src/drivers/video/vdc5/src/r_vdc5_register.o
                0x1800dc04                VDC5_WriteDataControl
 .text.VDC5_StartProcess
                0x1800e254      0x1a0 ./src/drivers/video/vdc5/src/r_vdc5_register.o
                0x1800e254                VDC5_StartProcess
 .text.VDC5_StopProcess
                0x1800e3f4      0x178 ./src/drivers/video/vdc5/src/r_vdc5_register.o
                0x1800e3f4                VDC5_StopProcess
 .text.SetVideoExternalInput
                0x1800e56c      0x270 ./src/drivers/video/vdc5/src/r_vdc5_register.o
 .text.SetInitialConnection
                0x1800e7dc      0x184 ./src/drivers/video/vdc5/src/r_vdc5_register.o
 .text.SetGrapicsBackgroundColor
                0x1800e960      0x16c ./src/drivers/video/vdc5/src/r_vdc5_register.o
 .text.SetLcdTcon_STVA_VS
                0x1800eacc       0xb4 ./src/drivers/video/vdc5/src/r_vdc5_register.o
 .text.SetLcdTcon_STVB_VE
                0x1800eb80       0xb4 ./src/drivers/video/vdc5/src/r_vdc5_register.o
 .text.SetLcdTcon_STH_HS
                0x1800ec34       0xdc ./src/drivers/video/vdc5/src/r_vdc5_register.o
 .text.SetLcdTcon_STB_HE
                0x1800ed10       0xdc ./src/drivers/video/vdc5/src/r_vdc5_register.o
 .text.SetLcdTcon_CPV_GCK
                0x1800edec       0xdc ./src/drivers/video/vdc5/src/r_vdc5_register.o
 .text.SetLcdTcon_POLA
                0x1800eec8      0x108 ./src/drivers/video/vdc5/src/r_vdc5_register.o
 .text.SetLcdTcon_POLB
                0x1800efd0      0x108 ./src/drivers/video/vdc5/src/r_vdc5_register.o
 .text.SetLcdTcon_DE
                0x1800f0d8       0x4c ./src/drivers/video/vdc5/src/r_vdc5_register.o
 .text.SetScalingDown
                0x1800f124      0x1f4 ./src/drivers/video/vdc5/src/r_vdc5_register.o
 .text.CalcScalingRatio
                0x1800f318      0x184 ./src/drivers/video/vdc5/src/r_vdc5_register.o
 .text.SetInputCntrlColorMtx
                0x1800f49c      0x13c ./src/drivers/video/vdc5/src/r_vdc5_register.o
 .text.SetRwProcAbility_Write_0
                0x1800f5d8      0x118 ./src/drivers/video/vdc5/src/r_vdc5_register.o
 .text.SetRwProcAbility_Write_1
                0x1800f6f0      0x11c ./src/drivers/video/vdc5/src/r_vdc5_register.o
 .text.SetRwProcAbility_Write_OIR
                0x1800f80c       0xb4 ./src/drivers/video/vdc5/src/r_vdc5_register.o
 .text.SetRwProcAbility_Read_0
                0x1800f8c0       0xec ./src/drivers/video/vdc5/src/r_vdc5_register.o
 .text.SetRwProcAbility_Read_1
                0x1800f9ac       0xf4 ./src/drivers/video/vdc5/src/r_vdc5_register.o
 .text.SetRwProcAbility_Read_2
                0x1800faa0       0xf4 ./src/drivers/video/vdc5/src/r_vdc5_register.o
 .text.SetRwProcAbility_Read_3
                0x1800fb94       0xf4 ./src/drivers/video/vdc5/src/r_vdc5_register.o
 .text.SetRwProcAbility_Read_OIR
                0x1800fc88       0xf0 ./src/drivers/video/vdc5/src/r_vdc5_register.o
 .text.SetRegUpdateRwEnable
                0x1800fd78      0x46c ./src/drivers/video/vdc5/src/r_vdc5_register.o
 .text.SetGraphicsDisplayMode
                0x180101e4      0x1ec ./src/drivers/video/vdc5/src/r_vdc5_register.o
 .text.SetColorMatrix
                0x180103d0      0x21c ./src/drivers/video/vdc5/src/r_vdc5_register.o
 .text.ColorConversionIntoAgbr
                0x180105ec       0x7c ./src/drivers/video/vdc5/src/r_vdc5_register.o
 .text.Wait_200_usec
                0x18010668       0x48 ./src/drivers/video/vdc5/src/r_vdc5_register.o
 .text.VDC5_ShrdPrmInit
                0x180106b0      0x2d4 ./src/drivers/video/vdc5/src/r_vdc5_shared_param.o
                0x180106b0                VDC5_ShrdPrmInit
 .text.VDC5_ShrdPrmSetInitParam
                0x18010984       0xa4 ./src/drivers/video/vdc5/src/r_vdc5_shared_param.o
                0x18010984                VDC5_ShrdPrmSetInitParam
 .text.VDC5_ShrdPrmSetInputParam
                0x18010a28       0xdc ./src/drivers/video/vdc5/src/r_vdc5_shared_param.o
                0x18010a28                VDC5_ShrdPrmSetInputParam
 .text.VDC5_ShrdPrmSetSyncParam
                0x18010b04       0x50 ./src/drivers/video/vdc5/src/r_vdc5_shared_param.o
                0x18010b04                VDC5_ShrdPrmSetSyncParam
 .text.VDC5_ShrdPrmSetOutputParam
                0x18010b54      0x138 ./src/drivers/video/vdc5/src/r_vdc5_shared_param.o
                0x18010b54                VDC5_ShrdPrmSetOutputParam
 .text.VDC5_ShrdPrmSetWriteParam
                0x18010c8c      0x154 ./src/drivers/video/vdc5/src/r_vdc5_shared_param.o
                0x18010c8c                VDC5_ShrdPrmSetWriteParam
 .text.VDC5_ShrdPrmSetCascade
                0x18010de0       0x4c ./src/drivers/video/vdc5/src/r_vdc5_shared_param.o
                0x18010de0                VDC5_ShrdPrmSetCascade
 .text.VDC5_ShrdPrmSetUndSel
                0x18010e2c       0x4c ./src/drivers/video/vdc5/src/r_vdc5_shared_param.o
                0x18010e2c                VDC5_ShrdPrmSetUndSel
 .text.VDC5_ShrdPrmGetPanelClkSel
                0x18010e78       0x34 ./src/drivers/video/vdc5/src/r_vdc5_shared_param.o
                0x18010e78                VDC5_ShrdPrmGetPanelClkSel
 .text.VDC5_ShrdPrmGetColorSpace
                0x18010eac       0x3c ./src/drivers/video/vdc5/src/r_vdc5_shared_param.o
                0x18010eac                VDC5_ShrdPrmGetColorSpace
 .text.VDC5_ShrdPrmGetInputSelect
                0x18010ee8       0x3c ./src/drivers/video/vdc5/src/r_vdc5_shared_param.o
                0x18010ee8                VDC5_ShrdPrmGetInputSelect
 .text.VDC5_ShrdPrmGetBgColor
                0x18010f24       0x70 ./src/drivers/video/vdc5/src/r_vdc5_shared_param.o
                0x18010f24                VDC5_ShrdPrmGetBgColor
 .text.VDC5_ShrdPrmGetColorSpaceFbWr
                0x18010f94       0x74 ./src/drivers/video/vdc5/src/r_vdc5_shared_param.o
                0x18010f94                VDC5_ShrdPrmGetColorSpaceFbWr
 .text.VDC5_ShrdPrmGetLvdsCh
                0x18011008       0x24 ./src/drivers/video/vdc5/src/r_vdc5_shared_param.o
                0x18011008                VDC5_ShrdPrmGetLvdsCh
 .text.VDC5_ShrdPrmSetResource
                0x1801102c       0x60 ./src/drivers/video/vdc5/src/r_vdc5_shared_param.o
                0x1801102c                VDC5_ShrdPrmSetResource
 .text.VDC5_ShrdPrmSetLayerResource
                0x1801108c       0xf0 ./src/drivers/video/vdc5/src/r_vdc5_shared_param.o
                0x1801108c                VDC5_ShrdPrmSetLayerResource
 .text.VDC5_ShrdPrmGetResource
                0x1801117c       0x68 ./src/drivers/video/vdc5/src/r_vdc5_shared_param.o
                0x1801117c                VDC5_ShrdPrmGetResource
 .text.VDC5_ShrdPrmGetLayerResource
                0x180111e4       0x58 ./src/drivers/video/vdc5/src/r_vdc5_shared_param.o
                0x180111e4                VDC5_ShrdPrmGetLayerResource
 .text.VDC5_ShrdPrmSetRwProcEnable
                0x1801123c       0x98 ./src/drivers/video/vdc5/src/r_vdc5_shared_param.o
                0x1801123c                VDC5_ShrdPrmSetRwProcEnable
 .text.VDC5_ShrdPrmSetRwProcDisable
                0x180112d4       0x98 ./src/drivers/video/vdc5/src/r_vdc5_shared_param.o
                0x180112d4                VDC5_ShrdPrmSetRwProcDisable
 .text.VDC5_ShrdPrmGetRwProcReady
                0x1801136c       0xa8 ./src/drivers/video/vdc5/src/r_vdc5_shared_param.o
                0x1801136c                VDC5_ShrdPrmGetRwProcReady
 .text.VDC5_ShrdPrmGetRwProcEnabled
                0x18011414       0xa8 ./src/drivers/video/vdc5/src/r_vdc5_shared_param.o
                0x18011414                VDC5_ShrdPrmGetRwProcEnabled
 .text.VDC5_ShrdPrmGetOirRwProcEnabled
                0x180114bc       0xf0 ./src/drivers/video/vdc5/src/r_vdc5_shared_param.o
                0x180114bc                VDC5_ShrdPrmGetOirRwProcEnabled
 .text.GetResourceStatePointer
                0x180115ac       0xf0 ./src/drivers/video/vdc5/src/r_vdc5_shared_param.o
 .text.SumProduct
                0x1801169c      0x100 ./src/drivers/video/vdc5/src/r_vdc5_shared_param.o
 .text.compare_nodiv
                0x1801179c       0xdc ./src/drivers/video/lvds/lvds_pll_main.o
 .text.compare_div3
                0x18011878       0x94 ./src/drivers/video/lvds/lvds_pll_main.o
 *fill*         0x1801190c        0x4 
 .text.SeekValue
                0x18011910      0x2b0 ./src/drivers/video/lvds/lvds_pll_main.o
 .text.lvds_pll_calc
                0x18011bc0      0x180 ./src/drivers/video/lvds/lvds_pll_main.o
                0x18011bc0                lvds_pll_calc
 .text._ZN11DisplayBaseC2Ev
                0x18011d40      0x1cc ./src/drivers/video/DisplayBase.o
                0x18011d40                DisplayBase::DisplayBase()
                0x18011d40                DisplayBase::DisplayBase()
 .text._ZN11DisplayBase13Graphics_initEPNS_12lcd_config_tE
                0x18011f0c      0x16c ./src/drivers/video/DisplayBase.o
                0x18011f0c                DisplayBase::Graphics_init(DisplayBase::lcd_config_t*)
 .text._ZN11DisplayBase19Graphics_Video_initENS_17video_input_sel_tEPNS_21video_ext_in_config_tE
                0x18012078      0x17c ./src/drivers/video/DisplayBase.o
                0x18012078                DisplayBase::Graphics_Video_init(DisplayBase::video_input_sel_t, DisplayBase::video_ext_in_config_t*)
 .text._ZN11DisplayBase24Graphics_Irq_Handler_SetENS_10int_type_tEtPFvS0_E
                0x180121f4       0x48 ./src/drivers/video/DisplayBase.o
                0x180121f4                DisplayBase::Graphics_Irq_Handler_Set(DisplayBase::int_type_t, unsigned short, void (*)(DisplayBase::int_type_t))
 .text._ZN11DisplayBase11Video_StartENS_21video_input_channel_tE
                0x1801223c       0x74 ./src/drivers/video/DisplayBase.o
                0x1801223c                DisplayBase::Video_Start(DisplayBase::video_input_channel_t)
 .text._ZN11DisplayBase10Video_StopENS_21video_input_channel_tE
                0x180122b0       0x74 ./src/drivers/video/DisplayBase.o
                0x180122b0                DisplayBase::Video_Stop(DisplayBase::video_input_channel_t)
 .text._ZN11DisplayBase19Video_Write_SettingENS_21video_input_channel_tENS_24graphics_video_col_sys_tEPvjNS_14video_format_tENS_11wr_rd_swa_tEttNS_18video_adc_vinsel_tE
                0x18012324      0x1a0 ./src/drivers/video/DisplayBase.o
                0x18012324                DisplayBase::Video_Write_Setting(DisplayBase::video_input_channel_t, DisplayBase::graphics_video_col_sys_t, void*, unsigned int, DisplayBase::video_format_t, DisplayBase::wr_rd_swa_t, unsigned short, unsigned short, DisplayBase::video_adc_vinsel_t)
 .text.InterruptHandlerRegister
                0x180124c4       0x64 ./src/drivers/video/gr_peach_vdc5.o
 .text.GIC_SetPriority
                0x18012528       0xcc ./src/drivers/video/gr_peach_vdc5.o
 .text.GIC_EnableIRQ
                0x180125f4      0x14c ./src/drivers/video/gr_peach_vdc5.o
 .text.GIC_DisableIRQ
                0x18012740       0x90 ./src/drivers/video/gr_peach_vdc5.o
 .text.init_func
                0x180127d0      0x184 ./src/drivers/video/gr_peach_vdc5.o
 .text.DRV_Graphics_Irq_Set
                0x18012954       0x90 ./src/drivers/video/gr_peach_vdc5.o
 .text.DRV_Graphics_Irq_Handler_Set
                0x180129e4       0xb8 ./src/drivers/video/gr_peach_vdc5.o
                0x180129e4                DRV_Graphics_Irq_Handler_Set
 .text.DRV_Graphics_Init
                0x18012a9c      0x5c4 ./src/drivers/video/gr_peach_vdc5.o
                0x18012a9c                DRV_Graphics_Init
 .text.DRV_Graphics_Video_init
                0x18013060      0x18c ./src/drivers/video/gr_peach_vdc5.o
                0x18013060                DRV_Graphics_Video_init
 .text.DRV_Video_Start
                0x180131ec       0xb8 ./src/drivers/video/gr_peach_vdc5.o
                0x180131ec                DRV_Video_Start
 .text.DRV_Video_Stop
                0x180132a4       0xac ./src/drivers/video/gr_peach_vdc5.o
                0x180132a4                DRV_Video_Stop
 .text.DRV_Video_Write_Setting
                0x18013350      0x380 ./src/drivers/video/gr_peach_vdc5.o
                0x18013350                DRV_Video_Write_Setting
 .text.DRV_Video_Write_Setting_Digital
                0x180136d0      0x1e8 ./src/drivers/video/gr_peach_vdc5.o
                0x180136d0                DRV_Video_Write_Setting_Digital
 .text._ZN6Camera4initEv
                0x180138b8      0x4d8 ./src/drivers/Camera.o
                0x180138b8                Camera::init()
 .text._ZN6Camera14vfieldCallbackEN11DisplayBase10int_type_tE
                0x18013d90       0x90 ./src/drivers/Camera.o
                0x18013d90                Camera::vfieldCallback(DisplayBase::int_type_t)
 .text._ZN6Camera13vsyncCallbackEN11DisplayBase10int_type_tE
                0x18013e20       0x64 ./src/drivers/Camera.o
                0x18013e20                Camera::vsyncCallback(DisplayBase::int_type_t)
 .text._ZN6Camera6updateEv
                0x18013e84       0xe8 ./src/drivers/Camera.o
                0x18013e84                Camera::update()
 .text._ZN6Camera9imageCopyEi
                0x18013f6c      0x2a0 ./src/drivers/Camera.o
                0x18013f6c                Camera::imageCopy(int)
 .text._ZN6Camera17extractBrightnessEi
                0x1801420c      0x5f0 ./src/drivers/Camera.o
                0x1801420c                Camera::extractBrightness(int)
 .text._ZNK6Camera8getPixelEii
                0x180147fc       0x90 ./src/drivers/Camera.o
                0x180147fc                Camera::getPixel(int, int) const
 .text._ZN7Onboard4initEv
                0x1801488c      0x1e0 ./src/drivers/Onboard.o
                0x1801488c                Onboard::init()
 .text._ZN7Onboard10setUserLedEi
                0x18014a6c       0x44 ./src/drivers/Onboard.o
                0x18014a6c                Onboard::setUserLed(int)
 .text._ZN7Onboard11setColorLedEiii
                0x18014ab0       0x8c ./src/drivers/Onboard.o
                0x18014ab0                Onboard::setColorLed(int, int, int)
 .text._ZN7Onboard6updateEv
                0x18014b3c       0xfc ./src/drivers/Onboard.o
                0x18014b3c                Onboard::update()
 .text._ZN7Onboard2swEv
                0x18014c38       0x5c ./src/drivers/Onboard.o
                0x18014c38                Onboard::sw()
 .text._ZN6Serial4initEv
                0x18014c94      0x2c4 ./src/drivers/Serial.o
                0x18014c94                Serial::init()
 .text._ZN6Serial7putCharEc
                0x18014f58       0x90 ./src/drivers/Serial.o
                0x18014f58                Serial::putChar(char)
 .text._ZN6Serial5printEPKc
                0x18014fe8       0x70 ./src/drivers/Serial.o
                0x18014fe8                Serial::print(char const*)
 .text._ZN6Serial6printfEPKcz
                0x18015058       0x5c ./src/drivers/Serial.o
                0x18015058                Serial::printf(char const*, ...)
 .text.c_printf
                0x180150b4       0x54 ./src/drivers/Serial.o
                0x180150b4                c_printf
 .text._ZL7initGICv
                0x18015108       0x5c ./src/mcr_camera_2026base.o
 .text._ZL9initOSTM0v
                0x18015164      0x17c ./src/mcr_camera_2026base.o
 .text.ostm0_interrupt_callback
                0x180152e0      0x138 ./src/mcr_camera_2026base.o
                0x180152e0                ostm0_interrupt_callback
 .text.main     0x18015418      0x558 ./src/mcr_camera_2026base.o
                0x18015418                main
 .text.HardwareSetup
                0x18015970       0x18 ./generate/hwsetup.o
                0x18015970                HardwareSetup
 .text.INT_Excep_UndefinedInst
                0x18015988       0x18 ./generate/inthandler.o
                0x18015988                INT_Excep_UndefinedInst
 .text.INT_Excep_SWI
                0x180159a0       0x18 ./generate/inthandler.o
                0x180159a0                INT_Excep_SWI
 .text.INT_Excep_PREFETCH_ABORT
                0x180159b8       0x18 ./generate/inthandler.o
                0x180159b8                INT_Excep_PREFETCH_ABORT
 .text.INT_Excep_DATA_ABORT
                0x180159d0       0x18 ./generate/inthandler.o
                0x180159d0                INT_Excep_DATA_ABORT
 .text.INT_Excep_Reserved
                0x180159e8       0x18 ./generate/inthandler.o
                0x180159e8                INT_Excep_Reserved
 .text.INT_Excep_IRQ
                0x18015a00       0xd0 ./generate/inthandler.o
                0x18015a00                INT_Excep_IRQ
 .text.INT_Excep_FIQ
                0x18015ad0       0x18 ./generate/inthandler.o
                0x18015ad0                INT_Excep_FIQ
 .text.INT_Excep_GIC0
                0x18015ae8       0x18 ./generate/inthandler.o
                0x18015ae8                INT_Excep_GIC0
 .text.INT_Excep_GIC1
                0x18015b00       0x18 ./generate/inthandler.o
                0x18015b00                INT_Excep_GIC1
 .text.INT_Excep_GIC2
                0x18015b18       0x18 ./generate/inthandler.o
                0x18015b18                INT_Excep_GIC2
 .text.INT_Excep_GIC3
                0x18015b30       0x18 ./generate/inthandler.o
                0x18015b30                INT_Excep_GIC3
 .text.INT_Excep_GIC4
                0x18015b48       0x18 ./generate/inthandler.o
                0x18015b48                INT_Excep_GIC4
 .text.INT_Excep_GIC5
                0x18015b60       0x18 ./generate/inthandler.o
                0x18015b60                INT_Excep_GIC5
 .text.INT_Excep_GIC6
                0x18015b78       0x18 ./generate/inthandler.o
                0x18015b78                INT_Excep_GIC6
 .text.INT_Excep_GIC7
                0x18015b90       0x18 ./generate/inthandler.o
                0x18015b90                INT_Excep_GIC7
 .text.INT_Excep_GIC8
                0x18015ba8       0x18 ./generate/inthandler.o
                0x18015ba8                INT_Excep_GIC8
 .text.INT_Excep_GIC9
                0x18015bc0       0x18 ./generate/inthandler.o
                0x18015bc0                INT_Excep_GIC9
 .text.INT_Excep_GIC10
                0x18015bd8       0x18 ./generate/inthandler.o
                0x18015bd8                INT_Excep_GIC10
 .text.INT_Excep_GIC11
                0x18015bf0       0x18 ./generate/inthandler.o
                0x18015bf0                INT_Excep_GIC11
 .text.INT_Excep_GIC12
                0x18015c08       0x18 ./generate/inthandler.o
                0x18015c08                INT_Excep_GIC12
 .text.INT_Excep_GIC13
                0x18015c20       0x18 ./generate/inthandler.o
                0x18015c20                INT_Excep_GIC13
 .text.INT_Excep_GIC14
                0x18015c38       0x18 ./generate/inthandler.o
                0x18015c38                INT_Excep_GIC14
 .text.INT_Excep_GIC15
                0x18015c50       0x18 ./generate/inthandler.o
                0x18015c50                INT_Excep_GIC15
 .text.INT_Excep_CPU_PMUIRQ0
                0x18015c68       0x18 ./generate/inthandler.o
                0x18015c68                INT_Excep_CPU_PMUIRQ0
 .text.INT_Excep_CPU_COMMRX0
                0x18015c80       0x18 ./generate/inthandler.o
                0x18015c80                INT_Excep_CPU_COMMRX0
 .text.INT_Excep_CPU_COMMTX0
                0x18015c98       0x18 ./generate/inthandler.o
                0x18015c98                INT_Excep_CPU_COMMTX0
 .text.INT_Excep_CPU_CTIIRQ0
                0x18015cb0       0x18 ./generate/inthandler.o
                0x18015cb0                INT_Excep_CPU_CTIIRQ0
 .text.INT_Excep_IRQ0
                0x18015cc8       0x18 ./generate/inthandler.o
                0x18015cc8                INT_Excep_IRQ0
 .text.INT_Excep_IRQ1
                0x18015ce0       0x18 ./generate/inthandler.o
                0x18015ce0                INT_Excep_IRQ1
 .text.INT_Excep_IRQ2
                0x18015cf8       0x18 ./generate/inthandler.o
                0x18015cf8                INT_Excep_IRQ2
 .text.INT_Excep_IRQ3
                0x18015d10       0x18 ./generate/inthandler.o
                0x18015d10                INT_Excep_IRQ3
 .text.INT_Excep_IRQ4
                0x18015d28       0x18 ./generate/inthandler.o
                0x18015d28                INT_Excep_IRQ4
 .text.INT_Excep_IRQ5
                0x18015d40       0x18 ./generate/inthandler.o
                0x18015d40                INT_Excep_IRQ5
 .text.INT_Excep_IRQ6
                0x18015d58       0x18 ./generate/inthandler.o
                0x18015d58                INT_Excep_IRQ6
 .text.INT_Excep_IRQ7
                0x18015d70       0x18 ./generate/inthandler.o
                0x18015d70                INT_Excep_IRQ7
 .text.INT_Excep_PL310ERR
                0x18015d88       0x18 ./generate/inthandler.o
                0x18015d88                INT_Excep_PL310ERR
 .text.INT_Excep_DMAINT0
                0x18015da0       0x18 ./generate/inthandler.o
                0x18015da0                INT_Excep_DMAINT0
 .text.INT_Excep_DMAINT1
                0x18015db8       0x18 ./generate/inthandler.o
                0x18015db8                INT_Excep_DMAINT1
 .text.INT_Excep_DMAINT2
                0x18015dd0       0x18 ./generate/inthandler.o
                0x18015dd0                INT_Excep_DMAINT2
 .text.INT_Excep_DMAINT3
                0x18015de8       0x18 ./generate/inthandler.o
                0x18015de8                INT_Excep_DMAINT3
 .text.INT_Excep_DMAINT4
                0x18015e00       0x18 ./generate/inthandler.o
                0x18015e00                INT_Excep_DMAINT4
 .text.INT_Excep_DMAINT5
                0x18015e18       0x18 ./generate/inthandler.o
                0x18015e18                INT_Excep_DMAINT5
 .text.INT_Excep_DMAINT6
                0x18015e30       0x18 ./generate/inthandler.o
                0x18015e30                INT_Excep_DMAINT6
 .text.INT_Excep_DMAINT7
                0x18015e48       0x18 ./generate/inthandler.o
                0x18015e48                INT_Excep_DMAINT7
 .text.INT_Excep_DMAINT8
                0x18015e60       0x18 ./generate/inthandler.o
                0x18015e60                INT_Excep_DMAINT8
 .text.INT_Excep_DMAINT9
                0x18015e78       0x18 ./generate/inthandler.o
                0x18015e78                INT_Excep_DMAINT9
 .text.INT_Excep_DMAINT10
                0x18015e90       0x18 ./generate/inthandler.o
                0x18015e90                INT_Excep_DMAINT10
 .text.INT_Excep_DMAINT11
                0x18015ea8       0x18 ./generate/inthandler.o
                0x18015ea8                INT_Excep_DMAINT11
 .text.INT_Excep_DMAINT12
                0x18015ec0       0x18 ./generate/inthandler.o
                0x18015ec0                INT_Excep_DMAINT12
 .text.INT_Excep_DMAINT13
                0x18015ed8       0x18 ./generate/inthandler.o
                0x18015ed8                INT_Excep_DMAINT13
 .text.INT_Excep_DMAINT14
                0x18015ef0       0x18 ./generate/inthandler.o
                0x18015ef0                INT_Excep_DMAINT14
 .text.INT_Excep_DMAINT15
                0x18015f08       0x18 ./generate/inthandler.o
                0x18015f08                INT_Excep_DMAINT15
 .text.INT_Excep_DMAERR
                0x18015f20       0x18 ./generate/inthandler.o
                0x18015f20                INT_Excep_DMAERR
 .text.INT_Excep_USBI0
                0x18015f38       0x18 ./generate/inthandler.o
                0x18015f38                INT_Excep_USBI0
 .text.INT_Excep_USBI1
                0x18015f50       0x18 ./generate/inthandler.o
                0x18015f50                INT_Excep_USBI1
 .text.INT_Excep_S0_VI_VSYNC0
                0x18015f68       0x18 ./generate/inthandler.o
                0x18015f68                INT_Excep_S0_VI_VSYNC0
 .text.INT_Excep_S0_LO_VSYNC0
                0x18015f80       0x18 ./generate/inthandler.o
                0x18015f80                INT_Excep_S0_LO_VSYNC0
 .text.INT_Excep_S0_VSYNCERR0
                0x18015f98       0x18 ./generate/inthandler.o
                0x18015f98                INT_Excep_S0_VSYNCERR0
 .text.INT_Excep_GR3_VLINE0
                0x18015fb0       0x18 ./generate/inthandler.o
                0x18015fb0                INT_Excep_GR3_VLINE0
 .text.INT_Excep_S0_VFIELD0
                0x18015fc8       0x18 ./generate/inthandler.o
                0x18015fc8                INT_Excep_S0_VFIELD0
 .text.INT_Excep_IV1_VBUFERR0
                0x18015fe0       0x18 ./generate/inthandler.o
                0x18015fe0                INT_Excep_IV1_VBUFERR0
 .text.INT_Excep_IV3_VBUFERR0
                0x18015ff8       0x18 ./generate/inthandler.o
                0x18015ff8                INT_Excep_IV3_VBUFERR0
 .text.INT_Excep_IV5_VBUFERR0
                0x18016010       0x18 ./generate/inthandler.o
                0x18016010                INT_Excep_IV5_VBUFERR0
 .text.INT_Excep_IV6_VBUFERR0
                0x18016028       0x18 ./generate/inthandler.o
                0x18016028                INT_Excep_IV6_VBUFERR0
 .text.INT_Excep_S0_WLINE0
                0x18016040       0x18 ./generate/inthandler.o
                0x18016040                INT_Excep_S0_WLINE0
 .text.INT_Excep_S1_VI_VSYNC0
                0x18016058       0x18 ./generate/inthandler.o
                0x18016058                INT_Excep_S1_VI_VSYNC0
 .text.INT_Excep_S1_LO_VSYNC0
                0x18016070       0x18 ./generate/inthandler.o
                0x18016070                INT_Excep_S1_LO_VSYNC0
 .text.INT_Excep_S1_VSYNCERR0
                0x18016088       0x18 ./generate/inthandler.o
                0x18016088                INT_Excep_S1_VSYNCERR0
 .text.INT_Excep_S1_VFIELD0
                0x180160a0       0x18 ./generate/inthandler.o
                0x180160a0                INT_Excep_S1_VFIELD0
 .text.INT_Excep_IV2_VBUFERR0
                0x180160b8       0x18 ./generate/inthandler.o
                0x180160b8                INT_Excep_IV2_VBUFERR0
 .text.INT_Excep_IV4_VBUFERR0
                0x180160d0       0x18 ./generate/inthandler.o
                0x180160d0                INT_Excep_IV4_VBUFERR0
 .text.INT_Excep_S1_WLINE0
                0x180160e8       0x18 ./generate/inthandler.o
                0x180160e8                INT_Excep_S1_WLINE0
 .text.INT_Excep_OIR_VI_VSYNC0
                0x18016100       0x18 ./generate/inthandler.o
                0x18016100                INT_Excep_OIR_VI_VSYNC0
 .text.INT_Excep_OIR_LO_VSYNC0
                0x18016118       0x18 ./generate/inthandler.o
                0x18016118                INT_Excep_OIR_LO_VSYNC0
 .text.INT_Excep_OIR_VSYNCERR0
                0x18016130       0x18 ./generate/inthandler.o
                0x18016130                INT_Excep_OIR_VSYNCERR0
 .text.INT_Excep_OIR_VFIELD0
                0x18016148       0x18 ./generate/inthandler.o
                0x18016148                INT_Excep_OIR_VFIELD0
 .text.INT_Excep_IV7_VBUFERR0
                0x18016160       0x18 ./generate/inthandler.o
                0x18016160                INT_Excep_IV7_VBUFERR0
 .text.INT_Excep_V8_VBUFERR0
                0x18016178       0x18 ./generate/inthandler.o
                0x18016178                INT_Excep_V8_VBUFERR0
 .text.INT_Excep_OIR_WLINE0
                0x18016190       0x18 ./generate/inthandler.o
                0x18016190                INT_Excep_OIR_WLINE0
 .text.INT_Excep_S0_VI_VSYNC1
                0x180161a8       0x18 ./generate/inthandler.o
                0x180161a8                INT_Excep_S0_VI_VSYNC1
 .text.INT_Excep_S0_LO_VSYNC1
                0x180161c0       0x18 ./generate/inthandler.o
                0x180161c0                INT_Excep_S0_LO_VSYNC1
 .text.INT_Excep_S0_VSYNCERR1
                0x180161d8       0x18 ./generate/inthandler.o
                0x180161d8                INT_Excep_S0_VSYNCERR1
 .text.INT_Excep_GR3_VLINE1
                0x180161f0       0x18 ./generate/inthandler.o
                0x180161f0                INT_Excep_GR3_VLINE1
 .text.INT_Excep_S0_VFIELD1
                0x18016208       0x18 ./generate/inthandler.o
                0x18016208                INT_Excep_S0_VFIELD1
 .text.INT_Excep_IV1_VBUFERR1
                0x18016220       0x18 ./generate/inthandler.o
                0x18016220                INT_Excep_IV1_VBUFERR1
 .text.INT_Excep_IV3_VBUFERR1
                0x18016238       0x18 ./generate/inthandler.o
                0x18016238                INT_Excep_IV3_VBUFERR1
 .text.INT_Excep_IV5_VBUFERR1
                0x18016250       0x18 ./generate/inthandler.o
                0x18016250                INT_Excep_IV5_VBUFERR1
 .text.INT_Excep_IV6_VBUFERR1
                0x18016268       0x18 ./generate/inthandler.o
                0x18016268                INT_Excep_IV6_VBUFERR1
 .text.INT_Excep_S0_WLINE1
                0x18016280       0x18 ./generate/inthandler.o
                0x18016280                INT_Excep_S0_WLINE1
 .text.INT_Excep_S1_VI_VSYNC1
                0x18016298       0x18 ./generate/inthandler.o
                0x18016298                INT_Excep_S1_VI_VSYNC1
 .text.INT_Excep_S1_LO_VSYNC1
                0x180162b0       0x18 ./generate/inthandler.o
                0x180162b0                INT_Excep_S1_LO_VSYNC1
 .text.INT_Excep_S1_VSYNCERR1
                0x180162c8       0x18 ./generate/inthandler.o
                0x180162c8                INT_Excep_S1_VSYNCERR1
 .text.INT_Excep_S1_VFIELD1
                0x180162e0       0x18 ./generate/inthandler.o
                0x180162e0                INT_Excep_S1_VFIELD1
 .text.INT_Excep_IV2_VBUFERR1
                0x180162f8       0x18 ./generate/inthandler.o
                0x180162f8                INT_Excep_IV2_VBUFERR1
 .text.INT_Excep_IV4_VBUFERR1
                0x18016310       0x18 ./generate/inthandler.o
                0x18016310                INT_Excep_IV4_VBUFERR1
 .text.INT_Excep_S1_WLINE1
                0x18016328       0x18 ./generate/inthandler.o
                0x18016328                INT_Excep_S1_WLINE1
 .text.INT_Excep_OIR_VI_VSYNC1
                0x18016340       0x18 ./generate/inthandler.o
                0x18016340                INT_Excep_OIR_VI_VSYNC1
 .text.INT_Excep_OIR_LO_VSYNC1
                0x18016358       0x18 ./generate/inthandler.o
                0x18016358                INT_Excep_OIR_LO_VSYNC1
 .text.INT_Excep_OIR_VLINE1
                0x18016370       0x18 ./generate/inthandler.o
                0x18016370                INT_Excep_OIR_VLINE1
 .text.INT_Excep_OIR_VFIELD1
                0x18016388       0x18 ./generate/inthandler.o
                0x18016388                INT_Excep_OIR_VFIELD1
 .text.INT_Excep_IV7_VBUFERR1
                0x180163a0       0x18 ./generate/inthandler.o
                0x180163a0                INT_Excep_IV7_VBUFERR1
 .text.INT_Excep_IV8_VBUFERR1
                0x180163b8       0x18 ./generate/inthandler.o
                0x180163b8                INT_Excep_IV8_VBUFERR1
 .text.INT_Excep_OIR_WLINE1
                0x180163d0       0x18 ./generate/inthandler.o
                0x180163d0                INT_Excep_OIR_WLINE1
 .text.INT_Excep_IMRDI
                0x180163e8       0x18 ./generate/inthandler.o
                0x180163e8                INT_Excep_IMRDI
 .text.INT_Excep_IMR2I0
                0x18016400       0x18 ./generate/inthandler.o
                0x18016400                INT_Excep_IMR2I0
 .text.INT_Excep_IMR2I1
                0x18016418       0x18 ./generate/inthandler.o
                0x18016418                INT_Excep_IMR2I1
 .text.INT_Excep_JEDI
                0x18016430       0x18 ./generate/inthandler.o
                0x18016430                INT_Excep_JEDI
 .text.INT_Excep_JDTI
                0x18016448       0x18 ./generate/inthandler.o
                0x18016448                INT_Excep_JDTI
 .text.INT_Excep_CMP0
                0x18016460       0x18 ./generate/inthandler.o
                0x18016460                INT_Excep_CMP0
 .text.INT_Excep_CMP1
                0x18016478       0x18 ./generate/inthandler.o
                0x18016478                INT_Excep_CMP1
 .text.INT_Excep_INT0
                0x18016490       0x18 ./generate/inthandler.o
                0x18016490                INT_Excep_INT0
 .text.INT_Excep_INT1
                0x180164a8       0x18 ./generate/inthandler.o
                0x180164a8                INT_Excep_INT1
 .text.INT_Excep_INT2
                0x180164c0       0x18 ./generate/inthandler.o
                0x180164c0                INT_Excep_INT2
 .text.INT_Excep_INT3
                0x180164d8       0x18 ./generate/inthandler.o
                0x180164d8                INT_Excep_INT3
 .text.INT_Excep_OSTMI0
                0x180164f0       0x14 ./generate/inthandler.o
                0x180164f0                INT_Excep_OSTMI0
 .text.INT_Excep_OSTMI1
                0x18016504       0x18 ./generate/inthandler.o
                0x18016504                INT_Excep_OSTMI1
 .text.INT_Excep_CMI
                0x1801651c       0x18 ./generate/inthandler.o
                0x1801651c                INT_Excep_CMI
 .text.INT_Excep_WTOUT
                0x18016534       0x18 ./generate/inthandler.o
                0x18016534                INT_Excep_WTOUT
 .text.INT_Excep_ITI
                0x1801654c       0x18 ./generate/inthandler.o
                0x1801654c                INT_Excep_ITI
 .text.INT_Excep_TGI0A
                0x18016564       0x18 ./generate/inthandler.o
                0x18016564                INT_Excep_TGI0A
 .text.INT_Excep_TGI0B
                0x1801657c       0x18 ./generate/inthandler.o
                0x1801657c                INT_Excep_TGI0B
 .text.INT_Excep_TGI0C
                0x18016594       0x18 ./generate/inthandler.o
                0x18016594                INT_Excep_TGI0C
 .text.INT_Excep_TGI0D
                0x180165ac       0x18 ./generate/inthandler.o
                0x180165ac                INT_Excep_TGI0D
 .text.INT_Excep_TGI0V
                0x180165c4       0x18 ./generate/inthandler.o
                0x180165c4                INT_Excep_TGI0V
 .text.INT_Excep_TGI0E
                0x180165dc       0x18 ./generate/inthandler.o
                0x180165dc                INT_Excep_TGI0E
 .text.INT_Excep_TGI0F
                0x180165f4       0x18 ./generate/inthandler.o
                0x180165f4                INT_Excep_TGI0F
 .text.INT_Excep_TGI1A
                0x1801660c       0x18 ./generate/inthandler.o
                0x1801660c                INT_Excep_TGI1A
 .text.INT_Excep_TGI1B
                0x18016624       0x18 ./generate/inthandler.o
                0x18016624                INT_Excep_TGI1B
 .text.INT_Excep_TGI1V
                0x1801663c       0x18 ./generate/inthandler.o
                0x1801663c                INT_Excep_TGI1V
 .text.INT_Excep_TGI1U
                0x18016654       0x18 ./generate/inthandler.o
                0x18016654                INT_Excep_TGI1U
 .text.INT_Excep_TGI2A
                0x1801666c       0x18 ./generate/inthandler.o
                0x1801666c                INT_Excep_TGI2A
 .text.INT_Excep_TGI2B
                0x18016684       0x18 ./generate/inthandler.o
                0x18016684                INT_Excep_TGI2B
 .text.INT_Excep_TGI2V
                0x1801669c       0x18 ./generate/inthandler.o
                0x1801669c                INT_Excep_TGI2V
 .text.INT_Excep_TGI2U
                0x180166b4       0x18 ./generate/inthandler.o
                0x180166b4                INT_Excep_TGI2U
 .text.INT_Excep_TGI3A
                0x180166cc       0x18 ./generate/inthandler.o
                0x180166cc                INT_Excep_TGI3A
 .text.INT_Excep_TGI3B
                0x180166e4       0x18 ./generate/inthandler.o
                0x180166e4                INT_Excep_TGI3B
 .text.INT_Excep_TGI3C
                0x180166fc       0x18 ./generate/inthandler.o
                0x180166fc                INT_Excep_TGI3C
 .text.INT_Excep_TGI3D
                0x18016714       0x18 ./generate/inthandler.o
                0x18016714                INT_Excep_TGI3D
 .text.INT_Excep_TGI3V
                0x1801672c       0x18 ./generate/inthandler.o
                0x1801672c                INT_Excep_TGI3V
 .text.INT_Excep_TGI4A
                0x18016744       0x18 ./generate/inthandler.o
                0x18016744                INT_Excep_TGI4A
 .text.INT_Excep_TGI4B
                0x1801675c       0x18 ./generate/inthandler.o
                0x1801675c                INT_Excep_TGI4B
 .text.INT_Excep_TGI4C
                0x18016774       0x18 ./generate/inthandler.o
                0x18016774                INT_Excep_TGI4C
 .text.INT_Excep_TGI4D
                0x1801678c       0x18 ./generate/inthandler.o
                0x1801678c                INT_Excep_TGI4D
 .text.INT_Excep_TGI4V
                0x180167a4       0x18 ./generate/inthandler.o
                0x180167a4                INT_Excep_TGI4V
 .text.INT_Excep_CMI1
                0x180167bc       0x18 ./generate/inthandler.o
                0x180167bc                INT_Excep_CMI1
 .text.INT_Excep_CMI2
                0x180167d4       0x18 ./generate/inthandler.o
                0x180167d4                INT_Excep_CMI2
 .text.INT_Excep_SGDEI0
                0x180167ec       0x18 ./generate/inthandler.o
                0x180167ec                INT_Excep_SGDEI0
 .text.INT_Excep_SGDEI1
                0x18016804       0x18 ./generate/inthandler.o
                0x18016804                INT_Excep_SGDEI1
 .text.INT_Excep_SGDEI2
                0x1801681c       0x18 ./generate/inthandler.o
                0x1801681c                INT_Excep_SGDEI2
 .text.INT_Excep_SGDEI3
                0x18016834       0x18 ./generate/inthandler.o
                0x18016834                INT_Excep_SGDEI3
 .text.INT_Excep_ADI
                0x1801684c       0x18 ./generate/inthandler.o
                0x1801684c                INT_Excep_ADI
 .text.INT_Excep_ADWAR
                0x18016864       0x18 ./generate/inthandler.o
                0x18016864                INT_Excep_ADWAR
 .text.INT_Excep_SSII0
                0x1801687c       0x18 ./generate/inthandler.o
                0x1801687c                INT_Excep_SSII0
 .text.INT_Excep_SSIRXI0
                0x18016894       0x18 ./generate/inthandler.o
                0x18016894                INT_Excep_SSIRXI0
 .text.INT_Excep_SSITXI0
                0x180168ac       0x18 ./generate/inthandler.o
                0x180168ac                INT_Excep_SSITXI0
 .text.INT_Excep_SSII1
                0x180168c4       0x18 ./generate/inthandler.o
                0x180168c4                INT_Excep_SSII1
 .text.INT_Excep_SSIRXI1
                0x180168dc       0x18 ./generate/inthandler.o
                0x180168dc                INT_Excep_SSIRXI1
 .text.INT_Excep_SSITXI1
                0x180168f4       0x18 ./generate/inthandler.o
                0x180168f4                INT_Excep_SSITXI1
 .text.INT_Excep_SSII2
                0x1801690c       0x18 ./generate/inthandler.o
                0x1801690c                INT_Excep_SSII2
 .text.INT_Excep_SSIRTI2
                0x18016924       0x18 ./generate/inthandler.o
                0x18016924                INT_Excep_SSIRTI2
 .text.INT_Excep_SSII3
                0x1801693c       0x18 ./generate/inthandler.o
                0x1801693c                INT_Excep_SSII3
 .text.INT_Excep_SSIRXI3
                0x18016954       0x18 ./generate/inthandler.o
                0x18016954                INT_Excep_SSIRXI3
 .text.INT_Excep_SSITXI3
                0x1801696c       0x18 ./generate/inthandler.o
                0x1801696c                INT_Excep_SSITXI3
 .text.INT_Excep_SSII4
                0x18016984       0x18 ./generate/inthandler.o
                0x18016984                INT_Excep_SSII4
 .text.INT_Excep_SSIRTI4
                0x1801699c       0x18 ./generate/inthandler.o
                0x1801699c                INT_Excep_SSIRTI4
 .text.INT_Excep_SSII5
                0x180169b4       0x18 ./generate/inthandler.o
                0x180169b4                INT_Excep_SSII5
 .text.INT_Excep_SSIRXI5
                0x180169cc       0x18 ./generate/inthandler.o
                0x180169cc                INT_Excep_SSIRXI5
 .text.INT_Excep_SSITXI5
                0x180169e4       0x18 ./generate/inthandler.o
                0x180169e4                INT_Excep_SSITXI5
 .text.INT_Excep_SPDIFI
                0x180169fc       0x18 ./generate/inthandler.o
                0x180169fc                INT_Excep_SPDIFI
 .text.INT_Excep_I2C_TEI0
                0x18016a14       0x18 ./generate/inthandler.o
                0x18016a14                INT_Excep_I2C_TEI0
 .text.INT_Excep_RI0
                0x18016a2c       0x18 ./generate/inthandler.o
                0x18016a2c                INT_Excep_RI0
 .text.INT_Excep_TI0
                0x18016a44       0x18 ./generate/inthandler.o
                0x18016a44                INT_Excep_TI0
 .text.INT_Excep_SPI0
                0x18016a5c       0x18 ./generate/inthandler.o
                0x18016a5c                INT_Excep_SPI0
 .text.INT_Excep_STI0
                0x18016a74       0x18 ./generate/inthandler.o
                0x18016a74                INT_Excep_STI0
 .text.INT_Excep_NAKI0
                0x18016a8c       0x18 ./generate/inthandler.o
                0x18016a8c                INT_Excep_NAKI0
 .text.INT_Excep_ALI0
                0x18016aa4       0x18 ./generate/inthandler.o
                0x18016aa4                INT_Excep_ALI0
 .text.INT_Excep_TMOI0
                0x18016abc       0x18 ./generate/inthandler.o
                0x18016abc                INT_Excep_TMOI0
 .text.INT_Excep_I2C_TEI1
                0x18016ad4       0x18 ./generate/inthandler.o
                0x18016ad4                INT_Excep_I2C_TEI1
 .text.INT_Excep_RI1
                0x18016aec       0x18 ./generate/inthandler.o
                0x18016aec                INT_Excep_RI1
 .text.INT_Excep_TI1
                0x18016b04       0x18 ./generate/inthandler.o
                0x18016b04                INT_Excep_TI1
 .text.INT_Excep_SPI1
                0x18016b1c       0x18 ./generate/inthandler.o
                0x18016b1c                INT_Excep_SPI1
 .text.INT_Excep_STI1
                0x18016b34       0x18 ./generate/inthandler.o
                0x18016b34                INT_Excep_STI1
 .text.INT_Excep_NAKI1
                0x18016b4c       0x18 ./generate/inthandler.o
                0x18016b4c                INT_Excep_NAKI1
 .text.INT_Excep_ALI1
                0x18016b64       0x18 ./generate/inthandler.o
                0x18016b64                INT_Excep_ALI1
 .text.INT_Excep_TMOI1
                0x18016b7c       0x18 ./generate/inthandler.o
                0x18016b7c                INT_Excep_TMOI1
 .text.INT_Excep_TEI2
                0x18016b94       0x18 ./generate/inthandler.o
                0x18016b94                INT_Excep_TEI2
 .text.INT_Excep_RI2
                0x18016bac       0x18 ./generate/inthandler.o
                0x18016bac                INT_Excep_RI2
 .text.INT_Excep_TI2
                0x18016bc4       0x18 ./generate/inthandler.o
                0x18016bc4                INT_Excep_TI2
 .text.INT_Excep_SPI2
                0x18016bdc       0x18 ./generate/inthandler.o
                0x18016bdc                INT_Excep_SPI2
 .text.INT_Excep_STI2
                0x18016bf4       0x18 ./generate/inthandler.o
                0x18016bf4                INT_Excep_STI2
 .text.INT_Excep_NAKI2
                0x18016c0c       0x18 ./generate/inthandler.o
                0x18016c0c                INT_Excep_NAKI2
 .text.INT_Excep_ALI2
                0x18016c24       0x18 ./generate/inthandler.o
                0x18016c24                INT_Excep_ALI2
 .text.INT_Excep_TMOI2
                0x18016c3c       0x18 ./generate/inthandler.o
                0x18016c3c                INT_Excep_TMOI2
 .text.INT_Excep_TEI3
                0x18016c54       0x18 ./generate/inthandler.o
                0x18016c54                INT_Excep_TEI3
 .text.INT_Excep_RI3
                0x18016c6c       0x18 ./generate/inthandler.o
                0x18016c6c                INT_Excep_RI3
 .text.INT_Excep_TI3
                0x18016c84       0x18 ./generate/inthandler.o
                0x18016c84                INT_Excep_TI3
 .text.INT_Excep_SPI3
                0x18016c9c       0x18 ./generate/inthandler.o
                0x18016c9c                INT_Excep_SPI3
 .text.INT_Excep_STI3
                0x18016cb4       0x18 ./generate/inthandler.o
                0x18016cb4                INT_Excep_STI3
 .text.INT_Excep_NAKI3
                0x18016ccc       0x18 ./generate/inthandler.o
                0x18016ccc                INT_Excep_NAKI3
 .text.INT_Excep_ALI3
                0x18016ce4       0x18 ./generate/inthandler.o
                0x18016ce4                INT_Excep_ALI3
 .text.INT_Excep_TMOI3
                0x18016cfc       0x18 ./generate/inthandler.o
                0x18016cfc                INT_Excep_TMOI3
 .text.INT_Excep_FIFO_BRI0
                0x18016d14       0x18 ./generate/inthandler.o
                0x18016d14                INT_Excep_FIFO_BRI0
 .text.INT_Excep_FIFO_ERI0
                0x18016d2c       0x18 ./generate/inthandler.o
                0x18016d2c                INT_Excep_FIFO_ERI0
 .text.INT_Excep_FIFO_RXI0
                0x18016d44       0x18 ./generate/inthandler.o
                0x18016d44                INT_Excep_FIFO_RXI0
 .text.INT_Excep_FIFO_TXI0
                0x18016d5c       0x18 ./generate/inthandler.o
                0x18016d5c                INT_Excep_FIFO_TXI0
 .text.INT_Excep_FIFO_BRI1
                0x18016d74       0x18 ./generate/inthandler.o
                0x18016d74                INT_Excep_FIFO_BRI1
 .text.INT_Excep_FIFO_ERI1
                0x18016d8c       0x18 ./generate/inthandler.o
                0x18016d8c                INT_Excep_FIFO_ERI1
 .text.INT_Excep_FIFO_RXI1
                0x18016da4       0x18 ./generate/inthandler.o
                0x18016da4                INT_Excep_FIFO_RXI1
 .text.INT_Excep_FIFO_TXI1
                0x18016dbc       0x18 ./generate/inthandler.o
                0x18016dbc                INT_Excep_FIFO_TXI1
 .text.INT_Excep_BRI2
                0x18016dd4       0x18 ./generate/inthandler.o
                0x18016dd4                INT_Excep_BRI2
 .text.INT_Excep_ERI2
                0x18016dec       0x18 ./generate/inthandler.o
                0x18016dec                INT_Excep_ERI2
 .text.INT_Excep_RXI2
                0x18016e04       0x18 ./generate/inthandler.o
                0x18016e04                INT_Excep_RXI2
 .text.INT_Excep_TXI2
                0x18016e1c       0x18 ./generate/inthandler.o
                0x18016e1c                INT_Excep_TXI2
 .text.INT_Excep_BRI3
                0x18016e34       0x18 ./generate/inthandler.o
                0x18016e34                INT_Excep_BRI3
 .text.INT_Excep_ERI3
                0x18016e4c       0x18 ./generate/inthandler.o
                0x18016e4c                INT_Excep_ERI3
 .text.INT_Excep_RXI3
                0x18016e64       0x18 ./generate/inthandler.o
                0x18016e64                INT_Excep_RXI3
 .text.INT_Excep_TXI3
                0x18016e7c       0x18 ./generate/inthandler.o
                0x18016e7c                INT_Excep_TXI3
 .text.INT_Excep_BRI4
                0x18016e94       0x18 ./generate/inthandler.o
                0x18016e94                INT_Excep_BRI4
 .text.INT_Excep_ERI4
                0x18016eac       0x18 ./generate/inthandler.o
                0x18016eac                INT_Excep_ERI4
 .text.INT_Excep_RXI4
                0x18016ec4       0x18 ./generate/inthandler.o
                0x18016ec4                INT_Excep_RXI4
 .text.INT_Excep_TXI4
                0x18016edc       0x18 ./generate/inthandler.o
                0x18016edc                INT_Excep_TXI4
 .text.INT_Excep_BRI5
                0x18016ef4       0x18 ./generate/inthandler.o
                0x18016ef4                INT_Excep_BRI5
 .text.INT_Excep_ERI5
                0x18016f0c       0x18 ./generate/inthandler.o
                0x18016f0c                INT_Excep_ERI5
 .text.INT_Excep_RXI5
                0x18016f24       0x18 ./generate/inthandler.o
                0x18016f24                INT_Excep_RXI5
 .text.INT_Excep_TXI5
                0x18016f3c       0x18 ./generate/inthandler.o
                0x18016f3c                INT_Excep_TXI5
 .text.INT_Excep_BRI6
                0x18016f54       0x18 ./generate/inthandler.o
                0x18016f54                INT_Excep_BRI6
 .text.INT_Excep_ERI6
                0x18016f6c       0x18 ./generate/inthandler.o
                0x18016f6c                INT_Excep_ERI6
 .text.INT_Excep_RXI6
                0x18016f84       0x18 ./generate/inthandler.o
                0x18016f84                INT_Excep_RXI6
 .text.INT_Excep_TXI6
                0x18016f9c       0x18 ./generate/inthandler.o
                0x18016f9c                INT_Excep_TXI6
 .text.INT_Excep_BRI7
                0x18016fb4       0x18 ./generate/inthandler.o
                0x18016fb4                INT_Excep_BRI7
 .text.INT_Excep_ERI7
                0x18016fcc       0x18 ./generate/inthandler.o
                0x18016fcc                INT_Excep_ERI7
 .text.INT_Excep_RXI7
                0x18016fe4       0x18 ./generate/inthandler.o
                0x18016fe4                INT_Excep_RXI7
 .text.INT_Excep_TXI7
                0x18016ffc       0x18 ./generate/inthandler.o
                0x18016ffc                INT_Excep_TXI7
 .text.INT_Excep_GERI
                0x18017014       0x18 ./generate/inthandler.o
                0x18017014                INT_Excep_GERI
 .text.INT_Excep_RFI
                0x1801702c       0x18 ./generate/inthandler.o
                0x1801702c                INT_Excep_RFI
 .text.INT_Excep_CFRXI0
                0x18017044       0x18 ./generate/inthandler.o
                0x18017044                INT_Excep_CFRXI0
 .text.INT_Excep_CERI0
                0x1801705c       0x18 ./generate/inthandler.o
                0x1801705c                INT_Excep_CERI0
 .text.INT_Excep_CTXI0
                0x18017074       0x18 ./generate/inthandler.o
                0x18017074                INT_Excep_CTXI0
 .text.INT_Excep_CFRXI1
                0x1801708c       0x18 ./generate/inthandler.o
                0x1801708c                INT_Excep_CFRXI1
 .text.INT_Excep_CERI1
                0x180170a4       0x18 ./generate/inthandler.o
                0x180170a4                INT_Excep_CERI1
 .text.INT_Excep_CTXI1
                0x180170bc       0x18 ./generate/inthandler.o
                0x180170bc                INT_Excep_CTXI1
 .text.INT_Excep_CFRXI2
                0x180170d4       0x18 ./generate/inthandler.o
                0x180170d4                INT_Excep_CFRXI2
 .text.INT_Excep_CERI2
                0x180170ec       0x18 ./generate/inthandler.o
                0x180170ec                INT_Excep_CERI2
 .text.INT_Excep_CTXI2
                0x18017104       0x18 ./generate/inthandler.o
                0x18017104                INT_Excep_CTXI2
 .text.INT_Excep_CFRXI3
                0x1801711c       0x18 ./generate/inthandler.o
                0x1801711c                INT_Excep_CFRXI3
 .text.INT_Excep_CERI3
                0x18017134       0x18 ./generate/inthandler.o
                0x18017134                INT_Excep_CERI3
 .text.INT_Excep_CTXI3
                0x1801714c       0x18 ./generate/inthandler.o
                0x1801714c                INT_Excep_CTXI3
 .text.INT_Excep_CFRXI4
                0x18017164       0x18 ./generate/inthandler.o
                0x18017164                INT_Excep_CFRXI4
 .text.INT_Excep_CERI4
                0x1801717c       0x18 ./generate/inthandler.o
                0x1801717c                INT_Excep_CERI4
 .text.INT_Excep_CTXI4
                0x18017194       0x18 ./generate/inthandler.o
                0x18017194                INT_Excep_CTXI4
 .text.INT_Excep_SPEI0
                0x180171ac       0x18 ./generate/inthandler.o
                0x180171ac                INT_Excep_SPEI0
 .text.INT_Excep_SPRI0
                0x180171c4       0x18 ./generate/inthandler.o
                0x180171c4                INT_Excep_SPRI0
 .text.INT_Excep_SPTI0
                0x180171dc       0x18 ./generate/inthandler.o
                0x180171dc                INT_Excep_SPTI0
 .text.INT_Excep_SPEI1
                0x180171f4       0x18 ./generate/inthandler.o
                0x180171f4                INT_Excep_SPEI1
 .text.INT_Excep_SPRI1
                0x1801720c       0x18 ./generate/inthandler.o
                0x1801720c                INT_Excep_SPRI1
 .text.INT_Excep_SPTI1
                0x18017224       0x18 ./generate/inthandler.o
                0x18017224                INT_Excep_SPTI1
 .text.INT_Excep_SPEI2
                0x1801723c       0x18 ./generate/inthandler.o
                0x1801723c                INT_Excep_SPEI2
 .text.INT_Excep_SPRI2
                0x18017254       0x18 ./generate/inthandler.o
                0x18017254                INT_Excep_SPRI2
 .text.INT_Excep_SPTI2
                0x1801726c       0x18 ./generate/inthandler.o
                0x1801726c                INT_Excep_SPTI2
 .text.INT_Excep_SPEI3
                0x18017284       0x18 ./generate/inthandler.o
                0x18017284                INT_Excep_SPEI3
 .text.INT_Excep_SPRI3
                0x1801729c       0x18 ./generate/inthandler.o
                0x1801729c                INT_Excep_SPRI3
 .text.INT_Excep_SPTI3
                0x180172b4       0x18 ./generate/inthandler.o
                0x180172b4                INT_Excep_SPTI3
 .text.INT_Excep_SPEI4
                0x180172cc       0x18 ./generate/inthandler.o
                0x180172cc                INT_Excep_SPEI4
 .text.INT_Excep_SPRI4
                0x180172e4       0x18 ./generate/inthandler.o
                0x180172e4                INT_Excep_SPRI4
 .text.INT_Excep_SPTI4
                0x180172fc       0x18 ./generate/inthandler.o
                0x180172fc                INT_Excep_SPTI4
 .text.INT_Excep_IEBBTD
                0x18017314       0x18 ./generate/inthandler.o
                0x18017314                INT_Excep_IEBBTD
 .text.INT_Excep_IEBBTERR
                0x1801732c       0x18 ./generate/inthandler.o
                0x1801732c                INT_Excep_IEBBTERR
 .text.INT_Excep_IEBBTSTA
                0x18017344       0x18 ./generate/inthandler.o
                0x18017344                INT_Excep_IEBBTSTA
 .text.INT_Excep_IEBBTV
                0x1801735c       0x18 ./generate/inthandler.o
                0x1801735c                INT_Excep_IEBBTV
 .text.INT_Excep_ISY
                0x18017374       0x18 ./generate/inthandler.o
                0x18017374                INT_Excep_ISY
 .text.INT_Excep_IERR
                0x1801738c       0x18 ./generate/inthandler.o
                0x1801738c                INT_Excep_IERR
 .text.INT_Excep_ITARG
                0x180173a4       0x18 ./generate/inthandler.o
                0x180173a4                INT_Excep_ITARG
 .text.INT_Excep_ISEC
                0x180173bc       0x18 ./generate/inthandler.o
                0x180173bc                INT_Excep_ISEC
 .text.INT_Excep_IBUF
                0x180173d4       0x18 ./generate/inthandler.o
                0x180173d4                INT_Excep_IBUF
 .text.INT_Excep_IREADY
                0x180173ec       0x18 ./generate/inthandler.o
                0x180173ec                INT_Excep_IREADY
 .text.INT_Excep_STERB
                0x18017404       0x18 ./generate/inthandler.o
                0x18017404                INT_Excep_STERB
 .text.INT_Excep_FLTENDI
                0x1801741c       0x18 ./generate/inthandler.o
                0x1801741c                INT_Excep_FLTENDI
 .text.INT_Excep_FLTREQ0I
                0x18017434       0x18 ./generate/inthandler.o
                0x18017434                INT_Excep_FLTREQ0I
 .text.INT_Excep_FLTREQ1I
                0x1801744c       0x18 ./generate/inthandler.o
                0x1801744c                INT_Excep_FLTREQ1I
 .text.INT_Excep_MMC0
                0x18017464       0x18 ./generate/inthandler.o
                0x18017464                INT_Excep_MMC0
 .text.INT_Excep_MMC1
                0x1801747c       0x18 ./generate/inthandler.o
                0x1801747c                INT_Excep_MMC1
 .text.INT_Excep_MMC2
                0x18017494       0x18 ./generate/inthandler.o
                0x18017494                INT_Excep_MMC2
 .text.INT_Excep_SDHI0_3
                0x180174ac       0x18 ./generate/inthandler.o
                0x180174ac                INT_Excep_SDHI0_3
 .text.INT_Excep_SDHI0_0
                0x180174c4       0x18 ./generate/inthandler.o
                0x180174c4                INT_Excep_SDHI0_0
 .text.INT_Excep_SDHI0_1
                0x180174dc       0x18 ./generate/inthandler.o
                0x180174dc                INT_Excep_SDHI0_1
 .text.INT_Excep_SDHI1_3
                0x180174f4       0x18 ./generate/inthandler.o
                0x180174f4                INT_Excep_SDHI1_3
 .text.INT_Excep_SDHI1_0
                0x1801750c       0x18 ./generate/inthandler.o
                0x1801750c                INT_Excep_SDHI1_0
 .text.INT_Excep_SDHI1_1
                0x18017524       0x18 ./generate/inthandler.o
                0x18017524                INT_Excep_SDHI1_1
 .text.INT_Excep_ARM
                0x1801753c       0x18 ./generate/inthandler.o
                0x1801753c                INT_Excep_ARM
 .text.INT_Excep_PRD
                0x18017554       0x18 ./generate/inthandler.o
                0x18017554                INT_Excep_PRD
 .text.INT_Excep_CUP
                0x1801756c       0x18 ./generate/inthandler.o
                0x1801756c                INT_Excep_CUP
 .text.INT_Excep_SCUAI0
                0x18017584       0x18 ./generate/inthandler.o
                0x18017584                INT_Excep_SCUAI0
 .text.INT_Excep_SCUAI1
                0x1801759c       0x18 ./generate/inthandler.o
                0x1801759c                INT_Excep_SCUAI1
 .text.INT_Excep_SCUFDI0
                0x180175b4       0x18 ./generate/inthandler.o
                0x180175b4                INT_Excep_SCUFDI0
 .text.INT_Excep_SCUFDI1
                0x180175cc       0x18 ./generate/inthandler.o
                0x180175cc                INT_Excep_SCUFDI1
 .text.INT_Excep_SCUFDI2
                0x180175e4       0x18 ./generate/inthandler.o
                0x180175e4                INT_Excep_SCUFDI2
 .text.INT_Excep_SCUFDI3
                0x180175fc       0x18 ./generate/inthandler.o
                0x180175fc                INT_Excep_SCUFDI3
 .text.INT_Excep_SCUFUI0
                0x18017614       0x18 ./generate/inthandler.o
                0x18017614                INT_Excep_SCUFUI0
 .text.INT_Excep_SCUFUI1
                0x1801762c       0x18 ./generate/inthandler.o
                0x1801762c                INT_Excep_SCUFUI1
 .text.INT_Excep_SCUFUI2
                0x18017644       0x18 ./generate/inthandler.o
                0x18017644                INT_Excep_SCUFUI2
 .text.INT_Excep_SCUFUI3
                0x1801765c       0x18 ./generate/inthandler.o
                0x1801765c                INT_Excep_SCUFUI3
 .text.INT_Excep_SCUDVI0
                0x18017674       0x18 ./generate/inthandler.o
                0x18017674                INT_Excep_SCUDVI0
 .text.INT_Excep_SCUDVI1
                0x1801768c       0x18 ./generate/inthandler.o
                0x1801768c                INT_Excep_SCUDVI1
 .text.INT_Excep_SCUDVI2
                0x180176a4       0x18 ./generate/inthandler.o
                0x180176a4                INT_Excep_SCUDVI2
 .text.INT_Excep_SCUDVI3
                0x180176bc       0x18 ./generate/inthandler.o
                0x180176bc                INT_Excep_SCUDVI3
 .text.INT_Excep_MLBCI
                0x180176d4       0x18 ./generate/inthandler.o
                0x180176d4                INT_Excep_MLBCI
 .text.INT_Excep_MLBSI
                0x180176ec       0x18 ./generate/inthandler.o
                0x180176ec                INT_Excep_MLBSI
 .text.INT_Excep_DRC0
                0x18017704       0x18 ./generate/inthandler.o
                0x18017704                INT_Excep_DRC0
 .text.INT_Excep_DRC1
                0x1801771c       0x18 ./generate/inthandler.o
                0x1801771c                INT_Excep_DRC1
 .text.INT_Excep_LINI0_INT_T
                0x18017734       0x18 ./generate/inthandler.o
                0x18017734                INT_Excep_LINI0_INT_T
 .text.INT_Excep_LINI0_INT_R
                0x1801774c       0x18 ./generate/inthandler.o
                0x1801774c                INT_Excep_LINI0_INT_R
 .text.INT_Excep_LINI0_INT_S
                0x18017764       0x18 ./generate/inthandler.o
                0x18017764                INT_Excep_LINI0_INT_S
 .text.INT_Excep_LINI0_INT_M
                0x1801777c       0x18 ./generate/inthandler.o
                0x1801777c                INT_Excep_LINI0_INT_M
 .text.INT_Excep_LINI1_INT_T
                0x18017794       0x18 ./generate/inthandler.o
                0x18017794                INT_Excep_LINI1_INT_T
 .text.INT_Excep_LINI1_INT_R
                0x180177ac       0x18 ./generate/inthandler.o
                0x180177ac                INT_Excep_LINI1_INT_R
 .text.INT_Excep_LINI1_INT_S
                0x180177c4       0x18 ./generate/inthandler.o
                0x180177c4                INT_Excep_LINI1_INT_S
 .text.INT_Excep_LINI1_INT_M
                0x180177dc       0x18 ./generate/inthandler.o
                0x180177dc                INT_Excep_LINI1_INT_M
 .text.INT_Excep_ERI0
                0x180177f4       0x18 ./generate/inthandler.o
                0x180177f4                INT_Excep_ERI0
 .text.INT_Excep_RXI0
                0x1801780c       0x18 ./generate/inthandler.o
                0x1801780c                INT_Excep_RXI0
 .text.INT_Excep_TXI0
                0x18017824       0x18 ./generate/inthandler.o
                0x18017824                INT_Excep_TXI0
 .text.INT_Excep_TEI0
                0x1801783c       0x18 ./generate/inthandler.o
                0x1801783c                INT_Excep_TEI0
 .text.INT_Excep_ERI1
                0x18017854       0x18 ./generate/inthandler.o
                0x18017854                INT_Excep_ERI1
 .text.INT_Excep_RXI1
                0x1801786c       0x18 ./generate/inthandler.o
                0x1801786c                INT_Excep_RXI1
 .text.INT_Excep_TXI1
                0x18017884       0x18 ./generate/inthandler.o
                0x18017884                INT_Excep_TXI1
 .text.INT_Excep_TEI1
                0x1801789c       0x18 ./generate/inthandler.o
                0x1801789c                INT_Excep_TEI1
 .text.INT_Excep_ETHERI
                0x180178b4       0x18 ./generate/inthandler.o
                0x180178b4                INT_Excep_ETHERI
 .text.INT_Excep_CEUI
                0x180178cc       0x18 ./generate/inthandler.o
                0x180178cc                INT_Excep_CEUI
 .text.INT_Excep_INT_CSIH0TIR
                0x180178e4       0x18 ./generate/inthandler.o
                0x180178e4                INT_Excep_INT_CSIH0TIR
 .text.INT_Excep_INT_CSIH0TIRE
                0x180178fc       0x18 ./generate/inthandler.o
                0x180178fc                INT_Excep_INT_CSIH0TIRE
 .text.INT_Excep_INT_CSIH1TIC
                0x18017914       0x18 ./generate/inthandler.o
                0x18017914                INT_Excep_INT_CSIH1TIC
 .text.INT_Excep_INT_CSIH1TIJC
                0x1801792c       0x18 ./generate/inthandler.o
                0x1801792c                INT_Excep_INT_CSIH1TIJC
 .text.INT_Excep_ECCE10
                0x18017944       0x18 ./generate/inthandler.o
                0x18017944                INT_Excep_ECCE10
 .text.INT_Excep_ECCE20
                0x1801795c       0x18 ./generate/inthandler.o
                0x1801795c                INT_Excep_ECCE20
 .text.INT_Excep_ECCOVF0
                0x18017974       0x18 ./generate/inthandler.o
                0x18017974                INT_Excep_ECCOVF0
 .text.INT_Excep_ECCE11
                0x1801798c       0x18 ./generate/inthandler.o
                0x1801798c                INT_Excep_ECCE11
 .text.INT_Excep_ECCE21
                0x180179a4       0x18 ./generate/inthandler.o
                0x180179a4                INT_Excep_ECCE21
 .text.INT_Excep_ECCOVF1
                0x180179bc       0x18 ./generate/inthandler.o
                0x180179bc                INT_Excep_ECCOVF1
 .text.INT_Excep_ECCE12
                0x180179d4       0x18 ./generate/inthandler.o
                0x180179d4                INT_Excep_ECCE12
 .text.INT_Excep_ECCE22
                0x180179ec       0x18 ./generate/inthandler.o
                0x180179ec                INT_Excep_ECCE22
 .text.INT_Excep_ECCOVF2
                0x18017a04       0x18 ./generate/inthandler.o
                0x18017a04                INT_Excep_ECCOVF2
 .text.INT_Excep_ECCE13
                0x18017a1c       0x18 ./generate/inthandler.o
                0x18017a1c                INT_Excep_ECCE13
 .text.INT_Excep_ECCE23
                0x18017a34       0x18 ./generate/inthandler.o
                0x18017a34                INT_Excep_ECCE23
 .text.INT_Excep_ECCOVF3
                0x18017a4c       0x18 ./generate/inthandler.o
                0x18017a4c                INT_Excep_ECCOVF3
 .text.INT_Excep_H2XMLB_ERRINT
                0x18017a64       0x18 ./generate/inthandler.o
                0x18017a64                INT_Excep_H2XMLB_ERRINT
 .text.INT_Excep_H2XIC1_ERRINT
                0x18017a7c       0x18 ./generate/inthandler.o
                0x18017a7c                INT_Excep_H2XIC1_ERRINT
 .text.INT_Excep_X2HPERI1_ERRINT
                0x18017a94       0x18 ./generate/inthandler.o
                0x18017a94                INT_Excep_X2HPERI1_ERRINT
 .text.INT_Excep_X2HPERI2_ERRINT
                0x18017aac       0x18 ./generate/inthandler.o
                0x18017aac                INT_Excep_X2HPERI2_ERRINT
 .text.INT_Excep_X2HPERI34_ERRINT
                0x18017ac4       0x18 ./generate/inthandler.o
                0x18017ac4                INT_Excep_X2HPERI34_ERRINT
 .text.INT_Excep_X2HPERI5_ERRINT
                0x18017adc       0x18 ./generate/inthandler.o
                0x18017adc                INT_Excep_X2HPERI5_ERRINT
 .text.INT_Excep_X2HPERI67_ERRINT
                0x18017af4       0x18 ./generate/inthandler.o
                0x18017af4                INT_Excep_X2HPERI67_ERRINT
 .text.INT_Excep_X2HDBGR_ERRINT
                0x18017b0c       0x18 ./generate/inthandler.o
                0x18017b0c                INT_Excep_X2HDBGR_ERRINT
 .text.INT_Excep_X2HBSC_ERRINT
                0x18017b24       0x18 ./generate/inthandler.o
                0x18017b24                INT_Excep_X2HBSC_ERRINT
 .text.INT_Excep_X2HSPI1_ERRINT
                0x18017b3c       0x18 ./generate/inthandler.o
                0x18017b3c                INT_Excep_X2HSPI1_ERRINT
 .text.INT_Excep_X2HSPI2_ERRINT
                0x18017b54       0x18 ./generate/inthandler.o
                0x18017b54                INT_Excep_X2HSPI2_ERRINT
 .text.INT_Excep_PRRI
                0x18017b6c       0x18 ./generate/inthandler.o
                0x18017b6c                INT_Excep_PRRI
 .text.INT_Excep_IFEI0
                0x18017b84       0x18 ./generate/inthandler.o
                0x18017b84                INT_Excep_IFEI0
 .text.INT_Excep_OFFI0
                0x18017b9c       0x18 ./generate/inthandler.o
                0x18017b9c                INT_Excep_OFFI0
 .text.INT_Excep_PFVEI0
                0x18017bb4       0x18 ./generate/inthandler.o
                0x18017bb4                INT_Excep_PFVEI0
 .text.INT_Excep_IFEI1
                0x18017bcc       0x18 ./generate/inthandler.o
                0x18017bcc                INT_Excep_IFEI1
 .text.INT_Excep_OFFI1
                0x18017be4       0x18 ./generate/inthandler.o
                0x18017be4                INT_Excep_OFFI1
 .text.INT_Excep_PFVEI1
                0x18017bfc       0x18 ./generate/inthandler.o
                0x18017bfc                INT_Excep_PFVEI1
 .text.INT_Excep_TINT0
                0x18017c14       0x18 ./generate/inthandler.o
                0x18017c14                INT_Excep_TINT0
 .text.INT_Excep_TINT1
                0x18017c2c       0x18 ./generate/inthandler.o
                0x18017c2c                INT_Excep_TINT1
 .text.INT_Excep_TINT2
                0x18017c44       0x18 ./generate/inthandler.o
                0x18017c44                INT_Excep_TINT2
 .text.INT_Excep_TINT3
                0x18017c5c       0x18 ./generate/inthandler.o
                0x18017c5c                INT_Excep_TINT3
 .text.INT_Excep_TINT4
                0x18017c74       0x18 ./generate/inthandler.o
                0x18017c74                INT_Excep_TINT4
 .text.INT_Excep_TINT5
                0x18017c8c       0x18 ./generate/inthandler.o
                0x18017c8c                INT_Excep_TINT5
 .text.INT_Excep_TINT6
                0x18017ca4       0x18 ./generate/inthandler.o
                0x18017ca4                INT_Excep_TINT6
 .text.INT_Excep_TINT7
                0x18017cbc       0x18 ./generate/inthandler.o
                0x18017cbc                INT_Excep_TINT7
 .text.INT_Excep_TINT8
                0x18017cd4       0x18 ./generate/inthandler.o
                0x18017cd4                INT_Excep_TINT8
 .text.INT_Excep_TINT9
                0x18017cec       0x18 ./generate/inthandler.o
                0x18017cec                INT_Excep_TINT9
 .text.INT_Excep_TINT10
                0x18017d04       0x18 ./generate/inthandler.o
                0x18017d04                INT_Excep_TINT10
 .text.INT_Excep_TINT11
                0x18017d1c       0x18 ./generate/inthandler.o
                0x18017d1c                INT_Excep_TINT11
 .text.INT_Excep_TINT12
                0x18017d34       0x18 ./generate/inthandler.o
                0x18017d34                INT_Excep_TINT12
 .text.INT_Excep_TINT13
                0x18017d4c       0x18 ./generate/inthandler.o
                0x18017d4c                INT_Excep_TINT13
 .text.INT_Excep_TINT14
                0x18017d64       0x18 ./generate/inthandler.o
                0x18017d64                INT_Excep_TINT14
 .text.INT_Excep_TINT15
                0x18017d7c       0x18 ./generate/inthandler.o