Archive member included to satisfy reference by file (symbol)

C:/Program Files (x86)/Arm GNU Toolchain arm-none-eabi/13.3 rel1/bin/../lib/gcc/arm-none-eabi/13.3.1/thumb/v7-a+fp/hard\libgcc.a(unwind-arm.o)
                              ./src/mcr_camera_2026base.o (__aeabi_unwind_cpp_pr1)
C:/Program Files (x86)/Arm GNU Toolchain arm-none-eabi/13.3 rel1/bin/../lib/gcc/arm-none-eabi/13.3.1/thumb/v7-a+fp/hard\libgcc.a(libunwind.o)
                              C:/Program Files (x86)/Arm GNU Toolchain arm-none-eabi/13.3 rel1/bin/../lib/gcc/arm-none-eabi/13.3.1/thumb/v7-a+fp/hard\libgcc.a(unwind-arm.o) (restore_core_regs)
C:/Program Files (x86)/Arm GNU Toolchain arm-none-eabi/13.3 rel1/bin/../lib/gcc/arm-none-eabi/13.3.1/thumb/v7-a+fp/hard\libgcc.a(pr-support.o)
                              C:/Program Files (x86)/Arm GNU Toolchain arm-none-eabi/13.3 rel1/bin/../lib/gcc/arm-none-eabi/13.3.1/thumb/v7-a+fp/hard\libgcc.a(unwind-arm.o) (__gnu_unwind_execute)
C:/Program Files (x86)/Arm GNU Toolchain arm-none-eabi/13.3 rel1/bin/../lib/gcc/arm-none-eabi/13.3.1/thumb/v7-a+fp/hard\libg.a(libc_a-abort.o)
                              C:/Program Files (x86)/Arm GNU Toolchain arm-none-eabi/13.3 rel1/bin/../lib/gcc/arm-none-eabi/13.3.1/thumb/v7-a+fp/hard\libgcc.a(unwind-arm.o) (abort)
C:/Program Files (x86)/Arm GNU Toolchain arm-none-eabi/13.3 rel1/bin/../lib/gcc/arm-none-eabi/13.3.1/thumb/v7-a+fp/hard\libg.a(libc_a-signal.o)
                              C:/Program Files (x86)/Arm GNU Toolchain arm-none-eabi/13.3 rel1/bin/../lib/gcc/arm-none-eabi/13.3.1/thumb/v7-a+fp/hard\libg.a(libc_a-abort.o) (raise)
C:/Program Files (x86)/Arm GNU Toolchain arm-none-eabi/13.3 rel1/bin/../lib/gcc/arm-none-eabi/13.3.1/thumb/v7-a+fp/hard\libg.a(libc_a-impure.o)
                              C:/Program Files (x86)/Arm GNU Toolchain arm-none-eabi/13.3 rel1/bin/../lib/gcc/arm-none-eabi/13.3.1/thumb/v7-a+fp/hard\libg.a(libc_a-signal.o) (_impure_ptr)
C:/Program Files (x86)/Arm GNU Toolchain arm-none-eabi/13.3 rel1/bin/../lib/gcc/arm-none-eabi/13.3.1/thumb/v7-a+fp/hard\libg.a(libc_a-signalr.o)
                              C:/Program Files (x86)/Arm GNU Toolchain arm-none-eabi/13.3 rel1/bin/../lib/gcc/arm-none-eabi/13.3.1/thumb/v7-a+fp/hard\libg.a(libc_a-signal.o) (_kill_r)
C:/Program Files (x86)/Arm GNU Toolchain arm-none-eabi/13.3 rel1/bin/../lib/gcc/arm-none-eabi/13.3.1/thumb/v7-a+fp/hard\libg.a(libc_a-memcpy.o)
                              C:/Program Files (x86)/Arm GNU Toolchain arm-none-eabi/13.3 rel1/bin/../lib/gcc/arm-none-eabi/13.3.1/thumb/v7-a+fp/hard\libgcc.a(unwind-arm.o) (memcpy)
C:/Program Files (x86)/Arm GNU Toolchain arm-none-eabi/13.3 rel1/bin/../lib/gcc/arm-none-eabi/13.3.1/thumb/v7-a+fp/hard\libg.a(libc_a-mallocr.o)
                              C:/Program Files (x86)/Arm GNU Toolchain arm-none-eabi/13.3 rel1/bin/../lib/gcc/arm-none-eabi/13.3.1/thumb/v7-a+fp/hard\libg.a(libc_a-signal.o) (_malloc_r)
C:/Program Files (x86)/Arm GNU Toolchain arm-none-eabi/13.3 rel1/bin/../lib/gcc/arm-none-eabi/13.3.1/thumb/v7-a+fp/hard\libg.a(libc_a-mlock.o)
                              C:/Program Files (x86)/Arm GNU Toolchain arm-none-eabi/13.3 rel1/bin/../lib/gcc/arm-none-eabi/13.3.1/thumb/v7-a+fp/hard\libg.a(libc_a-mallocr.o) (__malloc_lock)
C:/Program Files (x86)/Arm GNU Toolchain arm-none-eabi/13.3 rel1/bin/../lib/gcc/arm-none-eabi/13.3.1/thumb/v7-a+fp/hard\libg.a(libc_a-findfp.o)
                              C:/Program Files (x86)/Arm GNU Toolchain arm-none-eabi/13.3 rel1/bin/../lib/gcc/arm-none-eabi/13.3.1/thumb/v7-a+fp/hard\libg.a(libc_a-impure.o) (__sf)
C:/Program Files (x86)/Arm GNU Toolchain arm-none-eabi/13.3 rel1/bin/../lib/gcc/arm-none-eabi/13.3.1/thumb/v7-a+fp/hard\libg.a(libc_a-fwalk.o)
                              C:/Program Files (x86)/Arm GNU Toolchain arm-none-eabi/13.3 rel1/bin/../lib/gcc/arm-none-eabi/13.3.1/thumb/v7-a+fp/hard\libg.a(libc_a-findfp.o) (_fwalk_sglue)
C:/Program Files (x86)/Arm GNU Toolchain arm-none-eabi/13.3 rel1/bin/../lib/gcc/arm-none-eabi/13.3.1/thumb/v7-a+fp/hard\libg.a(libc_a-stdio.o)
                              C:/Program Files (x86)/Arm GNU Toolchain arm-none-eabi/13.3 rel1/bin/../lib/gcc/arm-none-eabi/13.3.1/thumb/v7-a+fp/hard\libg.a(libc_a-findfp.o) (__sread)
C:/Program Files (x86)/Arm GNU Toolchain arm-none-eabi/13.3 rel1/bin/../lib/gcc/arm-none-eabi/13.3.1/thumb/v7-a+fp/hard\libg.a(libc_a-memset.o)
                              C:/Program Files (x86)/Arm GNU Toolchain arm-none-eabi/13.3 rel1/bin/../lib/gcc/arm-none-eabi/13.3.1/thumb/v7-a+fp/hard\libg.a(libc_a-findfp.o) (memset)
C:/Program Files (x86)/Arm GNU Toolchain arm-none-eabi/13.3 rel1/bin/../lib/gcc/arm-none-eabi/13.3.1/thumb/v7-a+fp/hard\libg.a(libc_a-closer.o)
                              C:/Program Files (x86)/Arm GNU Toolchain arm-none-eabi/13.3 rel1/bin/../lib/gcc/arm-none-eabi/13.3.1/thumb/v7-a+fp/hard\libg.a(libc_a-stdio.o) (_close_r)
[...]
Memory Configuration

Name             Origin             Length             Attributes
BOOT_LOADER      0x18000000         0x00004000
SFLASH           0x18004000         0x07ffc000
RAM              0x20020000         0x00500000
*default*        0x00000000         0xffffffff

Linker script and memory map

LOAD ./src/drivers/Onboard.o
LOAD ./src/mcr_camera_2026base.o
LOAD ./generate/hwsetup.o
LOAD ./generate/inthandler.o
LOAD ./generate/mbed_sf_boot.o
LOAD ./generate/start.o
LOAD ./generate/vect_table.o
LOAD ./generate/vects.o
START GROUP
END GROUP
LOAD C:/Program Files (x86)/Arm GNU Toolchain arm-none-eabi/13.3 rel1/bin/../lib/gcc/arm-none-eabi/13.3.1/thumb/v7-a+fp/hard\libstdc++.a
LOAD C:/Program Files (x86)/Arm GNU Toolchain arm-none-eabi/13.3 rel1/bin/../lib/gcc/arm-none-eabi/13.3.1/thumb/v7-a+fp/hard\libm.a
START GROUP
LOAD C:/Program Files (x86)/Arm GNU Toolchain arm-none-eabi/13.3 rel1/bin/../lib/gcc/arm-none-eabi/13.3.1/thumb/v7-a+fp/hard\libgcc.a
LOAD C:/Program Files (x86)/Arm GNU Toolchain arm-none-eabi/13.3 rel1/bin/../lib/gcc/arm-none-eabi/13.3.1/thumb/v7-a+fp/hard\libg.a
LOAD C:/Program Files (x86)/Arm GNU Toolchain arm-none-eabi/13.3 rel1/bin/../lib/gcc/arm-none-eabi/13.3.1/thumb/v7-a+fp/hard\libc.a
END GROUP
START GROUP
LOAD C:/Program Files (x86)/Arm GNU Toolchain arm-none-eabi/13.3 rel1/bin/../lib/gcc/arm-none-eabi/13.3.1/thumb/v7-a+fp/hard\libgcc.a
LOAD C:/Program Files (x86)/Arm GNU Toolchain arm-none-eabi/13.3 rel1/bin/../lib/gcc/arm-none-eabi/13.3.1/thumb/v7-a+fp/hard\libc.a
LOAD C:/Program Files (x86)/Arm GNU Toolchain arm-none-eabi/13.3 rel1/bin/../lib/gcc/arm-none-eabi/13.3.1/thumb/v7-a+fp/hard\librdimon.a
END GROUP

.boot           0x18000000     0x3100
 *(.boot_loader)
 .boot_loader   0x18000000     0x3100 ./generate/mbed_sf_boot.o
                0x18000000                boot_loader

.fvectors       0x18004000       0x40
 *(.fvectors)
 .fvectors      0x18004000       0x40 ./generate/vect_table.o
                0x18004000                Start
                0x18004000                vector_table

.text           0x18004040     0x621c
 *(.text)
 .text          0x18004040       0xa4 ./generate/start.o
                0x18004054                _PowerON_Reset
 .text          0x180040e4      0x1ac C:/Program Files (x86)/Arm GNU Toolchain arm-none-eabi/13.3 rel1/bin/../lib/gcc/arm-none-eabi/13.3.1/thumb/v7-a+fp/hard\libgcc.a(libunwind.o)
                0x180040e4                __restore_core_regs
                0x180040e4                restore_core_regs
                0x180040fc                __gnu_Unwind_Restore_VFP
                0x18004104                __gnu_Unwind_Save_VFP
                0x1800410c                __gnu_Unwind_Restore_VFP_D
                0x18004114                __gnu_Unwind_Save_VFP_D
                0x1800411c                __gnu_Unwind_Restore_VFP_D_16_to_31
                0x18004124                __gnu_Unwind_Save_VFP_D_16_to_31
                0x1800412c                __gnu_Unwind_Restore_WMMXD
                0x18004170                __gnu_Unwind_Save_WMMXD
                0x180041b4                __gnu_Unwind_Restore_WMMXC
                0x180041c8                __gnu_Unwind_Save_WMMXC
                0x180041dc                ___Unwind_RaiseException
                0x180041dc                _Unwind_RaiseException
                0x18004200                _Unwind_Resume
                0x18004200                ___Unwind_Resume
                0x18004224                _Unwind_Resume_or_Rethrow
                0x18004224                ___Unwind_Resume_or_Rethrow
                0x18004248                _Unwind_ForcedUnwind
                0x18004248                ___Unwind_ForcedUnwind
                0x1800426c                ___Unwind_Backtrace
                0x1800426c                _Unwind_Backtrace
 *fill*         0x18004290       0x30 
 .text          0x180042c0      0x5e0 C:/Program Files (x86)/Arm GNU Toolchain arm-none-eabi/13.3 rel1/bin/../lib/gcc/arm-none-eabi/13.3.1/thumb/v7-a+fp/hard\libg.a(libc_a-memcpy.o)
                0x180042c0                memcpy
 .text          0x180048a0      0x278 C:/Program Files (x86)/Arm GNU Toolchain arm-none-eabi/13.3 rel1/bin/../lib/gcc/arm-none-eabi/13.3.1/thumb/v7-a+fp/hard\libgcc.a(_udivsi3.o)
                0x180048a0                __aeabi_uidiv
                0x180048a0                __udivsi3
                0x18004afc                __aeabi_uidivmod
 .text          0x18004b18        0x4 C:/Program Files (x86)/Arm GNU Toolchain arm-none-eabi/13.3 rel1/bin/../lib/gcc/arm-none-eabi/13.3.1/thumb/v7-a+fp/hard\libgcc.a(_dvmd_tls.o)
                0x18004b18                __aeabi_idiv0
                0x18004b18                __aeabi_ldiv0
 *fill*         0x18004b1c       0x24 
 .text          0x18004b40       0xd8 C:/Program Files (x86)/Arm GNU Toolchain arm-none-eabi/13.3 rel1/bin/../lib/gcc/arm-none-eabi/13.3.1/thumb/v7-a+fp/hard\libc.a(libc_a-strlen.o)
                0x18004b40                strlen
 *(.text.*)
 .text._ZN7Onboard4initEv
                0x18004c18      0x24c ./src/drivers/Onboard.o
                0x18004c18                Onboard::init()
 .text._ZN7Onboard6setLedEii
                0x18004e64       0x68 ./src/drivers/Onboard.o
                0x18004e64                Onboard::setLed(int, int)
 .text._ZN7Onboard6updateEv
                0x18004ecc       0xf4 ./src/drivers/Onboard.o
                0x18004ecc                Onboard::update()
 .text._ZN7Onboard2swEv
                0x18004fc0       0x54 ./src/drivers/Onboard.o
                0x18004fc0                Onboard::sw()
 .text._ZL9initOSTM0v
                0x18005014      0x168 ./src/mcr_camera_2026base.o
 .text.ostm0_interrupt_callback
                0x1800517c      0x120 ./src/mcr_camera_2026base.o
                0x1800517c                ostm0_interrupt_callback
 .text.main     0x1800529c       0x14 ./src/mcr_camera_2026base.o
                0x1800529c                main
 .text.HardwareSetup
                0x180052b0       0x18 ./generate/hwsetup.o
                0x180052b0                HardwareSetup
 .text.INT_Excep_UndefinedInst
                0x180052c8       0x18 ./generate/inthandler.o
                0x180052c8                INT_Excep_UndefinedInst
 .text.INT_Excep_SWI
                0x180052e0       0x18 ./generate/inthandler.o
                0x180052e0                INT_Excep_SWI
 .text.INT_Excep_PREFETCH_ABORT
                0x180052f8       0x18 ./generate/inthandler.o
                0x180052f8                INT_Excep_PREFETCH_ABORT
 .text.INT_Excep_DATA_ABORT
                0x18005310       0x18 ./generate/inthandler.o
                0x18005310                INT_Excep_DATA_ABORT
 .text.INT_Excep_Reserved
                0x18005328       0x18 ./generate/inthandler.o
                0x18005328                INT_Excep_Reserved
 .text.INT_Excep_IRQ
                0x18005340       0x18 ./generate/inthandler.o
                0x18005340                INT_Excep_IRQ
 .text.INT_Excep_FIQ
                0x18005358       0x18 ./generate/inthandler.o
                0x18005358                INT_Excep_FIQ
 .text.INT_Excep_GIC0
                0x18005370       0x18 ./generate/inthandler.o
                0x18005370                INT_Excep_GIC0
 .text.INT_Excep_GIC1
                0x18005388       0x18 ./generate/inthandler.o
                0x18005388                INT_Excep_GIC1
 .text.INT_Excep_GIC2
                0x180053a0       0x18 ./generate/inthandler.o
                0x180053a0                INT_Excep_GIC2
 .text.INT_Excep_GIC3
                0x180053b8       0x18 ./generate/inthandler.o
                0x180053b8                INT_Excep_GIC3
 .text.INT_Excep_GIC4
                0x180053d0       0x18 ./generate/inthandler.o
                0x180053d0                INT_Excep_GIC4
 .text.INT_Excep_GIC5
                0x180053e8       0x18 ./generate/inthandler.o
                0x180053e8                INT_Excep_GIC5
 .text.INT_Excep_GIC6
                0x18005400       0x18 ./generate/inthandler.o
                0x18005400                INT_Excep_GIC6
 .text.INT_Excep_GIC7
                0x18005418       0x18 ./generate/inthandler.o
                0x18005418                INT_Excep_GIC7
 .text.INT_Excep_GIC8
                0x18005430       0x18 ./generate/inthandler.o
                0x18005430                INT_Excep_GIC8
 .text.INT_Excep_GIC9
                0x18005448       0x18 ./generate/inthandler.o
                0x18005448                INT_Excep_GIC9
 .text.INT_Excep_GIC10
                0x18005460       0x18 ./generate/inthandler.o
                0x18005460                INT_Excep_GIC10
 .text.INT_Excep_GIC11
                0x18005478       0x18 ./generate/inthandler.o
                0x18005478                INT_Excep_GIC11
 .text.INT_Excep_GIC12
                0x18005490       0x18 ./generate/inthandler.o
                0x18005490                INT_Excep_GIC12
 .text.INT_Excep_GIC13
                0x180054a8       0x18 ./generate/inthandler.o
                0x180054a8                INT_Excep_GIC13
 .text.INT_Excep_GIC14
                0x180054c0       0x18 ./generate/inthandler.o
                0x180054c0                INT_Excep_GIC14
 .text.INT_Excep_GIC15
                0x180054d8       0x18 ./generate/inthandler.o
                0x180054d8                INT_Excep_GIC15
 .text.INT_Excep_CPU_PMUIRQ0
                0x180054f0       0x18 ./generate/inthandler.o
                0x180054f0                INT_Excep_CPU_PMUIRQ0
 .text.INT_Excep_CPU_COMMRX0
                0x18005508       0x18 ./generate/inthandler.o
                0x18005508                INT_Excep_CPU_COMMRX0
 .text.INT_Excep_CPU_COMMTX0
                0x18005520       0x18 ./generate/inthandler.o
                0x18005520                INT_Excep_CPU_COMMTX0
 .text.INT_Excep_CPU_CTIIRQ0
                0x18005538       0x18 ./generate/inthandler.o
                0x18005538                INT_Excep_CPU_CTIIRQ0
 .text.INT_Excep_IRQ0
                0x18005550       0x18 ./generate/inthandler.o
                0x18005550                INT_Excep_IRQ0
 .text.INT_Excep_IRQ1
                0x18005568       0x18 ./generate/inthandler.o
                0x18005568                INT_Excep_IRQ1
 .text.INT_Excep_IRQ2
                0x18005580       0x18 ./generate/inthandler.o
                0x18005580                INT_Excep_IRQ2
 .text.INT_Excep_IRQ3
                0x18005598       0x18 ./generate/inthandler.o
                0x18005598                INT_Excep_IRQ3
 .text.INT_Excep_IRQ4
                0x180055b0       0x18 ./generate/inthandler.o
                0x180055b0                INT_Excep_IRQ4
 .text.INT_Excep_IRQ5
                0x180055c8       0x18 ./generate/inthandler.o
                0x180055c8                INT_Excep_IRQ5
 .text.INT_Excep_IRQ6
                0x180055e0       0x18 ./generate/inthandler.o
                0x180055e0                INT_Excep_IRQ6
 .text.INT_Excep_IRQ7
                0x180055f8       0x18 ./generate/inthandler.o
                0x180055f8                INT_Excep_IRQ7
 .text.INT_Excep_PL310ERR
                0x18005610       0x18 ./generate/inthandler.o
                0x18005610                INT_Excep_PL310ERR
 .text.INT_Excep_DMAINT0
                0x18005628       0x18 ./generate/inthandler.o
                0x18005628                INT_Excep_DMAINT0
 .text.INT_Excep_DMAINT1
                0x18005640       0x18 ./generate/inthandler.o
                0x18005640                INT_Excep_DMAINT1
 .text.INT_Excep_DMAINT2
                0x18005658       0x18 ./generate/inthandler.o
                0x18005658                INT_Excep_DMAINT2
 .text.INT_Excep_DMAINT3
                0x18005670       0x18 ./generate/inthandler.o
                0x18005670                INT_Excep_DMAINT3
 .text.INT_Excep_DMAINT4
                0x18005688       0x18 ./generate/inthandler.o
                0x18005688                INT_Excep_DMAINT4
 .text.INT_Excep_DMAINT5
                0x180056a0       0x18 ./generate/inthandler.o
                0x180056a0                INT_Excep_DMAINT5
 .text.INT_Excep_DMAINT6
                0x180056b8       0x18 ./generate/inthandler.o
                0x180056b8                INT_Excep_DMAINT6
 .text.INT_Excep_DMAINT7
                0x180056d0       0x18 ./generate/inthandler.o
                0x180056d0                INT_Excep_DMAINT7
 .text.INT_Excep_DMAINT8
                0x180056e8       0x18 ./generate/inthandler.o
                0x180056e8                INT_Excep_DMAINT8
 .text.INT_Excep_DMAINT9
                0x18005700       0x18 ./generate/inthandler.o
                0x18005700                INT_Excep_DMAINT9
 .text.INT_Excep_DMAINT10
                0x18005718       0x18 ./generate/inthandler.o
                0x18005718                INT_Excep_DMAINT10
 .text.INT_Excep_DMAINT11
                0x18005730       0x18 ./generate/inthandler.o
                0x18005730                INT_Excep_DMAINT11
 .text.INT_Excep_DMAINT12
                0x18005748       0x18 ./generate/inthandler.o
                0x18005748                INT_Excep_DMAINT12
 .text.INT_Excep_DMAINT13
                0x18005760       0x18 ./generate/inthandler.o
                0x18005760                INT_Excep_DMAINT13
 .text.INT_Excep_DMAINT14
                0x18005778       0x18 ./generate/inthandler.o
                0x18005778                INT_Excep_DMAINT14
 .text.INT_Excep_DMAINT15
                0x18005790       0x18 ./generate/inthandler.o
                0x18005790                INT_Excep_DMAINT15
 .text.INT_Excep_DMAERR
                0x180057a8       0x18 ./generate/inthandler.o
                0x180057a8                INT_Excep_DMAERR
 .text.INT_Excep_USBI0
                0x180057c0       0x18 ./generate/inthandler.o
                0x180057c0                INT_Excep_USBI0
 .text.INT_Excep_USBI1
                0x180057d8       0x18 ./generate/inthandler.o
                0x180057d8                INT_Excep_USBI1
 .text.INT_Excep_S0_VI_VSYNC0
                0x180057f0       0x18 ./generate/inthandler.o
                0x180057f0                INT_Excep_S0_VI_VSYNC0
 .text.INT_Excep_S0_LO_VSYNC0
                0x18005808       0x18 ./generate/inthandler.o
                0x18005808                INT_Excep_S0_LO_VSYNC0
 .text.INT_Excep_S0_VSYNCERR0
                0x18005820       0x18 ./generate/inthandler.o
                0x18005820                INT_Excep_S0_VSYNCERR0
 .text.INT_Excep_GR3_VLINE0
                0x18005838       0x18 ./generate/inthandler.o
                0x18005838                INT_Excep_GR3_VLINE0
 .text.INT_Excep_S0_VFIELD0
                0x18005850       0x18 ./generate/inthandler.o
                0x18005850                INT_Excep_S0_VFIELD0
 .text.INT_Excep_IV1_VBUFERR0
                0x18005868       0x18 ./generate/inthandler.o
                0x18005868                INT_Excep_IV1_VBUFERR0
 .text.INT_Excep_IV3_VBUFERR0
                0x18005880       0x18 ./generate/inthandler.o
                0x18005880                INT_Excep_IV3_VBUFERR0
 .text.INT_Excep_IV5_VBUFERR0
                0x18005898       0x18 ./generate/inthandler.o
                0x18005898                INT_Excep_IV5_VBUFERR0
 .text.INT_Excep_IV6_VBUFERR0
                0x180058b0       0x18 ./generate/inthandler.o
                0x180058b0                INT_Excep_IV6_VBUFERR0
 .text.INT_Excep_S0_WLINE0
                0x180058c8       0x18 ./generate/inthandler.o
                0x180058c8                INT_Excep_S0_WLINE0
 .text.INT_Excep_S1_VI_VSYNC0
                0x180058e0       0x18 ./generate/inthandler.o
                0x180058e0                INT_Excep_S1_VI_VSYNC0
 .text.INT_Excep_S1_LO_VSYNC0
                0x180058f8       0x18 ./generate/inthandler.o
                0x180058f8                INT_Excep_S1_LO_VSYNC0
 .text.INT_Excep_S1_VSYNCERR0
                0x18005910       0x18 ./generate/inthandler.o
                0x18005910                INT_Excep_S1_VSYNCERR0
 .text.INT_Excep_S1_VFIELD0
                0x18005928       0x18 ./generate/inthandler.o
                0x18005928                INT_Excep_S1_VFIELD0
 .text.INT_Excep_IV2_VBUFERR0
                0x18005940       0x18 ./generate/inthandler.o
                0x18005940                INT_Excep_IV2_VBUFERR0
 .text.INT_Excep_IV4_VBUFERR0
                0x18005958       0x18 ./generate/inthandler.o
                0x18005958                INT_Excep_IV4_VBUFERR0
 .text.INT_Excep_S1_WLINE0
                0x18005970       0x18 ./generate/inthandler.o
                0x18005970                INT_Excep_S1_WLINE0
 .text.INT_Excep_OIR_VI_VSYNC0
                0x18005988       0x18 ./generate/inthandler.o
                0x18005988                INT_Excep_OIR_VI_VSYNC0
 .text.INT_Excep_OIR_LO_VSYNC0
                0x180059a0       0x18 ./generate/inthandler.o
                0x180059a0                INT_Excep_OIR_LO_VSYNC0
 .text.INT_Excep_OIR_VSYNCERR0
                0x180059b8       0x18 ./generate/inthandler.o
                0x180059b8                INT_Excep_OIR_VSYNCERR0
 .text.INT_Excep_OIR_VFIELD0
                0x180059d0       0x18 ./generate/inthandler.o
                0x180059d0                INT_Excep_OIR_VFIELD0
 .text.INT_Excep_IV7_VBUFERR0
                0x180059e8       0x18 ./generate/inthandler.o
                0x180059e8                INT_Excep_IV7_VBUFERR0
 .text.INT_Excep_V8_VBUFERR0
                0x18005a00       0x18 ./generate/inthandler.o
                0x18005a00                INT_Excep_V8_VBUFERR0
 .text.INT_Excep_OIR_WLINE0
                0x18005a18       0x18 ./generate/inthandler.o
                0x18005a18                INT_Excep_OIR_WLINE0
 .text.INT_Excep_S0_VI_VSYNC1
                0x18005a30       0x18 ./generate/inthandler.o
                0x18005a30                INT_Excep_S0_VI_VSYNC1
 .text.INT_Excep_S0_LO_VSYNC1
                0x18005a48       0x18 ./generate/inthandler.o
                0x18005a48                INT_Excep_S0_LO_VSYNC1
 .text.INT_Excep_S0_VSYNCERR1
                0x18005a60       0x18 ./generate/inthandler.o
                0x18005a60                INT_Excep_S0_VSYNCERR1
 .text.INT_Excep_GR3_VLINE1
                0x18005a78       0x18 ./generate/inthandler.o
                0x18005a78                INT_Excep_GR3_VLINE1
 .text.INT_Excep_S0_VFIELD1
                0x18005a90       0x18 ./generate/inthandler.o
                0x18005a90                INT_Excep_S0_VFIELD1
 .text.INT_Excep_IV1_VBUFERR1
                0x18005aa8       0x18 ./generate/inthandler.o
                0x18005aa8                INT_Excep_IV1_VBUFERR1
 .text.INT_Excep_IV3_VBUFERR1
                0x18005ac0       0x18 ./generate/inthandler.o
                0x18005ac0                INT_Excep_IV3_VBUFERR1
 .text.INT_Excep_IV5_VBUFERR1
                0x18005ad8       0x18 ./generate/inthandler.o
                0x18005ad8                INT_Excep_IV5_VBUFERR1
 .text.INT_Excep_IV6_VBUFERR1
                0x18005af0       0x18 ./generate/inthandler.o
                0x18005af0                INT_Excep_IV6_VBUFERR1
 .text.INT_Excep_S0_WLINE1
                0x18005b08       0x18 ./generate/inthandler.o
                0x18005b08                INT_Excep_S0_WLINE1
 .text.INT_Excep_S1_VI_VSYNC1
                0x18005b20       0x18 ./generate/inthandler.o
                0x18005b20                INT_Excep_S1_VI_VSYNC1
 .text.INT_Excep_S1_LO_VSYNC1
                0x18005b38       0x18 ./generate/inthandler.o
                0x18005b38                INT_Excep_S1_LO_VSYNC1
 .text.INT_Excep_S1_VSYNCERR1
                0x18005b50       0x18 ./generate/inthandler.o
                0x18005b50                INT_Excep_S1_VSYNCERR1
 .text.INT_Excep_S1_VFIELD1
                0x18005b68       0x18 ./generate/inthandler.o
                0x18005b68                INT_Excep_S1_VFIELD1
 .text.INT_Excep_IV2_VBUFERR1
                0x18005b80       0x18 ./generate/inthandler.o
                0x18005b80                INT_Excep_IV2_VBUFERR1
 .text.INT_Excep_IV4_VBUFERR1
                0x18005b98       0x18 ./generate/inthandler.o
                0x18005b98                INT_Excep_IV4_VBUFERR1
 .text.INT_Excep_S1_WLINE1
                0x18005bb0       0x18 ./generate/inthandler.o
                0x18005bb0                INT_Excep_S1_WLINE1
 .text.INT_Excep_OIR_VI_VSYNC1
                0x18005bc8       0x18 ./generate/inthandler.o
                0x18005bc8                INT_Excep_OIR_VI_VSYNC1
 .text.INT_Excep_OIR_LO_VSYNC1
                0x18005be0       0x18 ./generate/inthandler.o
                0x18005be0                INT_Excep_OIR_LO_VSYNC1
 .text.INT_Excep_OIR_VLINE1
                0x18005bf8       0x18 ./generate/inthandler.o
                0x18005bf8                INT_Excep_OIR_VLINE1
 .text.INT_Excep_OIR_VFIELD1
                0x18005c10       0x18 ./generate/inthandler.o
                0x18005c10                INT_Excep_OIR_VFIELD1
 .text.INT_Excep_IV7_VBUFERR1
                0x18005c28       0x18 ./generate/inthandler.o
                0x18005c28                INT_Excep_IV7_VBUFERR1
 .text.INT_Excep_IV8_VBUFERR1
                0x18005c40       0x18 ./generate/inthandler.o
                0x18005c40                INT_Excep_IV8_VBUFERR1
 .text.INT_Excep_OIR_WLINE1
                0x18005c58       0x18 ./generate/inthandler.o
                0x18005c58                INT_Excep_OIR_WLINE1
 .text.INT_Excep_IMRDI
                0x18005c70       0x18 ./generate/inthandler.o
                0x18005c70                INT_Excep_IMRDI
 .text.INT_Excep_IMR2I0
                0x18005c88       0x18 ./generate/inthandler.o
                0x18005c88                INT_Excep_IMR2I0
 .text.INT_Excep_IMR2I1
                0x18005ca0       0x18 ./generate/inthandler.o
                0x18005ca0                INT_Excep_IMR2I1
 .text.INT_Excep_JEDI
                0x18005cb8       0x18 ./generate/inthandler.o
                0x18005cb8                INT_Excep_JEDI
 .text.INT_Excep_JDTI
                0x18005cd0       0x18 ./generate/inthandler.o
                0x18005cd0                INT_Excep_JDTI
 .text.INT_Excep_CMP0
                0x18005ce8       0x18 ./generate/inthandler.o
                0x18005ce8                INT_Excep_CMP0
 .text.INT_Excep_CMP1
                0x18005d00       0x18 ./generate/inthandler.o
                0x18005d00                INT_Excep_CMP1
 .text.INT_Excep_INT0
                0x18005d18       0x18 ./generate/inthandler.o
                0x18005d18                INT_Excep_INT0
 .text.INT_Excep_INT1
                0x18005d30       0x18 ./generate/inthandler.o
                0x18005d30                INT_Excep_INT1
 .text.INT_Excep_INT2
                0x18005d48       0x18 ./generate/inthandler.o
                0x18005d48                INT_Excep_INT2
 .text.INT_Excep_INT3
                0x18005d60       0x18 ./generate/inthandler.o
                0x18005d60                INT_Excep_INT3
 .text.INT_Excep_OSTMI0
                0x18005d78       0x1c ./generate/inthandler.o
                0x18005d78                INT_Excep_OSTMI0
 .text.INT_Excep_OSTMI1
                0x18005d94       0x18 ./generate/inthandler.o
                0x18005d94                INT_Excep_OSTMI1
 .text.INT_Excep_CMI
                0x18005dac       0x18 ./generate/inthandler.o
                0x18005dac                INT_Excep_CMI
 .text.INT_Excep_WTOUT
                0x18005dc4       0x18 ./generate/inthandler.o
                0x18005dc4                INT_Excep_WTOUT
 .text.INT_Excep_ITI
                0x18005ddc       0x18 ./generate/inthandler.o
                0x18005ddc                INT_Excep_ITI
 .text.INT_Excep_TGI0A
                0x18005df4       0x18 ./generate/inthandler.o
                0x18005df4                INT_Excep_TGI0A
 .text.INT_Excep_TGI0B
                0x18005e0c       0x18 ./generate/inthandler.o
                0x18005e0c                INT_Excep_TGI0B
 .text.INT_Excep_TGI0C
                0x18005e24       0x18 ./generate/inthandler.o
                0x18005e24                INT_Excep_TGI0C
 .text.INT_Excep_TGI0D
                0x18005e3c       0x18 ./generate/inthandler.o
                0x18005e3c                INT_Excep_TGI0D
 .text.INT_Excep_TGI0V
                0x18005e54       0x18 ./generate/inthandler.o
                0x18005e54                INT_Excep_TGI0V
 .text.INT_Excep_TGI0E
                0x18005e6c       0x18 ./generate/inthandler.o
                0x18005e6c                INT_Excep_TGI0E
 .text.INT_Excep_TGI0F
                0x18005e84       0x18 ./generate/inthandler.o
                0x18005e84                INT_Excep_TGI0F
 .text.INT_Excep_TGI1A
                0x18005e9c       0x18 ./generate/inthandler.o
                0x18005e9c                INT_Excep_TGI1A
 .text.INT_Excep_TGI1B
                0x18005eb4       0x18 ./generate/inthandler.o
                0x18005eb4                INT_Excep_TGI1B
 .text.INT_Excep_TGI1V
                0x18005ecc       0x18 ./generate/inthandler.o
                0x18005ecc                INT_Excep_TGI1V
 .text.INT_Excep_TGI1U
                0x18005ee4       0x18 ./generate/inthandler.o
                0x18005ee4                INT_Excep_TGI1U
 .text.INT_Excep_TGI2A
                0x18005efc       0x18 ./generate/inthandler.o
                0x18005efc                INT_Excep_TGI2A
 .text.INT_Excep_TGI2B
                0x18005f14       0x18 ./generate/inthandler.o
                0x18005f14                INT_Excep_TGI2B
 .text.INT_Excep_TGI2V
                0x18005f2c       0x18 ./generate/inthandler.o
                0x18005f2c                INT_Excep_TGI2V
 .text.INT_Excep_TGI2U
                0x18005f44       0x18 ./generate/inthandler.o
                0x18005f44                INT_Excep_TGI2U
 .text.INT_Excep_TGI3A
                0x18005f5c       0x18 ./generate/inthandler.o
                0x18005f5c                INT_Excep_TGI3A
 .text.INT_Excep_TGI3B
                0x18005f74       0x18 ./generate/inthandler.o
                0x18005f74                INT_Excep_TGI3B
 .text.INT_Excep_TGI3C
                0x18005f8c       0x18 ./generate/inthandler.o
                0x18005f8c                INT_Excep_TGI3C
 .text.INT_Excep_TGI3D
                0x18005fa4       0x18 ./generate/inthandler.o
                0x18005fa4                INT_Excep_TGI3D
 .text.INT_Excep_TGI3V
                0x18005fbc       0x18 ./generate/inthandler.o
                0x18005fbc                INT_Excep_TGI3V
 .text.INT_Excep_TGI4A
                0x18005fd4       0x18 ./generate/inthandler.o
                0x18005fd4                INT_Excep_TGI4A
 .text.INT_Excep_TGI4B
                0x18005fec       0x18 ./generate/inthandler.o
                0x18005fec                INT_Excep_TGI4B
 .text.INT_Excep_TGI4C
                0x18006004       0x18 ./generate/inthandler.o
                0x18006004                INT_Excep_TGI4C
 .text.INT_Excep_TGI4D
                0x1800601c       0x18 ./generate/inthandler.o
                0x1800601c                INT_Excep_TGI4D
 .text.INT_Excep_TGI4V
                0x18006034       0x18 ./generate/inthandler.o
                0x18006034                INT_Excep_TGI4V
 .text.INT_Excep_CMI1
                0x1800604c       0x18 ./generate/inthandler.o
                0x1800604c                INT_Excep_CMI1
 .text.INT_Excep_CMI2
                0x18006064       0x18 ./generate/inthandler.o
                0x18006064                INT_Excep_CMI2
 .text.INT_Excep_SGDEI0
                0x1800607c       0x18 ./generate/inthandler.o
                0x1800607c                INT_Excep_SGDEI0
 .text.INT_Excep_SGDEI1
                0x18006094       0x18 ./generate/inthandler.o
                0x18006094                INT_Excep_SGDEI1
 .text.INT_Excep_SGDEI2
                0x180060ac       0x18 ./generate/inthandler.o
                0x180060ac                INT_Excep_SGDEI2
 .text.INT_Excep_SGDEI3
                0x180060c4       0x18 ./generate/inthandler.o
                0x180060c4                INT_Excep_SGDEI3
 .text.INT_Excep_ADI
                0x180060dc       0x18 ./generate/inthandler.o
                0x180060dc                INT_Excep_ADI
 .text.INT_Excep_ADWAR
                0x180060f4       0x18 ./generate/inthandler.o
                0x180060f4                INT_Excep_ADWAR
 .text.INT_Excep_SSII0
                0x1800610c       0x18 ./generate/inthandler.o
                0x1800610c                INT_Excep_SSII0
 .text.INT_Excep_SSIRXI0
                0x18006124       0x18 ./generate/inthandler.o
                0x18006124                INT_Excep_SSIRXI0
 .text.INT_Excep_SSITXI0
                0x1800613c       0x18 ./generate/inthandler.o
                0x1800613c                INT_Excep_SSITXI0
 .text.INT_Excep_SSII1
                0x18006154       0x18 ./generate/inthandler.o
                0x18006154                INT_Excep_SSII1
 .text.INT_Excep_SSIRXI1
                0x1800616c       0x18 ./generate/inthandler.o
                0x1800616c                INT_Excep_SSIRXI1
 .text.INT_Excep_SSITXI1
                0x18006184       0x18 ./generate/inthandler.o
                0x18006184                INT_Excep_SSITXI1
 .text.INT_Excep_SSII2
                0x1800619c       0x18 ./generate/inthandler.o
                0x1800619c                INT_Excep_SSII2
 .text.INT_Excep_SSIRTI2
                0x180061b4       0x18 ./generate/inthandler.o
                0x180061b4                INT_Excep_SSIRTI2
 .text.INT_Excep_SSII3
                0x180061cc       0x18 ./generate/inthandler.o
                0x180061cc                INT_Excep_SSII3
 .text.INT_Excep_SSIRXI3
                0x180061e4       0x18 ./generate/inthandler.o
                0x180061e4                INT_Excep_SSIRXI3
 .text.INT_Excep_SSITXI3
                0x180061fc       0x18 ./generate/inthandler.o
                0x180061fc                INT_Excep_SSITXI3
 .text.INT_Excep_SSII4
                0x18006214       0x18 ./generate/inthandler.o
                0x18006214                INT_Excep_SSII4
 .text.INT_Excep_SSIRTI4
                0x1800622c       0x18 ./generate/inthandler.o
                0x1800622c                INT_Excep_SSIRTI4
 .text.INT_Excep_SSII5
                0x18006244       0x18 ./generate/inthandler.o
                0x18006244                INT_Excep_SSII5
 .text.INT_Excep_SSIRXI5
                0x1800625c       0x18 ./generate/inthandler.o
                0x1800625c                INT_Excep_SSIRXI5
 .text.INT_Excep_SSITXI5
                0x18006274       0x18 ./generate/inthandler.o
                0x18006274                INT_Excep_SSITXI5
 .text.INT_Excep_SPDIFI
                0x1800628c       0x18 ./generate/inthandler.o
                0x1800628c                INT_Excep_SPDIFI
 .text.INT_Excep_I2C_TEI0
                0x180062a4       0x18 ./generate/inthandler.o
                0x180062a4                INT_Excep_I2C_TEI0
 .text.INT_Excep_RI0
                0x180062bc       0x18 ./generate/inthandler.o
                0x180062bc                INT_Excep_RI0
 .text.INT_Excep_TI0
                0x180062d4       0x18 ./generate/inthandler.o
                0x180062d4                INT_Excep_TI0
 .text.INT_Excep_SPI0
                0x180062ec       0x18 ./generate/inthandler.o
                0x180062ec                INT_Excep_SPI0
 .text.INT_Excep_STI0
                0x18006304       0x18 ./generate/inthandler.o
                0x18006304                INT_Excep_STI0
 .text.INT_Excep_NAKI0
                0x1800631c       0x18 ./generate/inthandler.o
                0x1800631c                INT_Excep_NAKI0
 .text.INT_Excep_ALI0
                0x18006334       0x18 ./generate/inthandler.o
                0x18006334                INT_Excep_ALI0
 .text.INT_Excep_TMOI0
                0x1800634c       0x18 ./generate/inthandler.o
                0x1800634c                INT_Excep_TMOI0
 .text.INT_Excep_I2C_TEI1
                0x18006364       0x18 ./generate/inthandler.o
                0x18006364                INT_Excep_I2C_TEI1
 .text.INT_Excep_RI1
                0x1800637c       0x18 ./generate/inthandler.o
                0x1800637c                INT_Excep_RI1
 .text.INT_Excep_TI1
                0x18006394       0x18 ./generate/inthandler.o
                0x18006394                INT_Excep_TI1
 .text.INT_Excep_SPI1
                0x180063ac       0x18 ./generate/inthandler.o
                0x180063ac                INT_Excep_SPI1
 .text.INT_Excep_STI1
                0x180063c4       0x18 ./generate/inthandler.o
                0x180063c4                INT_Excep_STI1
 .text.INT_Excep_NAKI1
                0x180063dc       0x18 ./generate/inthandler.o
                0x180063dc                INT_Excep_NAKI1
 .text.INT_Excep_ALI1
                0x180063f4       0x18 ./generate/inthandler.o
                0x180063f4                INT_Excep_ALI1
 .text.INT_Excep_TMOI1
                0x1800640c       0x18 ./generate/inthandler.o
                0x1800640c                INT_Excep_TMOI1
 .text.INT_Excep_TEI2
                0x18006424       0x18 ./generate/inthandler.o
                0x18006424                INT_Excep_TEI2
 .text.INT_Excep_RI2
                0x1800643c       0x18 ./generate/inthandler.o
                0x1800643c                INT_Excep_RI2
 .text.INT_Excep_TI2
                0x18006454       0x18 ./generate/inthandler.o
                0x18006454                INT_Excep_TI2
 .text.INT_Excep_SPI2
                0x1800646c       0x18 ./generate/inthandler.o
                0x1800646c                INT_Excep_SPI2
 .text.INT_Excep_STI2
                0x18006484       0x18 ./generate/inthandler.o
                0x18006484                INT_Excep_STI2
 .text.INT_Excep_NAKI2
                0x1800649c       0x18 ./generate/inthandler.o
                0x1800649c                INT_Excep_NAKI2
 .text.INT_Excep_ALI2
                0x180064b4       0x18 ./generate/inthandler.o
                0x180064b4                INT_Excep_ALI2
 .text.INT_Excep_TMOI2
                0x180064cc       0x18 ./generate/inthandler.o
                0x180064cc                INT_Excep_TMOI2
 .text.INT_Excep_TEI3
                0x180064e4       0x18 ./generate/inthandler.o
                0x180064e4                INT_Excep_TEI3
 .text.INT_Excep_RI3
                0x180064fc       0x18 ./generate/inthandler.o
                0x180064fc                INT_Excep_RI3
 .text.INT_Excep_TI3
                0x18006514       0x18 ./generate/inthandler.o
                0x18006514                INT_Excep_TI3
 .text.INT_Excep_SPI3
                0x1800652c       0x18 ./generate/inthandler.o
                0x1800652c                INT_Excep_SPI3
 .text.INT_Excep_STI3
                0x18006544       0x18 ./generate/inthandler.o
                0x18006544                INT_Excep_STI3
 .text.INT_Excep_NAKI3
                0x1800655c       0x18 ./generate/inthandler.o
                0x1800655c                INT_Excep_NAKI3
 .text.INT_Excep_ALI3
                0x18006574       0x18 ./generate/inthandler.o
                0x18006574                INT_Excep_ALI3
 .text.INT_Excep_TMOI3
                0x1800658c       0x18 ./generate/inthandler.o
                0x1800658c                INT_Excep_TMOI3
 .text.INT_Excep_FIFO_BRI0
                0x180065a4       0x18 ./generate/inthandler.o
                0x180065a4                INT_Excep_FIFO_BRI0
 .text.INT_Excep_FIFO_ERI0
                0x180065bc       0x18 ./generate/inthandler.o
                0x180065bc                INT_Excep_FIFO_ERI0
 .text.INT_Excep_FIFO_RXI0
                0x180065d4       0x18 ./generate/inthandler.o
                0x180065d4                INT_Excep_FIFO_RXI0
 .text.INT_Excep_FIFO_TXI0
                0x180065ec       0x18 ./generate/inthandler.o
                0x180065ec                INT_Excep_FIFO_TXI0
 .text.INT_Excep_FIFO_BRI1
                0x18006604       0x18 ./generate/inthandler.o
                0x18006604                INT_Excep_FIFO_BRI1
 .text.INT_Excep_FIFO_ERI1
                0x1800661c       0x18 ./generate/inthandler.o
                0x1800661c                INT_Excep_FIFO_ERI1
 .text.INT_Excep_FIFO_RXI1
                0x18006634       0x18 ./generate/inthandler.o
                0x18006634                INT_Excep_FIFO_RXI1
 .text.INT_Excep_FIFO_TXI1
                0x1800664c       0x18 ./generate/inthandler.o
                0x1800664c                INT_Excep_FIFO_TXI1
 .text.INT_Excep_BRI2
                0x18006664       0x18 ./generate/inthandler.o
                0x18006664                INT_Excep_BRI2
 .text.INT_Excep_ERI2
                0x1800667c       0x18 ./generate/inthandler.o
                0x1800667c                INT_Excep_ERI2
 .text.INT_Excep_RXI2
                0x18006694       0x18 ./generate/inthandler.o
                0x18006694                INT_Excep_RXI2
 .text.INT_Excep_TXI2
                0x180066ac       0x18 ./generate/inthandler.o
                0x180066ac                INT_Excep_TXI2
 .text.INT_Excep_BRI3
                0x180066c4       0x18 ./generate/inthandler.o
                0x180066c4                INT_Excep_BRI3
 .text.INT_Excep_ERI3
                0x180066dc       0x18 ./generate/inthandler.o
                0x180066dc                INT_Excep_ERI3
 .text.INT_Excep_RXI3
                0x180066f4       0x18 ./generate/inthandler.o
                0x180066f4                INT_Excep_RXI3
 .text.INT_Excep_TXI3
                0x1800670c       0x18 ./generate/inthandler.o
                0x1800670c                INT_Excep_TXI3
 .text.INT_Excep_BRI4
                0x18006724       0x18 ./generate/inthandler.o
                0x18006724                INT_Excep_BRI4
 .text.INT_Excep_ERI4
                0x1800673c       0x18 ./generate/inthandler.o
                0x1800673c                INT_Excep_ERI4
 .text.INT_Excep_RXI4
                0x18006754       0x18 ./generate/inthandler.o
                0x18006754                INT_Excep_RXI4
 .text.INT_Excep_TXI4
                0x1800676c       0x18 ./generate/inthandler.o
                0x1800676c                INT_Excep_TXI4
 .text.INT_Excep_BRI5
                0x18006784       0x18 ./generate/inthandler.o
                0x18006784                INT_Excep_BRI5
 .text.INT_Excep_ERI5
                0x1800679c       0x18 ./generate/inthandler.o
                0x1800679c                INT_Excep_ERI5
 .text.INT_Excep_RXI5
                0x180067b4       0x18 ./generate/inthandler.o
                0x180067b4                INT_Excep_RXI5
 .text.INT_Excep_TXI5
                0x180067cc       0x18 ./generate/inthandler.o
                0x180067cc                INT_Excep_TXI5
 .text.INT_Excep_BRI6
                0x180067e4       0x18 ./generate/inthandler.o
                0x180067e4                INT_Excep_BRI6
 .text.INT_Excep_ERI6
                0x180067fc       0x18 ./generate/inthandler.o
                0x180067fc                INT_Excep_ERI6
 .text.INT_Excep_RXI6
                0x18006814       0x18 ./generate/inthandler.o
                0x18006814                INT_Excep_RXI6
 .text.INT_Excep_TXI6
                0x1800682c       0x18 ./generate/inthandler.o
                0x1800682c                INT_Excep_TXI6
 .text.INT_Excep_BRI7
                0x18006844       0x18 ./generate/inthandler.o
                0x18006844                INT_Excep_BRI7
 .text.INT_Excep_ERI7
                0x1800685c       0x18 ./generate/inthandler.o
                0x1800685c                INT_Excep_ERI7
 .text.INT_Excep_RXI7
                0x18006874       0x18 ./generate/inthandler.o
                0x18006874                INT_Excep_RXI7
 .text.INT_Excep_TXI7
                0x1800688c       0x18 ./generate/inthandler.o
                0x1800688c                INT_Excep_TXI7
 .text.INT_Excep_GERI
                0x180068a4       0x18 ./generate/inthandler.o
                0x180068a4                INT_Excep_GERI
 .text.INT_Excep_RFI
                0x180068bc       0x18 ./generate/inthandler.o
                0x180068bc                INT_Excep_RFI
 .text.INT_Excep_CFRXI0
                0x180068d4       0x18 ./generate/inthandler.o
                0x180068d4                INT_Excep_CFRXI0
 .text.INT_Excep_CERI0
                0x180068ec       0x18 ./generate/inthandler.o
                0x180068ec                INT_Excep_CERI0
 .text.INT_Excep_CTXI0
                0x18006904       0x18 ./generate/inthandler.o
                0x18006904                INT_Excep_CTXI0
 .text.INT_Excep_CFRXI1
                0x1800691c       0x18 ./generate/inthandler.o
                0x1800691c                INT_Excep_CFRXI1
 .text.INT_Excep_CERI1
                0x18006934       0x18 ./generate/inthandler.o
                0x18006934                INT_Excep_CERI1
 .text.INT_Excep_CTXI1
                0x1800694c       0x18 ./generate/inthandler.o
                0x1800694c                INT_Excep_CTXI1
 .text.INT_Excep_CFRXI2
                0x18006964       0x18 ./generate/inthandler.o
                0x18006964                INT_Excep_CFRXI2
 .text.INT_Excep_CERI2
                0x1800697c       0x18 ./generate/inthandler.o
                0x1800697c                INT_Excep_CERI2
 .text.INT_Excep_CTXI2
                0x18006994       0x18 ./generate/inthandler.o
                0x18006994                INT_Excep_CTXI2
 .text.INT_Excep_CFRXI3
                0x180069ac       0x18 ./generate/inthandler.o
                0x180069ac                INT_Excep_CFRXI3
 .text.INT_Excep_CERI3
                0x180069c4       0x18 ./generate/inthandler.o
                0x180069c4                INT_Excep_CERI3
 .text.INT_Excep_CTXI3
                0x180069dc       0x18 ./generate/inthandler.o
                0x180069dc                INT_Excep_CTXI3
 .text.INT_Excep_CFRXI4
                0x180069f4       0x18 ./generate/inthandler.o
                0x180069f4                INT_Excep_CFRXI4
 .text.INT_Excep_CERI4
                0x18006a0c       0x18 ./generate/inthandler.o
                0x18006a0c                INT_Excep_CERI4
 .text.INT_Excep_CTXI4
                0x18006a24       0x18 ./generate/inthandler.o
                0x18006a24                INT_Excep_CTXI4
 .text.INT_Excep_SPEI0
                0x18006a3c       0x18 ./generate/inthandler.o
                0x18006a3c                INT_Excep_SPEI0
 .text.INT_Excep_SPRI0
                0x18006a54       0x18 ./generate/inthandler.o
                0x18006a54                INT_Excep_SPRI0
 .text.INT_Excep_SPTI0
                0x18006a6c       0x18 ./generate/inthandler.o
                0x18006a6c                INT_Excep_SPTI0
 .text.INT_Excep_SPEI1
                0x18006a84       0x18 ./generate/inthandler.o
                0x18006a84                INT_Excep_SPEI1
 .text.INT_Excep_SPRI1
                0x18006a9c       0x18 ./generate/inthandler.o
                0x18006a9c                INT_Excep_SPRI1
 .text.INT_Excep_SPTI1
                0x18006ab4       0x18 ./generate/inthandler.o
                0x18006ab4                INT_Excep_SPTI1
 .text.INT_Excep_SPEI2
                0x18006acc       0x18 ./generate/inthandler.o
                0x18006acc                INT_Excep_SPEI2
 .text.INT_Excep_SPRI2
                0x18006ae4       0x18 ./generate/inthandler.o
                0x18006ae4                INT_Excep_SPRI2
 .text.INT_Excep_SPTI2
                0x18006afc       0x18 ./generate/inthandler.o
                0x18006afc                INT_Excep_SPTI2
 .text.INT_Excep_SPEI3
                0x18006b14       0x18 ./generate/inthandler.o
                0x18006b14                INT_Excep_SPEI3
 .text.INT_Excep_SPRI3
                0x18006b2c       0x18 ./generate/inthandler.o
                0x18006b2c                INT_Excep_SPRI3
 .text.INT_Excep_SPTI3
                0x18006b44       0x18 ./generate/inthandler.o
                0x18006b44                INT_Excep_SPTI3
 .text.INT_Excep_SPEI4
                0x18006b5c       0x18 ./generate/inthandler.o
                0x18006b5c                INT_Excep_SPEI4
 .text.INT_Excep_SPRI4
                0x18006b74       0x18 ./generate/inthandler.o
                0x18006b74                INT_Excep_SPRI4
 .text.INT_Excep_SPTI4
                0x18006b8c       0x18 ./generate/inthandler.o
                0x18006b8c                INT_Excep_SPTI4
 .text.INT_Excep_IEBBTD
                0x18006ba4       0x18 ./generate/inthandler.o
                0x18006ba4                INT_Excep_IEBBTD
 .text.INT_Excep_IEBBTERR
                0x18006bbc       0x18 ./generate/inthandler.o
                0x18006bbc                INT_Excep_IEBBTERR
 .text.INT_Excep_IEBBTSTA
                0x18006bd4       0x18 ./generate/inthandler.o
                0x18006bd4                INT_Excep_IEBBTSTA
 .text.INT_Excep_IEBBTV
                0x18006bec       0x18 ./generate/inthandler.o
                0x18006bec                INT_Excep_IEBBTV
 .text.INT_Excep_ISY
                0x18006c04       0x18 ./generate/inthandler.o
                0x18006c04                INT_Excep_ISY
 .text.INT_Excep_IERR
                0x18006c1c       0x18 ./generate/inthandler.o
                0x18006c1c                INT_Excep_IERR
 .text.INT_Excep_ITARG
                0x18006c34       0x18 ./generate/inthandler.o
                0x18006c34                INT_Excep_ITARG
 .text.INT_Excep_ISEC
                0x18006c4c       0x18 ./generate/inthandler.o
                0x18006c4c                INT_Excep_ISEC
 .text.INT_Excep_IBUF
                0x18006c64       0x18 ./generate/inthandler.o
                0x18006c64                INT_Excep_IBUF
 .text.INT_Excep_IREADY
                0x18006c7c       0x18 ./generate/inthandler.o
                0x18006c7c                INT_Excep_IREADY
 .text.INT_Excep_STERB
                0x18006c94       0x18 ./generate/inthandler.o
                0x18006c94                INT_Excep_STERB
 .text.INT_Excep_FLTENDI
                0x18006cac       0x18 ./generate/inthandler.o
                0x18006cac                INT_Excep_FLTENDI
 .text.INT_Excep_FLTREQ0I
                0x18006cc4       0x18 ./generate/inthandler.o
                0x18006cc4                INT_Excep_FLTREQ0I
 .text.INT_Excep_FLTREQ1I
                0x18006cdc       0x18 ./generate/inthandler.o
                0x18006cdc                INT_Excep_FLTREQ1I
 .text.INT_Excep_MMC0
                0x18006cf4       0x18 ./generate/inthandler.o
                0x18006cf4                INT_Excep_MMC0
 .text.INT_Excep_MMC1
                0x18006d0c       0x18 ./generate/inthandler.o
                0x18006d0c                INT_Excep_MMC1
 .text.INT_Excep_MMC2
                0x18006d24       0x18 ./generate/inthandler.o
                0x18006d24                INT_Excep_MMC2
 .text.INT_Excep_SDHI0_3
                0x18006d3c       0x18 ./generate/inthandler.o
                0x18006d3c                INT_Excep_SDHI0_3
 .text.INT_Excep_SDHI0_0
                0x18006d54       0x18 ./generate/inthandler.o
                0x18006d54                INT_Excep_SDHI0_0
 .text.INT_Excep_SDHI0_1
                0x18006d6c       0x18 ./generate/inthandler.o
                0x18006d6c                INT_Excep_SDHI0_1
 .text.INT_Excep_SDHI1_3
                0x18006d84       0x18 ./generate/inthandler.o
                0x18006d84                INT_Excep_SDHI1_3
 .text.INT_Excep_SDHI1_0
                0x18006d9c       0x18 ./generate/inthandler.o
                0x18006d9c                INT_Excep_SDHI1_0
 .text.INT_Excep_SDHI1_1
                0x18006db4       0x18 ./generate/inthandler.o
                0x18006db4                INT_Excep_SDHI1_1
 .text.INT_Excep_ARM
                0x18006dcc       0x18 ./generate/inthandler.o
                0x18006dcc                INT_Excep_ARM
 .text.INT_Excep_PRD
                0x18006de4       0x18 ./generate/inthandler.o
                0x18006de4                INT_Excep_PRD
 .text.INT_Excep_CUP
                0x18006dfc       0x18 ./generate/inthandler.o
                0x18006dfc                INT_Excep_CUP
 .text.INT_Excep_SCUAI0
                0x18006e14       0x18 ./generate/inthandler.o
                0x18006e14                INT_Excep_SCUAI0
 .text.INT_Excep_SCUAI1
                0x18006e2c       0x18 ./generate/inthandler.o
                0x18006e2c                INT_Excep_SCUAI1
 .text.INT_Excep_SCUFDI0
                0x18006e44       0x18 ./generate/inthandler.o
                0x18006e44                INT_Excep_SCUFDI0
 .text.INT_Excep_SCUFDI1
                0x18006e5c       0x18 ./generate/inthandler.o
                0x18006e5c                INT_Excep_SCUFDI1
 .text.INT_Excep_SCUFDI2
                0x18006e74       0x18 ./generate/inthandler.o
                0x18006e74                INT_Excep_SCUFDI2
 .text.INT_Excep_SCUFDI3
                0x18006e8c       0x18 ./generate/inthandler.o
                0x18006e8c                INT_Excep_SCUFDI3
 .text.INT_Excep_SCUFUI0
                0x18006ea4       0x18 ./generate/inthandler.o
                0x18006ea4                INT_Excep_SCUFUI0
 .text.INT_Excep_SCUFUI1
                0x18006ebc       0x18 ./generate/inthandler.o
                0x18006ebc                INT_Excep_SCUFUI1
 .text.INT_Excep_SCUFUI2
                0x18006ed4       0x18 ./generate/inthandler.o
                0x18006ed4                INT_Excep_SCUFUI2
 .text.INT_Excep_SCUFUI3
                0x18006eec       0x18 ./generate/inthandler.o
                0x18006eec                INT_Excep_SCUFUI3
 .text.INT_Excep_SCUDVI0
                0x18006f04       0x18 ./generate/inthandler.o
                0x18006f04                INT_Excep_SCUDVI0
 .text.INT_Excep_SCUDVI1
                0x18006f1c       0x18 ./generate/inthandler.o
                0x18006f1c                INT_Excep_SCUDVI1
 .text.INT_Excep_SCUDVI2
                0x18006f34       0x18 ./generate/inthandler.o
                0x18006f34                INT_Excep_SCUDVI2
 .text.INT_Excep_SCUDVI3
                0x18006f4c       0x18 ./generate/inthandler.o
                0x18006f4c                INT_Excep_SCUDVI3
 .text.INT_Excep_MLBCI
                0x18006f64       0x18 ./generate/inthandler.o
                0x18006f64                INT_Excep_MLBCI
 .text.INT_Excep_MLBSI
                0x18006f7c       0x18 ./generate/inthandler.o
                0x18006f7c                INT_Excep_MLBSI
 .text.INT_Excep_DRC0
                0x18006f94       0x18 ./generate/inthandler.o
                0x18006f94                INT_Excep_DRC0
 .text.INT_Excep_DRC1
                0x18006fac       0x18 ./generate/inthandler.o
                0x18006fac                INT_Excep_DRC1
 .text.INT_Excep_LINI0_INT_T
                0x18006fc4       0x18 ./generate/inthandler.o
                0x18006fc4                INT_Excep_LINI0_INT_T
 .text.INT_Excep_LINI0_INT_R
                0x18006fdc       0x18 ./generate/inthandler.o
                0x18006fdc                INT_Excep_LINI0_INT_R
 .text.INT_Excep_LINI0_INT_S
                0x18006ff4       0x18 ./generate/inthandler.o
                0x18006ff4                INT_Excep_LINI0_INT_S
 .text.INT_Excep_LINI0_INT_M
                0x1800700c       0x18 ./generate/inthandler.o
                0x1800700c                INT_Excep_LINI0_INT_M
 .text.INT_Excep_LINI1_INT_T
                0x18007024       0x18 ./generate/inthandler.o
                0x18007024                INT_Excep_LINI1_INT_T
 .text.INT_Excep_LINI1_INT_R
                0x1800703c       0x18 ./generate/inthandler.o
                0x1800703c                INT_Excep_LINI1_INT_R
 .text.INT_Excep_LINI1_INT_S
                0x18007054       0x18 ./generate/inthandler.o
                0x18007054                INT_Excep_LINI1_INT_S
 .text.INT_Excep_LINI1_INT_M
                0x1800706c       0x18 ./generate/inthandler.o
                0x1800706c                INT_Excep_LINI1_INT_M
 .text.INT_Excep_ERI0
                0x18007084       0x18 ./generate/inthandler.o
                0x18007084                INT_Excep_ERI0
 .text.INT_Excep_RXI0
                0x1800709c       0x18 ./generate/inthandler.o
                0x1800709c                INT_Excep_RXI0
 .text.INT_Excep_TXI0
                0x180070b4       0x18 ./generate/inthandler.o
                0x180070b4                INT_Excep_TXI0
 .text.INT_Excep_TEI0
                0x180070cc       0x18 ./generate/inthandler.o
                0x180070cc                INT_Excep_TEI0
 .text.INT_Excep_ERI1
                0x180070e4       0x18 ./generate/inthandler.o
                0x180070e4                INT_Excep_ERI1
 .text.INT_Excep_RXI1
                0x180070fc       0x18 ./generate/inthandler.o
                0x180070fc                INT_Excep_RXI1
 .text.INT_Excep_TXI1
                0x18007114       0x18 ./generate/inthandler.o
                0x18007114                INT_Excep_TXI1
 .text.INT_Excep_TEI1
                0x1800712c       0x18 ./generate/inthandler.o
                0x1800712c                INT_Excep_TEI1
 .text.INT_Excep_ETHERI
                0x18007144       0x18 ./generate/inthandler.o
                0x18007144                INT_Excep_ETHERI
 .text.INT_Excep_CEUI
                0x1800715c       0x18 ./generate/inthandler.o
                0x1800715c                INT_Excep_CEUI
 .text.INT_Excep_INT_CSIH0TIR
                0x18007174       0x18 ./generate/inthandler.o
                0x18007174                INT_Excep_INT_CSIH0TIR
 .text.INT_Excep_INT_CSIH0TIRE
                0x1800718c       0x18 ./generate/inthandler.o
                0x1800718c                INT_Excep_INT_CSIH0TIRE
 .text.INT_Excep_INT_CSIH1TIC
                0x180071a4       0x18 ./generate/inthandler.o
                0x180071a4                INT_Excep_INT_CSIH1TIC
 .text.INT_Excep_INT_CSIH1TIJC
                0x180071bc       0x18 ./generate/inthandler.o
                0x180071bc                INT_Excep_INT_CSIH1TIJC
 .text.INT_Excep_ECCE10
                0x180071d4       0x18 ./generate/inthandler.o
                0x180071d4                INT_Excep_ECCE10
 .text.INT_Excep_ECCE20
                0x180071ec       0x18 ./generate/inthandler.o
                0x180071ec                INT_Excep_ECCE20
 .text.INT_Excep_ECCOVF0
                0x18007204       0x18 ./generate/inthandler.o
                0x18007204                INT_Excep_ECCOVF0
 .text.INT_Excep_ECCE11
                0x1800721c       0x18 ./generate/inthandler.o
                0x1800721c                INT_Excep_ECCE11
 .text.INT_Excep_ECCE21
                0x18007234       0x18 ./generate/inthandler.o
                0x18007234                INT_Excep_ECCE21
 .text.INT_Excep_ECCOVF1
                0x1800724c       0x18 ./generate/inthandler.o
                0x1800724c                INT_Excep_ECCOVF1
 .text.INT_Excep_ECCE12
                0x18007264       0x18 ./generate/inthandler.o
                0x18007264                INT_Excep_ECCE12
 .text.INT_Excep_ECCE22
                0x1800727c       0x18 ./generate/inthandler.o
                0x1800727c                INT_Excep_ECCE22
 .text.INT_Excep_ECCOVF2
                0x18007294       0x18 ./generate/inthandler.o
                0x18007294                INT_Excep_ECCOVF2
 .text.INT_Excep_ECCE13
                0x180072ac       0x18 ./generate/inthandler.o
                0x180072ac                INT_Excep_ECCE13
 .text.INT_Excep_ECCE23
                0x180072c4       0x18 ./generate/inthandler.o
                0x180072c4                INT_Excep_ECCE23
 .text.INT_Excep_ECCOVF3
                0x180072dc       0x18 ./generate/inthandler.o
                0x180072dc                INT_Excep_ECCOVF3
 .text.INT_Excep_H2XMLB_ERRINT
                0x180072f4       0x18 ./generate/inthandler.o
                0x180072f4                INT_Excep_H2XMLB_ERRINT
 .text.INT_Excep_H2XIC1_ERRINT
                0x1800730c       0x18 ./generate/inthandler.o
                0x1800730c                INT_Excep_H2XIC1_ERRINT
 .text.INT_Excep_X2HPERI1_ERRINT
                0x18007324       0x18 ./generate/inthandler.o
                0x18007324                INT_Excep_X2HPERI1_ERRINT
 .text.INT_Excep_X2HPERI2_ERRINT
                0x1800733c       0x18 ./generate/inthandler.o
                0x1800733c                INT_Excep_X2HPERI2_ERRINT
 .text.INT_Excep_X2HPERI34_ERRINT
                0x18007354       0x18 ./generate/inthandler.o
                0x18007354                INT_Excep_X2HPERI34_ERRINT
 .text.INT_Excep_X2HPERI5_ERRINT
                0x1800736c       0x18 ./generate/inthandler.o
                0x1800736c                INT_Excep_X2HPERI5_ERRINT
 .text.INT_Excep_X2HPERI67_ERRINT
                0x18007384       0x18 ./generate/inthandler.o
                0x18007384                INT_Excep_X2HPERI67_ERRINT
 .text.INT_Excep_X2HDBGR_ERRINT
                0x1800739c       0x18 ./generate/inthandler.o
                0x1800739c                INT_Excep_X2HDBGR_ERRINT
 .text.INT_Excep_X2HBSC_ERRINT
                0x180073b4       0x18 ./generate/inthandler.o
                0x180073b4                INT_Excep_X2HBSC_ERRINT
 .text.INT_Excep_X2HSPI1_ERRINT
                0x180073cc       0x18 ./generate/inthandler.o
                0x180073cc                INT_Excep_X2HSPI1_ERRINT
 .text.INT_Excep_X2HSPI2_ERRINT
                0x180073e4       0x18 ./generate/inthandler.o
                0x180073e4                INT_Excep_X2HSPI2_ERRINT
 .text.INT_Excep_PRRI
                0x180073fc       0x18 ./generate/inthandler.o
                0x180073fc                INT_Excep_PRRI
 .text.INT_Excep_IFEI0
                0x18007414       0x18 ./generate/inthandler.o
                0x18007414                INT_Excep_IFEI0
 .text.INT_Excep_OFFI0
                0x1800742c       0x18 ./generate/inthandler.o
                0x1800742c                INT_Excep_OFFI0
 .text.INT_Excep_PFVEI0
                0x18007444       0x18 ./generate/inthandler.o
                0x18007444                INT_Excep_PFVEI0
 .text.INT_Excep_IFEI1
                0x1800745c       0x18 ./generate/inthandler.o
                0x1800745c                INT_Excep_IFEI1
 .text.INT_Excep_OFFI1
                0x18007474       0x18 ./generate/inthandler.o
                0x18007474                INT_Excep_OFFI1
 .text.INT_Excep_PFVEI1
                0x1800748c       0x18 ./generate/inthandler.o
                0x1800748c                INT_Excep_PFVEI1
 .text.INT_Excep_TINT0
                0x180074a4       0x18 ./generate/inthandler.o
                0x180074a4                INT_Excep_TINT0
 .text.INT_Excep_TINT1
                0x180074bc       0x18 ./generate/inthandler.o
                0x180074bc                INT_Excep_TINT1
 .text.INT_Excep_TINT2
                0x180074d4       0x18 ./generate/inthandler.o
                0x180074d4                INT_Excep_TINT2
 .text.INT_Excep_TINT3
                0x180074ec       0x18 ./generate/inthandler.o
                0x180074ec                INT_Excep_TINT3
 .text.INT_Excep_TINT4
                0x18007504       0x18 ./generate/inthandler.o
                0x18007504                INT_Excep_TINT4
 .text.INT_Excep_TINT5
                0x1800751c       0x18 ./generate/inthandler.o
                0x1800751c                INT_Excep_TINT5
 .text.INT_Excep_TINT6
                0x18007534       0x18 ./generate/inthandler.o
                0x18007534                INT_Excep_TINT6
 .text.INT_Excep_TINT7
                0x1800754c       0x18 ./generate/inthandler.o
                0x1800754c                INT_Excep_TINT7
 .text.INT_Excep_TINT8
                0x18007564       0x18 ./generate/inthandler.o
                0x18007564                INT_Excep_TINT8
 .text.INT_Excep_TINT9
                0x1800757c       0x18 ./generate/inthandler.o
                0x1800757c                INT_Excep_TINT9
 .text.INT_Excep_TINT10
                0x18007594       0x18 ./generate/inthandler.o
                0x18007594                INT_Excep_TINT10
 .text.INT_Excep_TINT11
                0x180075ac       0x18 ./generate/inthandler.o
                0x180075ac                INT_Excep_TINT11
 .text.INT_Excep_TINT12
                0x180075c4       0x18 ./generate/inthandler.o
                0x180075c4                INT_Excep_TINT12
 .text.INT_Excep_TINT13
                0x180075dc       0x18 ./generate/inthandler.o
                0x180075dc                INT_Excep_TINT13
 .text.INT_Excep_TINT14
                0x180075f4       0x18 ./generate/inthandler.o
                0x180075f4                INT_Excep_TINT14
 .text.INT_Excep_TINT15
                0x1800760c       0x18 ./generate/inthandler.o
                0x1800760c                INT_Excep_TINT15
 .text.INT_Excep_TINT16
                0x18007624       0x18 ./generate/inthandler.o
                0x18007624                INT_Excep_TINT16
 .text.INT_Excep_TINT17
                0x1800763c       0x18 ./generate/inthandler.o
                0x1800763c                INT_Excep_TINT17
 .text.INT_Excep_TINT18
                0x18007654       0x18 ./generate/inthandler.o
                0x18007654                INT_Excep_TINT18
 .text.INT_Excep_TINT19
                0x1800766c       0x18 ./generate/inthandler.o
                0x1800766c                INT_Excep_TINT19
 .text.INT_Excep_TINT20
                0x18007684       0x18 ./generate/inthandler.o
                0x18007684                INT_Excep_TINT20
 .text.INT_Excep_TINT21
                0x1800769c       0x18 ./generate/inthandler.o
                0x1800769c                INT_Excep_TINT21
 .text.INT_Excep_TINT22
                0x180076b4       0x18 ./generate/inthandler.o
                0x180076b4                INT_Excep_TINT22
 .text.INT_Excep_TINT23
                0x180076cc       0x18 ./generate/inthandler.o
                0x180076cc                INT_Excep_TINT23
 .text.INT_Excep_TINT24
                0x180076e4       0x18 ./generate/inthandler.o
                0x180076e4                INT_Excep_TINT24
 .text.INT_Excep_TINT25
                0x180076fc       0x18 ./generate/inthandler.o
                0x180076fc                INT_Excep_TINT25
 .text.INT_Excep_TINT26
                0x18007714       0x18 ./generate/inthandler.o
                0x18007714                INT_Excep_TINT26
 .text.INT_Excep_TINT27
                0x1800772c       0x18 ./generate/inthandler.o
                0x1800772c                INT_Excep_TINT27
 .text.INT_Excep_TINT28
                0x18007744       0x18 ./generate/inthandler.o
                0x18007744                INT_Excep_TINT28
 .text.INT_Excep_TINT29
                0x1800775c       0x18 ./generate/inthandler.o
                0x1800775c                INT_Excep_TINT29
 .text.INT_Excep_TINT30
                0x18007774       0x18 ./generate/inthandler.o
                0x18007774                INT_Excep_TINT30
 .text.INT_Excep_TINT31
                0x1800778c       0x18 ./generate/inthandler.o
                0x1800778c                INT_Excep_TINT31
 .text.INT_Excep_TINT32
                0x180077a4       0x18 ./generate/inthandler.o
                0x180077a4                INT_Excep_TINT32
 .text.INT_Excep_TINT33
                0x180077bc       0x18 ./generate/inthandler.o
                0x180077bc                INT_Excep_TINT33
 .text.INT_Excep_TINT34
                0x180077d4       0x18 ./generate/inthandler.o
                0x180077d4                INT_Excep_TINT34
 .text.INT_Excep_TINT35
                0x180077ec       0x18 ./generate/inthandler.o
                0x180077ec                INT_Excep_TINT35
 .text.INT_Excep_TINT36
                0x18007804       0x18 ./generate/inthandler.o
                0x18007804                INT_Excep_TINT36
 .text.INT_Excep_TINT37
                0x1800781c       0x18 ./generate/inthandler.o
                0x1800781c                INT_Excep_TINT37
 .text.INT_Excep_TINT38
                0x18007834       0x18 ./generate/inthandler.o
                0x18007834                INT_Excep_TINT38
 .text.INT_Excep_TINT39
                0x1800784c       0x18 ./generate/inthandler.o
                0x1800784c                INT_Excep_TINT39
 .text.INT_Excep_TINT40
                0x18007864       0x18 ./generate/inthandler.o
                0x18007864                INT_Excep_TINT40
 .text.INT_Excep_TINT41
                0x1800787c       0x18 ./generate/inthandler.o
                0x1800787c                INT_Excep_TINT41
 .text.INT_Excep_TINT42
                0x18007894       0x18 ./generate/inthandler.o
                0x18007894                INT_Excep_TINT42
 .text.INT_Excep_TINT43
                0x180078ac       0x18 ./generate/inthandler.o
                0x180078ac                INT_Excep_TINT43
 .text.INT_Excep_TINT44
                0x180078c4       0x18 ./generate/inthandler.o
                0x180078c4                INT_Excep_TINT44
 .text.INT_Excep_TINT45
                0x180078dc       0x18 ./generate/inthandler.o
                0x180078dc                INT_Excep_TINT45
 .text.INT_Excep_TINT46
                0x180078f4       0x18 ./generate/inthandler.o
                0x180078f4                INT_Excep_TINT46
 .text.INT_Excep_TINT47
                0x1800790c       0x18 ./generate/inthandler.o
                0x1800790c                INT_Excep_TINT47
 .text.INT_Excep_TINT48
                0x18007924       0x18 ./generate/inthandler.o
                0x18007924                INT_Excep_TINT48
 .text.INT_Excep_TINT49
                0x1800793c       0x18 ./generate/inthandler.o
                0x1800793c                INT_Excep_TINT49
 .text.INT_Excep_TINT50
                0x18007954       0x18 ./generate/inthandler.o
                0x18007954                INT_Excep_TINT50
 .text.INT_Excep_TINT51
                0x1800796c       0x18 ./generate/inthandler.o
                0x1800796c                INT_Excep_TINT51
 .text.INT_Excep_TINT52
                0x18007984       0x18 ./generate/inthandler.o
                0x18007984                INT_Excep_TINT52
 .text.INT_Excep_TINT53
                0x1800799c       0x18 ./generate/inthandler.o
                0x1800799c                INT_Excep_TINT53
 .text.INT_Excep_TINT54
                0x180079b4       0x18 ./generate/inthandler.o
                0x180079b4                INT_Excep_TINT54
 .text.INT_Excep_TINT55
                0x180079cc       0x18 ./generate/inthandler.o
                0x180079cc                INT_Excep_TINT55
 .text.INT_Excep_TINT56
                0x180079e4       0x18 ./generate/inthandler.o
                0x180079e4                INT_Excep_TINT56
 .text.INT_Excep_TINT57
                0x180079fc       0x18 ./generate/inthandler.o
                0x180079fc                INT_Excep_TINT57
 .text.INT_Excep_TINT58
                0x18007a14       0x18 ./generate/inthandler.o
                0x18007a14                INT_Excep_TINT58
 .text.INT_Excep_TINT59
                0x18007a2c       0x18 ./generate/inthandler.o
                0x18007a2c                INT_Excep_TINT59
 .text.INT_Excep_TINT60
                0x18007a44       0x18 ./generate/inthandler.o
                0x18007a44                INT_Excep_TINT60
 .text.INT_Excep_TINT61
                0x18007a5c       0x18 ./generate/inthandler.o
                0x18007a5c                INT_Excep_TINT61
 .text.INT_Excep_TINT62
                0x18007a74       0x18 ./generate/inthandler.o
                0x18007a74                INT_Excep_TINT62
 .text.INT_Excep_TINT63
                0x18007a8c       0x18 ./generate/inthandler.o
                0x18007a8c                INT_Excep_TINT63
 .text.INT_Excep_TINT64
                0x18007aa4       0x18 ./generate/inthandler.o
                0x18007aa4                INT_Excep_TINT64
 .text.INT_Excep_TINT65
                0x18007abc       0x18 ./generate/inthandler.o
                0x18007abc                INT_Excep_TINT65
 .text.INT_Excep_TINT66
                0x18007ad4       0x18 ./generate/inthandler.o
                0x18007ad4                INT_Excep_TINT66
 .text.INT_Excep_TINT67
                0x18007aec       0x18 ./generate/inthandler.o
                0x18007aec                INT_Excep_TINT67
 .text.INT_Excep_TINT68
                0x18007b04       0x18 ./generate/inthandler.o
                0x18007b04                INT_Excep_TINT68
 .text.INT_Excep_TINT69
                0x18007b1c       0x18 ./generate/inthandler.o
                0x18007b1c                INT_Excep_TINT69
 .text.INT_Excep_TINT70
                0x18007b34       0x18 ./generate/inthandler.o
                0x18007b34                INT_Excep_TINT70
 .text.INT_Excep_TINT71
                0x18007b4c       0x18 ./generate/inthandler.o
                0x18007b4c                INT_Excep_TINT71
 .text.INT_Excep_TINT72
                0x18007b64       0x18 ./generate/inthandler.o
                0x18007b64                INT_Excep_TINT72
 .text.INT_Excep_TINT73
                0x18007b7c       0x18 ./generate/inthandler.o
                0x18007b7c                INT_Excep_TINT73
 .text.INT_Excep_TINT74
                0x18007b94       0x18 ./generate/inthandler.o
                0x18007b94                INT_Excep_TINT74
 .text.INT_Excep_TINT75
                0x18007bac       0x18 ./generate/inthandler.o
                0x18007bac                INT_Excep_TINT75
 .text.INT_Excep_TINT76
                0x18007bc4       0x18 ./generate/inthandler.o
                0x18007bc4                INT_Excep_TINT76
 .text.INT_Excep_TINT77
                0x18007bdc       0x18 ./generate/inthandler.o
                0x18007bdc                INT_Excep_TINT77
 .text.INT_Excep_TINT78
                0x18007bf4       0x18 ./generate/inthandler.o
                0x18007bf4                INT_Excep_TINT78
 .text.INT_Excep_TINT79
                0x18007c0c       0x18 ./generate/inthandler.o
                0x18007c0c                INT_Excep_TINT79
 .text.INT_Excep_TINT80
                0x18007c24       0x18 ./generate/inthandler.o
                0x18007c24                INT_Excep_TINT80
 .text.INT_Excep_TINT81
                0x18007c3c       0x18 ./generate/inthandler.o
                0x18007c3c                INT_Excep_TINT81
 .text.INT_Excep_TINT82
                0x18007c54       0x18 ./generate/inthandler.o
                0x18007c54                INT_Excep_TINT82
 .text.INT_Excep_TINT83
                0x18007c6c       0x18 ./generate/inthandler.o
                0x18007c6c                INT_Excep_TINT83
 .text.INT_Excep_TINT84
                0x18007c84       0x18 ./generate/inthandler.o
                0x18007c84                INT_Excep_TINT84
 .text.INT_Excep_TINT85
                0x18007c9c       0x18 ./generate/inthandler.o
                0x18007c9c                INT_Excep_TINT85
 .text.INT_Excep_TINT86
                0x18007cb4       0x18 ./generate/inthandler.o
                0x18007cb4                INT_Excep_TINT86
 .text.INT_Excep_TINT87
                0x18007ccc       0x18 ./generate/inthandler.o
                0x18007ccc                INT_Excep_TINT87
 .text.INT_Excep_TINT88
                0x18007ce4       0x18 ./generate/inthandler.o
                0x18007ce4                INT_Excep_TINT88
 .text.INT_Excep_TINT89
                0x18007cfc       0x18 ./generate/inthandler.o
                0x18007cfc                INT_Excep_TINT89
 .text.INT_Excep_TINT90
                0x18007d14       0x18 ./generate/inthandler.o
                0x18007d14                INT_Excep_TINT90
 .text.INT_Excep_TINT91
                0x18007d2c       0x18 ./generate/inthandler.o
                0x18007d2c                INT_Excep_TINT91
 .text.INT_Excep_TINT92
                0x18007d44       0x18 ./generate/inthandler.o
                0x18007d44                INT_Excep_TINT92
 .text.INT_Excep_TINT93
                0x18007d5c       0x18 ./generate/inthandler.o
                0x18007d5c                INT_Excep_TINT93
 .text.INT_Excep_TINT94
                0x18007d74       0x18 ./generate/inthandler.o
                0x18007d74                INT_Excep_TINT94
 .text.INT_Excep_TINT95
                0x18007d8c       0x18 ./generate/inthandler.o
                0x18007d8c                INT_Excep_TINT95
 .text.INT_Excep_TINT96
                0x18007da4       0x18 ./generate/inthandler.o
                0x18007da4                INT_Excep_TINT96
 .text.INT_Excep_TINT97
                0x18007dbc       0x18 ./generate/inthandler.o
                0x18007dbc                INT_Excep_TINT97
 .text.INT_Excep_TINT98
                0x18007dd4       0x18 ./generate/inthandler.o
                0x18007dd4                INT_Excep_TINT98
 .text.INT_Excep_TINT99
                0x18007dec       0x18 ./generate/inthandler.o
                0x18007dec                INT_Excep_TINT99
 .text.INT_Excep_TINT100
                0x18007e04       0x18 ./generate/inthandler.o
                0x18007e04                INT_Excep_TINT100
 .text.INT_Excep_TINT101
                0x18007e1c       0x18 ./generate/inthandler.o
                0x18007e1c                INT_Excep_TINT101
 .text.INT_Excep_TINT102
                0x18007e34       0x18 ./generate/inthandler.o
                0x18007e34                INT_Excep_TINT102
 .text.INT_Excep_TINT103
                0x18007e4c       0x18 ./generate/inthandler.o
                0x18007e4c                INT_Excep_TINT103
 .text.INT_Excep_TINT104
                0x18007e64       0x18 ./generate/inthandler.o
                0x18007e64                INT_Excep_TINT104
 .text.INT_Excep_TINT105
                0x18007e7c       0x18 ./generate/inthandler.o
                0x18007e7c                INT_Excep_TINT105
 .text.INT_Excep_TINT106
                0x18007e94       0x18 ./generate/inthandler.o
                0x18007e94                INT_Excep_TINT106
 .text.INT_Excep_TINT107
                0x18007eac       0x18 ./generate/inthandler.o
                0x18007eac                INT_Excep_TINT107
 .text.INT_Excep_TINT108
                0x18007ec4       0x18 ./generate/inthandler.o
                0x18007ec4                INT_Excep_TINT108
 .text.INT_Excep_TINT109
                0x18007edc       0x18 ./generate/inthandler.o
                0x18007edc                INT_Excep_TINT109
 .text.INT_Excep_TINT110
                0x18007ef4       0x18 ./generate/inthandler.o
                0x18007ef4                INT_Excep_TINT110
 .text.INT_Excep_TINT111
                0x18007f0c       0x18 ./generate/inthandler.o
                0x18007f0c                INT_Excep_TINT111
 .text.INT_Excep_TINT112
                0x18007f24       0x18 ./generate/inthandler.o
                0x18007f24                INT_Excep_TINT112
 .text.INT_Excep_TINT113
                0x18007f3c       0x18 ./generate/inthandler.o
                0x18007f3c                INT_Excep_TINT113
 .text.INT_Excep_TINT114
                0x18007f54       0x18 ./generate/inthandler.o
                0x18007f54                INT_Excep_TINT114
 .text.INT_Excep_TINT115
                0x18007f6c       0x18 ./generate/inthandler.o
                0x18007f6c                INT_Excep_TINT115
 .text.INT_Excep_TINT116
                0x18007f84       0x18 ./generate/inthandler.o
                0x18007f84                INT_Excep_TINT116
 .text.INT_Excep_TINT117
                0x18007f9c       0x18 ./generate/inthandler.o
                0x18007f9c                INT_Excep_TINT117
 .text.INT_Excep_TINT118
                0x18007fb4       0x18 ./generate/inthandler.o
                0x18007fb4                INT_Excep_TINT118
 .text.INT_Excep_TINT119
                0x18007fcc       0x18 ./generate/inthandler.o
                0x18007fcc                INT_Excep_TINT119
 .text.INT_Excep_TINT120
                0x18007fe4       0x18 ./generate/inthandler.o
                0x18007fe4                INT_Excep_TINT120
 .text.INT_Excep_TINT121
                0x18007ffc       0x18 ./generate/inthandler.o
                0x18007ffc                INT_Excep_TINT121
 .text.INT_Excep_TINT122
                0x18008014       0x18 ./generate/inthandler.o
                0x18008014                INT_Excep_TINT122
 .text.INT_Excep_TINT123
                0x1800802c       0x18 ./generate/inthandler.o
                0x1800802c                INT_Excep_TINT123
 .text.INT_Excep_TINT124
                0x18008044       0x18 ./generate/inthandler.o
                0x18008044                INT_Excep_TINT124
 .text.INT_Excep_TINT125
                0x1800805c       0x18 ./generate/inthandler.o
                0x1800805c                INT_Excep_TINT125
 .text.INT_Excep_TINT126
                0x18008074       0x18 ./generate/inthandler.o
                0x18008074                INT_Excep_TINT126
 .text.INT_Excep_TINT127
                0x1800808c       0x18 ./generate/inthandler.o
                0x1800808c                INT_Excep_TINT127
 .text.INT_Excep_TINT128
                0x180080a4       0x18 ./generate/inthandler.o
                0x180080a4                INT_Excep_TINT128
 .text.INT_Excep_TINT129
                0x180080bc       0x18 ./generate/inthandler.o
                0x180080bc                INT_Excep_TINT129
 .text.INT_Excep_TINT130
                0x180080d4       0x18 ./generate/inthandler.o
                0x180080d4                INT_Excep_TINT130
 .text.INT_Excep_TINT131
                0x180080ec       0x18 ./generate/inthandler.o
                0x180080ec                INT_Excep_TINT131
 .text.INT_Excep_TINT132
                0x18008104       0x18 ./generate/inthandler.o
                0x18008104                INT_Excep_TINT132
 .text.INT_Excep_TINT133
                0x1800811c       0x18 ./generate/inthandler.o
                0x1800811c                INT_Excep_TINT133
 .text.INT_Excep_TINT134
                0x18008134       0x18 ./generate/inthandler.o
                0x18008134                INT_Excep_TINT134
 .text.INT_Excep_TINT135
                0x1800814c       0x18 ./generate/inthandler.o
                0x1800814c                INT_Excep_TINT135
 .text.INT_Excep_TINT136
                0x18008164       0x18 ./generate/inthandler.o
                0x18008164                INT_Excep_TINT136
 .text.INT_Excep_TINT137
                0x1800817c       0x18 ./generate/inthandler.o
                0x1800817c                INT_Excep_TINT137
 .text.INT_Excep_TINT138
                0x18008194       0x18 ./generate/inthandler.o
                0x18008194                INT_Excep_TINT138
 .text.INT_Excep_TINT139
                0x180081ac       0x18 ./generate/inthandler.o
                0x180081ac                INT_Excep_TINT139
 .text.INT_Excep_TINT140
                0x180081c4       0x18 ./generate/inthandler.o
                0x180081c4                INT_Excep_TINT140
 .text.INT_Excep_TINT141
                0x180081dc       0x18 ./generate/inthandler.o
                0x180081dc                INT_Excep_TINT141
 .text.INT_Excep_TINT142
                0x180081f4       0x18 ./generate/inthandler.o
                0x180081f4                INT_Excep_TINT142
 .text.INT_Excep_TINT143
                0x1800820c       0x18 ./generate/inthandler.o
                0x1800820c                INT_Excep_TINT143
 .text.INT_Excep_TINT144
                0x18008224       0x18 ./generate/inthandler.o
                0x18008224                INT_Excep_TINT144
 .text.INT_Excep_TINT145
                0x1800823c       0x18 ./generate/inthandler.o
                0x1800823c                INT_Excep_TINT145
 .text.INT_Excep_TINT146
                0x18008254       0x18 ./generate/inthandler.o
                0x18008254                INT_Excep_TINT146
 .text.INT_Excep_TINT147
                0x1800826c       0x18 ./generate/inthandler.o
                0x1800826c                INT_Excep_TINT147
 .text.INT_Excep_TINT148
                0x18008284       0x18 ./generate/inthandler.o
                0x18008284                INT_Excep_TINT148
 .text.INT_Excep_TINT149
                0x1800829c       0x18 ./generate/inthandler.o
                0x1800829c                INT_Excep_TINT149
 .text.INT_Excep_TINT150
                0x180082b4       0x18 ./generate/inthandler.o
                0x180082b4                INT_Excep_TINT150
 .text.INT_Excep_TINT151
                0x180082cc       0x18 ./generate/inthandler.o
                0x180082cc                INT_Excep_TINT151
 .text.INT_Excep_TINT152
                0x180082e4       0x18 ./generate/inthandler.o
                0x180082e4                INT_Excep_TINT152
 .text.INT_Excep_TINT153
                0x180082fc       0x18 ./generate/inthandler.o
                0x180082fc                INT_Excep_TINT153
 .text.INT_Excep_TINT154
                0x18008314       0x18 ./generate/inthandler.o
                0x18008314                INT_Excep_TINT154
 .text.INT_Excep_TINT155
                0x1800832c       0x18 ./generate/inthandler.o
                0x1800832c                INT_Excep_TINT155
 .text.INT_Excep_TINT156
                0x18008344       0x18 ./generate/inthandler.o
                0x18008344                INT_Excep_TINT156
 .text.INT_Excep_TINT157
                0x1800835c       0x18 ./generate/inthandler.o
                0x1800835c                INT_Excep_TINT157
 .text.INT_Excep_TINT158
                0x18008374       0x18 ./generate/inthandler.o
                0x18008374                INT_Excep_TINT158
 .text.INT_Excep_TINT159
                0x1800838c       0x18 ./generate/inthandler.o
                0x1800838c                INT_Excep_TINT159
 .text.INT_Excep_TINT160
                0x180083a4       0x18 ./generate/inthandler.o
                0x180083a4                INT_Excep_TINT160
 .text.INT_Excep_TINT161
                0x180083bc       0x18 ./generate/inthandler.o
                0x180083bc                INT_Excep_TINT161
 .text.INT_Excep_TINT162
                0x180083d4       0x18 ./generate/inthandler.o
                0x180083d4                INT_Excep_TINT162
 .text.INT_Excep_TINT163
                0x180083ec       0x18 ./generate/inthandler.o
                0x180083ec                INT_Excep_TINT163
 .text.INT_Excep_TINT164
                0x18008404       0x18 ./generate/inthandler.o
                0x18008404                INT_Excep_TINT164
 .text.INT_Excep_TINT165
                0x1800841c       0x18 ./generate/inthandler.o
                0x1800841c                INT_Excep_TINT165
 .text.INT_Excep_TINT166
                0x18008434       0x18 ./generate/inthandler.o
                0x18008434                INT_Excep_TINT166
 .text.INT_Excep_TINT167
                0x1800844c       0x18 ./generate/inthandler.o
                0x1800844c                INT_Excep_TINT167
 .text.INT_Excep_TINT168
                0x18008464       0x18 ./generate/inthandler.o
                0x18008464                INT_Excep_TINT168
 .text.INT_Excep_TINT169
                0x1800847c       0x18 ./generate/inthandler.o
                0x1800847c                INT_Excep_TINT169
 .text.INT_Excep_TINT170
                0x18008494       0x18 ./generate/inthandler.o
                0x18008494                INT_Excep_TINT170
 .text.selfrel_offset31
                0x180084ac       0x14 C:/Program Files (x86)/Arm GNU Toolchain arm-none-eabi/13.3 rel1/bin/../lib/gcc/arm-none-eabi/13.3.1/thumb/v7-a+fp/hard\libgcc.a(unwind-arm.o)
 .text.search_EIT_table
                0x180084c0       0x60 C:/Program Files (x86)/Arm GNU Toolchain arm-none-eabi/13.3 rel1/bin/../lib/gcc/arm-none-eabi/13.3.1/thumb/v7-a+fp/hard\libgcc.a(unwind-arm.o)
 .text.__gnu_unwind_get_pr_addr
                0x18008520       0x2c C:/Program Files (x86)/Arm GNU Toolchain arm-none-eabi/13.3 rel1/bin/../lib/gcc/arm-none-eabi/13.3.1/thumb/v7-a+fp/hard\libgcc.a(unwind-arm.o)
 .text.get_eit_entry
                0x1800854c       0x9c C:/Program Files (x86)/Arm GNU Toolchain arm-none-eabi/13.3 rel1/bin/../lib/gcc/arm-none-eabi/13.3.1/thumb/v7-a+fp/hard\libgcc.a(unwind-arm.o)
 .text.restore_non_core_regs
                0x180085e8       0x58 C:/Program Files (x86)/Arm GNU Toolchain arm-none-eabi/13.3 rel1/bin/../lib/gcc/arm-none-eabi/13.3.1/thumb/v7-a+fp/hard\libgcc.a(unwind-arm.o)
 .text._Unwind_decode_typeinfo_ptr.constprop.0
                0x18008640        0xc C:/Program Files (x86)/Arm GNU Toolchain arm-none-eabi/13.3 rel1/bin/../lib/gcc/arm-none-eabi/13.3.1/thumb/v7-a+fp/hard\libgcc.a(unwind-arm.o)
 .text._Unwind_DebugHook
                0x1800864c        0x4 C:/Program Files (x86)/Arm GNU Toolchain arm-none-eabi/13.3 rel1/bin/../lib/gcc/arm-none-eabi/13.3.1/thumb/v7-a+fp/hard\libgcc.a(unwind-arm.o)
 .text.unwind_phase2
                0x18008650       0x3c C:/Program Files (x86)/Arm GNU Toolchain arm-none-eabi/13.3 rel1/bin/../lib/gcc/arm-none-eabi/13.3.1/thumb/v7-a+fp/hard\libgcc.a(unwind-arm.o)
 .text.unwind_phase2_forced
                0x1800868c       0xd4 C:/Program Files (x86)/Arm GNU Toolchain arm-none-eabi/13.3 rel1/bin/../lib/gcc/arm-none-eabi/13.3.1/thumb/v7-a+fp/hard\libgcc.a(unwind-arm.o)
 .text.__gnu_Unwind_RaiseException
                0x18008760       0x68 C:/Program Files (x86)/Arm GNU Toolchain arm-none-eabi/13.3 rel1/bin/../lib/gcc/arm-none-eabi/13.3.1/thumb/v7-a+fp/hard\libgcc.a(unwind-arm.o)
                0x18008760                __gnu_Unwind_RaiseException
 .text.__gnu_Unwind_ForcedUnwind
                0x180087c8       0x14 C:/Program Files (x86)/Arm GNU Toolchain arm-none-eabi/13.3 rel1/bin/../lib/gcc/arm-none-eabi/13.3.1/thumb/v7-a+fp/hard\libgcc.a(unwind-arm.o)
                0x180087c8                __gnu_Unwind_ForcedUnwind
 .text.__gnu_Unwind_Resume
                0x180087dc       0x44 C:/Program Files (x86)/Arm GNU Toolchain arm-none-eabi/13.3 rel1/bin/../lib/gcc/arm-none-eabi/13.3.1/thumb/v7-a+fp/hard\libgcc.a(unwind-arm.o)
                0x180087dc                __gnu_Unwind_Resume
 .text.__gnu_Unwind_Resume_or_Rethrow
                0x18008820       0x18 C:/Program Files (x86)/Arm GNU Toolchain arm-none-eabi/13.3 rel1/bin/../lib/gcc/arm-none-eabi/13.3.1/thumb/v7-a+fp/hard\libgcc.a(unwind-arm.o)
                0x18008820                __gnu_Unwind_Resume_or_Rethrow
 .text._Unwind_VRS_Get
                0x18008838       0x38 C:/Program Files (x86)/Arm GNU Toolchain arm-none-eabi/13.3 rel1/bin/../lib/gcc/arm-none-eabi/13.3.1/thumb/v7-a+fp/hard\libgcc.a(unwind-arm.o)
                0x18008838                _Unwind_VRS_Get
 .text._Unwind_GetGR
                0x18008870       0x18 C:/Program Files (x86)/Arm GNU Toolchain arm-none-eabi/13.3 rel1/bin/../lib/gcc/arm-none-eabi/13.3.1/thumb/v7-a+fp/hard\libgcc.a(unwind-arm.o)
 .text._Unwind_VRS_Set
                0x18008888       0x38 C:/Program Files (x86)/Arm GNU Toolchain arm-none-eabi/13.3 rel1/bin/../lib/gcc/arm-none-eabi/13.3.1/thumb/v7-a+fp/hard\libgcc.a(unwind-arm.o)
                0x18008888                _Unwind_VRS_Set
 .text._Unwind_SetGR
                0x180088c0       0x18 C:/Program Files (x86)/Arm GNU Toolchain arm-none-eabi/13.3 rel1/bin/../lib/gcc/arm-none-eabi/13.3.1/thumb/v7-a+fp/hard\libgcc.a(unwind-arm.o)
 .text.__gnu_Unwind_Backtrace
                0x180088d8       0x7c C:/Program Files (x86)/Arm GNU Toolchain arm-none-eabi/13.3 rel1/bin/../lib/gcc/arm-none-eabi/13.3.1/thumb/v7-a+fp/hard\libgcc.a(unwind-arm.o)
                0x180088d8                __gnu_Unwind_Backtrace
 .text.__gnu_unwind_pr_common
                0x18008954      0x2d0 C:/Program Files (x86)/Arm GNU Toolchain arm-none-eabi/13.3 rel1/bin/../lib/gcc/arm-none-eabi/13.3.1/thumb/v7-a+fp/hard\libgcc.a(unwind-arm.o)
 .text.__aeabi_unwind_cpp_pr0
                0x18008c24        0x8 C:/Program Files (x86)/Arm GNU Toolchain arm-none-eabi/13.3 rel1/bin/../lib/gcc/arm-none-eabi/13.3.1/thumb/v7-a+fp/hard\libgcc.a(unwind-arm.o)
                0x18008c24                __aeabi_unwind_cpp_pr0
 .text.__aeabi_unwind_cpp_pr1
                0x18008c2c        0x8 C:/Program Files (x86)/Arm GNU Toolchain arm-none-eabi/13.3 rel1/bin/../lib/gcc/arm-none-eabi/13.3.1/thumb/v7-a+fp/hard\libgcc.a(unwind-arm.o)
                0x18008c2c                __aeabi_unwind_cpp_pr1
 .text.__aeabi_unwind_cpp_pr2
                0x18008c34        0x8 C:/Program Files (x86)/Arm GNU Toolchain arm-none-eabi/13.3 rel1/bin/../lib/gcc/arm-none-eabi/13.3.1/thumb/v7-a+fp/hard\libgcc.a(unwind-arm.o)
                0x18008c34                __aeabi_unwind_cpp_pr2
 .text._Unwind_VRS_Pop
                0x18008c3c      0x304 C:/Program Files (x86)/Arm GNU Toolchain arm-none-eabi/13.3 rel1/bin/../lib/gcc/arm-none-eabi/13.3.1/thumb/v7-a+fp/hard\libgcc.a(unwind-arm.o)
                0x18008c3c                _Unwind_VRS_Pop
 .text.next_unwind_byte
                0x18008f40       0x34 C:/Program Files (x86)/Arm GNU Toolchain arm-none-eabi/13.3 rel1/bin/../lib/gcc/arm-none-eabi/13.3.1/thumb/v7-a+fp/hard\libgcc.a(pr-support.o)
 .text.__gnu_unwind_execute
                0x18008f74      0x2fc C:/Program Files (x86)/Arm GNU Toolchain arm-none-eabi/13.3 rel1/bin/../lib/gcc/arm-none-eabi/13.3.1/thumb/v7-a+fp/hard\libgcc.a(pr-support.o)
                0x18008f74                __gnu_unwind_execute
 .text.abort    0x18009270       0x10 C:/Program Files (x86)/Arm GNU Toolchain arm-none-eabi/13.3 rel1/bin/../lib/gcc/arm-none-eabi/13.3.1/thumb/v7-a+fp/hard\libg.a(libc_a-abort.o)
                0x18009270                abort
 .text.raise    0x18009280       0x5c C:/Program Files (x86)/Arm GNU Toolchain arm-none-eabi/13.3 rel1/bin/../lib/gcc/arm-none-eabi/13.3.1/thumb/v7-a+fp/hard\libg.a(libc_a-signal.o)
                0x18009280                raise
 .text._kill_r  0x180092dc       0x2c C:/Program Files (x86)/Arm GNU Toolchain arm-none-eabi/13.3 rel1/bin/../lib/gcc/arm-none-eabi/13.3.1/thumb/v7-a+fp/hard\libg.a(libc_a-signalr.o)
                0x180092dc                _kill_r
 .text._getpid_r
                0x18009308        0x4 C:/Program Files (x86)/Arm GNU Toolchain arm-none-eabi/13.3 rel1/bin/../lib/gcc/arm-none-eabi/13.3.1/thumb/v7-a+fp/hard\libg.a(libc_a-signalr.o)
                0x18009308                _getpid_r
 .text.__malloc_lock
                0x1800930c        0xc C:/Program Files (x86)/Arm GNU Toolchain arm-none-eabi/13.3 rel1/bin/../lib/gcc/arm-none-eabi/13.3.1/thumb/v7-a+fp/hard\libg.a(libc_a-mlock.o)
                0x1800930c                __malloc_lock
 .text.__malloc_unlock
                0x18009318        0xc C:/Program Files (x86)/Arm GNU Toolchain arm-none-eabi/13.3 rel1/bin/../lib/gcc/arm-none-eabi/13.3.1/thumb/v7-a+fp/hard\libg.a(libc_a-mlock.o)
                0x18009318                __malloc_unlock
 .text.stdio_exit_handler
                0x18009324       0x1c C:/Program Files (x86)/Arm GNU Toolchain arm-none-eabi/13.3 rel1/bin/../lib/gcc/arm-none-eabi/13.3.1/thumb/v7-a+fp/hard\libg.a(libc_a-findfp.o)
 .text.cleanup_stdio
                0x18009340       0x40 C:/Program Files (x86)/Arm GNU Toolchain arm-none-eabi/13.3 rel1/bin/../lib/gcc/arm-none-eabi/13.3.1/thumb/v7-a+fp/hard\libg.a(libc_a-findfp.o)
 .text.global_stdio_init.part.0
                0x18009380       0xf8 C:/Program Files (x86)/Arm GNU Toolchain arm-none-eabi/13.3 rel1/bin/../lib/gcc/arm-none-eabi/13.3.1/thumb/v7-a+fp/hard\libg.a(libc_a-findfp.o)
 .text.__sinit  0x18009478       0x50 C:/Program Files (x86)/Arm GNU Toolchain arm-none-eabi/13.3 rel1/bin/../lib/gcc/arm-none-eabi/13.3.1/thumb/v7-a+fp/hard\libg.a(libc_a-findfp.o)
                0x18009478                __sinit
 .text.__sfp_lock_acquire
                0x180094c8        0xc C:/Program Files (x86)/Arm GNU Toolchain arm-none-eabi/13.3 rel1/bin/../lib/gcc/arm-none-eabi/13.3.1/thumb/v7-a+fp/hard\libg.a(libc_a-findfp.o)
                0x180094c8                __sfp_lock_acquire
 .text.__sfp_lock_release
                0x180094d4        0xc C:/Program Files (x86)/Arm GNU Toolchain arm-none-eabi/13.3 rel1/bin/../lib/gcc/arm-none-eabi/13.3.1/thumb/v7-a+fp/hard\libg.a(libc_a-findfp.o)
                0x180094d4                __sfp_lock_release
 .text._fwalk_sglue
                0x180094e0       0x44 C:/Program Files (x86)/Arm GNU Toolchain arm-none-eabi/13.3 rel1/bin/../lib/gcc/arm-none-eabi/13.3.1/thumb/v7-a+fp/hard\libg.a(libc_a-fwalk.o)
                0x180094e0                _fwalk_sglue
 .text.__sread  0x18009524       0x24 C:/Program Files (x86)/Arm GNU Toolchain arm-none-eabi/13.3 rel1/bin/../lib/gcc/arm-none-eabi/13.3.1/thumb/v7-a+fp/hard\libg.a(libc_a-stdio.o)
                0x18009524                __sread
 .text.__swrite
                0x18009548       0x40 C:/Program Files (x86)/Arm GNU Toolchain arm-none-eabi/13.3 rel1/bin/../lib/gcc/arm-none-eabi/13.3.1/thumb/v7-a+fp/hard\libg.a(libc_a-stdio.o)
                0x18009548                __swrite
 .text.__sseek  0x18009588       0x24 C:/Program Files (x86)/Arm GNU Toolchain arm-none-eabi/13.3 rel1/bin/../lib/gcc/arm-none-eabi/13.3.1/thumb/v7-a+fp/hard\libg.a(libc_a-stdio.o)
                0x18009588                __sseek
 .text.__sclose
                0x180095ac        0x8 C:/Program Files (x86)/Arm GNU Toolchain arm-none-eabi/13.3 rel1/bin/../lib/gcc/arm-none-eabi/13.3.1/thumb/v7-a+fp/hard\libg.a(libc_a-stdio.o)
                0x180095ac                __sclose
 .text.memset   0x180095b4       0xa8 C:/Program Files (x86)/Arm GNU Toolchain arm-none-eabi/13.3 rel1/bin/../lib/gcc/arm-none-eabi/13.3.1/thumb/v7-a+fp/hard\libg.a(libc_a-memset.o)
                0x180095b4                memset
 .text._close_r
                0x1800965c       0x28 C:/Program Files (x86)/Arm GNU Toolchain arm-none-eabi/13.3 rel1/bin/../lib/gcc/arm-none-eabi/13.3.1/thumb/v7-a+fp/hard\libg.a(libc_a-closer.o)
                0x1800965c                _close_r
 .text._lseek_r
                0x18009684       0x30 C:/Program Files (x86)/Arm GNU Toolchain arm-none-eabi/13.3 rel1/bin/../lib/gcc/arm-none-eabi/13.3.1/thumb/v7-a+fp/hard\libg.a(libc_a-lseekr.o)
                0x18009684                _lseek_r
 .text._read_r  0x180096b4       0x30 C:/Program Files (x86)/Arm GNU Toolchain arm-none-eabi/13.3 rel1/bin/../lib/gcc/arm-none-eabi/13.3.1/thumb/v7-a+fp/hard\libg.a(libc_a-readr.o)
                0x180096b4                _read_r