Archive member included to satisfy reference by file (symbol)

C:/Program Files (x86)/Arm GNU Toolchain arm-none-eabi/13.3 rel1/bin/../lib/gcc/arm-none-eabi/13.3.1/thumb/v7-a+fp/hard\libstdc++.a(atexit_arm.o)
                              ./src/drivers/Serial.o (__aeabi_atexit)
C:/Program Files (x86)/Arm GNU Toolchain arm-none-eabi/13.3 rel1/bin/../lib/gcc/arm-none-eabi/13.3.1/thumb/v7-a+fp/hard\libstdc++.a(class_type_info.o)
                              ./src/drivers/Onboard.o (vtable for __cxxabiv1::__class_type_info)
C:/Program Files (x86)/Arm GNU Toolchain arm-none-eabi/13.3 rel1/bin/../lib/gcc/arm-none-eabi/13.3.1/thumb/v7-a+fp/hard\libstdc++.a(del_ops.o)
                              ./src/drivers/Onboard.o (operator delete(void*, unsigned int))
C:/Program Files (x86)/Arm GNU Toolchain arm-none-eabi/13.3 rel1/bin/../lib/gcc/arm-none-eabi/13.3.1/thumb/v7-a+fp/hard\libstdc++.a(si_class_type_info.o)
                              ./src/drivers/Onboard.o (vtable for __cxxabiv1::__si_class_type_info)
C:/Program Files (x86)/Arm GNU Toolchain arm-none-eabi/13.3 rel1/bin/../lib/gcc/arm-none-eabi/13.3.1/thumb/v7-a+fp/hard\libstdc++.a(tinfo.o)
                              C:/Program Files (x86)/Arm GNU Toolchain arm-none-eabi/13.3 rel1/bin/../lib/gcc/arm-none-eabi/13.3.1/thumb/v7-a+fp/hard\libstdc++.a(class_type_info.o) (std::type_info::~type_info())
C:/Program Files (x86)/Arm GNU Toolchain arm-none-eabi/13.3 rel1/bin/../lib/gcc/arm-none-eabi/13.3.1/thumb/v7-a+fp/hard\libstdc++.a(del_op.o)
                              C:/Program Files (x86)/Arm GNU Toolchain arm-none-eabi/13.3 rel1/bin/../lib/gcc/arm-none-eabi/13.3.1/thumb/v7-a+fp/hard\libstdc++.a(del_ops.o) (operator delete(void*))
C:/Program Files (x86)/Arm GNU Toolchain arm-none-eabi/13.3 rel1/bin/../lib/gcc/arm-none-eabi/13.3.1/thumb/v7-a+fp/hard\libgcc.a(unwind-arm.o)
                              C:/Program Files (x86)/Arm GNU Toolchain arm-none-eabi/13.3 rel1/bin/../lib/gcc/arm-none-eabi/13.3.1/thumb/v7-a+fp/hard\libstdc++.a(class_type_info.o) (__aeabi_unwind_cpp_pr0)
C:/Program Files (x86)/Arm GNU Toolchain arm-none-eabi/13.3 rel1/bin/../lib/gcc/arm-none-eabi/13.3.1/thumb/v7-a+fp/hard\libgcc.a(libunwind.o)
                              C:/Program Files (x86)/Arm GNU Toolchain arm-none-eabi/13.3 rel1/bin/../lib/gcc/arm-none-eabi/13.3.1/thumb/v7-a+fp/hard\libgcc.a(unwind-arm.o) (restore_core_regs)
C:/Program Files (x86)/Arm GNU Toolchain arm-none-eabi/13.3 rel1/bin/../lib/gcc/arm-none-eabi/13.3.1/thumb/v7-a+fp/hard\libgcc.a(pr-support.o)
                              C:/Program Files (x86)/Arm GNU Toolchain arm-none-eabi/13.3 rel1/bin/../lib/gcc/arm-none-eabi/13.3.1/thumb/v7-a+fp/hard\libgcc.a(unwind-arm.o) (__gnu_unwind_execute)
C:/Program Files (x86)/Arm GNU Toolchain arm-none-eabi/13.3 rel1/bin/../lib/gcc/arm-none-eabi/13.3.1/thumb/v7-a+fp/hard\libg.a(libc_a-abort.o)
                              C:/Program Files (x86)/Arm GNU Toolchain arm-none-eabi/13.3 rel1/bin/../lib/gcc/arm-none-eabi/13.3.1/thumb/v7-a+fp/hard\libgcc.a(unwind-arm.o) (abort)
C:/Program Files (x86)/Arm GNU Toolchain arm-none-eabi/13.3 rel1/bin/../lib/gcc/arm-none-eabi/13.3.1/thumb/v7-a+fp/hard\libg.a(libc_a-malloc.o)
                              C:/Program Files (x86)/Arm GNU Toolchain arm-none-eabi/13.3 rel1/bin/../lib/gcc/arm-none-eabi/13.3.1/thumb/v7-a+fp/hard\libstdc++.a(del_op.o) (free)
C:/Program Files (x86)/Arm GNU Toolchain arm-none-eabi/13.3 rel1/bin/../lib/gcc/arm-none-eabi/13.3.1/thumb/v7-a+fp/hard\libg.a(libc_a-mallocr.o)
                              C:/Program Files (x86)/Arm GNU Toolchain arm-none-eabi/13.3 rel1/bin/../lib/gcc/arm-none-eabi/13.3.1/thumb/v7-a+fp/hard\libg.a(libc_a-malloc.o) (_malloc_r)
C:/Program Files (x86)/Arm GNU Toolchain arm-none-eabi/13.3 rel1/bin/../lib/gcc/arm-none-eabi/13.3.1/thumb/v7-a+fp/hard\libg.a(libc_a-mlock.o)
                              C:/Program Files (x86)/Arm GNU Toolchain arm-none-eabi/13.3 rel1/bin/../lib/gcc/arm-none-eabi/13.3.1/thumb/v7-a+fp/hard\libg.a(libc_a-mallocr.o) (__malloc_lock)
C:/Program Files (x86)/Arm GNU Toolchain arm-none-eabi/13.3 rel1/bin/../lib/gcc/arm-none-eabi/13.3.1/thumb/v7-a+fp/hard\libg.a(libc_a-cxa_atexit.o)
                              C:/Program Files (x86)/Arm GNU Toolchain arm-none-eabi/13.3 rel1/bin/../lib/gcc/arm-none-eabi/13.3.1/thumb/v7-a+fp/hard\libstdc++.a(atexit_arm.o) (__cxa_atexit)
C:/Program Files (x86)/Arm GNU Toolchain arm-none-eabi/13.3 rel1/bin/../lib/gcc/arm-none-eabi/13.3.1/thumb/v7-a+fp/hard\libg.a(libc_a-vsnprintf.o)
                              ./src/drivers/Serial.o (vsnprintf)
C:/Program Files (x86)/Arm GNU Toolchain arm-none-eabi/13.3 rel1/bin/../lib/gcc/arm-none-eabi/13.3.1/thumb/v7-a+fp/hard\libg.a(libc_a-signal.o)
                              C:/Program Files (x86)/Arm GNU Toolchain arm-none-eabi/13.3 rel1/bin/../lib/gcc/arm-none-eabi/13.3.1/thumb/v7-a+fp/hard\libg.a(libc_a-abort.o) (raise)
[...]
Memory Configuration

Name             Origin             Length             Attributes
BOOT_LOADER      0x18000000         0x00004000
SFLASH           0x18004000         0x07ffc000
RAM              0x20020000         0x00500000
*default*        0x00000000         0xffffffff

Linker script and memory map

LOAD ./src/drivers/Onboard.o
LOAD ./src/drivers/Serial.o
LOAD ./src/mcr_camera_2026base.o
LOAD ./generate/hwsetup.o
LOAD ./generate/inthandler.o
LOAD ./generate/mbed_sf_boot.o
LOAD ./generate/start.o
LOAD ./generate/vect_table.o
LOAD ./generate/vects.o
START GROUP
END GROUP
LOAD C:/Program Files (x86)/Arm GNU Toolchain arm-none-eabi/13.3 rel1/bin/../lib/gcc/arm-none-eabi/13.3.1/thumb/v7-a+fp/hard\libstdc++.a
LOAD C:/Program Files (x86)/Arm GNU Toolchain arm-none-eabi/13.3 rel1/bin/../lib/gcc/arm-none-eabi/13.3.1/thumb/v7-a+fp/hard\libm.a
START GROUP
LOAD C:/Program Files (x86)/Arm GNU Toolchain arm-none-eabi/13.3 rel1/bin/../lib/gcc/arm-none-eabi/13.3.1/thumb/v7-a+fp/hard\libgcc.a
LOAD C:/Program Files (x86)/Arm GNU Toolchain arm-none-eabi/13.3 rel1/bin/../lib/gcc/arm-none-eabi/13.3.1/thumb/v7-a+fp/hard\libg.a
LOAD C:/Program Files (x86)/Arm GNU Toolchain arm-none-eabi/13.3 rel1/bin/../lib/gcc/arm-none-eabi/13.3.1/thumb/v7-a+fp/hard\libc.a
END GROUP
START GROUP
LOAD C:/Program Files (x86)/Arm GNU Toolchain arm-none-eabi/13.3 rel1/bin/../lib/gcc/arm-none-eabi/13.3.1/thumb/v7-a+fp/hard\libgcc.a
LOAD C:/Program Files (x86)/Arm GNU Toolchain arm-none-eabi/13.3 rel1/bin/../lib/gcc/arm-none-eabi/13.3.1/thumb/v7-a+fp/hard\libc.a
LOAD C:/Program Files (x86)/Arm GNU Toolchain arm-none-eabi/13.3 rel1/bin/../lib/gcc/arm-none-eabi/13.3.1/thumb/v7-a+fp/hard\librdimon.a
END GROUP

.boot           0x18000000     0x3100
 *(.boot_loader)
 .boot_loader   0x18000000     0x3100 ./generate/mbed_sf_boot.o
                0x18000000                boot_loader

.fvectors       0x18004000       0x40
 *(.fvectors)
 .fvectors      0x18004000       0x40 ./generate/vect_table.o
                0x18004000                Start
                0x18004000                vector_table

.text           0x18004040     0xc154
 *(.text)
 .text          0x18004040       0xc0 ./generate/start.o
                0x18004054                _PowerON_Reset
 .text          0x18004100      0x1ac C:/Program Files (x86)/Arm GNU Toolchain arm-none-eabi/13.3 rel1/bin/../lib/gcc/arm-none-eabi/13.3.1/thumb/v7-a+fp/hard\libgcc.a(libunwind.o)
                0x18004100                __restore_core_regs
                0x18004100                restore_core_regs
                0x18004118                __gnu_Unwind_Restore_VFP
                0x18004120                __gnu_Unwind_Save_VFP
                0x18004128                __gnu_Unwind_Restore_VFP_D
                0x18004130                __gnu_Unwind_Save_VFP_D
                0x18004138                __gnu_Unwind_Restore_VFP_D_16_to_31
                0x18004140                __gnu_Unwind_Save_VFP_D_16_to_31
                0x18004148                __gnu_Unwind_Restore_WMMXD
                0x1800418c                __gnu_Unwind_Save_WMMXD
                0x180041d0                __gnu_Unwind_Restore_WMMXC
                0x180041e4                __gnu_Unwind_Save_WMMXC
                0x180041f8                ___Unwind_RaiseException
                0x180041f8                _Unwind_RaiseException
                0x1800421c                _Unwind_Resume
                0x1800421c                ___Unwind_Resume
                0x18004240                _Unwind_Resume_or_Rethrow
                0x18004240                ___Unwind_Resume_or_Rethrow
                0x18004264                _Unwind_ForcedUnwind
                0x18004264                ___Unwind_ForcedUnwind
                0x18004288                ___Unwind_Backtrace
                0x18004288                _Unwind_Backtrace
 *fill*         0x180042ac       0x14 
 .text          0x180042c0      0x5e0 C:/Program Files (x86)/Arm GNU Toolchain arm-none-eabi/13.3 rel1/bin/../lib/gcc/arm-none-eabi/13.3.1/thumb/v7-a+fp/hard\libg.a(libc_a-memcpy.o)
                0x180042c0                memcpy
 .text          0x180048a0       0xa0 C:/Program Files (x86)/Arm GNU Toolchain arm-none-eabi/13.3 rel1/bin/../lib/gcc/arm-none-eabi/13.3.1/thumb/v7-a+fp/hard\libg.a(libc_a-memchr.o)
                0x180048a0                memchr
 .text          0x18004940       0xd8 C:/Program Files (x86)/Arm GNU Toolchain arm-none-eabi/13.3 rel1/bin/../lib/gcc/arm-none-eabi/13.3.1/thumb/v7-a+fp/hard\libg.a(libc_a-strlen.o)
                0x18004940                strlen
 .text          0x18004a18      0x278 C:/Program Files (x86)/Arm GNU Toolchain arm-none-eabi/13.3 rel1/bin/../lib/gcc/arm-none-eabi/13.3.1/thumb/v7-a+fp/hard\libgcc.a(_udivsi3.o)
                0x18004a18                __aeabi_uidiv
                0x18004a18                __udivsi3
                0x18004c74                __aeabi_uidivmod
 .text          0x18004c90      0x2b0 C:/Program Files (x86)/Arm GNU Toolchain arm-none-eabi/13.3 rel1/bin/../lib/gcc/arm-none-eabi/13.3.1/thumb/v7-a+fp/hard\libgcc.a(_divsi3.o)
                0x18004c90                __divsi3
                0x18004c90                __aeabi_idiv
                0x18004f24                __aeabi_idivmod
 .text          0x18004f40        0x4 C:/Program Files (x86)/Arm GNU Toolchain arm-none-eabi/13.3 rel1/bin/../lib/gcc/arm-none-eabi/13.3.1/thumb/v7-a+fp/hard\libgcc.a(_dvmd_tls.o)
                0x18004f40                __aeabi_idiv0
                0x18004f40                __aeabi_ldiv0
 *(.text.*)
 .text._ZN7Onboard4initEv
                0x18004f44      0x1e0 ./src/drivers/Onboard.o
                0x18004f44                Onboard::init()
 .text._ZN7Onboard10setUserLedEi
                0x18005124       0x44 ./src/drivers/Onboard.o
                0x18005124                Onboard::setUserLed(int)
 .text._ZN7Onboard11setColorLedEiii
                0x18005168       0x8c ./src/drivers/Onboard.o
                0x18005168                Onboard::setColorLed(int, int, int)
 .text._ZN7Onboard6updateEv
                0x180051f4       0xfc ./src/drivers/Onboard.o
                0x180051f4                Onboard::update()
 .text._ZN7Onboard2swEv
                0x180052f0       0x5c ./src/drivers/Onboard.o
                0x180052f0                Onboard::sw()
 .text._ZN6Serial4initEv
                0x1800534c      0x2c4 ./src/drivers/Serial.o
                0x1800534c                Serial::init()
 .text._ZN6Serial7putCharEc
                0x18005610       0x8c ./src/drivers/Serial.o
                0x18005610                Serial::putChar(char)
 .text._ZN6Serial5printEPKc
                0x1800569c       0x70 ./src/drivers/Serial.o
                0x1800569c                Serial::print(char const*)
 .text._ZN6Serial6printfEPKcz
                0x1800570c       0x5c ./src/drivers/Serial.o
                0x1800570c                Serial::printf(char const*, ...)
 .text._ZL9initOSTM0v
                0x18005768      0x1c0 ./src/mcr_camera_2026base.o
 .text.ostm0_interrupt_callback
                0x18005928      0x11c ./src/mcr_camera_2026base.o
                0x18005928                ostm0_interrupt_callback
 .text.main     0x18005a44      0x188 ./src/mcr_camera_2026base.o
                0x18005a44                main
 .text.HardwareSetup
                0x18005bcc       0x18 ./generate/hwsetup.o
                0x18005bcc                HardwareSetup
 .text.INT_Excep_UndefinedInst
                0x18005be4       0x18 ./generate/inthandler.o
                0x18005be4                INT_Excep_UndefinedInst
 .text.INT_Excep_SWI
                0x18005bfc       0x18 ./generate/inthandler.o
                0x18005bfc                INT_Excep_SWI
 .text.INT_Excep_PREFETCH_ABORT
                0x18005c14       0x18 ./generate/inthandler.o
                0x18005c14                INT_Excep_PREFETCH_ABORT
 .text.INT_Excep_DATA_ABORT
                0x18005c2c       0x18 ./generate/inthandler.o
                0x18005c2c                INT_Excep_DATA_ABORT
 .text.INT_Excep_Reserved
                0x18005c44       0x18 ./generate/inthandler.o
                0x18005c44                INT_Excep_Reserved
 .text.INT_Excep_IRQ
                0x18005c5c       0x90 ./generate/inthandler.o
                0x18005c5c                INT_Excep_IRQ
 .text.INT_Excep_FIQ
                0x18005cec       0x18 ./generate/inthandler.o
                0x18005cec                INT_Excep_FIQ
 .text.INT_Excep_GIC0
                0x18005d04       0x18 ./generate/inthandler.o
                0x18005d04                INT_Excep_GIC0
 .text.INT_Excep_GIC1
                0x18005d1c       0x18 ./generate/inthandler.o
                0x18005d1c                INT_Excep_GIC1
 .text.INT_Excep_GIC2
                0x18005d34       0x18 ./generate/inthandler.o
                0x18005d34                INT_Excep_GIC2
 .text.INT_Excep_GIC3
                0x18005d4c       0x18 ./generate/inthandler.o
                0x18005d4c                INT_Excep_GIC3
 .text.INT_Excep_GIC4
                0x18005d64       0x18 ./generate/inthandler.o
                0x18005d64                INT_Excep_GIC4
 .text.INT_Excep_GIC5
                0x18005d7c       0x18 ./generate/inthandler.o
                0x18005d7c                INT_Excep_GIC5
 .text.INT_Excep_GIC6
                0x18005d94       0x18 ./generate/inthandler.o
                0x18005d94                INT_Excep_GIC6
 .text.INT_Excep_GIC7
                0x18005dac       0x18 ./generate/inthandler.o
                0x18005dac                INT_Excep_GIC7
 .text.INT_Excep_GIC8
                0x18005dc4       0x18 ./generate/inthandler.o
                0x18005dc4                INT_Excep_GIC8
 .text.INT_Excep_GIC9
                0x18005ddc       0x18 ./generate/inthandler.o
                0x18005ddc                INT_Excep_GIC9
 .text.INT_Excep_GIC10
                0x18005df4       0x18 ./generate/inthandler.o
                0x18005df4                INT_Excep_GIC10
 .text.INT_Excep_GIC11
                0x18005e0c       0x18 ./generate/inthandler.o
                0x18005e0c                INT_Excep_GIC11
 .text.INT_Excep_GIC12
                0x18005e24       0x18 ./generate/inthandler.o
                0x18005e24                INT_Excep_GIC12
 .text.INT_Excep_GIC13
                0x18005e3c       0x18 ./generate/inthandler.o
                0x18005e3c                INT_Excep_GIC13
 .text.INT_Excep_GIC14
                0x18005e54       0x18 ./generate/inthandler.o
                0x18005e54                INT_Excep_GIC14
 .text.INT_Excep_GIC15
                0x18005e6c       0x18 ./generate/inthandler.o
                0x18005e6c                INT_Excep_GIC15
 .text.INT_Excep_CPU_PMUIRQ0
                0x18005e84       0x18 ./generate/inthandler.o
                0x18005e84                INT_Excep_CPU_PMUIRQ0
 .text.INT_Excep_CPU_COMMRX0
                0x18005e9c       0x18 ./generate/inthandler.o
                0x18005e9c                INT_Excep_CPU_COMMRX0
 .text.INT_Excep_CPU_COMMTX0
                0x18005eb4       0x18 ./generate/inthandler.o
                0x18005eb4                INT_Excep_CPU_COMMTX0
 .text.INT_Excep_CPU_CTIIRQ0
                0x18005ecc       0x18 ./generate/inthandler.o
                0x18005ecc                INT_Excep_CPU_CTIIRQ0
 .text.INT_Excep_IRQ0
                0x18005ee4       0x18 ./generate/inthandler.o
                0x18005ee4                INT_Excep_IRQ0
 .text.INT_Excep_IRQ1
                0x18005efc       0x18 ./generate/inthandler.o
                0x18005efc                INT_Excep_IRQ1
 .text.INT_Excep_IRQ2
                0x18005f14       0x18 ./generate/inthandler.o
                0x18005f14                INT_Excep_IRQ2
 .text.INT_Excep_IRQ3
                0x18005f2c       0x18 ./generate/inthandler.o
                0x18005f2c                INT_Excep_IRQ3
 .text.INT_Excep_IRQ4
                0x18005f44       0x18 ./generate/inthandler.o
                0x18005f44                INT_Excep_IRQ4
 .text.INT_Excep_IRQ5
                0x18005f5c       0x18 ./generate/inthandler.o
                0x18005f5c                INT_Excep_IRQ5
 .text.INT_Excep_IRQ6
                0x18005f74       0x18 ./generate/inthandler.o
                0x18005f74                INT_Excep_IRQ6
 .text.INT_Excep_IRQ7
                0x18005f8c       0x18 ./generate/inthandler.o
                0x18005f8c                INT_Excep_IRQ7
 .text.INT_Excep_PL310ERR
                0x18005fa4       0x18 ./generate/inthandler.o
                0x18005fa4                INT_Excep_PL310ERR
 .text.INT_Excep_DMAINT0
                0x18005fbc       0x18 ./generate/inthandler.o
                0x18005fbc                INT_Excep_DMAINT0
 .text.INT_Excep_DMAINT1
                0x18005fd4       0x18 ./generate/inthandler.o
                0x18005fd4                INT_Excep_DMAINT1
 .text.INT_Excep_DMAINT2
                0x18005fec       0x18 ./generate/inthandler.o
                0x18005fec                INT_Excep_DMAINT2
 .text.INT_Excep_DMAINT3
                0x18006004       0x18 ./generate/inthandler.o
                0x18006004                INT_Excep_DMAINT3
 .text.INT_Excep_DMAINT4
                0x1800601c       0x18 ./generate/inthandler.o
                0x1800601c                INT_Excep_DMAINT4
 .text.INT_Excep_DMAINT5
                0x18006034       0x18 ./generate/inthandler.o
                0x18006034                INT_Excep_DMAINT5
 .text.INT_Excep_DMAINT6
                0x1800604c       0x18 ./generate/inthandler.o
                0x1800604c                INT_Excep_DMAINT6
 .text.INT_Excep_DMAINT7
                0x18006064       0x18 ./generate/inthandler.o
                0x18006064                INT_Excep_DMAINT7
 .text.INT_Excep_DMAINT8
                0x1800607c       0x18 ./generate/inthandler.o
                0x1800607c                INT_Excep_DMAINT8
 .text.INT_Excep_DMAINT9
                0x18006094       0x18 ./generate/inthandler.o
                0x18006094                INT_Excep_DMAINT9
 .text.INT_Excep_DMAINT10
                0x180060ac       0x18 ./generate/inthandler.o
                0x180060ac                INT_Excep_DMAINT10
 .text.INT_Excep_DMAINT11
                0x180060c4       0x18 ./generate/inthandler.o
                0x180060c4                INT_Excep_DMAINT11
 .text.INT_Excep_DMAINT12
                0x180060dc       0x18 ./generate/inthandler.o
                0x180060dc                INT_Excep_DMAINT12
 .text.INT_Excep_DMAINT13
                0x180060f4       0x18 ./generate/inthandler.o
                0x180060f4                INT_Excep_DMAINT13
 .text.INT_Excep_DMAINT14
                0x1800610c       0x18 ./generate/inthandler.o
                0x1800610c                INT_Excep_DMAINT14
 .text.INT_Excep_DMAINT15
                0x18006124       0x18 ./generate/inthandler.o
                0x18006124                INT_Excep_DMAINT15
 .text.INT_Excep_DMAERR
                0x1800613c       0x18 ./generate/inthandler.o
                0x1800613c                INT_Excep_DMAERR
 .text.INT_Excep_USBI0
                0x18006154       0x18 ./generate/inthandler.o
                0x18006154                INT_Excep_USBI0
 .text.INT_Excep_USBI1
                0x1800616c       0x18 ./generate/inthandler.o
                0x1800616c                INT_Excep_USBI1
 .text.INT_Excep_S0_VI_VSYNC0
                0x18006184       0x18 ./generate/inthandler.o
                0x18006184                INT_Excep_S0_VI_VSYNC0
 .text.INT_Excep_S0_LO_VSYNC0
                0x1800619c       0x18 ./generate/inthandler.o
                0x1800619c                INT_Excep_S0_LO_VSYNC0
 .text.INT_Excep_S0_VSYNCERR0
                0x180061b4       0x18 ./generate/inthandler.o
                0x180061b4                INT_Excep_S0_VSYNCERR0
 .text.INT_Excep_GR3_VLINE0
                0x180061cc       0x18 ./generate/inthandler.o
                0x180061cc                INT_Excep_GR3_VLINE0
 .text.INT_Excep_S0_VFIELD0
                0x180061e4       0x18 ./generate/inthandler.o
                0x180061e4                INT_Excep_S0_VFIELD0
 .text.INT_Excep_IV1_VBUFERR0
                0x180061fc       0x18 ./generate/inthandler.o
                0x180061fc                INT_Excep_IV1_VBUFERR0
 .text.INT_Excep_IV3_VBUFERR0
                0x18006214       0x18 ./generate/inthandler.o
                0x18006214                INT_Excep_IV3_VBUFERR0
 .text.INT_Excep_IV5_VBUFERR0
                0x1800622c       0x18 ./generate/inthandler.o
                0x1800622c                INT_Excep_IV5_VBUFERR0
 .text.INT_Excep_IV6_VBUFERR0
                0x18006244       0x18 ./generate/inthandler.o
                0x18006244                INT_Excep_IV6_VBUFERR0
 .text.INT_Excep_S0_WLINE0
                0x1800625c       0x18 ./generate/inthandler.o
                0x1800625c                INT_Excep_S0_WLINE0
 .text.INT_Excep_S1_VI_VSYNC0
                0x18006274       0x18 ./generate/inthandler.o
                0x18006274                INT_Excep_S1_VI_VSYNC0
 .text.INT_Excep_S1_LO_VSYNC0
                0x1800628c       0x18 ./generate/inthandler.o
                0x1800628c                INT_Excep_S1_LO_VSYNC0
 .text.INT_Excep_S1_VSYNCERR0
                0x180062a4       0x18 ./generate/inthandler.o
                0x180062a4                INT_Excep_S1_VSYNCERR0
 .text.INT_Excep_S1_VFIELD0
                0x180062bc       0x18 ./generate/inthandler.o
                0x180062bc                INT_Excep_S1_VFIELD0
 .text.INT_Excep_IV2_VBUFERR0
                0x180062d4       0x18 ./generate/inthandler.o
                0x180062d4                INT_Excep_IV2_VBUFERR0
 .text.INT_Excep_IV4_VBUFERR0
                0x180062ec       0x18 ./generate/inthandler.o
                0x180062ec                INT_Excep_IV4_VBUFERR0
 .text.INT_Excep_S1_WLINE0
                0x18006304       0x18 ./generate/inthandler.o
                0x18006304                INT_Excep_S1_WLINE0
 .text.INT_Excep_OIR_VI_VSYNC0
                0x1800631c       0x18 ./generate/inthandler.o
                0x1800631c                INT_Excep_OIR_VI_VSYNC0
 .text.INT_Excep_OIR_LO_VSYNC0
                0x18006334       0x18 ./generate/inthandler.o
                0x18006334                INT_Excep_OIR_LO_VSYNC0
 .text.INT_Excep_OIR_VSYNCERR0
                0x1800634c       0x18 ./generate/inthandler.o
                0x1800634c                INT_Excep_OIR_VSYNCERR0
 .text.INT_Excep_OIR_VFIELD0
                0x18006364       0x18 ./generate/inthandler.o
                0x18006364                INT_Excep_OIR_VFIELD0
 .text.INT_Excep_IV7_VBUFERR0
                0x1800637c       0x18 ./generate/inthandler.o
                0x1800637c                INT_Excep_IV7_VBUFERR0
 .text.INT_Excep_V8_VBUFERR0
                0x18006394       0x18 ./generate/inthandler.o
                0x18006394                INT_Excep_V8_VBUFERR0
 .text.INT_Excep_OIR_WLINE0
                0x180063ac       0x18 ./generate/inthandler.o
                0x180063ac                INT_Excep_OIR_WLINE0
 .text.INT_Excep_S0_VI_VSYNC1
                0x180063c4       0x18 ./generate/inthandler.o
                0x180063c4                INT_Excep_S0_VI_VSYNC1
 .text.INT_Excep_S0_LO_VSYNC1
                0x180063dc       0x18 ./generate/inthandler.o
                0x180063dc                INT_Excep_S0_LO_VSYNC1
 .text.INT_Excep_S0_VSYNCERR1
                0x180063f4       0x18 ./generate/inthandler.o
                0x180063f4                INT_Excep_S0_VSYNCERR1
 .text.INT_Excep_GR3_VLINE1
                0x1800640c       0x18 ./generate/inthandler.o
                0x1800640c                INT_Excep_GR3_VLINE1
 .text.INT_Excep_S0_VFIELD1
                0x18006424       0x18 ./generate/inthandler.o
                0x18006424                INT_Excep_S0_VFIELD1
 .text.INT_Excep_IV1_VBUFERR1
                0x1800643c       0x18 ./generate/inthandler.o
                0x1800643c                INT_Excep_IV1_VBUFERR1
 .text.INT_Excep_IV3_VBUFERR1
                0x18006454       0x18 ./generate/inthandler.o
                0x18006454                INT_Excep_IV3_VBUFERR1
 .text.INT_Excep_IV5_VBUFERR1
                0x1800646c       0x18 ./generate/inthandler.o
                0x1800646c                INT_Excep_IV5_VBUFERR1
 .text.INT_Excep_IV6_VBUFERR1
                0x18006484       0x18 ./generate/inthandler.o
                0x18006484                INT_Excep_IV6_VBUFERR1
 .text.INT_Excep_S0_WLINE1
                0x1800649c       0x18 ./generate/inthandler.o
                0x1800649c                INT_Excep_S0_WLINE1
 .text.INT_Excep_S1_VI_VSYNC1
                0x180064b4       0x18 ./generate/inthandler.o
                0x180064b4                INT_Excep_S1_VI_VSYNC1
 .text.INT_Excep_S1_LO_VSYNC1
                0x180064cc       0x18 ./generate/inthandler.o
                0x180064cc                INT_Excep_S1_LO_VSYNC1
 .text.INT_Excep_S1_VSYNCERR1
                0x180064e4       0x18 ./generate/inthandler.o
                0x180064e4                INT_Excep_S1_VSYNCERR1
 .text.INT_Excep_S1_VFIELD1
                0x180064fc       0x18 ./generate/inthandler.o
                0x180064fc                INT_Excep_S1_VFIELD1
 .text.INT_Excep_IV2_VBUFERR1
                0x18006514       0x18 ./generate/inthandler.o
                0x18006514                INT_Excep_IV2_VBUFERR1
 .text.INT_Excep_IV4_VBUFERR1
                0x1800652c       0x18 ./generate/inthandler.o
                0x1800652c                INT_Excep_IV4_VBUFERR1
 .text.INT_Excep_S1_WLINE1
                0x18006544       0x18 ./generate/inthandler.o
                0x18006544                INT_Excep_S1_WLINE1
 .text.INT_Excep_OIR_VI_VSYNC1
                0x1800655c       0x18 ./generate/inthandler.o
                0x1800655c                INT_Excep_OIR_VI_VSYNC1
 .text.INT_Excep_OIR_LO_VSYNC1
                0x18006574       0x18 ./generate/inthandler.o
                0x18006574                INT_Excep_OIR_LO_VSYNC1
 .text.INT_Excep_OIR_VLINE1
                0x1800658c       0x18 ./generate/inthandler.o
                0x1800658c                INT_Excep_OIR_VLINE1
 .text.INT_Excep_OIR_VFIELD1
                0x180065a4       0x18 ./generate/inthandler.o
                0x180065a4                INT_Excep_OIR_VFIELD1
 .text.INT_Excep_IV7_VBUFERR1
                0x180065bc       0x18 ./generate/inthandler.o
                0x180065bc                INT_Excep_IV7_VBUFERR1
 .text.INT_Excep_IV8_VBUFERR1
                0x180065d4       0x18 ./generate/inthandler.o
                0x180065d4                INT_Excep_IV8_VBUFERR1
 .text.INT_Excep_OIR_WLINE1
                0x180065ec       0x18 ./generate/inthandler.o
                0x180065ec                INT_Excep_OIR_WLINE1
 .text.INT_Excep_IMRDI
                0x18006604       0x18 ./generate/inthandler.o
                0x18006604                INT_Excep_IMRDI
 .text.INT_Excep_IMR2I0
                0x1800661c       0x18 ./generate/inthandler.o
                0x1800661c                INT_Excep_IMR2I0
 .text.INT_Excep_IMR2I1
                0x18006634       0x18 ./generate/inthandler.o
                0x18006634                INT_Excep_IMR2I1
 .text.INT_Excep_JEDI
                0x1800664c       0x18 ./generate/inthandler.o
                0x1800664c                INT_Excep_JEDI
 .text.INT_Excep_JDTI
                0x18006664       0x18 ./generate/inthandler.o
                0x18006664                INT_Excep_JDTI
 .text.INT_Excep_CMP0
                0x1800667c       0x18 ./generate/inthandler.o
                0x1800667c                INT_Excep_CMP0
 .text.INT_Excep_CMP1
                0x18006694       0x18 ./generate/inthandler.o
                0x18006694                INT_Excep_CMP1
 .text.INT_Excep_INT0
                0x180066ac       0x18 ./generate/inthandler.o
                0x180066ac                INT_Excep_INT0
 .text.INT_Excep_INT1
                0x180066c4       0x18 ./generate/inthandler.o
                0x180066c4                INT_Excep_INT1
 .text.INT_Excep_INT2
                0x180066dc       0x18 ./generate/inthandler.o
                0x180066dc                INT_Excep_INT2
 .text.INT_Excep_INT3
                0x180066f4       0x18 ./generate/inthandler.o
                0x180066f4                INT_Excep_INT3
 .text.INT_Excep_OSTMI0
                0x1800670c       0x14 ./generate/inthandler.o
                0x1800670c                INT_Excep_OSTMI0
 .text.INT_Excep_OSTMI1
                0x18006720       0x18 ./generate/inthandler.o
                0x18006720                INT_Excep_OSTMI1
 .text.INT_Excep_CMI
                0x18006738       0x18 ./generate/inthandler.o
                0x18006738                INT_Excep_CMI
 .text.INT_Excep_WTOUT
                0x18006750       0x18 ./generate/inthandler.o
                0x18006750                INT_Excep_WTOUT
 .text.INT_Excep_ITI
                0x18006768       0x18 ./generate/inthandler.o
                0x18006768                INT_Excep_ITI
 .text.INT_Excep_TGI0A
                0x18006780       0x18 ./generate/inthandler.o
                0x18006780                INT_Excep_TGI0A
 .text.INT_Excep_TGI0B
                0x18006798       0x18 ./generate/inthandler.o
                0x18006798                INT_Excep_TGI0B
 .text.INT_Excep_TGI0C
                0x180067b0       0x18 ./generate/inthandler.o
                0x180067b0                INT_Excep_TGI0C
 .text.INT_Excep_TGI0D
                0x180067c8       0x18 ./generate/inthandler.o
                0x180067c8                INT_Excep_TGI0D
 .text.INT_Excep_TGI0V
                0x180067e0       0x18 ./generate/inthandler.o
                0x180067e0                INT_Excep_TGI0V
 .text.INT_Excep_TGI0E
                0x180067f8       0x18 ./generate/inthandler.o
                0x180067f8                INT_Excep_TGI0E
 .text.INT_Excep_TGI0F
                0x18006810       0x18 ./generate/inthandler.o
                0x18006810                INT_Excep_TGI0F
 .text.INT_Excep_TGI1A
                0x18006828       0x18 ./generate/inthandler.o
                0x18006828                INT_Excep_TGI1A
 .text.INT_Excep_TGI1B
                0x18006840       0x18 ./generate/inthandler.o
                0x18006840                INT_Excep_TGI1B
 .text.INT_Excep_TGI1V
                0x18006858       0x18 ./generate/inthandler.o
                0x18006858                INT_Excep_TGI1V
 .text.INT_Excep_TGI1U
                0x18006870       0x18 ./generate/inthandler.o
                0x18006870                INT_Excep_TGI1U
 .text.INT_Excep_TGI2A
                0x18006888       0x18 ./generate/inthandler.o
                0x18006888                INT_Excep_TGI2A
 .text.INT_Excep_TGI2B
                0x180068a0       0x18 ./generate/inthandler.o
                0x180068a0                INT_Excep_TGI2B
 .text.INT_Excep_TGI2V
                0x180068b8       0x18 ./generate/inthandler.o
                0x180068b8                INT_Excep_TGI2V
 .text.INT_Excep_TGI2U
                0x180068d0       0x18 ./generate/inthandler.o
                0x180068d0                INT_Excep_TGI2U
 .text.INT_Excep_TGI3A
                0x180068e8       0x18 ./generate/inthandler.o
                0x180068e8                INT_Excep_TGI3A
 .text.INT_Excep_TGI3B
                0x18006900       0x18 ./generate/inthandler.o
                0x18006900                INT_Excep_TGI3B
 .text.INT_Excep_TGI3C
                0x18006918       0x18 ./generate/inthandler.o
                0x18006918                INT_Excep_TGI3C
 .text.INT_Excep_TGI3D
                0x18006930       0x18 ./generate/inthandler.o
                0x18006930                INT_Excep_TGI3D
 .text.INT_Excep_TGI3V
                0x18006948       0x18 ./generate/inthandler.o
                0x18006948                INT_Excep_TGI3V
 .text.INT_Excep_TGI4A
                0x18006960       0x18 ./generate/inthandler.o
                0x18006960                INT_Excep_TGI4A
 .text.INT_Excep_TGI4B
                0x18006978       0x18 ./generate/inthandler.o
                0x18006978                INT_Excep_TGI4B
 .text.INT_Excep_TGI4C
                0x18006990       0x18 ./generate/inthandler.o
                0x18006990                INT_Excep_TGI4C
 .text.INT_Excep_TGI4D
                0x180069a8       0x18 ./generate/inthandler.o
                0x180069a8                INT_Excep_TGI4D
 .text.INT_Excep_TGI4V
                0x180069c0       0x18 ./generate/inthandler.o
                0x180069c0                INT_Excep_TGI4V
 .text.INT_Excep_CMI1
                0x180069d8       0x18 ./generate/inthandler.o
                0x180069d8                INT_Excep_CMI1
 .text.INT_Excep_CMI2
                0x180069f0       0x18 ./generate/inthandler.o
                0x180069f0                INT_Excep_CMI2
 .text.INT_Excep_SGDEI0
                0x18006a08       0x18 ./generate/inthandler.o
                0x18006a08                INT_Excep_SGDEI0
 .text.INT_Excep_SGDEI1
                0x18006a20       0x18 ./generate/inthandler.o
                0x18006a20                INT_Excep_SGDEI1
 .text.INT_Excep_SGDEI2
                0x18006a38       0x18 ./generate/inthandler.o
                0x18006a38                INT_Excep_SGDEI2
 .text.INT_Excep_SGDEI3
                0x18006a50       0x18 ./generate/inthandler.o
                0x18006a50                INT_Excep_SGDEI3
 .text.INT_Excep_ADI
                0x18006a68       0x18 ./generate/inthandler.o
                0x18006a68                INT_Excep_ADI
 .text.INT_Excep_ADWAR
                0x18006a80       0x18 ./generate/inthandler.o
                0x18006a80                INT_Excep_ADWAR
 .text.INT_Excep_SSII0
                0x18006a98       0x18 ./generate/inthandler.o
                0x18006a98                INT_Excep_SSII0
 .text.INT_Excep_SSIRXI0
                0x18006ab0       0x18 ./generate/inthandler.o
                0x18006ab0                INT_Excep_SSIRXI0
 .text.INT_Excep_SSITXI0
                0x18006ac8       0x18 ./generate/inthandler.o
                0x18006ac8                INT_Excep_SSITXI0
 .text.INT_Excep_SSII1
                0x18006ae0       0x18 ./generate/inthandler.o
                0x18006ae0                INT_Excep_SSII1
 .text.INT_Excep_SSIRXI1
                0x18006af8       0x18 ./generate/inthandler.o
                0x18006af8                INT_Excep_SSIRXI1
 .text.INT_Excep_SSITXI1
                0x18006b10       0x18 ./generate/inthandler.o
                0x18006b10                INT_Excep_SSITXI1
 .text.INT_Excep_SSII2
                0x18006b28       0x18 ./generate/inthandler.o
                0x18006b28                INT_Excep_SSII2
 .text.INT_Excep_SSIRTI2
                0x18006b40       0x18 ./generate/inthandler.o
                0x18006b40                INT_Excep_SSIRTI2
 .text.INT_Excep_SSII3
                0x18006b58       0x18 ./generate/inthandler.o
                0x18006b58                INT_Excep_SSII3
 .text.INT_Excep_SSIRXI3
                0x18006b70       0x18 ./generate/inthandler.o
                0x18006b70                INT_Excep_SSIRXI3
 .text.INT_Excep_SSITXI3
                0x18006b88       0x18 ./generate/inthandler.o
                0x18006b88                INT_Excep_SSITXI3
 .text.INT_Excep_SSII4
                0x18006ba0       0x18 ./generate/inthandler.o
                0x18006ba0                INT_Excep_SSII4
 .text.INT_Excep_SSIRTI4
                0x18006bb8       0x18 ./generate/inthandler.o
                0x18006bb8                INT_Excep_SSIRTI4
 .text.INT_Excep_SSII5
                0x18006bd0       0x18 ./generate/inthandler.o
                0x18006bd0                INT_Excep_SSII5
 .text.INT_Excep_SSIRXI5
                0x18006be8       0x18 ./generate/inthandler.o
                0x18006be8                INT_Excep_SSIRXI5
 .text.INT_Excep_SSITXI5
                0x18006c00       0x18 ./generate/inthandler.o
                0x18006c00                INT_Excep_SSITXI5
 .text.INT_Excep_SPDIFI
                0x18006c18       0x18 ./generate/inthandler.o
                0x18006c18                INT_Excep_SPDIFI
 .text.INT_Excep_I2C_TEI0
                0x18006c30       0x18 ./generate/inthandler.o
                0x18006c30                INT_Excep_I2C_TEI0
 .text.INT_Excep_RI0
                0x18006c48       0x18 ./generate/inthandler.o
                0x18006c48                INT_Excep_RI0
 .text.INT_Excep_TI0
                0x18006c60       0x18 ./generate/inthandler.o
                0x18006c60                INT_Excep_TI0
 .text.INT_Excep_SPI0
                0x18006c78       0x18 ./generate/inthandler.o
                0x18006c78                INT_Excep_SPI0
 .text.INT_Excep_STI0
                0x18006c90       0x18 ./generate/inthandler.o
                0x18006c90                INT_Excep_STI0
 .text.INT_Excep_NAKI0
                0x18006ca8       0x18 ./generate/inthandler.o
                0x18006ca8                INT_Excep_NAKI0
 .text.INT_Excep_ALI0
                0x18006cc0       0x18 ./generate/inthandler.o
                0x18006cc0                INT_Excep_ALI0
 .text.INT_Excep_TMOI0
                0x18006cd8       0x18 ./generate/inthandler.o
                0x18006cd8                INT_Excep_TMOI0
 .text.INT_Excep_I2C_TEI1
                0x18006cf0       0x18 ./generate/inthandler.o
                0x18006cf0                INT_Excep_I2C_TEI1
 .text.INT_Excep_RI1
                0x18006d08       0x18 ./generate/inthandler.o
                0x18006d08                INT_Excep_RI1
 .text.INT_Excep_TI1
                0x18006d20       0x18 ./generate/inthandler.o
                0x18006d20                INT_Excep_TI1
 .text.INT_Excep_SPI1
                0x18006d38       0x18 ./generate/inthandler.o
                0x18006d38                INT_Excep_SPI1
 .text.INT_Excep_STI1
                0x18006d50       0x18 ./generate/inthandler.o
                0x18006d50                INT_Excep_STI1
 .text.INT_Excep_NAKI1
                0x18006d68       0x18 ./generate/inthandler.o
                0x18006d68                INT_Excep_NAKI1
 .text.INT_Excep_ALI1
                0x18006d80       0x18 ./generate/inthandler.o
                0x18006d80                INT_Excep_ALI1
 .text.INT_Excep_TMOI1
                0x18006d98       0x18 ./generate/inthandler.o
                0x18006d98                INT_Excep_TMOI1
 .text.INT_Excep_TEI2
                0x18006db0       0x18 ./generate/inthandler.o
                0x18006db0                INT_Excep_TEI2
 .text.INT_Excep_RI2
                0x18006dc8       0x18 ./generate/inthandler.o
                0x18006dc8                INT_Excep_RI2
 .text.INT_Excep_TI2
                0x18006de0       0x18 ./generate/inthandler.o
                0x18006de0                INT_Excep_TI2
 .text.INT_Excep_SPI2
                0x18006df8       0x18 ./generate/inthandler.o
                0x18006df8                INT_Excep_SPI2
 .text.INT_Excep_STI2
                0x18006e10       0x18 ./generate/inthandler.o
                0x18006e10                INT_Excep_STI2
 .text.INT_Excep_NAKI2
                0x18006e28       0x18 ./generate/inthandler.o
                0x18006e28                INT_Excep_NAKI2
 .text.INT_Excep_ALI2
                0x18006e40       0x18 ./generate/inthandler.o
                0x18006e40                INT_Excep_ALI2
 .text.INT_Excep_TMOI2
                0x18006e58       0x18 ./generate/inthandler.o
                0x18006e58                INT_Excep_TMOI2
 .text.INT_Excep_TEI3
                0x18006e70       0x18 ./generate/inthandler.o
                0x18006e70                INT_Excep_TEI3
 .text.INT_Excep_RI3
                0x18006e88       0x18 ./generate/inthandler.o
                0x18006e88                INT_Excep_RI3
 .text.INT_Excep_TI3
                0x18006ea0       0x18 ./generate/inthandler.o
                0x18006ea0                INT_Excep_TI3
 .text.INT_Excep_SPI3
                0x18006eb8       0x18 ./generate/inthandler.o
                0x18006eb8                INT_Excep_SPI3
 .text.INT_Excep_STI3
                0x18006ed0       0x18 ./generate/inthandler.o
                0x18006ed0                INT_Excep_STI3
 .text.INT_Excep_NAKI3
                0x18006ee8       0x18 ./generate/inthandler.o
                0x18006ee8                INT_Excep_NAKI3
 .text.INT_Excep_ALI3
                0x18006f00       0x18 ./generate/inthandler.o
                0x18006f00                INT_Excep_ALI3
 .text.INT_Excep_TMOI3
                0x18006f18       0x18 ./generate/inthandler.o
                0x18006f18                INT_Excep_TMOI3
 .text.INT_Excep_FIFO_BRI0
                0x18006f30       0x18 ./generate/inthandler.o
                0x18006f30                INT_Excep_FIFO_BRI0
 .text.INT_Excep_FIFO_ERI0
                0x18006f48       0x18 ./generate/inthandler.o
                0x18006f48                INT_Excep_FIFO_ERI0
 .text.INT_Excep_FIFO_RXI0
                0x18006f60       0x18 ./generate/inthandler.o
                0x18006f60                INT_Excep_FIFO_RXI0
 .text.INT_Excep_FIFO_TXI0
                0x18006f78       0x18 ./generate/inthandler.o
                0x18006f78                INT_Excep_FIFO_TXI0
 .text.INT_Excep_FIFO_BRI1
                0x18006f90       0x18 ./generate/inthandler.o
                0x18006f90                INT_Excep_FIFO_BRI1
 .text.INT_Excep_FIFO_ERI1
                0x18006fa8       0x18 ./generate/inthandler.o
                0x18006fa8                INT_Excep_FIFO_ERI1
 .text.INT_Excep_FIFO_RXI1
                0x18006fc0       0x18 ./generate/inthandler.o
                0x18006fc0                INT_Excep_FIFO_RXI1
 .text.INT_Excep_FIFO_TXI1
                0x18006fd8       0x18 ./generate/inthandler.o
                0x18006fd8                INT_Excep_FIFO_TXI1
 .text.INT_Excep_BRI2
                0x18006ff0       0x18 ./generate/inthandler.o
                0x18006ff0                INT_Excep_BRI2
 .text.INT_Excep_ERI2
                0x18007008       0x18 ./generate/inthandler.o
                0x18007008                INT_Excep_ERI2
 .text.INT_Excep_RXI2
                0x18007020       0x18 ./generate/inthandler.o
                0x18007020                INT_Excep_RXI2
 .text.INT_Excep_TXI2
                0x18007038       0x18 ./generate/inthandler.o
                0x18007038                INT_Excep_TXI2
 .text.INT_Excep_BRI3
                0x18007050       0x18 ./generate/inthandler.o
                0x18007050                INT_Excep_BRI3
 .text.INT_Excep_ERI3
                0x18007068       0x18 ./generate/inthandler.o
                0x18007068                INT_Excep_ERI3
 .text.INT_Excep_RXI3
                0x18007080       0x18 ./generate/inthandler.o
                0x18007080                INT_Excep_RXI3
 .text.INT_Excep_TXI3
                0x18007098       0x18 ./generate/inthandler.o
                0x18007098                INT_Excep_TXI3
 .text.INT_Excep_BRI4
                0x180070b0       0x18 ./generate/inthandler.o
                0x180070b0                INT_Excep_BRI4
 .text.INT_Excep_ERI4
                0x180070c8       0x18 ./generate/inthandler.o
                0x180070c8                INT_Excep_ERI4
 .text.INT_Excep_RXI4
                0x180070e0       0x18 ./generate/inthandler.o
                0x180070e0                INT_Excep_RXI4
 .text.INT_Excep_TXI4
                0x180070f8       0x18 ./generate/inthandler.o
                0x180070f8                INT_Excep_TXI4
 .text.INT_Excep_BRI5
                0x18007110       0x18 ./generate/inthandler.o
                0x18007110                INT_Excep_BRI5
 .text.INT_Excep_ERI5
                0x18007128       0x18 ./generate/inthandler.o
                0x18007128                INT_Excep_ERI5
 .text.INT_Excep_RXI5
                0x18007140       0x18 ./generate/inthandler.o
                0x18007140                INT_Excep_RXI5
 .text.INT_Excep_TXI5
                0x18007158       0x18 ./generate/inthandler.o
                0x18007158                INT_Excep_TXI5
 .text.INT_Excep_BRI6
                0x18007170       0x18 ./generate/inthandler.o
                0x18007170                INT_Excep_BRI6
 .text.INT_Excep_ERI6
                0x18007188       0x18 ./generate/inthandler.o
                0x18007188                INT_Excep_ERI6
 .text.INT_Excep_RXI6
                0x180071a0       0x18 ./generate/inthandler.o
                0x180071a0                INT_Excep_RXI6
 .text.INT_Excep_TXI6
                0x180071b8       0x18 ./generate/inthandler.o
                0x180071b8                INT_Excep_TXI6
 .text.INT_Excep_BRI7
                0x180071d0       0x18 ./generate/inthandler.o
                0x180071d0                INT_Excep_BRI7
 .text.INT_Excep_ERI7
                0x180071e8       0x18 ./generate/inthandler.o
                0x180071e8                INT_Excep_ERI7
 .text.INT_Excep_RXI7
                0x18007200       0x18 ./generate/inthandler.o
                0x18007200                INT_Excep_RXI7
 .text.INT_Excep_TXI7
                0x18007218       0x18 ./generate/inthandler.o
                0x18007218                INT_Excep_TXI7
 .text.INT_Excep_GERI
                0x18007230       0x18 ./generate/inthandler.o
                0x18007230                INT_Excep_GERI
 .text.INT_Excep_RFI
                0x18007248       0x18 ./generate/inthandler.o
                0x18007248                INT_Excep_RFI
 .text.INT_Excep_CFRXI0
                0x18007260       0x18 ./generate/inthandler.o
                0x18007260                INT_Excep_CFRXI0
 .text.INT_Excep_CERI0
                0x18007278       0x18 ./generate/inthandler.o
                0x18007278                INT_Excep_CERI0
 .text.INT_Excep_CTXI0
                0x18007290       0x18 ./generate/inthandler.o
                0x18007290                INT_Excep_CTXI0
 .text.INT_Excep_CFRXI1
                0x180072a8       0x18 ./generate/inthandler.o
                0x180072a8                INT_Excep_CFRXI1
 .text.INT_Excep_CERI1
                0x180072c0       0x18 ./generate/inthandler.o
                0x180072c0                INT_Excep_CERI1
 .text.INT_Excep_CTXI1
                0x180072d8       0x18 ./generate/inthandler.o
                0x180072d8                INT_Excep_CTXI1
 .text.INT_Excep_CFRXI2
                0x180072f0       0x18 ./generate/inthandler.o
                0x180072f0                INT_Excep_CFRXI2
 .text.INT_Excep_CERI2
                0x18007308       0x18 ./generate/inthandler.o
                0x18007308                INT_Excep_CERI2
 .text.INT_Excep_CTXI2
                0x18007320       0x18 ./generate/inthandler.o
                0x18007320                INT_Excep_CTXI2
 .text.INT_Excep_CFRXI3
                0x18007338       0x18 ./generate/inthandler.o
                0x18007338                INT_Excep_CFRXI3
 .text.INT_Excep_CERI3
                0x18007350       0x18 ./generate/inthandler.o
                0x18007350                INT_Excep_CERI3
 .text.INT_Excep_CTXI3
                0x18007368       0x18 ./generate/inthandler.o
                0x18007368                INT_Excep_CTXI3
 .text.INT_Excep_CFRXI4
                0x18007380       0x18 ./generate/inthandler.o
                0x18007380                INT_Excep_CFRXI4
 .text.INT_Excep_CERI4
                0x18007398       0x18 ./generate/inthandler.o
                0x18007398                INT_Excep_CERI4
 .text.INT_Excep_CTXI4
                0x180073b0       0x18 ./generate/inthandler.o
                0x180073b0                INT_Excep_CTXI4
 .text.INT_Excep_SPEI0
                0x180073c8       0x18 ./generate/inthandler.o
                0x180073c8                INT_Excep_SPEI0
 .text.INT_Excep_SPRI0
                0x180073e0       0x18 ./generate/inthandler.o
                0x180073e0                INT_Excep_SPRI0
 .text.INT_Excep_SPTI0
                0x180073f8       0x18 ./generate/inthandler.o
                0x180073f8                INT_Excep_SPTI0
 .text.INT_Excep_SPEI1
                0x18007410       0x18 ./generate/inthandler.o
                0x18007410                INT_Excep_SPEI1
 .text.INT_Excep_SPRI1
                0x18007428       0x18 ./generate/inthandler.o
                0x18007428                INT_Excep_SPRI1
 .text.INT_Excep_SPTI1
                0x18007440       0x18 ./generate/inthandler.o
                0x18007440                INT_Excep_SPTI1
 .text.INT_Excep_SPEI2
                0x18007458       0x18 ./generate/inthandler.o
                0x18007458                INT_Excep_SPEI2
 .text.INT_Excep_SPRI2
                0x18007470       0x18 ./generate/inthandler.o
                0x18007470                INT_Excep_SPRI2
 .text.INT_Excep_SPTI2
                0x18007488       0x18 ./generate/inthandler.o
                0x18007488                INT_Excep_SPTI2
 .text.INT_Excep_SPEI3
                0x180074a0       0x18 ./generate/inthandler.o
                0x180074a0                INT_Excep_SPEI3
 .text.INT_Excep_SPRI3
                0x180074b8       0x18 ./generate/inthandler.o
                0x180074b8                INT_Excep_SPRI3
 .text.INT_Excep_SPTI3
                0x180074d0       0x18 ./generate/inthandler.o
                0x180074d0                INT_Excep_SPTI3
 .text.INT_Excep_SPEI4
                0x180074e8       0x18 ./generate/inthandler.o
                0x180074e8                INT_Excep_SPEI4
 .text.INT_Excep_SPRI4
                0x18007500       0x18 ./generate/inthandler.o
                0x18007500                INT_Excep_SPRI4
 .text.INT_Excep_SPTI4
                0x18007518       0x18 ./generate/inthandler.o
                0x18007518                INT_Excep_SPTI4
 .text.INT_Excep_IEBBTD
                0x18007530       0x18 ./generate/inthandler.o
                0x18007530                INT_Excep_IEBBTD
 .text.INT_Excep_IEBBTERR
                0x18007548       0x18 ./generate/inthandler.o
                0x18007548                INT_Excep_IEBBTERR
 .text.INT_Excep_IEBBTSTA
                0x18007560       0x18 ./generate/inthandler.o
                0x18007560                INT_Excep_IEBBTSTA
 .text.INT_Excep_IEBBTV
                0x18007578       0x18 ./generate/inthandler.o
                0x18007578                INT_Excep_IEBBTV
 .text.INT_Excep_ISY
                0x18007590       0x18 ./generate/inthandler.o
                0x18007590                INT_Excep_ISY
 .text.INT_Excep_IERR
                0x180075a8       0x18 ./generate/inthandler.o
                0x180075a8                INT_Excep_IERR
 .text.INT_Excep_ITARG
                0x180075c0       0x18 ./generate/inthandler.o
                0x180075c0                INT_Excep_ITARG
 .text.INT_Excep_ISEC
                0x180075d8       0x18 ./generate/inthandler.o
                0x180075d8                INT_Excep_ISEC
 .text.INT_Excep_IBUF
                0x180075f0       0x18 ./generate/inthandler.o
                0x180075f0                INT_Excep_IBUF
 .text.INT_Excep_IREADY
                0x18007608       0x18 ./generate/inthandler.o
                0x18007608                INT_Excep_IREADY
 .text.INT_Excep_STERB
                0x18007620       0x18 ./generate/inthandler.o
                0x18007620                INT_Excep_STERB
 .text.INT_Excep_FLTENDI
                0x18007638       0x18 ./generate/inthandler.o
                0x18007638                INT_Excep_FLTENDI
 .text.INT_Excep_FLTREQ0I
                0x18007650       0x18 ./generate/inthandler.o
                0x18007650                INT_Excep_FLTREQ0I
 .text.INT_Excep_FLTREQ1I
                0x18007668       0x18 ./generate/inthandler.o
                0x18007668                INT_Excep_FLTREQ1I
 .text.INT_Excep_MMC0
                0x18007680       0x18 ./generate/inthandler.o
                0x18007680                INT_Excep_MMC0
 .text.INT_Excep_MMC1
                0x18007698       0x18 ./generate/inthandler.o
                0x18007698                INT_Excep_MMC1
 .text.INT_Excep_MMC2
                0x180076b0       0x18 ./generate/inthandler.o
                0x180076b0                INT_Excep_MMC2
 .text.INT_Excep_SDHI0_3
                0x180076c8       0x18 ./generate/inthandler.o
                0x180076c8                INT_Excep_SDHI0_3
 .text.INT_Excep_SDHI0_0
                0x180076e0       0x18 ./generate/inthandler.o
                0x180076e0                INT_Excep_SDHI0_0
 .text.INT_Excep_SDHI0_1
                0x180076f8       0x18 ./generate/inthandler.o
                0x180076f8                INT_Excep_SDHI0_1
 .text.INT_Excep_SDHI1_3
                0x18007710       0x18 ./generate/inthandler.o
                0x18007710                INT_Excep_SDHI1_3
 .text.INT_Excep_SDHI1_0
                0x18007728       0x18 ./generate/inthandler.o
                0x18007728                INT_Excep_SDHI1_0
 .text.INT_Excep_SDHI1_1
                0x18007740       0x18 ./generate/inthandler.o
                0x18007740                INT_Excep_SDHI1_1
 .text.INT_Excep_ARM
                0x18007758       0x18 ./generate/inthandler.o
                0x18007758                INT_Excep_ARM
 .text.INT_Excep_PRD
                0x18007770       0x18 ./generate/inthandler.o
                0x18007770                INT_Excep_PRD
 .text.INT_Excep_CUP
                0x18007788       0x18 ./generate/inthandler.o
                0x18007788                INT_Excep_CUP
 .text.INT_Excep_SCUAI0
                0x180077a0       0x18 ./generate/inthandler.o
                0x180077a0                INT_Excep_SCUAI0
 .text.INT_Excep_SCUAI1
                0x180077b8       0x18 ./generate/inthandler.o
                0x180077b8                INT_Excep_SCUAI1
 .text.INT_Excep_SCUFDI0
                0x180077d0       0x18 ./generate/inthandler.o
                0x180077d0                INT_Excep_SCUFDI0
 .text.INT_Excep_SCUFDI1
                0x180077e8       0x18 ./generate/inthandler.o
                0x180077e8                INT_Excep_SCUFDI1
 .text.INT_Excep_SCUFDI2
                0x18007800       0x18 ./generate/inthandler.o
                0x18007800                INT_Excep_SCUFDI2
 .text.INT_Excep_SCUFDI3
                0x18007818       0x18 ./generate/inthandler.o
                0x18007818                INT_Excep_SCUFDI3
 .text.INT_Excep_SCUFUI0
                0x18007830       0x18 ./generate/inthandler.o
                0x18007830                INT_Excep_SCUFUI0
 .text.INT_Excep_SCUFUI1
                0x18007848       0x18 ./generate/inthandler.o
                0x18007848                INT_Excep_SCUFUI1
 .text.INT_Excep_SCUFUI2
                0x18007860       0x18 ./generate/inthandler.o
                0x18007860                INT_Excep_SCUFUI2
 .text.INT_Excep_SCUFUI3
                0x18007878       0x18 ./generate/inthandler.o
                0x18007878                INT_Excep_SCUFUI3
 .text.INT_Excep_SCUDVI0
                0x18007890       0x18 ./generate/inthandler.o
                0x18007890                INT_Excep_SCUDVI0
 .text.INT_Excep_SCUDVI1
                0x180078a8       0x18 ./generate/inthandler.o
                0x180078a8                INT_Excep_SCUDVI1
 .text.INT_Excep_SCUDVI2
                0x180078c0       0x18 ./generate/inthandler.o
                0x180078c0                INT_Excep_SCUDVI2
 .text.INT_Excep_SCUDVI3
                0x180078d8       0x18 ./generate/inthandler.o
                0x180078d8                INT_Excep_SCUDVI3
 .text.INT_Excep_MLBCI
                0x180078f0       0x18 ./generate/inthandler.o
                0x180078f0                INT_Excep_MLBCI
 .text.INT_Excep_MLBSI
                0x18007908       0x18 ./generate/inthandler.o
                0x18007908                INT_Excep_MLBSI
 .text.INT_Excep_DRC0
                0x18007920       0x18 ./generate/inthandler.o
                0x18007920                INT_Excep_DRC0
 .text.INT_Excep_DRC1
                0x18007938       0x18 ./generate/inthandler.o
                0x18007938                INT_Excep_DRC1
 .text.INT_Excep_LINI0_INT_T
                0x18007950       0x18 ./generate/inthandler.o
                0x18007950                INT_Excep_LINI0_INT_T
 .text.INT_Excep_LINI0_INT_R
                0x18007968       0x18 ./generate/inthandler.o
                0x18007968                INT_Excep_LINI0_INT_R
 .text.INT_Excep_LINI0_INT_S
                0x18007980       0x18 ./generate/inthandler.o
                0x18007980                INT_Excep_LINI0_INT_S
 .text.INT_Excep_LINI0_INT_M
                0x18007998       0x18 ./generate/inthandler.o
                0x18007998                INT_Excep_LINI0_INT_M
 .text.INT_Excep_LINI1_INT_T
                0x180079b0       0x18 ./generate/inthandler.o
                0x180079b0                INT_Excep_LINI1_INT_T
 .text.INT_Excep_LINI1_INT_R
                0x180079c8       0x18 ./generate/inthandler.o
                0x180079c8                INT_Excep_LINI1_INT_R
 .text.INT_Excep_LINI1_INT_S
                0x180079e0       0x18 ./generate/inthandler.o
                0x180079e0                INT_Excep_LINI1_INT_S
 .text.INT_Excep_LINI1_INT_M
                0x180079f8       0x18 ./generate/inthandler.o
                0x180079f8                INT_Excep_LINI1_INT_M
 .text.INT_Excep_ERI0
                0x18007a10       0x18 ./generate/inthandler.o
                0x18007a10                INT_Excep_ERI0
 .text.INT_Excep_RXI0
                0x18007a28       0x18 ./generate/inthandler.o
                0x18007a28                INT_Excep_RXI0
 .text.INT_Excep_TXI0
                0x18007a40       0x18 ./generate/inthandler.o
                0x18007a40                INT_Excep_TXI0
 .text.INT_Excep_TEI0
                0x18007a58       0x18 ./generate/inthandler.o
                0x18007a58                INT_Excep_TEI0
 .text.INT_Excep_ERI1
                0x18007a70       0x18 ./generate/inthandler.o
                0x18007a70                INT_Excep_ERI1
 .text.INT_Excep_RXI1
                0x18007a88       0x18 ./generate/inthandler.o
                0x18007a88                INT_Excep_RXI1
 .text.INT_Excep_TXI1
                0x18007aa0       0x18 ./generate/inthandler.o
                0x18007aa0                INT_Excep_TXI1
 .text.INT_Excep_TEI1
                0x18007ab8       0x18 ./generate/inthandler.o
                0x18007ab8                INT_Excep_TEI1
 .text.INT_Excep_ETHERI
                0x18007ad0       0x18 ./generate/inthandler.o
                0x18007ad0                INT_Excep_ETHERI
 .text.INT_Excep_CEUI
                0x18007ae8       0x18 ./generate/inthandler.o
                0x18007ae8                INT_Excep_CEUI
 .text.INT_Excep_INT_CSIH0TIR
                0x18007b00       0x18 ./generate/inthandler.o
                0x18007b00                INT_Excep_INT_CSIH0TIR
 .text.INT_Excep_INT_CSIH0TIRE
                0x18007b18       0x18 ./generate/inthandler.o
                0x18007b18                INT_Excep_INT_CSIH0TIRE
 .text.INT_Excep_INT_CSIH1TIC
                0x18007b30       0x18 ./generate/inthandler.o
                0x18007b30                INT_Excep_INT_CSIH1TIC
 .text.INT_Excep_INT_CSIH1TIJC
                0x18007b48       0x18 ./generate/inthandler.o
                0x18007b48                INT_Excep_INT_CSIH1TIJC
 .text.INT_Excep_ECCE10
                0x18007b60       0x18 ./generate/inthandler.o
                0x18007b60                INT_Excep_ECCE10
 .text.INT_Excep_ECCE20
                0x18007b78       0x18 ./generate/inthandler.o
                0x18007b78                INT_Excep_ECCE20
 .text.INT_Excep_ECCOVF0
                0x18007b90       0x18 ./generate/inthandler.o
                0x18007b90                INT_Excep_ECCOVF0
 .text.INT_Excep_ECCE11
                0x18007ba8       0x18 ./generate/inthandler.o
                0x18007ba8                INT_Excep_ECCE11
 .text.INT_Excep_ECCE21
                0x18007bc0       0x18 ./generate/inthandler.o
                0x18007bc0                INT_Excep_ECCE21
 .text.INT_Excep_ECCOVF1
                0x18007bd8       0x18 ./generate/inthandler.o
                0x18007bd8                INT_Excep_ECCOVF1
 .text.INT_Excep_ECCE12
                0x18007bf0       0x18 ./generate/inthandler.o
                0x18007bf0                INT_Excep_ECCE12
 .text.INT_Excep_ECCE22
                0x18007c08       0x18 ./generate/inthandler.o
                0x18007c08                INT_Excep_ECCE22
 .text.INT_Excep_ECCOVF2
                0x18007c20       0x18 ./generate/inthandler.o
                0x18007c20                INT_Excep_ECCOVF2
 .text.INT_Excep_ECCE13
                0x18007c38       0x18 ./generate/inthandler.o
                0x18007c38                INT_Excep_ECCE13
 .text.INT_Excep_ECCE23
                0x18007c50       0x18 ./generate/inthandler.o
                0x18007c50                INT_Excep_ECCE23
 .text.INT_Excep_ECCOVF3
                0x18007c68       0x18 ./generate/inthandler.o
                0x18007c68                INT_Excep_ECCOVF3
 .text.INT_Excep_H2XMLB_ERRINT
                0x18007c80       0x18 ./generate/inthandler.o
                0x18007c80                INT_Excep_H2XMLB_ERRINT
 .text.INT_Excep_H2XIC1_ERRINT
                0x18007c98       0x18 ./generate/inthandler.o
                0x18007c98                INT_Excep_H2XIC1_ERRINT
 .text.INT_Excep_X2HPERI1_ERRINT
                0x18007cb0       0x18 ./generate/inthandler.o
                0x18007cb0                INT_Excep_X2HPERI1_ERRINT
 .text.INT_Excep_X2HPERI2_ERRINT
                0x18007cc8       0x18 ./generate/inthandler.o
                0x18007cc8                INT_Excep_X2HPERI2_ERRINT
 .text.INT_Excep_X2HPERI34_ERRINT
                0x18007ce0       0x18 ./generate/inthandler.o
                0x18007ce0                INT_Excep_X2HPERI34_ERRINT
 .text.INT_Excep_X2HPERI5_ERRINT
                0x18007cf8       0x18 ./generate/inthandler.o
                0x18007cf8                INT_Excep_X2HPERI5_ERRINT
 .text.INT_Excep_X2HPERI67_ERRINT
                0x18007d10       0x18 ./generate/inthandler.o
                0x18007d10                INT_Excep_X2HPERI67_ERRINT
 .text.INT_Excep_X2HDBGR_ERRINT
                0x18007d28       0x18 ./generate/inthandler.o
                0x18007d28                INT_Excep_X2HDBGR_ERRINT
 .text.INT_Excep_X2HBSC_ERRINT
                0x18007d40       0x18 ./generate/inthandler.o
                0x18007d40                INT_Excep_X2HBSC_ERRINT
 .text.INT_Excep_X2HSPI1_ERRINT
                0x18007d58       0x18 ./generate/inthandler.o
                0x18007d58                INT_Excep_X2HSPI1_ERRINT
 .text.INT_Excep_X2HSPI2_ERRINT
                0x18007d70       0x18 ./generate/inthandler.o
                0x18007d70                INT_Excep_X2HSPI2_ERRINT
 .text.INT_Excep_PRRI
                0x18007d88       0x18 ./generate/inthandler.o
                0x18007d88                INT_Excep_PRRI
 .text.INT_Excep_IFEI0
                0x18007da0       0x18 ./generate/inthandler.o
                0x18007da0                INT_Excep_IFEI0
 .text.INT_Excep_OFFI0
                0x18007db8       0x18 ./generate/inthandler.o
                0x18007db8                INT_Excep_OFFI0
 .text.INT_Excep_PFVEI0
                0x18007dd0       0x18 ./generate/inthandler.o
                0x18007dd0                INT_Excep_PFVEI0
 .text.INT_Excep_IFEI1
                0x18007de8       0x18 ./generate/inthandler.o
                0x18007de8                INT_Excep_IFEI1
 .text.INT_Excep_OFFI1
                0x18007e00       0x18 ./generate/inthandler.o
                0x18007e00                INT_Excep_OFFI1
 .text.INT_Excep_PFVEI1
                0x18007e18       0x18 ./generate/inthandler.o
                0x18007e18                INT_Excep_PFVEI1
 .text.INT_Excep_TINT0
                0x18007e30       0x18 ./generate/inthandler.o
                0x18007e30                INT_Excep_TINT0
 .text.INT_Excep_TINT1
                0x18007e48       0x18 ./generate/inthandler.o
                0x18007e48                INT_Excep_TINT1
 .text.INT_Excep_TINT2
                0x18007e60       0x18 ./generate/inthandler.o
                0x18007e60                INT_Excep_TINT2
 .text.INT_Excep_TINT3
                0x18007e78       0x18 ./generate/inthandler.o
                0x18007e78                INT_Excep_TINT3
 .text.INT_Excep_TINT4
                0x18007e90       0x18 ./generate/inthandler.o
                0x18007e90                INT_Excep_TINT4
 .text.INT_Excep_TINT5
                0x18007ea8       0x18 ./generate/inthandler.o
                0x18007ea8                INT_Excep_TINT5
 .text.INT_Excep_TINT6
                0x18007ec0       0x18 ./generate/inthandler.o
                0x18007ec0                INT_Excep_TINT6
 .text.INT_Excep_TINT7
                0x18007ed8       0x18 ./generate/inthandler.o
                0x18007ed8                INT_Excep_TINT7
 .text.INT_Excep_TINT8
                0x18007ef0       0x18 ./generate/inthandler.o
                0x18007ef0                INT_Excep_TINT8
 .text.INT_Excep_TINT9
                0x18007f08       0x18 ./generate/inthandler.o
                0x18007f08                INT_Excep_TINT9
 .text.INT_Excep_TINT10
                0x18007f20       0x18 ./generate/inthandler.o
                0x18007f20                INT_Excep_TINT10
 .text.INT_Excep_TINT11
                0x18007f38       0x18 ./generate/inthandler.o
                0x18007f38                INT_Excep_TINT11
 .text.INT_Excep_TINT12
                0x18007f50       0x18 ./generate/inthandler.o
                0x18007f50                INT_Excep_TINT12
 .text.INT_Excep_TINT13
                0x18007f68       0x18 ./generate/inthandler.o
                0x18007f68                INT_Excep_TINT13
 .text.INT_Excep_TINT14
                0x18007f80       0x18 ./generate/inthandler.o
                0x18007f80                INT_Excep_TINT14
 .text.INT_Excep_TINT15
                0x18007f98       0x18 ./generate/inthandler.o
                0x18007f98                INT_Excep_TINT15
 .text.INT_Excep_TINT16
                0x18007fb0       0x18 ./generate/inthandler.o
                0x18007fb0                INT_Excep_TINT16
 .text.INT_Excep_TINT17
                0x18007fc8       0x18 ./generate/inthandler.o
                0x18007fc8                INT_Excep_TINT17
 .text.INT_Excep_TINT18
                0x18007fe0       0x18 ./generate/inthandler.o
                0x18007fe0                INT_Excep_TINT18
 .text.INT_Excep_TINT19
                0x18007ff8       0x18 ./generate/inthandler.o
                0x18007ff8                INT_Excep_TINT19
 .text.INT_Excep_TINT20
                0x18008010       0x18 ./generate/inthandler.o
                0x18008010                INT_Excep_TINT20
 .text.INT_Excep_TINT21
                0x18008028       0x18 ./generate/inthandler.o
                0x18008028                INT_Excep_TINT21
 .text.INT_Excep_TINT22
                0x18008040       0x18 ./generate/inthandler.o
                0x18008040                INT_Excep_TINT22
 .text.INT_Excep_TINT23
                0x18008058       0x18 ./generate/inthandler.o
                0x18008058                INT_Excep_TINT23
 .text.INT_Excep_TINT24
                0x18008070       0x18 ./generate/inthandler.o
                0x18008070                INT_Excep_TINT24
 .text.INT_Excep_TINT25
                0x18008088       0x18 ./generate/inthandler.o
                0x18008088                INT_Excep_TINT25
 .text.INT_Excep_TINT26
                0x180080a0       0x18 ./generate/inthandler.o
                0x180080a0                INT_Excep_TINT26
 .text.INT_Excep_TINT27
                0x180080b8       0x18 ./generate/inthandler.o
                0x180080b8                INT_Excep_TINT27
 .text.INT_Excep_TINT28
                0x180080d0       0x18 ./generate/inthandler.o
                0x180080d0                INT_Excep_TINT28
 .text.INT_Excep_TINT29
                0x180080e8       0x18 ./generate/inthandler.o
                0x180080e8                INT_Excep_TINT29
 .text.INT_Excep_TINT30
                0x18008100       0x18 ./generate/inthandler.o
                0x18008100                INT_Excep_TINT30
 .text.INT_Excep_TINT31
                0x18008118       0x18 ./generate/inthandler.o
                0x18008118                INT_Excep_TINT31
 .text.INT_Excep_TINT32
                0x18008130       0x18 ./generate/inthandler.o
                0x18008130                INT_Excep_TINT32
 .text.INT_Excep_TINT33
                0x18008148       0x18 ./generate/inthandler.o
                0x18008148                INT_Excep_TINT33
 .text.INT_Excep_TINT34
                0x18008160       0x18 ./generate/inthandler.o
                0x18008160                INT_Excep_TINT34
 .text.INT_Excep_TINT35
                0x18008178       0x18 ./generate/inthandler.o
                0x18008178                INT_Excep_TINT35
 .text.INT_Excep_TINT36
                0x18008190       0x18 ./generate/inthandler.o
                0x18008190                INT_Excep_TINT36
 .text.INT_Excep_TINT37
                0x180081a8       0x18 ./generate/inthandler.o
                0x180081a8                INT_Excep_TINT37
 .text.INT_Excep_TINT38
                0x180081c0       0x18 ./generate/inthandler.o
                0x180081c0                INT_Excep_TINT38
 .text.INT_Excep_TINT39
                0x180081d8       0x18 ./generate/inthandler.o
                0x180081d8                INT_Excep_TINT39
 .text.INT_Excep_TINT40
                0x180081f0       0x18 ./generate/inthandler.o
                0x180081f0                INT_Excep_TINT40
 .text.INT_Excep_TINT41
                0x18008208       0x18 ./generate/inthandler.o
                0x18008208                INT_Excep_TINT41
 .text.INT_Excep_TINT42
                0x18008220       0x18 ./generate/inthandler.o
                0x18008220                INT_Excep_TINT42
 .text.INT_Excep_TINT43
                0x18008238       0x18 ./generate/inthandler.o
                0x18008238                INT_Excep_TINT43
 .text.INT_Excep_TINT44
                0x18008250       0x18 ./generate/inthandler.o
                0x18008250                INT_Excep_TINT44
 .text.INT_Excep_TINT45
                0x18008268       0x18 ./generate/inthandler.o
                0x18008268                INT_Excep_TINT45
 .text.INT_Excep_TINT46
                0x18008280       0x18 ./generate/inthandler.o
                0x18008280                INT_Excep_TINT46
 .text.INT_Excep_TINT47
                0x18008298       0x18 ./generate/inthandler.o
                0x18008298                INT_Excep_TINT47
 .text.INT_Excep_TINT48
                0x180082b0       0x18 ./generate/inthandler.o
                0x180082b0                INT_Excep_TINT48
 .text.INT_Excep_TINT49
                0x180082c8       0x18 ./generate/inthandler.o
                0x180082c8                INT_Excep_TINT49
 .text.INT_Excep_TINT50
                0x180082e0       0x18 ./generate/inthandler.o
                0x180082e0                INT_Excep_TINT50
 .text.INT_Excep_TINT51
                0x180082f8       0x18 ./generate/inthandler.o
                0x180082f8                INT_Excep_TINT51
 .text.INT_Excep_TINT52
                0x18008310       0x18 ./generate/inthandler.o
                0x18008310                INT_Excep_TINT52
 .text.INT_Excep_TINT53
                0x18008328       0x18 ./generate/inthandler.o
                0x18008328                INT_Excep_TINT53
 .text.INT_Excep_TINT54
                0x18008340       0x18 ./generate/inthandler.o
                0x18008340                INT_Excep_TINT54
 .text.INT_Excep_TINT55
                0x18008358       0x18 ./generate/inthandler.o
                0x18008358                INT_Excep_TINT55
 .text.INT_Excep_TINT56
                0x18008370       0x18 ./generate/inthandler.o
                0x18008370                INT_Excep_TINT56
 .text.INT_Excep_TINT57
                0x18008388       0x18 ./generate/inthandler.o
                0x18008388                INT_Excep_TINT57
 .text.INT_Excep_TINT58
                0x180083a0       0x18 ./generate/inthandler.o
                0x180083a0                INT_Excep_TINT58
 .text.INT_Excep_TINT59
                0x180083b8       0x18 ./generate/inthandler.o
                0x180083b8                INT_Excep_TINT59
 .text.INT_Excep_TINT60
                0x180083d0       0x18 ./generate/inthandler.o
                0x180083d0                INT_Excep_TINT60
 .text.INT_Excep_TINT61
                0x180083e8       0x18 ./generate/inthandler.o
                0x180083e8                INT_Excep_TINT61
 .text.INT_Excep_TINT62
                0x18008400       0x18 ./generate/inthandler.o
                0x18008400                INT_Excep_TINT62
 .text.INT_Excep_TINT63
                0x18008418       0x18 ./generate/inthandler.o
                0x18008418                INT_Excep_TINT63
 .text.INT_Excep_TINT64
                0x18008430       0x18 ./generate/inthandler.o
                0x18008430                INT_Excep_TINT64
 .text.INT_Excep_TINT65
                0x18008448       0x18 ./generate/inthandler.o
                0x18008448                INT_Excep_TINT65
 .text.INT_Excep_TINT66
                0x18008460       0x18 ./generate/inthandler.o
                0x18008460                INT_Excep_TINT66
 .text.INT_Excep_TINT67
                0x18008478       0x18 ./generate/inthandler.o
                0x18008478                INT_Excep_TINT67
 .text.INT_Excep_TINT68
                0x18008490       0x18 ./generate/inthandler.o
                0x18008490                INT_Excep_TINT68
 .text.INT_Excep_TINT69
                0x180084a8       0x18 ./generate/inthandler.o
                0x180084a8                INT_Excep_TINT69
 .text.INT_Excep_TINT70
                0x180084c0       0x18 ./generate/inthandler.o
                0x180084c0                INT_Excep_TINT70
 .text.INT_Excep_TINT71
                0x180084d8       0x18 ./generate/inthandler.o
                0x180084d8                INT_Excep_TINT71
 .text.INT_Excep_TINT72
                0x180084f0       0x18 ./generate/inthandler.o
                0x180084f0                INT_Excep_TINT72
 .text.INT_Excep_TINT73
                0x18008508       0x18 ./generate/inthandler.o
                0x18008508                INT_Excep_TINT73
 .text.INT_Excep_TINT74
                0x18008520       0x18 ./generate/inthandler.o
                0x18008520                INT_Excep_TINT74
 .text.INT_Excep_TINT75
                0x18008538       0x18 ./generate/inthandler.o
                0x18008538                INT_Excep_TINT75
 .text.INT_Excep_TINT76
                0x18008550       0x18 ./generate/inthandler.o
                0x18008550                INT_Excep_TINT76
 .text.INT_Excep_TINT77
                0x18008568       0x18 ./generate/inthandler.o
                0x18008568                INT_Excep_TINT77
 .text.INT_Excep_TINT78
                0x18008580       0x18 ./generate/inthandler.o
                0x18008580                INT_Excep_TINT78
 .text.INT_Excep_TINT79
                0x18008598       0x18 ./generate/inthandler.o
                0x18008598                INT_Excep_TINT79
 .text.INT_Excep_TINT80
                0x180085b0       0x18 ./generate/inthandler.o
                0x180085b0                INT_Excep_TINT80
 .text.INT_Excep_TINT81
                0x180085c8       0x18 ./generate/inthandler.o
                0x180085c8                INT_Excep_TINT81
 .text.INT_Excep_TINT82
                0x180085e0       0x18 ./generate/inthandler.o
                0x180085e0                INT_Excep_TINT82
 .text.INT_Excep_TINT83
                0x180085f8       0x18 ./generate/inthandler.o
                0x180085f8                INT_Excep_TINT83
 .text.INT_Excep_TINT84
                0x18008610       0x18 ./generate/inthandler.o
                0x18008610                INT_Excep_TINT84
 .text.INT_Excep_TINT85
                0x18008628       0x18 ./generate/inthandler.o
                0x18008628                INT_Excep_TINT85
 .text.INT_Excep_TINT86
                0x18008640       0x18 ./generate/inthandler.o
                0x18008640                INT_Excep_TINT86
 .text.INT_Excep_TINT87
                0x18008658       0x18 ./generate/inthandler.o
                0x18008658                INT_Excep_TINT87
 .text.INT_Excep_TINT88
                0x18008670       0x18 ./generate/inthandler.o
                0x18008670                INT_Excep_TINT88
 .text.INT_Excep_TINT89
                0x18008688       0x18 ./generate/inthandler.o
                0x18008688                INT_Excep_TINT89
 .text.INT_Excep_TINT90
                0x180086a0       0x18 ./generate/inthandler.o
                0x180086a0                INT_Excep_TINT90
 .text.INT_Excep_TINT91
                0x180086b8       0x18 ./generate/inthandler.o
                0x180086b8                INT_Excep_TINT91
 .text.INT_Excep_TINT92
                0x180086d0       0x18 ./generate/inthandler.o
                0x180086d0                INT_Excep_TINT92
 .text.INT_Excep_TINT93
                0x180086e8       0x18 ./generate/inthandler.o
                0x180086e8                INT_Excep_TINT93
 .text.INT_Excep_TINT94
                0x18008700       0x18 ./generate/inthandler.o
                0x18008700                INT_Excep_TINT94
 .text.INT_Excep_TINT95
                0x18008718       0x18 ./generate/inthandler.o
                0x18008718                INT_Excep_TINT95
 .text.INT_Excep_TINT96
                0x18008730       0x18 ./generate/inthandler.o
                0x18008730                INT_Excep_TINT96
 .text.INT_Excep_TINT97
                0x18008748       0x18 ./generate/inthandler.o
                0x18008748                INT_Excep_TINT97
 .text.INT_Excep_TINT98
                0x18008760       0x18 ./generate/inthandler.o
                0x18008760                INT_Excep_TINT98
 .text.INT_Excep_TINT99
                0x18008778       0x18 ./generate/inthandler.o
                0x18008778                INT_Excep_TINT99
 .text.INT_Excep_TINT100
                0x18008790       0x18 ./generate/inthandler.o
                0x18008790                INT_Excep_TINT100
 .text.INT_Excep_TINT101
                0x180087a8       0x18 ./generate/inthandler.o
                0x180087a8                INT_Excep_TINT101
 .text.INT_Excep_TINT102
                0x180087c0       0x18 ./generate/inthandler.o
                0x180087c0                INT_Excep_TINT102
 .text.INT_Excep_TINT103
                0x180087d8       0x18 ./generate/inthandler.o
                0x180087d8                INT_Excep_TINT103
 .text.INT_Excep_TINT104
                0x180087f0       0x18 ./generate/inthandler.o
                0x180087f0                INT_Excep_TINT104
 .text.INT_Excep_TINT105
                0x18008808       0x18 ./generate/inthandler.o
                0x18008808                INT_Excep_TINT105
 .text.INT_Excep_TINT106
                0x18008820       0x18 ./generate/inthandler.o
                0x18008820                INT_Excep_TINT106
 .text.INT_Excep_TINT107
                0x18008838       0x18 ./generate/inthandler.o
                0x18008838                INT_Excep_TINT107
 .text.INT_Excep_TINT108
                0x18008850       0x18 ./generate/inthandler.o
                0x18008850                INT_Excep_TINT108
 .text.INT_Excep_TINT109
                0x18008868       0x18 ./generate/inthandler.o
                0x18008868                INT_Excep_TINT109
 .text.INT_Excep_TINT110
                0x18008880       0x18 ./generate/inthandler.o
                0x18008880                INT_Excep_TINT110
 .text.INT_Excep_TINT111
                0x18008898       0x18 ./generate/inthandler.o
                0x18008898                INT_Excep_TINT111
 .text.INT_Excep_TINT112
                0x180088b0       0x18 ./generate/inthandler.o
                0x180088b0                INT_Excep_TINT112
 .text.INT_Excep_TINT113
                0x180088c8       0x18 ./generate/inthandler.o
                0x180088c8                INT_Excep_TINT113
 .text.INT_Excep_TINT114
                0x180088e0       0x18 ./generate/inthandler.o
                0x180088e0                INT_Excep_TINT114
 .text.INT_Excep_TINT115
                0x180088f8       0x18 ./generate/inthandler.o
                0x180088f8                INT_Excep_TINT115
 .text.INT_Excep_TINT116
                0x18008910       0x18 ./generate/inthandler.o
                0x18008910                INT_Excep_TINT116
 .text.INT_Excep_TINT117
                0x18008928       0x18 ./generate/inthandler.o
                0x18008928                INT_Excep_TINT117
 .text.INT_Excep_TINT118
                0x18008940       0x18 ./generate/inthandler.o
                0x18008940                INT_Excep_TINT118
 .text.INT_Excep_TINT119
                0x18008958       0x18 ./generate/inthandler.o
                0x18008958                INT_Excep_TINT119
 .text.INT_Excep_TINT120
                0x18008970       0x18 ./generate/inthandler.o
                0x18008970                INT_Excep_TINT120
 .text.INT_Excep_TINT121
                0x18008988       0x18 ./generate/inthandler.o
                0x18008988                INT_Excep_TINT121
 .text.INT_Excep_TINT122
                0x180089a0       0x18 ./generate/inthandler.o
                0x180089a0                INT_Excep_TINT122
 .text.INT_Excep_TINT123
                0x180089b8       0x18 ./generate/inthandler.o
                0x180089b8                INT_Excep_TINT123
 .text.INT_Excep_TINT124
                0x180089d0       0x18 ./generate/inthandler.o
                0x180089d0                INT_Excep_TINT124
 .text.INT_Excep_TINT125
                0x180089e8       0x18 ./generate/inthandler.o
                0x180089e8                INT_Excep_TINT125
 .text.INT_Excep_TINT126
                0x18008a00       0x18 ./generate/inthandler.o
                0x18008a00                INT_Excep_TINT126
 .text.INT_Excep_TINT127
                0x18008a18       0x18 ./generate/inthandler.o
                0x18008a18                INT_Excep_TINT127
 .text.INT_Excep_TINT128
                0x18008a30       0x18 ./generate/inthandler.o
                0x18008a30                INT_Excep_TINT128
 .text.INT_Excep_TINT129
                0x18008a48       0x18 ./generate/inthandler.o
                0x18008a48                INT_Excep_TINT129
 .text.INT_Excep_TINT130
                0x18008a60       0x18 ./generate/inthandler.o
                0x18008a60                INT_Excep_TINT130
 .text.INT_Excep_TINT131
                0x18008a78       0x18 ./generate/inthandler.o
                0x18008a78                INT_Excep_TINT131
 .text.INT_Excep_TINT132
                0x18008a90       0x18 ./generate/inthandler.o
                0x18008a90                INT_Excep_TINT132
 .text.INT_Excep_TINT133
                0x18008aa8       0x18 ./generate/inthandler.o
                0x18008aa8                INT_Excep_TINT133
 .text.INT_Excep_TINT134
                0x18008ac0       0x18 ./generate/inthandler.o
                0x18008ac0                INT_Excep_TINT134
 .text.INT_Excep_TINT135
                0x18008ad8       0x18 ./generate/inthandler.o
                0x18008ad8                INT_Excep_TINT135
 .text.INT_Excep_TINT136
                0x18008af0       0x18 ./generate/inthandler.o
                0x18008af0                INT_Excep_TINT136
 .text.INT_Excep_TINT137
                0x18008b08       0x18 ./generate/inthandler.o
                0x18008b08                INT_Excep_TINT137
 .text.INT_Excep_TINT138
                0x18008b20       0x18 ./generate/inthandler.o
                0x18008b20                INT_Excep_TINT138
 .text.INT_Excep_TINT139
                0x18008b38       0x18 ./generate/inthandler.o
                0x18008b38                INT_Excep_TINT139
 .text.INT_Excep_TINT140
                0x18008b50       0x18 ./generate/inthandler.o
                0x18008b50                INT_Excep_TINT140
 .text.INT_Excep_TINT141
                0x18008b68       0x18 ./generate/inthandler.o
                0x18008b68                INT_Excep_TINT141
 .text.INT_Excep_TINT142
                0x18008b80       0x18 ./generate/inthandler.o
                0x18008b80                INT_Excep_TINT142
 .text.INT_Excep_TINT143
                0x18008b98       0x18 ./generate/inthandler.o
                0x18008b98                INT_Excep_TINT143
 .text.INT_Excep_TINT144
                0x18008bb0       0x18 ./generate/inthandler.o
                0x18008bb0                INT_Excep_TINT144
 .text.INT_Excep_TINT145
                0x18008bc8       0x18 ./generate/inthandler.o
                0x18008bc8                INT_Excep_TINT145
 .text.INT_Excep_TINT146
                0x18008be0       0x18 ./generate/inthandler.o
                0x18008be0                INT_Excep_TINT146
 .text.INT_Excep_TINT147
                0x18008bf8       0x18 ./generate/inthandler.o
                0x18008bf8                INT_Excep_TINT147
 .text.INT_Excep_TINT148
                0x18008c10       0x18 ./generate/inthandler.o
                0x18008c10                INT_Excep_TINT148
 .text.INT_Excep_TINT149
                0x18008c28       0x18 ./generate/inthandler.o
                0x18008c28                INT_Excep_TINT149
 .text.INT_Excep_TINT150
                0x18008c40       0x18 ./generate/inthandler.o
                0x18008c40                INT_Excep_TINT150
 .text.INT_Excep_TINT151
                0x18008c58       0x18 ./generate/inthandler.o
                0x18008c58                INT_Excep_TINT151
 .text.INT_Excep_TINT152
                0x18008c70       0x18 ./generate/inthandler.o
                0x18008c70                INT_Excep_TINT152
 .text.INT_Excep_TINT153
                0x18008c88       0x18 ./generate/inthandler.o
                0x18008c88                INT_Excep_TINT153
 .text.INT_Excep_TINT154
                0x18008ca0       0x18 ./generate/inthandler.o
                0x18008ca0                INT_Excep_TINT154
 .text.INT_Excep_TINT155
                0x18008cb8       0x18 ./generate/inthandler.o
                0x18008cb8                INT_Excep_TINT155
 .text.INT_Excep_TINT156
                0x18008cd0       0x18 ./generate/inthandler.o
                0x18008cd0                INT_Excep_TINT156
 .text.INT_Excep_TINT157
                0x18008ce8       0x18 ./generate/inthandler.o
                0x18008ce8                INT_Excep_TINT157
 .text.INT_Excep_TINT158
                0x18008d00       0x18 ./generate/inthandler.o
                0x18008d00                INT_Excep_TINT158
 .text.INT_Excep_TINT159
                0x18008d18       0x18 ./generate/inthandler.o
                0x18008d18                INT_Excep_TINT159
 .text.INT_Excep_TINT160
                0x18008d30       0x18 ./generate/inthandler.o
                0x18008d30                INT_Excep_TINT160
 .text.INT_Excep_TINT161
                0x18008d48       0x18 ./generate/inthandler.o
                0x18008d48                INT_Excep_TINT161
 .text.INT_Excep_TINT162
                0x18008d60       0x18 ./generate/inthandler.o
                0x18008d60                INT_Excep_TINT162
 .text.INT_Excep_TINT163
                0x18008d78       0x18 ./generate/inthandler.o
                0x18008d78                INT_Excep_TINT163
 .text.INT_Excep_TINT164
                0x18008d90       0x18 ./generate/inthandler.o
                0x18008d90                INT_Excep_TINT164
 .text.INT_Excep_TINT165
                0x18008da8       0x18 ./generate/inthandler.o
                0x18008da8                INT_Excep_TINT165
 .text.INT_Excep_TINT166
                0x18008dc0       0x18 ./generate/inthandler.o
                0x18008dc0                INT_Excep_TINT166
 .text.INT_Excep_TINT167
                0x18008dd8       0x18 ./generate/inthandler.o
                0x18008dd8                INT_Excep_TINT167
 .text.INT_Excep_TINT168
                0x18008df0       0x18 ./generate/inthandler.o
                0x18008df0                INT_Excep_TINT168
 .text.INT_Excep_TINT169
                0x18008e08       0x18 ./generate/inthandler.o
                0x18008e08                INT_Excep_TINT169
 .text.INT_Excep_TINT170
                0x18008e20       0x18 ./generate/inthandler.o
                0x18008e20                INT_Excep_TINT170
 .text.selfrel_offset31
                0x18008e38       0x14 C:/Program Files (x86)/Arm GNU Toolchain arm-none-eabi/13.3 rel1/bin/../lib/gcc/arm-none-eabi/13.3.1/thumb/v7-a+fp/hard\libgcc.a(unwind-arm.o)
 .text.search_EIT_table
                0x18008e4c       0x60 C:/Program Files (x86)/Arm GNU Toolchain arm-none-eabi/13.3 rel1/bin/../lib/gcc/arm-none-eabi/13.3.1/thumb/v7-a+fp/hard\libgcc.a(unwind-arm.o)
 .text.__gnu_unwind_get_pr_addr
                0x18008eac       0x2c C:/Program Files (x86)/Arm GNU Toolchain arm-none-eabi/13.3 rel1/bin/../lib/gcc/arm-none-eabi/13.3.1/thumb/v7-a+fp/hard\libgcc.a(unwind-arm.o)
 .text.get_eit_entry
                0x18008ed8       0x9c C:/Program Files (x86)/Arm GNU Toolchain arm-none-eabi/13.3 rel1/bin/../lib/gcc/arm-none-eabi/13.3.1/thumb/v7-a+fp/hard\libgcc.a(unwind-arm.o)
 .text.restore_non_core_regs
                0x18008f74       0x58 C:/Program Files (x86)/Arm GNU Toolchain arm-none-eabi/13.3 rel1/bin/../lib/gcc/arm-none-eabi/13.3.1/thumb/v7-a+fp/hard\libgcc.a(unwind-arm.o)
 .text._Unwind_decode_typeinfo_ptr.constprop.0
                0x18008fcc        0xc C:/Program Files (x86)/Arm GNU Toolchain arm-none-eabi/13.3 rel1/bin/../lib/gcc/arm-none-eabi/13.3.1/thumb/v7-a+fp/hard\libgcc.a(unwind-arm.o)
 .text._Unwind_DebugHook
                0x18008fd8        0x4 C:/Program Files (x86)/Arm GNU Toolchain arm-none-eabi/13.3 rel1/bin/../lib/gcc/arm-none-eabi/13.3.1/thumb/v7-a+fp/hard\libgcc.a(unwind-arm.o)
 .text.unwind_phase2
                0x18008fdc       0x3c C:/Program Files (x86)/Arm GNU Toolchain arm-none-eabi/13.3 rel1/bin/../lib/gcc/arm-none-eabi/13.3.1/thumb/v7-a+fp/hard\libgcc.a(unwind-arm.o)
 .text.unwind_phase2_forced
                0x18009018       0xd4 C:/Program Files (x86)/Arm GNU Toolchain arm-none-eabi/13.3 rel1/bin/../lib/gcc/arm-none-eabi/13.3.1/thumb/v7-a+fp/hard\libgcc.a(unwind-arm.o)
 .text.__gnu_Unwind_RaiseException
                0x180090ec       0x68 C:/Program Files (x86)/Arm GNU Toolchain arm-none-eabi/13.3 rel1/bin/../lib/gcc/arm-none-eabi/13.3.1/thumb/v7-a+fp/hard\libgcc.a(unwind-arm.o)
                0x180090ec                __gnu_Unwind_RaiseException
 .text.__gnu_Unwind_ForcedUnwind
                0x18009154       0x14 C:/Program Files (x86)/Arm GNU Toolchain arm-none-eabi/13.3 rel1/bin/../lib/gcc/arm-none-eabi/13.3.1/thumb/v7-a+fp/hard\libgcc.a(unwind-arm.o)
                0x18009154                __gnu_Unwind_ForcedUnwind
 .text.__gnu_Unwind_Resume
                0x18009168       0x44 C:/Program Files (x86)/Arm GNU Toolchain arm-none-eabi/13.3 rel1/bin/../lib/gcc/arm-none-eabi/13.3.1/thumb/v7-a+fp/hard\libgcc.a(unwind-arm.o)
                0x18009168                __gnu_Unwind_Resume
 .text.__gnu_Unwind_Resume_or_Rethrow
                0x180091ac       0x18 C:/Program Files (x86)/Arm GNU Toolchain arm-none-eabi/13.3 rel1/bin/../lib/gcc/arm-none-eabi/13.3.1/thumb/v7-a+fp/hard\libgcc.a(unwind-arm.o)
                0x180091ac                __gnu_Unwind_Resume_or_Rethrow
 .text._Unwind_VRS_Get
                0x180091c4       0x38 C:/Program Files (x86)/Arm GNU Toolchain arm-none-eabi/13.3 rel1/bin/../lib/gcc/arm-none-eabi/13.3.1/thumb/v7-a+fp/hard\libgcc.a(unwind-arm.o)
                0x180091c4                _Unwind_VRS_Get
 .text._Unwind_GetGR
                0x180091fc       0x18 C:/Program Files (x86)/Arm GNU Toolchain arm-none-eabi/13.3 rel1/bin/../lib/gcc/arm-none-eabi/13.3.1/thumb/v7-a+fp/hard\libgcc.a(unwind-arm.o)
 .text._Unwind_VRS_Set
                0x18009214       0x38 C:/Program Files (x86)/Arm GNU Toolchain arm-none-eabi/13.3 rel1/bin/../lib/gcc/arm-none-eabi/13.3.1/thumb/v7-a+fp/hard\libgcc.a(unwind-arm.o)
                0x18009214                _Unwind_VRS_Set
 .text._Unwind_SetGR
                0x1800924c       0x18 C:/Program Files (x86)/Arm GNU Toolchain arm-none-eabi/13.3 rel1/bin/../lib/gcc/arm-none-eabi/13.3.1/thumb/v7-a+fp/hard\libgcc.a(unwind-arm.o)
 .text.__gnu_Unwind_Backtrace
                0x18009264       0x7c C:/Program Files (x86)/Arm GNU Toolchain arm-none-eabi/13.3 rel1/bin/../lib/gcc/arm-none-eabi/13.3.1/thumb/v7-a+fp/hard\libgcc.a(unwind-arm.o)
                0x18009264                __gnu_Unwind_Backtrace
 .text.__gnu_unwind_pr_common
                0x180092e0      0x2d0 C:/Program Files (x86)/Arm GNU Toolchain arm-none-eabi/13.3 rel1/bin/../lib/gcc/arm-none-eabi/13.3.1/thumb/v7-a+fp/hard\libgcc.a(unwind-arm.o)
 .text.__aeabi_unwind_cpp_pr0
                0x180095b0        0x8 C:/Program Files (x86)/Arm GNU Toolchain arm-none-eabi/13.3 rel1/bin/../lib/gcc/arm-none-eabi/13.3.1/thumb/v7-a+fp/hard\libgcc.a(unwind-arm.o)
                0x180095b0                __aeabi_unwind_cpp_pr0
 .text.__aeabi_unwind_cpp_pr1
                0x180095b8        0x8 C:/Program Files (x86)/Arm GNU Toolchain arm-none-eabi/13.3 rel1/bin/../lib/gcc/arm-none-eabi/13.3.1/thumb/v7-a+fp/hard\libgcc.a(unwind-arm.o)
                0x180095b8                __aeabi_unwind_cpp_pr1
 .text.__aeabi_unwind_cpp_pr2
                0x180095c0        0x8 C:/Program Files (x86)/Arm GNU Toolchain arm-none-eabi/13.3 rel1/bin/../lib/gcc/arm-none-eabi/13.3.1/thumb/v7-a+fp/hard\libgcc.a(unwind-arm.o)
                0x180095c0                __aeabi_unwind_cpp_pr2
 .text._Unwind_VRS_Pop
                0x180095c8      0x304 C:/Program Files (x86)/Arm GNU Toolchain arm-none-eabi/13.3 rel1/bin/../lib/gcc/arm-none-eabi/13.3.1/thumb/v7-a+fp/hard\libgcc.a(unwind-arm.o)
                0x180095c8                _Unwind_VRS_Pop
 .text.next_unwind_byte
                0x180098cc       0x34 C:/Program Files (x86)/Arm GNU Toolchain arm-none-eabi/13.3 rel1/bin/../lib/gcc/arm-none-eabi/13.3.1/thumb/v7-a+fp/hard\libgcc.a(pr-support.o)
 .text.__gnu_unwind_execute
                0x18009900      0x2fc C:/Program Files (x86)/Arm GNU Toolchain arm-none-eabi/13.3 rel1/bin/../lib/gcc/arm-none-eabi/13.3.1/thumb/v7-a+fp/hard\libgcc.a(pr-support.o)
                0x18009900                __gnu_unwind_execute
 .text.abort    0x18009bfc       0x10 C:/Program Files (x86)/Arm GNU Toolchain arm-none-eabi/13.3 rel1/bin/../lib/gcc/arm-none-eabi/13.3.1/thumb/v7-a+fp/hard\libg.a(libc_a-abort.o)
                0x18009bfc                abort
 .text._malloc_r
                0x18009c0c      0x58c C:/Program Files (x86)/Arm GNU Toolchain arm-none-eabi/13.3 rel1/bin/../lib/gcc/arm-none-eabi/13.3.1/thumb/v7-a+fp/hard\libg.a(libc_a-mallocr.o)
                0x18009c0c                _malloc_r
 .text.__malloc_lock
                0x1800a198        0xc C:/Program Files (x86)/Arm GNU Toolchain arm-none-eabi/13.3 rel1/bin/../lib/gcc/arm-none-eabi/13.3.1/thumb/v7-a+fp/hard\libg.a(libc_a-mlock.o)
                0x1800a198                __malloc_lock
 .text.__malloc_unlock
                0x1800a1a4        0xc C:/Program Files (x86)/Arm GNU Toolchain arm-none-eabi/13.3 rel1/bin/../lib/gcc/arm-none-eabi/13.3.1/thumb/v7-a+fp/hard\libg.a(libc_a-mlock.o)
                0x1800a1a4                __malloc_unlock
 .text.vsnprintf
                0x1800a1b0       0x7c C:/Program Files (x86)/Arm GNU Toolchain arm-none-eabi/13.3 rel1/bin/../lib/gcc/arm-none-eabi/13.3.1/thumb/v7-a+fp/hard\libg.a(libc_a-vsnprintf.o)
                0x1800a1b0                vsnprintf
 .text.raise    0x1800a22c       0x5c C:/Program Files (x86)/Arm GNU Toolchain arm-none-eabi/13.3 rel1/bin/../lib/gcc/arm-none-eabi/13.3.1/thumb/v7-a+fp/hard\libg.a(libc_a-signal.o)
                0x1800a22c                raise
 .text._kill_r  0x1800a288       0x2c C:/Program Files (x86)/Arm GNU Toolchain arm-none-eabi/13.3 rel1/bin/../lib/gcc/arm-none-eabi/13.3.1/thumb/v7-a+fp/hard\libg.a(libc_a-signalr.o)
                0x1800a288                _kill_r
 .text._getpid_r
                0x1800a2b4        0x4 C:/Program Files (x86)/Arm GNU Toolchain arm-none-eabi/13.3 rel1/bin/../lib/gcc/arm-none-eabi/13.3.1/thumb/v7-a+fp/hard\libg.a(libc_a-signalr.o)
                0x1800a2b4                _getpid_r
 .text._sbrk_r  0x1800a2b8       0x28 C:/Program Files (x86)/Arm GNU Toolchain arm-none-eabi/13.3 rel1/bin/../lib/gcc/arm-none-eabi/13.3.1/thumb/v7-a+fp/hard\libg.a(libc_a-sbrkr.o)
                0x1800a2b8                _sbrk_r
 .text.__retarget_lock_init_recursive
                0x1800a2e0        0x4 C:/Program Files (x86)/Arm GNU Toolchain arm-none-eabi/13.3 rel1/bin/../lib/gcc/arm-none-eabi/13.3.1/thumb/v7-a+fp/hard\libg.a(libc_a-lock.o)
                0x1800a2e0                __retarget_lock_init_recursive
 .text.__retarget_lock_close_recursive
                0x1800a2e4        0x4 C:/Program Files (x86)/Arm GNU Toolchain arm-none-eabi/13.3 rel1/bin/../lib/gcc/arm-none-eabi/13.3.1/thumb/v7-a+fp/hard\libg.a(libc_a-lock.o)
                0x1800a2e4                __retarget_lock_close_recursive
 .text.__retarget_lock_acquire_recursive
                0x1800a2e8        0x4 C:/Program Files (x86)/Arm GNU Toolchain arm-none-eabi/13.3 rel1/bin/../lib/gcc/arm-none-eabi/13.3.1/thumb/v7-a+fp/hard\libg.a(libc_a-lock.o)
                0x1800a2e8                __retarget_lock_acquire_recursive
 .text.__retarget_lock_release_recursive
                0x1800a2ec        0x4 C:/Program Files (x86)/Arm GNU Toolchain arm-none-eabi/13.3 rel1/bin/../lib/gcc/arm-none-eabi/13.3.1/thumb/v7-a+fp/hard\libg.a(libc_a-lock.o)
                0x1800a2ec                __retarget_lock_release_recursive
 .text.sysconf  0x1800a2f0       0x1c C:/Program Files (x86)/Arm GNU Toolchain arm-none-eabi/13.3 rel1/bin/../lib/gcc/arm-none-eabi/13.3.1/thumb/v7-a+fp/hard\libg.a(libc_a-sysconf.o)
                0x1800a2f0                sysconf
 .text._malloc_trim_r