Archive member included to satisfy reference by file (symbol)

C:/Program Files (x86)/Arm GNU Toolchain arm-none-eabi/13.3 rel1/bin/../lib/gcc/arm-none-eabi/13.3.1/thumb/v7-a+fp/hard\libstdc++.a(atexit_arm.o)
                              ./src/drivers/Camera.o (__aeabi_atexit)
C:/Program Files (x86)/Arm GNU Toolchain arm-none-eabi/13.3 rel1/bin/../lib/gcc/arm-none-eabi/13.3.1/thumb/v7-a+fp/hard\libstdc++.a(class_type_info.o)
                              ./src/drivers/Camera.o (vtable for __cxxabiv1::__class_type_info)
C:/Program Files (x86)/Arm GNU Toolchain arm-none-eabi/13.3 rel1/bin/../lib/gcc/arm-none-eabi/13.3.1/thumb/v7-a+fp/hard\libstdc++.a(del_ops.o)
                              ./src/drivers/Camera.o (operator delete(void*, unsigned int))
C:/Program Files (x86)/Arm GNU Toolchain arm-none-eabi/13.3 rel1/bin/../lib/gcc/arm-none-eabi/13.3.1/thumb/v7-a+fp/hard\libstdc++.a(eh_arm.o)
                              ./src/drivers/Camera.o (__cxa_end_cleanup)
C:/Program Files (x86)/Arm GNU Toolchain arm-none-eabi/13.3 rel1/bin/../lib/gcc/arm-none-eabi/13.3.1/thumb/v7-a+fp/hard\libstdc++.a(eh_exception.o)
                              C:/Program Files (x86)/Arm GNU Toolchain arm-none-eabi/13.3 rel1/bin/../lib/gcc/arm-none-eabi/13.3.1/thumb/v7-a+fp/hard\libstdc++.a(eh_arm.o) (typeinfo for __cxxabiv1::__forced_unwind)
C:/Program Files (x86)/Arm GNU Toolchain arm-none-eabi/13.3 rel1/bin/../lib/gcc/arm-none-eabi/13.3.1/thumb/v7-a+fp/hard\libstdc++.a(eh_globals.o)
                              C:/Program Files (x86)/Arm GNU Toolchain arm-none-eabi/13.3 rel1/bin/../lib/gcc/arm-none-eabi/13.3.1/thumb/v7-a+fp/hard\libstdc++.a(eh_arm.o) (__cxa_get_globals)
C:/Program Files (x86)/Arm GNU Toolchain arm-none-eabi/13.3 rel1/bin/../lib/gcc/arm-none-eabi/13.3.1/thumb/v7-a+fp/hard\libstdc++.a(eh_personality.o)
                              ./src/drivers/Camera.o (__gxx_personality_v0)
C:/Program Files (x86)/Arm GNU Toolchain arm-none-eabi/13.3 rel1/bin/../lib/gcc/arm-none-eabi/13.3.1/thumb/v7-a+fp/hard\libstdc++.a(eh_terminate.o)
                              C:/Program Files (x86)/Arm GNU Toolchain arm-none-eabi/13.3 rel1/bin/../lib/gcc/arm-none-eabi/13.3.1/thumb/v7-a+fp/hard\libstdc++.a(eh_arm.o) (std::terminate())
C:/Program Files (x86)/Arm GNU Toolchain arm-none-eabi/13.3 rel1/bin/../lib/gcc/arm-none-eabi/13.3.1/thumb/v7-a+fp/hard\libstdc++.a(eh_unex_handler.o)
                              C:/Program Files (x86)/Arm GNU Toolchain arm-none-eabi/13.3 rel1/bin/../lib/gcc/arm-none-eabi/13.3.1/thumb/v7-a+fp/hard\libstdc++.a(eh_terminate.o) (__cxxabiv1::__unexpected_handler)
C:/Program Files (x86)/Arm GNU Toolchain arm-none-eabi/13.3 rel1/bin/../lib/gcc/arm-none-eabi/13.3.1/thumb/v7-a+fp/hard\libstdc++.a(si_class_type_info.o)
                              ./src/drivers/Camera.o (vtable for __cxxabiv1::__si_class_type_info)
C:/Program Files (x86)/Arm GNU Toolchain arm-none-eabi/13.3 rel1/bin/../lib/gcc/arm-none-eabi/13.3.1/thumb/v7-a+fp/hard\libstdc++.a(tinfo.o)
                              C:/Program Files (x86)/Arm GNU Toolchain arm-none-eabi/13.3 rel1/bin/../lib/gcc/arm-none-eabi/13.3.1/thumb/v7-a+fp/hard\libstdc++.a(class_type_info.o) (std::type_info::~type_info())
C:/Program Files (x86)/Arm GNU Toolchain arm-none-eabi/13.3 rel1/bin/../lib/gcc/arm-none-eabi/13.3.1/thumb/v7-a+fp/hard\libstdc++.a(vterminate.o)
                              C:/Program Files (x86)/Arm GNU Toolchain arm-none-eabi/13.3 rel1/bin/../lib/gcc/arm-none-eabi/13.3.1/thumb/v7-a+fp/hard\libstdc++.a(eh_terminate.o) (__gnu_cxx::__verbose_terminate_handler())
C:/Program Files (x86)/Arm GNU Toolchain arm-none-eabi/13.3 rel1/bin/../lib/gcc/arm-none-eabi/13.3.1/thumb/v7-a+fp/hard\libstdc++.a(cp-demangle.o)
                              C:/Program Files (x86)/Arm GNU Toolchain arm-none-eabi/13.3 rel1/bin/../lib/gcc/arm-none-eabi/13.3.1/thumb/v7-a+fp/hard\libstdc++.a(vterminate.o) (__cxa_demangle)
C:/Program Files (x86)/Arm GNU Toolchain arm-none-eabi/13.3 rel1/bin/../lib/gcc/arm-none-eabi/13.3.1/thumb/v7-a+fp/hard\libstdc++.a(del_op.o)
                              C:/Program Files (x86)/Arm GNU Toolchain arm-none-eabi/13.3 rel1/bin/../lib/gcc/arm-none-eabi/13.3.1/thumb/v7-a+fp/hard\libstdc++.a(del_ops.o) (operator delete(void*))
C:/Program Files (x86)/Arm GNU Toolchain arm-none-eabi/13.3 rel1/bin/../lib/gcc/arm-none-eabi/13.3.1/thumb/v7-a+fp/hard\libstdc++.a(eh_call.o)
                              C:/Program Files (x86)/Arm GNU Toolchain arm-none-eabi/13.3 rel1/bin/../lib/gcc/arm-none-eabi/13.3.1/thumb/v7-a+fp/hard\libstdc++.a(eh_personality.o) (__cxa_call_terminate)
C:/Program Files (x86)/Arm GNU Toolchain arm-none-eabi/13.3 rel1/bin/../lib/gcc/arm-none-eabi/13.3.1/thumb/v7-a+fp/hard\libstdc++.a(eh_catch.o)
                              C:/Program Files (x86)/Arm GNU Toolchain arm-none-eabi/13.3 rel1/bin/../lib/gcc/arm-none-eabi/13.3.1/thumb/v7-a+fp/hard\libstdc++.a(eh_personality.o) (__cxa_begin_catch)
[...]
Memory Configuration

Name             Origin             Length             Attributes
BOOT_LOADER      0x18000000         0x00004000
SFLASH           0x18004000         0x07ffc000
RAM              0x20020000         0x00500000
*default*        0x00000000         0xffffffff

Linker script and memory map

LOAD ./src/drivers/video/video_decoder/video_decoder.o
LOAD ./src/drivers/video/vdec/src/r_vdec.o
LOAD ./src/drivers/video/vdec/src/r_vdec_check_parameter.o
LOAD ./src/drivers/video/vdec/src/r_vdec_register.o
LOAD ./src/drivers/video/vdec/src/r_vdec_register_address.o
LOAD ./src/drivers/video/vdc5/src/r_vdc5.o
LOAD ./src/drivers/video/vdc5/src/r_vdc5_check_parameter.o
LOAD ./src/drivers/video/vdc5/src/r_vdc5_interrupt.o
LOAD ./src/drivers/video/vdc5/src/r_vdc5_register.o
LOAD ./src/drivers/video/vdc5/src/r_vdc5_register_address.o
LOAD ./src/drivers/video/vdc5/src/r_vdc5_shared_param.o
LOAD ./src/drivers/video/lvds/lvds_pll_data.o
LOAD ./src/drivers/video/lvds/lvds_pll_main.o
LOAD ./src/drivers/video/DisplayBase.o
LOAD ./src/drivers/video/gr_peach_vdc5.o
LOAD ./src/drivers/video/lcd_settings.o
LOAD ./src/drivers/Camera.o
LOAD ./src/drivers/Onboard.o
LOAD ./src/drivers/Serial.o
LOAD ./src/mcr_camera_2026base.o
LOAD ./generate/hwsetup.o
LOAD ./generate/inthandler.o
LOAD ./generate/mbed_sf_boot.o
LOAD ./generate/start.o
LOAD ./generate/vect_table.o
LOAD ./generate/vects.o
START GROUP
END GROUP
LOAD C:/Program Files (x86)/Arm GNU Toolchain arm-none-eabi/13.3 rel1/bin/../lib/gcc/arm-none-eabi/13.3.1/thumb/v7-a+fp/hard\libstdc++.a
LOAD C:/Program Files (x86)/Arm GNU Toolchain arm-none-eabi/13.3 rel1/bin/../lib/gcc/arm-none-eabi/13.3.1/thumb/v7-a+fp/hard\libm.a
START GROUP
LOAD C:/Program Files (x86)/Arm GNU Toolchain arm-none-eabi/13.3 rel1/bin/../lib/gcc/arm-none-eabi/13.3.1/thumb/v7-a+fp/hard\libgcc.a
LOAD C:/Program Files (x86)/Arm GNU Toolchain arm-none-eabi/13.3 rel1/bin/../lib/gcc/arm-none-eabi/13.3.1/thumb/v7-a+fp/hard\libg.a
LOAD C:/Program Files (x86)/Arm GNU Toolchain arm-none-eabi/13.3 rel1/bin/../lib/gcc/arm-none-eabi/13.3.1/thumb/v7-a+fp/hard\libc.a
END GROUP
START GROUP
LOAD C:/Program Files (x86)/Arm GNU Toolchain arm-none-eabi/13.3 rel1/bin/../lib/gcc/arm-none-eabi/13.3.1/thumb/v7-a+fp/hard\libgcc.a
LOAD C:/Program Files (x86)/Arm GNU Toolchain arm-none-eabi/13.3 rel1/bin/../lib/gcc/arm-none-eabi/13.3.1/thumb/v7-a+fp/hard\libc.a
LOAD C:/Program Files (x86)/Arm GNU Toolchain arm-none-eabi/13.3 rel1/bin/../lib/gcc/arm-none-eabi/13.3.1/thumb/v7-a+fp/hard\librdimon.a
END GROUP

.boot           0x18000000     0x3100
 *(.boot_loader)
 .boot_loader   0x18000000     0x3100 ./generate/mbed_sf_boot.o
                0x18000000                boot_loader

.fvectors       0x18004000       0x40
 *(.fvectors)
 .fvectors      0x18004000       0x40 ./generate/vect_table.o
                0x18004000                Start
                0x18004000                vector_table

.text           0x18004040    0x23b88
 *(.text)
 .text          0x18004040       0xc0 ./generate/start.o
                0x18004054                _PowerON_Reset
 .text          0x18004100      0x278 C:/Program Files (x86)/Arm GNU Toolchain arm-none-eabi/13.3 rel1/bin/../lib/gcc/arm-none-eabi/13.3.1/thumb/v7-a+fp/hard\libgcc.a(_udivsi3.o)
                0x18004100                __aeabi_uidiv
                0x18004100                __udivsi3
                0x1800435c                __aeabi_uidivmod
 .text          0x18004378        0x4 C:/Program Files (x86)/Arm GNU Toolchain arm-none-eabi/13.3 rel1/bin/../lib/gcc/arm-none-eabi/13.3.1/thumb/v7-a+fp/hard\libgcc.a(_dvmd_tls.o)
                0x18004378                __aeabi_idiv0
                0x18004378                __aeabi_ldiv0
 .text          0x1800437c      0x1ac C:/Program Files (x86)/Arm GNU Toolchain arm-none-eabi/13.3 rel1/bin/../lib/gcc/arm-none-eabi/13.3.1/thumb/v7-a+fp/hard\libgcc.a(libunwind.o)
                0x1800437c                __restore_core_regs
                0x1800437c                restore_core_regs
                0x18004394                __gnu_Unwind_Restore_VFP
                0x1800439c                __gnu_Unwind_Save_VFP
                0x180043a4                __gnu_Unwind_Restore_VFP_D
                0x180043ac                __gnu_Unwind_Save_VFP_D
                0x180043b4                __gnu_Unwind_Restore_VFP_D_16_to_31
                0x180043bc                __gnu_Unwind_Save_VFP_D_16_to_31
                0x180043c4                __gnu_Unwind_Restore_WMMXD
                0x18004408                __gnu_Unwind_Save_WMMXD
                0x1800444c                __gnu_Unwind_Restore_WMMXC
                0x18004460                __gnu_Unwind_Save_WMMXC
                0x18004474                ___Unwind_RaiseException
                0x18004474                _Unwind_RaiseException
                0x18004498                _Unwind_Resume
                0x18004498                ___Unwind_Resume
                0x180044bc                _Unwind_Resume_or_Rethrow
                0x180044bc                ___Unwind_Resume_or_Rethrow
                0x180044e0                _Unwind_ForcedUnwind
                0x180044e0                ___Unwind_ForcedUnwind
                0x18004504                ___Unwind_Backtrace
                0x18004504                _Unwind_Backtrace
 *fill*         0x18004528       0x18 
 .text          0x18004540      0x2e0 C:/Program Files (x86)/Arm GNU Toolchain arm-none-eabi/13.3 rel1/bin/../lib/gcc/arm-none-eabi/13.3.1/thumb/v7-a+fp/hard\libg.a(libc_a-strcmp.o)
                0x18004540                strcmp
 .text          0x18004820       0xa0 C:/Program Files (x86)/Arm GNU Toolchain arm-none-eabi/13.3 rel1/bin/../lib/gcc/arm-none-eabi/13.3.1/thumb/v7-a+fp/hard\libg.a(libc_a-memchr.o)
                0x18004820                memchr
 .text          0x180048c0      0x5e0 C:/Program Files (x86)/Arm GNU Toolchain arm-none-eabi/13.3 rel1/bin/../lib/gcc/arm-none-eabi/13.3.1/thumb/v7-a+fp/hard\libg.a(libc_a-memcpy.o)
                0x180048c0                memcpy
 *fill*         0x18004ea0       0x20 
 .text          0x18004ec0       0xd8 C:/Program Files (x86)/Arm GNU Toolchain arm-none-eabi/13.3 rel1/bin/../lib/gcc/arm-none-eabi/13.3.1/thumb/v7-a+fp/hard\libg.a(libc_a-strlen.o)
                0x18004ec0                strlen
 .text          0x18004f98      0x2b0 C:/Program Files (x86)/Arm GNU Toolchain arm-none-eabi/13.3 rel1/bin/../lib/gcc/arm-none-eabi/13.3.1/thumb/v7-a+fp/hard\libgcc.a(_divsi3.o)
                0x18004f98                __divsi3
                0x18004f98                __aeabi_idiv
                0x1800522c                __aeabi_idivmod
 *(.text.*)
 .text.GRAPHICS_VideoDecoderInit
                0x18005248       0xe8 ./src/drivers/video/video_decoder/video_decoder.o
                0x18005248                GRAPHICS_VideoDecoderInit
 .text.init_func
                0x18005330       0x88 ./src/drivers/video/video_decoder/video_decoder.o
 .text.Input    0x180053b8       0x9c ./src/drivers/video/video_decoder/video_decoder.o
 .text.SyncSep  0x18005454      0x208 ./src/drivers/video/video_decoder/video_decoder.o
 .text.YcSep    0x1800565c      0x28c ./src/drivers/video/video_decoder/video_decoder.o
 .text.ChromaDec
                0x180058e8      0x17c ./src/drivers/video/video_decoder/video_decoder.o
 .text.DigitalClamp
                0x18005a64       0xcc ./src/drivers/video/video_decoder/video_decoder.o
 .text.Output   0x18005b30       0x54 ./src/drivers/video/video_decoder/video_decoder.o
 .text.R_VDEC_Initialize
                0x18005b84       0xb4 ./src/drivers/video/vdec/src/r_vdec.o
                0x18005b84                R_VDEC_Initialize
 .text.R_VDEC_ActivePeriod
                0x18005c38       0x88 ./src/drivers/video/vdec/src/r_vdec.o
                0x18005c38                R_VDEC_ActivePeriod
 .text.R_VDEC_SyncSeparation
                0x18005cc0       0x88 ./src/drivers/video/vdec/src/r_vdec.o
                0x18005cc0                R_VDEC_SyncSeparation
 .text.R_VDEC_YcSeparation
                0x18005d48       0x88 ./src/drivers/video/vdec/src/r_vdec.o
                0x18005d48                R_VDEC_YcSeparation
 .text.R_VDEC_ChromaDecoding
                0x18005dd0       0x88 ./src/drivers/video/vdec/src/r_vdec.o
                0x18005dd0                R_VDEC_ChromaDecoding
 .text.R_VDEC_DigitalClamp
                0x18005e58       0x88 ./src/drivers/video/vdec/src/r_vdec.o
                0x18005e58                R_VDEC_DigitalClamp
 .text.R_VDEC_Output
                0x18005ee0       0x88 ./src/drivers/video/vdec/src/r_vdec.o
                0x18005ee0                R_VDEC_Output
 .text.VDEC_InitializeCheckParam
                0x18005f68       0x58 ./src/drivers/video/vdec/src/r_vdec_check_parameter.o
                0x18005f68                VDEC_InitializeCheckParam
 .text.VDEC_ActivePeriodCheckParam
                0x18005fc0       0xb8 ./src/drivers/video/vdec/src/r_vdec_check_parameter.o
                0x18005fc0                VDEC_ActivePeriodCheckParam
 .text.VDEC_SyncSeparationCheckParam
                0x18006078      0x13c ./src/drivers/video/vdec/src/r_vdec_check_parameter.o
                0x18006078                VDEC_SyncSeparationCheckParam
 .text.VDEC_YcSeparationCheckParam
                0x180061b4      0x13c ./src/drivers/video/vdec/src/r_vdec_check_parameter.o
                0x180061b4                VDEC_YcSeparationCheckParam
 .text.VDEC_ChromaDecodingCheckParam
                0x180062f0      0x10c ./src/drivers/video/vdec/src/r_vdec_check_parameter.o
                0x180062f0                VDEC_ChromaDecodingCheckParam
 .text.VDEC_DigitalClampCheckParam
                0x180063fc      0x1e0 ./src/drivers/video/vdec/src/r_vdec_check_parameter.o
                0x180063fc                VDEC_DigitalClampCheckParam
 .text.VDEC_OutputCheckParam
                0x180065dc       0x9c ./src/drivers/video/vdec/src/r_vdec_check_parameter.o
                0x180065dc                VDEC_OutputCheckParam
 .text.NoiseReductionLPFCheckParam
                0x18006678       0x74 ./src/drivers/video/vdec/src/r_vdec_check_parameter.o
 .text.SyncSlicerCheckParam
                0x180066ec      0x158 ./src/drivers/video/vdec/src/r_vdec_check_parameter.o
 .text.HorizontalAFCCheckParam
                0x18006844      0x11c ./src/drivers/video/vdec/src/r_vdec_check_parameter.o
 .text.VerticalCountdownCheckParam
                0x18006960       0x90 ./src/drivers/video/vdec/src/r_vdec_check_parameter.o
 .text.AgcPgaCheckParam
                0x180069f0       0xac ./src/drivers/video/vdec/src/r_vdec_check_parameter.o
 .text.PeakLimiterControlCheckParam
                0x18006a9c       0xc8 ./src/drivers/video/vdec/src/r_vdec_check_parameter.o
 .text.OverRangeControlCheckParam
                0x18006b64       0xe4 ./src/drivers/video/vdec/src/r_vdec_check_parameter.o
 .text.YcSeparationControlCheckParam
                0x18006c48      0x20c ./src/drivers/video/vdec/src/r_vdec_check_parameter.o
 .text.FilterTAPsCoefficientCheckParam
                0x18006e54       0x90 ./src/drivers/video/vdec/src/r_vdec_check_parameter.o
 .text.ChromaDecodingControlCheckParam
                0x18006ee4       0xa0 ./src/drivers/video/vdec/src/r_vdec_check_parameter.o
 .text.BurstLockCheckParam
                0x18006f84       0xe4 ./src/drivers/video/vdec/src/r_vdec_check_parameter.o
 .text.AccColorKillerCheckParam
                0x18007068      0x11c ./src/drivers/video/vdec/src/r_vdec_check_parameter.o
 .text.VDEC_Initialize
                0x18007184       0xac ./src/drivers/video/vdec/src/r_vdec_register.o
                0x18007184                VDEC_Initialize
 .text.VDEC_ActivePeriod
                0x18007230       0x98 ./src/drivers/video/vdec/src/r_vdec_register.o
                0x18007230                VDEC_ActivePeriod
 .text.VDEC_SyncSeparation
                0x180072c8       0xb8 ./src/drivers/video/vdec/src/r_vdec_register.o
                0x180072c8                VDEC_SyncSeparation
 .text.VDEC_YcSeparation
                0x18007380      0x14c ./src/drivers/video/vdec/src/r_vdec_register.o
                0x18007380                VDEC_YcSeparation
 .text.VDEC_ChromaDecoding
                0x180074cc      0x478 ./src/drivers/video/vdec/src/r_vdec_register.o
                0x180074cc                VDEC_ChromaDecoding
 .text.VDEC_DigitalClamp
                0x18007944      0x2dc ./src/drivers/video/vdec/src/r_vdec_register.o
                0x18007944                VDEC_DigitalClamp
 .text.VDEC_Output
                0x18007c20       0x80 ./src/drivers/video/vdec/src/r_vdec_register.o
                0x18007c20                VDEC_Output
 .text.NoiseReductionLPF
                0x18007ca0       0x90 ./src/drivers/video/vdec/src/r_vdec_register.o
 .text.SyncSlicer
                0x18007d30      0x1c0 ./src/drivers/video/vdec/src/r_vdec_register.o
 .text.HorizontalAFC
                0x18007ef0      0x198 ./src/drivers/video/vdec/src/r_vdec_register.o
 .text.VerticalCountdown
                0x18008088       0xd8 ./src/drivers/video/vdec/src/r_vdec_register.o
 .text.AgcPga   0x18008160      0x1e8 ./src/drivers/video/vdec/src/r_vdec_register.o
 .text.PeakLimiterControl
                0x18008348       0xb8 ./src/drivers/video/vdec/src/r_vdec_register.o
 .text.OverRangeControl
                0x18008400      0x150 ./src/drivers/video/vdec/src/r_vdec_register.o
 .text.YcSeparationControl
                0x18008550      0x41c ./src/drivers/video/vdec/src/r_vdec_register.o
 .text.FilterTAPsCoefficient
                0x1800896c       0x94 ./src/drivers/video/vdec/src/r_vdec_register.o
 .text.R_VDC5_Initialize
                0x18008a00      0x1a4 ./src/drivers/video/vdc5/src/r_vdc5.o
                0x18008a00                R_VDC5_Initialize
 .text.R_VDC5_VideoInput
                0x18008ba4       0x88 ./src/drivers/video/vdc5/src/r_vdc5.o
                0x18008ba4                R_VDC5_VideoInput
 .text.R_VDC5_SyncControl
                0x18008c2c      0x144 ./src/drivers/video/vdc5/src/r_vdc5.o
                0x18008c2c                R_VDC5_SyncControl
 .text.R_VDC5_DisplayOutput
                0x18008d70       0xf0 ./src/drivers/video/vdc5/src/r_vdc5.o
                0x18008d70                R_VDC5_DisplayOutput
 .text.R_VDC5_CallbackISR
                0x18008e60       0xcc ./src/drivers/video/vdc5/src/r_vdc5.o
                0x18008e60                R_VDC5_CallbackISR
 .text.R_VDC5_WriteDataControl
                0x18008f2c      0x16c ./src/drivers/video/vdc5/src/r_vdc5.o
                0x18008f2c                R_VDC5_WriteDataControl
 .text.R_VDC5_StartProcess
                0x18009098       0xbc ./src/drivers/video/vdc5/src/r_vdc5.o
                0x18009098                R_VDC5_StartProcess
 .text.R_VDC5_StopProcess
                0x18009154       0xbc ./src/drivers/video/vdc5/src/r_vdc5.o
                0x18009154                R_VDC5_StopProcess
 .text.ConvertRwProcId2SclId
                0x18009210       0x80 ./src/drivers/video/vdc5/src/r_vdc5.o
 .text.VDC5_InitializeCheckPrm
                0x18009290      0x450 ./src/drivers/video/vdc5/src/r_vdc5_check_parameter.o
                0x18009290                VDC5_InitializeCheckPrm
 .text.VDC5_VideoInputCheckPrm
                0x180096e0      0x2a0 ./src/drivers/video/vdc5/src/r_vdc5_check_parameter.o
                0x180096e0                VDC5_VideoInputCheckPrm
 .text.VDC5_SyncControlCheckPrm
                0x18009980       0xec ./src/drivers/video/vdc5/src/r_vdc5_check_parameter.o
                0x18009980                VDC5_SyncControlCheckPrm
 .text.VDC5_DisplayOutputCheckPrm
                0x18009a6c      0x1f4 ./src/drivers/video/vdc5/src/r_vdc5_check_parameter.o
                0x18009a6c                VDC5_DisplayOutputCheckPrm
 .text.VDC5_CallbackISRCheckPrm
                0x18009c60       0xf4 ./src/drivers/video/vdc5/src/r_vdc5_check_parameter.o
                0x18009c60                VDC5_CallbackISRCheckPrm
 .text.VDC5_WriteDataControlCheckPrm
                0x18009d54      0x2dc ./src/drivers/video/vdc5/src/r_vdc5_check_parameter.o
                0x18009d54                VDC5_WriteDataControlCheckPrm
 .text.VDC5_StartProcessCheckPrm
                0x1800a030      0x15c ./src/drivers/video/vdc5/src/r_vdc5_check_parameter.o
                0x1800a030                VDC5_StartProcessCheckPrm
 .text.VDC5_StopProcessCheckPrm
                0x1800a18c       0x74 ./src/drivers/video/vdc5/src/r_vdc5_check_parameter.o
                0x1800a18c                VDC5_StopProcessCheckPrm
 .text.CheckChannel
                0x1800a200       0x4c ./src/drivers/video/vdc5/src/r_vdc5_check_parameter.o
 .text.CheckLayerId
                0x1800a24c       0x70 ./src/drivers/video/vdc5/src/r_vdc5_check_parameter.o
 .text.CheckRect
                0x1800a2bc      0x134 ./src/drivers/video/vdc5/src/r_vdc5_check_parameter.o
 .text.CheckTcon_Horizontal
                0x1800a3f0       0x94 ./src/drivers/video/vdc5/src/r_vdc5_check_parameter.o
 .text.CheckTcon_HorizontalPol
                0x1800a484       0xb0 ./src/drivers/video/vdc5/src/r_vdc5_check_parameter.o
 .text.CheckTcon_Vertical
                0x1800a534       0x94 ./src/drivers/video/vdc5/src/r_vdc5_check_parameter.o
 .text.CheckTcon_DataEnable
                0x1800a5c8       0x5c ./src/drivers/video/vdc5/src/r_vdc5_check_parameter.o
 .text.R_VDC5_GetISR
                0x1800a624       0x84 ./src/drivers/video/vdc5/src/r_vdc5_interrupt.o
                0x1800a624                R_VDC5_GetISR
 .text.VDC5_Int_Disable
                0x1800a6a8       0xc0 ./src/drivers/video/vdc5/src/r_vdc5_interrupt.o
                0x1800a6a8                VDC5_Int_Disable
 .text.VDC5_Int_SetInterrupt
                0x1800a768      0x438 ./src/drivers/video/vdc5/src/r_vdc5_interrupt.o
                0x1800a768                VDC5_Int_SetInterrupt
 .text.VDC5_Ch0_s0_vi_vsync_ISR
                0x1800aba0       0xb0 ./src/drivers/video/vdc5/src/r_vdc5_interrupt.o
 .text.VDC5_Ch0_s0_lo_vsync_ISR
                0x1800ac50       0xb0 ./src/drivers/video/vdc5/src/r_vdc5_interrupt.o
 .text.VDC5_Ch0_s0_vsyncerr_ISR
                0x1800ad00       0xb0 ./src/drivers/video/vdc5/src/r_vdc5_interrupt.o
 .text.VDC5_Ch0_vline_ISR
                0x1800adb0       0xb0 ./src/drivers/video/vdc5/src/r_vdc5_interrupt.o
 .text.VDC5_Ch0_s0_vfield_ISR
                0x1800ae60       0xb0 ./src/drivers/video/vdc5/src/r_vdc5_interrupt.o
 .text.VDC5_Ch0_iv1_vbuferr_ISR
                0x1800af10       0xb0 ./src/drivers/video/vdc5/src/r_vdc5_interrupt.o
 .text.VDC5_Ch0_iv3_vbuferr_ISR
                0x1800afc0       0xb0 ./src/drivers/video/vdc5/src/r_vdc5_interrupt.o
 .text.VDC5_Ch0_iv5_vbuferr_ISR
                0x1800b070       0xb0 ./src/drivers/video/vdc5/src/r_vdc5_interrupt.o
 .text.VDC5_Ch0_iv6_vbuferr_ISR
                0x1800b120       0xb0 ./src/drivers/video/vdc5/src/r_vdc5_interrupt.o
 .text.VDC5_Ch0_s0_wline_ISR
                0x1800b1d0       0xb0 ./src/drivers/video/vdc5/src/r_vdc5_interrupt.o
 .text.VDC5_Ch0_s1_vi_vsync_ISR
                0x1800b280       0xb0 ./src/drivers/video/vdc5/src/r_vdc5_interrupt.o
 .text.VDC5_Ch0_s1_lo_vsync_ISR
                0x1800b330       0xb0 ./src/drivers/video/vdc5/src/r_vdc5_interrupt.o
 .text.VDC5_Ch0_s1_vsyncerr_ISR
                0x1800b3e0       0xb0 ./src/drivers/video/vdc5/src/r_vdc5_interrupt.o
 .text.VDC5_Ch0_s1_vfield_ISR
                0x1800b490       0xb0 ./src/drivers/video/vdc5/src/r_vdc5_interrupt.o
 .text.VDC5_Ch0_iv2_vbuferr_ISR
                0x1800b540       0xb0 ./src/drivers/video/vdc5/src/r_vdc5_interrupt.o
 .text.VDC5_Ch0_iv4_vbuferr_ISR
                0x1800b5f0       0xb0 ./src/drivers/video/vdc5/src/r_vdc5_interrupt.o
 .text.VDC5_Ch0_s1_wline_ISR
                0x1800b6a0       0xb0 ./src/drivers/video/vdc5/src/r_vdc5_interrupt.o
 .text.VDC5_Ch0_oir_vi_vsync_ISR
                0x1800b750       0xb0 ./src/drivers/video/vdc5/src/r_vdc5_interrupt.o
 .text.VDC5_Ch0_oir_lo_vsync_ISR
                0x1800b800       0xb0 ./src/drivers/video/vdc5/src/r_vdc5_interrupt.o
 .text.VDC5_Ch0_oir_vline_ISR
                0x1800b8b0       0xb0 ./src/drivers/video/vdc5/src/r_vdc5_interrupt.o
 .text.VDC5_Ch0_oir_vfield_ISR
                0x1800b960       0xb0 ./src/drivers/video/vdc5/src/r_vdc5_interrupt.o
 .text.VDC5_Ch0_iv7_vbuferr_ISR
                0x1800ba10       0xb0 ./src/drivers/video/vdc5/src/r_vdc5_interrupt.o
 .text.VDC5_Ch0_iv8_vbuferr_ISR
                0x1800bac0       0xb0 ./src/drivers/video/vdc5/src/r_vdc5_interrupt.o
 .text.VDC5_Ch1_s0_vi_vsync_ISR
                0x1800bb70       0xb0 ./src/drivers/video/vdc5/src/r_vdc5_interrupt.o
 .text.VDC5_Ch1_s0_lo_vsync_ISR
                0x1800bc20       0xb0 ./src/drivers/video/vdc5/src/r_vdc5_interrupt.o
 .text.VDC5_Ch1_s0_vsyncerr_ISR
                0x1800bcd0       0xb0 ./src/drivers/video/vdc5/src/r_vdc5_interrupt.o
 .text.VDC5_Ch1_vline_ISR
                0x1800bd80       0xb0 ./src/drivers/video/vdc5/src/r_vdc5_interrupt.o
 .text.VDC5_Ch1_s0_vfield_ISR
                0x1800be30       0xb0 ./src/drivers/video/vdc5/src/r_vdc5_interrupt.o
 .text.VDC5_Ch1_iv1_vbuferr_ISR
                0x1800bee0       0xb0 ./src/drivers/video/vdc5/src/r_vdc5_interrupt.o
 .text.VDC5_Ch1_iv3_vbuferr_ISR
                0x1800bf90       0xb0 ./src/drivers/video/vdc5/src/r_vdc5_interrupt.o
 .text.VDC5_Ch1_iv5_vbuferr_ISR
                0x1800c040       0xb0 ./src/drivers/video/vdc5/src/r_vdc5_interrupt.o
 .text.VDC5_Ch1_iv6_vbuferr_ISR
                0x1800c0f0       0xb0 ./src/drivers/video/vdc5/src/r_vdc5_interrupt.o
 .text.VDC5_Ch1_s0_wline_ISR
                0x1800c1a0       0xb0 ./src/drivers/video/vdc5/src/r_vdc5_interrupt.o
 .text.VDC5_Ch1_s1_vi_vsync_ISR
                0x1800c250       0xb0 ./src/drivers/video/vdc5/src/r_vdc5_interrupt.o
 .text.VDC5_Ch1_s1_lo_vsync_ISR
                0x1800c300       0xb0 ./src/drivers/video/vdc5/src/r_vdc5_interrupt.o
 .text.VDC5_Ch1_s1_vsyncerr_ISR
                0x1800c3b0       0xb0 ./src/drivers/video/vdc5/src/r_vdc5_interrupt.o
 .text.VDC5_Ch1_s1_vfield_ISR
                0x1800c460       0xb0 ./src/drivers/video/vdc5/src/r_vdc5_interrupt.o
 .text.VDC5_Ch1_iv2_vbuferr_ISR
                0x1800c510       0xb0 ./src/drivers/video/vdc5/src/r_vdc5_interrupt.o
 .text.VDC5_Ch1_iv4_vbuferr_ISR
                0x1800c5c0       0xb0 ./src/drivers/video/vdc5/src/r_vdc5_interrupt.o
 .text.VDC5_Ch1_s1_wline_ISR
                0x1800c670       0xb0 ./src/drivers/video/vdc5/src/r_vdc5_interrupt.o
 .text.VDC5_Ch1_oir_vi_vsync_ISR
                0x1800c720       0xb0 ./src/drivers/video/vdc5/src/r_vdc5_interrupt.o
 .text.VDC5_Ch1_oir_lo_vsync_ISR
                0x1800c7d0       0xb0 ./src/drivers/video/vdc5/src/r_vdc5_interrupt.o
 .text.VDC5_Ch1_oir_vline_ISR
                0x1800c880       0xb0 ./src/drivers/video/vdc5/src/r_vdc5_interrupt.o
 .text.VDC5_Ch1_oir_vfield_ISR
                0x1800c930       0xb0 ./src/drivers/video/vdc5/src/r_vdc5_interrupt.o
 .text.VDC5_Ch1_iv7_vbuferr_ISR
                0x1800c9e0       0xb0 ./src/drivers/video/vdc5/src/r_vdc5_interrupt.o
 .text.VDC5_Ch1_iv8_vbuferr_ISR
                0x1800ca90       0xb0 ./src/drivers/video/vdc5/src/r_vdc5_interrupt.o
 .text.VDC5_Initialize
                0x1800cb40      0x3d0 ./src/drivers/video/vdc5/src/r_vdc5_register.o
                0x1800cb40                VDC5_Initialize
 .text.VDC5_VideoInput
                0x1800cf10      0x23c ./src/drivers/video/vdc5/src/r_vdc5_register.o
                0x1800cf10                VDC5_VideoInput
 .text.VDC5_SyncControl
                0x1800d14c      0x5f0 ./src/drivers/video/vdc5/src/r_vdc5_register.o
                0x1800d14c                VDC5_SyncControl
 .text.VDC5_DisplayOutput
                0x1800d73c      0x4c8 ./src/drivers/video/vdc5/src/r_vdc5_register.o
                0x1800d73c                VDC5_DisplayOutput
 .text.VDC5_WriteDataControl
                0x1800dc04      0x650 ./src/drivers/video/vdc5/src/r_vdc5_register.o
                0x1800dc04                VDC5_WriteDataControl
 .text.VDC5_StartProcess
                0x1800e254      0x1a0 ./src/drivers/video/vdc5/src/r_vdc5_register.o
                0x1800e254                VDC5_StartProcess
 .text.VDC5_StopProcess
                0x1800e3f4      0x178 ./src/drivers/video/vdc5/src/r_vdc5_register.o
                0x1800e3f4                VDC5_StopProcess
 .text.SetVideoExternalInput
                0x1800e56c      0x270 ./src/drivers/video/vdc5/src/r_vdc5_register.o
 .text.SetInitialConnection
                0x1800e7dc      0x184 ./src/drivers/video/vdc5/src/r_vdc5_register.o
 .text.SetGrapicsBackgroundColor
                0x1800e960      0x16c ./src/drivers/video/vdc5/src/r_vdc5_register.o
 .text.SetLcdTcon_STVA_VS
                0x1800eacc       0xb4 ./src/drivers/video/vdc5/src/r_vdc5_register.o
 .text.SetLcdTcon_STVB_VE
                0x1800eb80       0xb4 ./src/drivers/video/vdc5/src/r_vdc5_register.o
 .text.SetLcdTcon_STH_HS
                0x1800ec34       0xdc ./src/drivers/video/vdc5/src/r_vdc5_register.o
 .text.SetLcdTcon_STB_HE
                0x1800ed10       0xdc ./src/drivers/video/vdc5/src/r_vdc5_register.o
 .text.SetLcdTcon_CPV_GCK
                0x1800edec       0xdc ./src/drivers/video/vdc5/src/r_vdc5_register.o
 .text.SetLcdTcon_POLA
                0x1800eec8      0x108 ./src/drivers/video/vdc5/src/r_vdc5_register.o
 .text.SetLcdTcon_POLB
                0x1800efd0      0x108 ./src/drivers/video/vdc5/src/r_vdc5_register.o
 .text.SetLcdTcon_DE
                0x1800f0d8       0x4c ./src/drivers/video/vdc5/src/r_vdc5_register.o
 .text.SetScalingDown
                0x1800f124      0x1f4 ./src/drivers/video/vdc5/src/r_vdc5_register.o
 .text.CalcScalingRatio
                0x1800f318      0x184 ./src/drivers/video/vdc5/src/r_vdc5_register.o
 .text.SetInputCntrlColorMtx
                0x1800f49c      0x13c ./src/drivers/video/vdc5/src/r_vdc5_register.o
 .text.SetRwProcAbility_Write_0
                0x1800f5d8      0x118 ./src/drivers/video/vdc5/src/r_vdc5_register.o
 .text.SetRwProcAbility_Write_1
                0x1800f6f0      0x11c ./src/drivers/video/vdc5/src/r_vdc5_register.o
 .text.SetRwProcAbility_Write_OIR
                0x1800f80c       0xb4 ./src/drivers/video/vdc5/src/r_vdc5_register.o
 .text.SetRwProcAbility_Read_0
                0x1800f8c0       0xec ./src/drivers/video/vdc5/src/r_vdc5_register.o
 .text.SetRwProcAbility_Read_1
                0x1800f9ac       0xf4 ./src/drivers/video/vdc5/src/r_vdc5_register.o
 .text.SetRwProcAbility_Read_2
                0x1800faa0       0xf4 ./src/drivers/video/vdc5/src/r_vdc5_register.o
 .text.SetRwProcAbility_Read_3
                0x1800fb94       0xf4 ./src/drivers/video/vdc5/src/r_vdc5_register.o
 .text.SetRwProcAbility_Read_OIR
                0x1800fc88       0xf0 ./src/drivers/video/vdc5/src/r_vdc5_register.o
 .text.SetRegUpdateRwEnable
                0x1800fd78      0x46c ./src/drivers/video/vdc5/src/r_vdc5_register.o
 .text.SetGraphicsDisplayMode
                0x180101e4      0x1ec ./src/drivers/video/vdc5/src/r_vdc5_register.o
 .text.SetColorMatrix
                0x180103d0      0x21c ./src/drivers/video/vdc5/src/r_vdc5_register.o
 .text.ColorConversionIntoAgbr
                0x180105ec       0x7c ./src/drivers/video/vdc5/src/r_vdc5_register.o
 .text.Wait_200_usec
                0x18010668       0x48 ./src/drivers/video/vdc5/src/r_vdc5_register.o
 .text.VDC5_ShrdPrmInit
                0x180106b0      0x2d4 ./src/drivers/video/vdc5/src/r_vdc5_shared_param.o
                0x180106b0                VDC5_ShrdPrmInit
 .text.VDC5_ShrdPrmSetInitParam
                0x18010984       0xa4 ./src/drivers/video/vdc5/src/r_vdc5_shared_param.o
                0x18010984                VDC5_ShrdPrmSetInitParam
 .text.VDC5_ShrdPrmSetInputParam
                0x18010a28       0xdc ./src/drivers/video/vdc5/src/r_vdc5_shared_param.o
                0x18010a28                VDC5_ShrdPrmSetInputParam
 .text.VDC5_ShrdPrmSetSyncParam
                0x18010b04       0x50 ./src/drivers/video/vdc5/src/r_vdc5_shared_param.o
                0x18010b04                VDC5_ShrdPrmSetSyncParam
 .text.VDC5_ShrdPrmSetOutputParam
                0x18010b54      0x138 ./src/drivers/video/vdc5/src/r_vdc5_shared_param.o
                0x18010b54                VDC5_ShrdPrmSetOutputParam
 .text.VDC5_ShrdPrmSetWriteParam
                0x18010c8c      0x154 ./src/drivers/video/vdc5/src/r_vdc5_shared_param.o
                0x18010c8c                VDC5_ShrdPrmSetWriteParam
 .text.VDC5_ShrdPrmSetCascade
                0x18010de0       0x4c ./src/drivers/video/vdc5/src/r_vdc5_shared_param.o
                0x18010de0                VDC5_ShrdPrmSetCascade
 .text.VDC5_ShrdPrmSetUndSel
                0x18010e2c       0x4c ./src/drivers/video/vdc5/src/r_vdc5_shared_param.o
                0x18010e2c                VDC5_ShrdPrmSetUndSel
 .text.VDC5_ShrdPrmGetPanelClkSel
                0x18010e78       0x34 ./src/drivers/video/vdc5/src/r_vdc5_shared_param.o
                0x18010e78                VDC5_ShrdPrmGetPanelClkSel
 .text.VDC5_ShrdPrmGetColorSpace
                0x18010eac       0x3c ./src/drivers/video/vdc5/src/r_vdc5_shared_param.o
                0x18010eac                VDC5_ShrdPrmGetColorSpace
 .text.VDC5_ShrdPrmGetInputSelect
                0x18010ee8       0x3c ./src/drivers/video/vdc5/src/r_vdc5_shared_param.o
                0x18010ee8                VDC5_ShrdPrmGetInputSelect
 .text.VDC5_ShrdPrmGetBgColor
                0x18010f24       0x70 ./src/drivers/video/vdc5/src/r_vdc5_shared_param.o
                0x18010f24                VDC5_ShrdPrmGetBgColor
 .text.VDC5_ShrdPrmGetColorSpaceFbWr
                0x18010f94       0x74 ./src/drivers/video/vdc5/src/r_vdc5_shared_param.o
                0x18010f94                VDC5_ShrdPrmGetColorSpaceFbWr
 .text.VDC5_ShrdPrmGetLvdsCh
                0x18011008       0x24 ./src/drivers/video/vdc5/src/r_vdc5_shared_param.o
                0x18011008                VDC5_ShrdPrmGetLvdsCh
 .text.VDC5_ShrdPrmSetResource
                0x1801102c       0x60 ./src/drivers/video/vdc5/src/r_vdc5_shared_param.o
                0x1801102c                VDC5_ShrdPrmSetResource
 .text.VDC5_ShrdPrmSetLayerResource
                0x1801108c       0xf0 ./src/drivers/video/vdc5/src/r_vdc5_shared_param.o
                0x1801108c                VDC5_ShrdPrmSetLayerResource
 .text.VDC5_ShrdPrmGetResource
                0x1801117c       0x68 ./src/drivers/video/vdc5/src/r_vdc5_shared_param.o
                0x1801117c                VDC5_ShrdPrmGetResource
 .text.VDC5_ShrdPrmGetLayerResource
                0x180111e4       0x58 ./src/drivers/video/vdc5/src/r_vdc5_shared_param.o
                0x180111e4                VDC5_ShrdPrmGetLayerResource
 .text.VDC5_ShrdPrmSetRwProcEnable
                0x1801123c       0x98 ./src/drivers/video/vdc5/src/r_vdc5_shared_param.o
                0x1801123c                VDC5_ShrdPrmSetRwProcEnable
 .text.VDC5_ShrdPrmSetRwProcDisable
                0x180112d4       0x98 ./src/drivers/video/vdc5/src/r_vdc5_shared_param.o
                0x180112d4                VDC5_ShrdPrmSetRwProcDisable
 .text.VDC5_ShrdPrmGetRwProcReady
                0x1801136c       0xa8 ./src/drivers/video/vdc5/src/r_vdc5_shared_param.o
                0x1801136c                VDC5_ShrdPrmGetRwProcReady
 .text.VDC5_ShrdPrmGetRwProcEnabled
                0x18011414       0xa8 ./src/drivers/video/vdc5/src/r_vdc5_shared_param.o
                0x18011414                VDC5_ShrdPrmGetRwProcEnabled
 .text.VDC5_ShrdPrmGetOirRwProcEnabled
                0x180114bc       0xf0 ./src/drivers/video/vdc5/src/r_vdc5_shared_param.o
                0x180114bc                VDC5_ShrdPrmGetOirRwProcEnabled
 .text.GetResourceStatePointer
                0x180115ac       0xf0 ./src/drivers/video/vdc5/src/r_vdc5_shared_param.o
 .text.SumProduct
                0x1801169c      0x100 ./src/drivers/video/vdc5/src/r_vdc5_shared_param.o
 .text.compare_nodiv
                0x1801179c       0xdc ./src/drivers/video/lvds/lvds_pll_main.o
 .text.compare_div3
                0x18011878       0x94 ./src/drivers/video/lvds/lvds_pll_main.o
 *fill*         0x1801190c        0x4 
 .text.SeekValue
                0x18011910      0x2b0 ./src/drivers/video/lvds/lvds_pll_main.o
 .text.lvds_pll_calc
                0x18011bc0      0x180 ./src/drivers/video/lvds/lvds_pll_main.o
                0x18011bc0                lvds_pll_calc
 .text._ZN11DisplayBaseC2Ev
                0x18011d40      0x1cc ./src/drivers/video/DisplayBase.o
                0x18011d40                DisplayBase::DisplayBase()
                0x18011d40                DisplayBase::DisplayBase()
 .text._ZN11DisplayBase13Graphics_initEPNS_12lcd_config_tE
                0x18011f0c      0x16c ./src/drivers/video/DisplayBase.o
                0x18011f0c                DisplayBase::Graphics_init(DisplayBase::lcd_config_t*)
 .text._ZN11DisplayBase19Graphics_Video_initENS_17video_input_sel_tEPNS_21video_ext_in_config_tE
                0x18012078      0x17c ./src/drivers/video/DisplayBase.o
                0x18012078                DisplayBase::Graphics_Video_init(DisplayBase::video_input_sel_t, DisplayBase::video_ext_in_config_t*)
 .text._ZN11DisplayBase24Graphics_Irq_Handler_SetENS_10int_type_tEtPFvS0_E
                0x180121f4       0x48 ./src/drivers/video/DisplayBase.o
                0x180121f4                DisplayBase::Graphics_Irq_Handler_Set(DisplayBase::int_type_t, unsigned short, void (*)(DisplayBase::int_type_t))
 .text._ZN11DisplayBase11Video_StartENS_21video_input_channel_tE
                0x1801223c       0x74 ./src/drivers/video/DisplayBase.o
                0x1801223c                DisplayBase::Video_Start(DisplayBase::video_input_channel_t)
 .text._ZN11DisplayBase10Video_StopENS_21video_input_channel_tE
                0x180122b0       0x74 ./src/drivers/video/DisplayBase.o
                0x180122b0                DisplayBase::Video_Stop(DisplayBase::video_input_channel_t)
 .text._ZN11DisplayBase19Video_Write_SettingENS_21video_input_channel_tENS_24graphics_video_col_sys_tEPvjNS_14video_format_tENS_11wr_rd_swa_tEttNS_18video_adc_vinsel_tE
                0x18012324      0x1a0 ./src/drivers/video/DisplayBase.o
                0x18012324                DisplayBase::Video_Write_Setting(DisplayBase::video_input_channel_t, DisplayBase::graphics_video_col_sys_t, void*, unsigned int, DisplayBase::video_format_t, DisplayBase::wr_rd_swa_t, unsigned short, unsigned short, DisplayBase::video_adc_vinsel_t)
 .text.InterruptHandlerRegister
                0x180124c4       0x64 ./src/drivers/video/gr_peach_vdc5.o
 .text.GIC_SetPriority
                0x18012528       0xcc ./src/drivers/video/gr_peach_vdc5.o
 .text.GIC_EnableIRQ
                0x180125f4      0x14c ./src/drivers/video/gr_peach_vdc5.o
 .text.GIC_DisableIRQ
                0x18012740       0x90 ./src/drivers/video/gr_peach_vdc5.o
 .text.init_func
                0x180127d0      0x184 ./src/drivers/video/gr_peach_vdc5.o
 .text.DRV_Graphics_Irq_Set
                0x18012954       0x90 ./src/drivers/video/gr_peach_vdc5.o
 .text.DRV_Graphics_Irq_Handler_Set
                0x180129e4       0xb8 ./src/drivers/video/gr_peach_vdc5.o
                0x180129e4                DRV_Graphics_Irq_Handler_Set
 .text.DRV_Graphics_Init
                0x18012a9c      0x5c4 ./src/drivers/video/gr_peach_vdc5.o
                0x18012a9c                DRV_Graphics_Init
 .text.DRV_Graphics_Video_init
                0x18013060      0x18c ./src/drivers/video/gr_peach_vdc5.o
                0x18013060                DRV_Graphics_Video_init
 .text.DRV_Video_Start
                0x180131ec       0xb8 ./src/drivers/video/gr_peach_vdc5.o
                0x180131ec                DRV_Video_Start
 .text.DRV_Video_Stop
                0x180132a4       0xac ./src/drivers/video/gr_peach_vdc5.o
                0x180132a4                DRV_Video_Stop
 .text.DRV_Video_Write_Setting
                0x18013350      0x380 ./src/drivers/video/gr_peach_vdc5.o
                0x18013350                DRV_Video_Write_Setting
 .text.DRV_Video_Write_Setting_Digital
                0x180136d0      0x1e8 ./src/drivers/video/gr_peach_vdc5.o
                0x180136d0                DRV_Video_Write_Setting_Digital
 .text._ZN6Camera4initEv
                0x180138b8      0x4d8 ./src/drivers/Camera.o
                0x180138b8                Camera::init()
 .text._ZN6Camera14vfieldCallbackEN11DisplayBase10int_type_tE
                0x18013d90       0x90 ./src/drivers/Camera.o
                0x18013d90                Camera::vfieldCallback(DisplayBase::int_type_t)
 .text._ZN6Camera13vsyncCallbackEN11DisplayBase10int_type_tE
                0x18013e20       0x64 ./src/drivers/Camera.o
                0x18013e20                Camera::vsyncCallback(DisplayBase::int_type_t)
 .text._ZN6Camera6updateEv
                0x18013e84      0x108 ./src/drivers/Camera.o
                0x18013e84                Camera::update()
 .text._ZN6Camera9imageCopyEi
                0x18013f8c      0x2a0 ./src/drivers/Camera.o
                0x18013f8c                Camera::imageCopy(int)
 .text._ZN6Camera17extractBrightnessEi
                0x1801422c      0x5f0 ./src/drivers/Camera.o
                0x1801422c                Camera::extractBrightness(int)
 .text._ZNK6Camera8getPixelEii
                0x1801481c       0x90 ./src/drivers/Camera.o
                0x1801481c                Camera::getPixel(int, int) const
 .text._ZNK6Camera12isFrameReadyEv
                0x180148ac       0x2c ./src/drivers/Camera.o
                0x180148ac                Camera::isFrameReady() const
 .text._ZN6Camera15clearFrameReadyEv
                0x180148d8       0x2c ./src/drivers/Camera.o
                0x180148d8                Camera::clearFrameReady()
 .text._ZN7Onboard4initEv
                0x18014904      0x1e0 ./src/drivers/Onboard.o
                0x18014904                Onboard::init()
 .text._ZN7Onboard10setUserLedEi
                0x18014ae4       0x44 ./src/drivers/Onboard.o
                0x18014ae4                Onboard::setUserLed(int)
 .text._ZN7Onboard11setColorLedEiii
                0x18014b28       0x8c ./src/drivers/Onboard.o
                0x18014b28                Onboard::setColorLed(int, int, int)
 .text._ZN7Onboard6updateEv
                0x18014bb4       0xfc ./src/drivers/Onboard.o
                0x18014bb4                Onboard::update()
 .text._ZN7Onboard2swEv
                0x18014cb0       0x5c ./src/drivers/Onboard.o
                0x18014cb0                Onboard::sw()
 .text._ZN6Serial4initEv
                0x18014d0c      0x2c4 ./src/drivers/Serial.o
                0x18014d0c                Serial::init()
 .text._ZN6Serial7putCharEc
                0x18014fd0       0x90 ./src/drivers/Serial.o
                0x18014fd0                Serial::putChar(char)
 .text._ZN6Serial5printEPKc
                0x18015060       0x70 ./src/drivers/Serial.o
                0x18015060                Serial::print(char const*)
 .text._ZN6Serial6printfEPKcz
                0x180150d0       0x5c ./src/drivers/Serial.o
                0x180150d0                Serial::printf(char const*, ...)
 .text.c_printf
                0x1801512c       0x54 ./src/drivers/Serial.o
                0x1801512c                c_printf
 .text._ZL7initGICv
                0x18015180       0x5c ./src/mcr_camera_2026base.o
 .text._ZL9initOSTM0v
                0x180151dc      0x17c ./src/mcr_camera_2026base.o
 .text.ostm0_interrupt_callback
                0x18015358      0x138 ./src/mcr_camera_2026base.o
                0x18015358                ostm0_interrupt_callback
 .text.main     0x18015490      0x5c4 ./src/mcr_camera_2026base.o
                0x18015490                main
 .text.HardwareSetup
                0x18015a54       0x18 ./generate/hwsetup.o
                0x18015a54                HardwareSetup
 .text.INT_Excep_UndefinedInst
                0x18015a6c       0x18 ./generate/inthandler.o
                0x18015a6c                INT_Excep_UndefinedInst
 .text.INT_Excep_SWI
                0x18015a84       0x18 ./generate/inthandler.o
                0x18015a84                INT_Excep_SWI
 .text.INT_Excep_PREFETCH_ABORT
                0x18015a9c       0x18 ./generate/inthandler.o
                0x18015a9c                INT_Excep_PREFETCH_ABORT
 .text.INT_Excep_DATA_ABORT
                0x18015ab4       0x18 ./generate/inthandler.o
                0x18015ab4                INT_Excep_DATA_ABORT
 .text.INT_Excep_Reserved
                0x18015acc       0x18 ./generate/inthandler.o
                0x18015acc                INT_Excep_Reserved
 .text.INT_Excep_IRQ
                0x18015ae4       0xd0 ./generate/inthandler.o
                0x18015ae4                INT_Excep_IRQ
 .text.INT_Excep_FIQ
                0x18015bb4       0x18 ./generate/inthandler.o
                0x18015bb4                INT_Excep_FIQ
 .text.INT_Excep_GIC0
                0x18015bcc       0x18 ./generate/inthandler.o
                0x18015bcc                INT_Excep_GIC0
 .text.INT_Excep_GIC1
                0x18015be4       0x18 ./generate/inthandler.o
                0x18015be4                INT_Excep_GIC1
 .text.INT_Excep_GIC2
                0x18015bfc       0x18 ./generate/inthandler.o
                0x18015bfc                INT_Excep_GIC2
 .text.INT_Excep_GIC3
                0x18015c14       0x18 ./generate/inthandler.o
                0x18015c14                INT_Excep_GIC3
 .text.INT_Excep_GIC4
                0x18015c2c       0x18 ./generate/inthandler.o
                0x18015c2c                INT_Excep_GIC4
 .text.INT_Excep_GIC5
                0x18015c44       0x18 ./generate/inthandler.o
                0x18015c44                INT_Excep_GIC5
 .text.INT_Excep_GIC6
                0x18015c5c       0x18 ./generate/inthandler.o
                0x18015c5c                INT_Excep_GIC6
 .text.INT_Excep_GIC7
                0x18015c74       0x18 ./generate/inthandler.o
                0x18015c74                INT_Excep_GIC7
 .text.INT_Excep_GIC8
                0x18015c8c       0x18 ./generate/inthandler.o
                0x18015c8c                INT_Excep_GIC8
 .text.INT_Excep_GIC9
                0x18015ca4       0x18 ./generate/inthandler.o
                0x18015ca4                INT_Excep_GIC9
 .text.INT_Excep_GIC10
                0x18015cbc       0x18 ./generate/inthandler.o
                0x18015cbc                INT_Excep_GIC10
 .text.INT_Excep_GIC11
                0x18015cd4       0x18 ./generate/inthandler.o
                0x18015cd4                INT_Excep_GIC11
 .text.INT_Excep_GIC12
                0x18015cec       0x18 ./generate/inthandler.o
                0x18015cec                INT_Excep_GIC12
 .text.INT_Excep_GIC13
                0x18015d04       0x18 ./generate/inthandler.o
                0x18015d04                INT_Excep_GIC13
 .text.INT_Excep_GIC14
                0x18015d1c       0x18 ./generate/inthandler.o
                0x18015d1c                INT_Excep_GIC14
 .text.INT_Excep_GIC15
                0x18015d34       0x18 ./generate/inthandler.o
                0x18015d34                INT_Excep_GIC15
 .text.INT_Excep_CPU_PMUIRQ0
                0x18015d4c       0x18 ./generate/inthandler.o
                0x18015d4c                INT_Excep_CPU_PMUIRQ0
 .text.INT_Excep_CPU_COMMRX0
                0x18015d64       0x18 ./generate/inthandler.o
                0x18015d64                INT_Excep_CPU_COMMRX0
 .text.INT_Excep_CPU_COMMTX0
                0x18015d7c       0x18 ./generate/inthandler.o
                0x18015d7c                INT_Excep_CPU_COMMTX0
 .text.INT_Excep_CPU_CTIIRQ0
                0x18015d94       0x18 ./generate/inthandler.o
                0x18015d94                INT_Excep_CPU_CTIIRQ0
 .text.INT_Excep_IRQ0
                0x18015dac       0x18 ./generate/inthandler.o
                0x18015dac                INT_Excep_IRQ0
 .text.INT_Excep_IRQ1
                0x18015dc4       0x18 ./generate/inthandler.o
                0x18015dc4                INT_Excep_IRQ1
 .text.INT_Excep_IRQ2
                0x18015ddc       0x18 ./generate/inthandler.o
                0x18015ddc                INT_Excep_IRQ2
 .text.INT_Excep_IRQ3
                0x18015df4       0x18 ./generate/inthandler.o
                0x18015df4                INT_Excep_IRQ3
 .text.INT_Excep_IRQ4
                0x18015e0c       0x18 ./generate/inthandler.o
                0x18015e0c                INT_Excep_IRQ4
 .text.INT_Excep_IRQ5
                0x18015e24       0x18 ./generate/inthandler.o
                0x18015e24                INT_Excep_IRQ5
 .text.INT_Excep_IRQ6
                0x18015e3c       0x18 ./generate/inthandler.o
                0x18015e3c                INT_Excep_IRQ6
 .text.INT_Excep_IRQ7
                0x18015e54       0x18 ./generate/inthandler.o
                0x18015e54                INT_Excep_IRQ7
 .text.INT_Excep_PL310ERR
                0x18015e6c       0x18 ./generate/inthandler.o
                0x18015e6c                INT_Excep_PL310ERR
 .text.INT_Excep_DMAINT0
                0x18015e84       0x18 ./generate/inthandler.o
                0x18015e84                INT_Excep_DMAINT0
 .text.INT_Excep_DMAINT1
                0x18015e9c       0x18 ./generate/inthandler.o
                0x18015e9c                INT_Excep_DMAINT1
 .text.INT_Excep_DMAINT2
                0x18015eb4       0x18 ./generate/inthandler.o
                0x18015eb4                INT_Excep_DMAINT2
 .text.INT_Excep_DMAINT3
                0x18015ecc       0x18 ./generate/inthandler.o
                0x18015ecc                INT_Excep_DMAINT3
 .text.INT_Excep_DMAINT4
                0x18015ee4       0x18 ./generate/inthandler.o
                0x18015ee4                INT_Excep_DMAINT4
 .text.INT_Excep_DMAINT5
                0x18015efc       0x18 ./generate/inthandler.o
                0x18015efc                INT_Excep_DMAINT5
 .text.INT_Excep_DMAINT6
                0x18015f14       0x18 ./generate/inthandler.o
                0x18015f14                INT_Excep_DMAINT6
 .text.INT_Excep_DMAINT7
                0x18015f2c       0x18 ./generate/inthandler.o
                0x18015f2c                INT_Excep_DMAINT7
 .text.INT_Excep_DMAINT8
                0x18015f44       0x18 ./generate/inthandler.o
                0x18015f44                INT_Excep_DMAINT8
 .text.INT_Excep_DMAINT9
                0x18015f5c       0x18 ./generate/inthandler.o
                0x18015f5c                INT_Excep_DMAINT9
 .text.INT_Excep_DMAINT10
                0x18015f74       0x18 ./generate/inthandler.o
                0x18015f74                INT_Excep_DMAINT10
 .text.INT_Excep_DMAINT11
                0x18015f8c       0x18 ./generate/inthandler.o
                0x18015f8c                INT_Excep_DMAINT11
 .text.INT_Excep_DMAINT12
                0x18015fa4       0x18 ./generate/inthandler.o
                0x18015fa4                INT_Excep_DMAINT12
 .text.INT_Excep_DMAINT13
                0x18015fbc       0x18 ./generate/inthandler.o
                0x18015fbc                INT_Excep_DMAINT13
 .text.INT_Excep_DMAINT14
                0x18015fd4       0x18 ./generate/inthandler.o
                0x18015fd4                INT_Excep_DMAINT14
 .text.INT_Excep_DMAINT15
                0x18015fec       0x18 ./generate/inthandler.o
                0x18015fec                INT_Excep_DMAINT15
 .text.INT_Excep_DMAERR
                0x18016004       0x18 ./generate/inthandler.o
                0x18016004                INT_Excep_DMAERR
 .text.INT_Excep_USBI0
                0x1801601c       0x18 ./generate/inthandler.o
                0x1801601c                INT_Excep_USBI0
 .text.INT_Excep_USBI1
                0x18016034       0x18 ./generate/inthandler.o
                0x18016034                INT_Excep_USBI1
 .text.INT_Excep_S0_VI_VSYNC0
                0x1801604c       0x18 ./generate/inthandler.o
                0x1801604c                INT_Excep_S0_VI_VSYNC0
 .text.INT_Excep_S0_LO_VSYNC0
                0x18016064       0x18 ./generate/inthandler.o
                0x18016064                INT_Excep_S0_LO_VSYNC0
 .text.INT_Excep_S0_VSYNCERR0
                0x1801607c       0x18 ./generate/inthandler.o
                0x1801607c                INT_Excep_S0_VSYNCERR0
 .text.INT_Excep_GR3_VLINE0
                0x18016094       0x18 ./generate/inthandler.o
                0x18016094                INT_Excep_GR3_VLINE0
 .text.INT_Excep_S0_VFIELD0
                0x180160ac       0x18 ./generate/inthandler.o
                0x180160ac                INT_Excep_S0_VFIELD0
 .text.INT_Excep_IV1_VBUFERR0
                0x180160c4       0x18 ./generate/inthandler.o
                0x180160c4                INT_Excep_IV1_VBUFERR0
 .text.INT_Excep_IV3_VBUFERR0
                0x180160dc       0x18 ./generate/inthandler.o
                0x180160dc                INT_Excep_IV3_VBUFERR0
 .text.INT_Excep_IV5_VBUFERR0
                0x180160f4       0x18 ./generate/inthandler.o
                0x180160f4                INT_Excep_IV5_VBUFERR0
 .text.INT_Excep_IV6_VBUFERR0
                0x1801610c       0x18 ./generate/inthandler.o
                0x1801610c                INT_Excep_IV6_VBUFERR0
 .text.INT_Excep_S0_WLINE0
                0x18016124       0x18 ./generate/inthandler.o
                0x18016124                INT_Excep_S0_WLINE0
 .text.INT_Excep_S1_VI_VSYNC0
                0x1801613c       0x18 ./generate/inthandler.o
                0x1801613c                INT_Excep_S1_VI_VSYNC0
 .text.INT_Excep_S1_LO_VSYNC0
                0x18016154       0x18 ./generate/inthandler.o
                0x18016154                INT_Excep_S1_LO_VSYNC0
 .text.INT_Excep_S1_VSYNCERR0
                0x1801616c       0x18 ./generate/inthandler.o
                0x1801616c                INT_Excep_S1_VSYNCERR0
 .text.INT_Excep_S1_VFIELD0
                0x18016184       0x18 ./generate/inthandler.o
                0x18016184                INT_Excep_S1_VFIELD0
 .text.INT_Excep_IV2_VBUFERR0
                0x1801619c       0x18 ./generate/inthandler.o
                0x1801619c                INT_Excep_IV2_VBUFERR0
 .text.INT_Excep_IV4_VBUFERR0
                0x180161b4       0x18 ./generate/inthandler.o
                0x180161b4                INT_Excep_IV4_VBUFERR0
 .text.INT_Excep_S1_WLINE0
                0x180161cc       0x18 ./generate/inthandler.o
                0x180161cc                INT_Excep_S1_WLINE0
 .text.INT_Excep_OIR_VI_VSYNC0
                0x180161e4       0x18 ./generate/inthandler.o
                0x180161e4                INT_Excep_OIR_VI_VSYNC0
 .text.INT_Excep_OIR_LO_VSYNC0
                0x180161fc       0x18 ./generate/inthandler.o
                0x180161fc                INT_Excep_OIR_LO_VSYNC0
 .text.INT_Excep_OIR_VSYNCERR0
                0x18016214       0x18 ./generate/inthandler.o
                0x18016214                INT_Excep_OIR_VSYNCERR0
 .text.INT_Excep_OIR_VFIELD0
                0x1801622c       0x18 ./generate/inthandler.o
                0x1801622c                INT_Excep_OIR_VFIELD0
 .text.INT_Excep_IV7_VBUFERR0
                0x18016244       0x18 ./generate/inthandler.o
                0x18016244                INT_Excep_IV7_VBUFERR0
 .text.INT_Excep_V8_VBUFERR0
                0x1801625c       0x18 ./generate/inthandler.o
                0x1801625c                INT_Excep_V8_VBUFERR0
 .text.INT_Excep_OIR_WLINE0
                0x18016274       0x18 ./generate/inthandler.o
                0x18016274                INT_Excep_OIR_WLINE0
 .text.INT_Excep_S0_VI_VSYNC1
                0x1801628c       0x18 ./generate/inthandler.o
                0x1801628c                INT_Excep_S0_VI_VSYNC1
 .text.INT_Excep_S0_LO_VSYNC1
                0x180162a4       0x18 ./generate/inthandler.o
                0x180162a4                INT_Excep_S0_LO_VSYNC1
 .text.INT_Excep_S0_VSYNCERR1
                0x180162bc       0x18 ./generate/inthandler.o
                0x180162bc                INT_Excep_S0_VSYNCERR1
 .text.INT_Excep_GR3_VLINE1
                0x180162d4       0x18 ./generate/inthandler.o
                0x180162d4                INT_Excep_GR3_VLINE1
 .text.INT_Excep_S0_VFIELD1
                0x180162ec       0x18 ./generate/inthandler.o
                0x180162ec                INT_Excep_S0_VFIELD1
 .text.INT_Excep_IV1_VBUFERR1
                0x18016304       0x18 ./generate/inthandler.o
                0x18016304                INT_Excep_IV1_VBUFERR1
 .text.INT_Excep_IV3_VBUFERR1
                0x1801631c       0x18 ./generate/inthandler.o
                0x1801631c                INT_Excep_IV3_VBUFERR1
 .text.INT_Excep_IV5_VBUFERR1
                0x18016334       0x18 ./generate/inthandler.o
                0x18016334                INT_Excep_IV5_VBUFERR1
 .text.INT_Excep_IV6_VBUFERR1
                0x1801634c       0x18 ./generate/inthandler.o
                0x1801634c                INT_Excep_IV6_VBUFERR1
 .text.INT_Excep_S0_WLINE1
                0x18016364       0x18 ./generate/inthandler.o
                0x18016364                INT_Excep_S0_WLINE1
 .text.INT_Excep_S1_VI_VSYNC1
                0x1801637c       0x18 ./generate/inthandler.o
                0x1801637c                INT_Excep_S1_VI_VSYNC1
 .text.INT_Excep_S1_LO_VSYNC1
                0x18016394       0x18 ./generate/inthandler.o
                0x18016394                INT_Excep_S1_LO_VSYNC1
 .text.INT_Excep_S1_VSYNCERR1
                0x180163ac       0x18 ./generate/inthandler.o
                0x180163ac                INT_Excep_S1_VSYNCERR1
 .text.INT_Excep_S1_VFIELD1
                0x180163c4       0x18 ./generate/inthandler.o
                0x180163c4                INT_Excep_S1_VFIELD1
 .text.INT_Excep_IV2_VBUFERR1
                0x180163dc       0x18 ./generate/inthandler.o
                0x180163dc                INT_Excep_IV2_VBUFERR1
 .text.INT_Excep_IV4_VBUFERR1
                0x180163f4       0x18 ./generate/inthandler.o
                0x180163f4                INT_Excep_IV4_VBUFERR1
 .text.INT_Excep_S1_WLINE1
                0x1801640c       0x18 ./generate/inthandler.o
                0x1801640c                INT_Excep_S1_WLINE1
 .text.INT_Excep_OIR_VI_VSYNC1
                0x18016424       0x18 ./generate/inthandler.o
                0x18016424                INT_Excep_OIR_VI_VSYNC1
 .text.INT_Excep_OIR_LO_VSYNC1
                0x1801643c       0x18 ./generate/inthandler.o
                0x1801643c                INT_Excep_OIR_LO_VSYNC1
 .text.INT_Excep_OIR_VLINE1
                0x18016454       0x18 ./generate/inthandler.o
                0x18016454                INT_Excep_OIR_VLINE1
 .text.INT_Excep_OIR_VFIELD1
                0x1801646c       0x18 ./generate/inthandler.o
                0x1801646c                INT_Excep_OIR_VFIELD1
 .text.INT_Excep_IV7_VBUFERR1
                0x18016484       0x18 ./generate/inthandler.o
                0x18016484                INT_Excep_IV7_VBUFERR1
 .text.INT_Excep_IV8_VBUFERR1
                0x1801649c       0x18 ./generate/inthandler.o
                0x1801649c                INT_Excep_IV8_VBUFERR1
 .text.INT_Excep_OIR_WLINE1
                0x180164b4       0x18 ./generate/inthandler.o
                0x180164b4                INT_Excep_OIR_WLINE1
 .text.INT_Excep_IMRDI
                0x180164cc       0x18 ./generate/inthandler.o
                0x180164cc                INT_Excep_IMRDI
 .text.INT_Excep_IMR2I0
                0x180164e4       0x18 ./generate/inthandler.o
                0x180164e4                INT_Excep_IMR2I0
 .text.INT_Excep_IMR2I1
                0x180164fc       0x18 ./generate/inthandler.o
                0x180164fc                INT_Excep_IMR2I1
 .text.INT_Excep_JEDI
                0x18016514       0x18 ./generate/inthandler.o
                0x18016514                INT_Excep_JEDI
 .text.INT_Excep_JDTI
                0x1801652c       0x18 ./generate/inthandler.o
                0x1801652c                INT_Excep_JDTI
 .text.INT_Excep_CMP0
                0x18016544       0x18 ./generate/inthandler.o
                0x18016544                INT_Excep_CMP0
 .text.INT_Excep_CMP1
                0x1801655c       0x18 ./generate/inthandler.o
                0x1801655c                INT_Excep_CMP1
 .text.INT_Excep_INT0
                0x18016574       0x18 ./generate/inthandler.o
                0x18016574                INT_Excep_INT0
 .text.INT_Excep_INT1
                0x1801658c       0x18 ./generate/inthandler.o
                0x1801658c                INT_Excep_INT1
 .text.INT_Excep_INT2
                0x180165a4       0x18 ./generate/inthandler.o
                0x180165a4                INT_Excep_INT2
 .text.INT_Excep_INT3
                0x180165bc       0x18 ./generate/inthandler.o
                0x180165bc                INT_Excep_INT3
 .text.INT_Excep_OSTMI0
                0x180165d4       0x14 ./generate/inthandler.o
                0x180165d4                INT_Excep_OSTMI0
 .text.INT_Excep_OSTMI1
                0x180165e8       0x18 ./generate/inthandler.o
                0x180165e8                INT_Excep_OSTMI1
 .text.INT_Excep_CMI
                0x18016600       0x18 ./generate/inthandler.o
                0x18016600                INT_Excep_CMI
 .text.INT_Excep_WTOUT
                0x18016618       0x18 ./generate/inthandler.o
                0x18016618                INT_Excep_WTOUT
 .text.INT_Excep_ITI
                0x18016630       0x18 ./generate/inthandler.o
                0x18016630                INT_Excep_ITI
 .text.INT_Excep_TGI0A
                0x18016648       0x18 ./generate/inthandler.o
                0x18016648                INT_Excep_TGI0A
 .text.INT_Excep_TGI0B
                0x18016660       0x18 ./generate/inthandler.o
                0x18016660                INT_Excep_TGI0B
 .text.INT_Excep_TGI0C
                0x18016678       0x18 ./generate/inthandler.o
                0x18016678                INT_Excep_TGI0C
 .text.INT_Excep_TGI0D
                0x18016690       0x18 ./generate/inthandler.o
                0x18016690                INT_Excep_TGI0D
 .text.INT_Excep_TGI0V
                0x180166a8       0x18 ./generate/inthandler.o
                0x180166a8                INT_Excep_TGI0V
 .text.INT_Excep_TGI0E
                0x180166c0       0x18 ./generate/inthandler.o
                0x180166c0                INT_Excep_TGI0E
 .text.INT_Excep_TGI0F
                0x180166d8       0x18 ./generate/inthandler.o
                0x180166d8                INT_Excep_TGI0F
 .text.INT_Excep_TGI1A
                0x180166f0       0x18 ./generate/inthandler.o
                0x180166f0                INT_Excep_TGI1A
 .text.INT_Excep_TGI1B
                0x18016708       0x18 ./generate/inthandler.o
                0x18016708                INT_Excep_TGI1B
 .text.INT_Excep_TGI1V
                0x18016720       0x18 ./generate/inthandler.o
                0x18016720                INT_Excep_TGI1V
 .text.INT_Excep_TGI1U
                0x18016738       0x18 ./generate/inthandler.o
                0x18016738                INT_Excep_TGI1U
 .text.INT_Excep_TGI2A
                0x18016750       0x18 ./generate/inthandler.o
                0x18016750                INT_Excep_TGI2A
 .text.INT_Excep_TGI2B
                0x18016768       0x18 ./generate/inthandler.o
                0x18016768                INT_Excep_TGI2B
 .text.INT_Excep_TGI2V
                0x18016780       0x18 ./generate/inthandler.o
                0x18016780                INT_Excep_TGI2V
 .text.INT_Excep_TGI2U
                0x18016798       0x18 ./generate/inthandler.o
                0x18016798                INT_Excep_TGI2U
 .text.INT_Excep_TGI3A
                0x180167b0       0x18 ./generate/inthandler.o
                0x180167b0                INT_Excep_TGI3A
 .text.INT_Excep_TGI3B
                0x180167c8       0x18 ./generate/inthandler.o
                0x180167c8                INT_Excep_TGI3B
 .text.INT_Excep_TGI3C
                0x180167e0       0x18 ./generate/inthandler.o
                0x180167e0                INT_Excep_TGI3C
 .text.INT_Excep_TGI3D
                0x180167f8       0x18 ./generate/inthandler.o
                0x180167f8                INT_Excep_TGI3D
 .text.INT_Excep_TGI3V
                0x18016810       0x18 ./generate/inthandler.o
                0x18016810                INT_Excep_TGI3V
 .text.INT_Excep_TGI4A
                0x18016828       0x18 ./generate/inthandler.o
                0x18016828                INT_Excep_TGI4A
 .text.INT_Excep_TGI4B
                0x18016840       0x18 ./generate/inthandler.o
                0x18016840                INT_Excep_TGI4B
 .text.INT_Excep_TGI4C
                0x18016858       0x18 ./generate/inthandler.o
                0x18016858                INT_Excep_TGI4C
 .text.INT_Excep_TGI4D
                0x18016870       0x18 ./generate/inthandler.o
                0x18016870                INT_Excep_TGI4D
 .text.INT_Excep_TGI4V
                0x18016888       0x18 ./generate/inthandler.o
                0x18016888                INT_Excep_TGI4V
 .text.INT_Excep_CMI1
                0x180168a0       0x18 ./generate/inthandler.o
                0x180168a0                INT_Excep_CMI1
 .text.INT_Excep_CMI2
                0x180168b8       0x18 ./generate/inthandler.o
                0x180168b8                INT_Excep_CMI2
 .text.INT_Excep_SGDEI0
                0x180168d0       0x18 ./generate/inthandler.o
                0x180168d0                INT_Excep_SGDEI0
 .text.INT_Excep_SGDEI1
                0x180168e8       0x18 ./generate/inthandler.o
                0x180168e8                INT_Excep_SGDEI1
 .text.INT_Excep_SGDEI2
                0x18016900       0x18 ./generate/inthandler.o
                0x18016900                INT_Excep_SGDEI2
 .text.INT_Excep_SGDEI3
                0x18016918       0x18 ./generate/inthandler.o
                0x18016918                INT_Excep_SGDEI3
 .text.INT_Excep_ADI
                0x18016930       0x18 ./generate/inthandler.o
                0x18016930                INT_Excep_ADI
 .text.INT_Excep_ADWAR
                0x18016948       0x18 ./generate/inthandler.o
                0x18016948                INT_Excep_ADWAR
 .text.INT_Excep_SSII0
                0x18016960       0x18 ./generate/inthandler.o
                0x18016960                INT_Excep_SSII0
 .text.INT_Excep_SSIRXI0
                0x18016978       0x18 ./generate/inthandler.o
                0x18016978                INT_Excep_SSIRXI0
 .text.INT_Excep_SSITXI0
                0x18016990       0x18 ./generate/inthandler.o
                0x18016990                INT_Excep_SSITXI0
 .text.INT_Excep_SSII1
                0x180169a8       0x18 ./generate/inthandler.o
                0x180169a8                INT_Excep_SSII1
 .text.INT_Excep_SSIRXI1
                0x180169c0       0x18 ./generate/inthandler.o
                0x180169c0                INT_Excep_SSIRXI1
 .text.INT_Excep_SSITXI1
                0x180169d8       0x18 ./generate/inthandler.o
                0x180169d8                INT_Excep_SSITXI1
 .text.INT_Excep_SSII2
                0x180169f0       0x18 ./generate/inthandler.o
                0x180169f0                INT_Excep_SSII2
 .text.INT_Excep_SSIRTI2
                0x18016a08       0x18 ./generate/inthandler.o
                0x18016a08                INT_Excep_SSIRTI2
 .text.INT_Excep_SSII3
                0x18016a20       0x18 ./generate/inthandler.o
                0x18016a20                INT_Excep_SSII3
 .text.INT_Excep_SSIRXI3
                0x18016a38       0x18 ./generate/inthandler.o
                0x18016a38                INT_Excep_SSIRXI3
 .text.INT_Excep_SSITXI3
                0x18016a50       0x18 ./generate/inthandler.o
                0x18016a50                INT_Excep_SSITXI3
 .text.INT_Excep_SSII4
                0x18016a68       0x18 ./generate/inthandler.o
                0x18016a68                INT_Excep_SSII4
 .text.INT_Excep_SSIRTI4
                0x18016a80       0x18 ./generate/inthandler.o
                0x18016a80                INT_Excep_SSIRTI4
 .text.INT_Excep_SSII5
                0x18016a98       0x18 ./generate/inthandler.o
                0x18016a98                INT_Excep_SSII5
 .text.INT_Excep_SSIRXI5
                0x18016ab0       0x18 ./generate/inthandler.o
                0x18016ab0                INT_Excep_SSIRXI5
 .text.INT_Excep_SSITXI5
                0x18016ac8       0x18 ./generate/inthandler.o
                0x18016ac8                INT_Excep_SSITXI5
 .text.INT_Excep_SPDIFI
                0x18016ae0       0x18 ./generate/inthandler.o
                0x18016ae0                INT_Excep_SPDIFI
 .text.INT_Excep_I2C_TEI0
                0x18016af8       0x18 ./generate/inthandler.o
                0x18016af8                INT_Excep_I2C_TEI0
 .text.INT_Excep_RI0
                0x18016b10       0x18 ./generate/inthandler.o
                0x18016b10                INT_Excep_RI0
 .text.INT_Excep_TI0
                0x18016b28       0x18 ./generate/inthandler.o
                0x18016b28                INT_Excep_TI0
 .text.INT_Excep_SPI0
                0x18016b40       0x18 ./generate/inthandler.o
                0x18016b40                INT_Excep_SPI0
 .text.INT_Excep_STI0
                0x18016b58       0x18 ./generate/inthandler.o
                0x18016b58                INT_Excep_STI0
 .text.INT_Excep_NAKI0
                0x18016b70       0x18 ./generate/inthandler.o
                0x18016b70                INT_Excep_NAKI0
 .text.INT_Excep_ALI0
                0x18016b88       0x18 ./generate/inthandler.o
                0x18016b88                INT_Excep_ALI0
 .text.INT_Excep_TMOI0
                0x18016ba0       0x18 ./generate/inthandler.o
                0x18016ba0                INT_Excep_TMOI0
 .text.INT_Excep_I2C_TEI1
                0x18016bb8       0x18 ./generate/inthandler.o
                0x18016bb8                INT_Excep_I2C_TEI1
 .text.INT_Excep_RI1
                0x18016bd0       0x18 ./generate/inthandler.o
                0x18016bd0                INT_Excep_RI1
 .text.INT_Excep_TI1
                0x18016be8       0x18 ./generate/inthandler.o
                0x18016be8                INT_Excep_TI1
 .text.INT_Excep_SPI1
                0x18016c00       0x18 ./generate/inthandler.o
                0x18016c00                INT_Excep_SPI1
 .text.INT_Excep_STI1
                0x18016c18       0x18 ./generate/inthandler.o
                0x18016c18                INT_Excep_STI1
 .text.INT_Excep_NAKI1
                0x18016c30       0x18 ./generate/inthandler.o
                0x18016c30                INT_Excep_NAKI1
 .text.INT_Excep_ALI1
                0x18016c48       0x18 ./generate/inthandler.o
                0x18016c48                INT_Excep_ALI1
 .text.INT_Excep_TMOI1
                0x18016c60       0x18 ./generate/inthandler.o
                0x18016c60                INT_Excep_TMOI1
 .text.INT_Excep_TEI2
                0x18016c78       0x18 ./generate/inthandler.o
                0x18016c78                INT_Excep_TEI2
 .text.INT_Excep_RI2
                0x18016c90       0x18 ./generate/inthandler.o
                0x18016c90                INT_Excep_RI2
 .text.INT_Excep_TI2
                0x18016ca8       0x18 ./generate/inthandler.o
                0x18016ca8                INT_Excep_TI2
 .text.INT_Excep_SPI2
                0x18016cc0       0x18 ./generate/inthandler.o
                0x18016cc0                INT_Excep_SPI2
 .text.INT_Excep_STI2
                0x18016cd8       0x18 ./generate/inthandler.o
                0x18016cd8                INT_Excep_STI2
 .text.INT_Excep_NAKI2
                0x18016cf0       0x18 ./generate/inthandler.o
                0x18016cf0                INT_Excep_NAKI2
 .text.INT_Excep_ALI2
                0x18016d08       0x18 ./generate/inthandler.o
                0x18016d08                INT_Excep_ALI2
 .text.INT_Excep_TMOI2
                0x18016d20       0x18 ./generate/inthandler.o
                0x18016d20                INT_Excep_TMOI2
 .text.INT_Excep_TEI3
                0x18016d38       0x18 ./generate/inthandler.o
                0x18016d38                INT_Excep_TEI3
 .text.INT_Excep_RI3
                0x18016d50       0x18 ./generate/inthandler.o
                0x18016d50                INT_Excep_RI3
 .text.INT_Excep_TI3
                0x18016d68       0x18 ./generate/inthandler.o
                0x18016d68                INT_Excep_TI3
 .text.INT_Excep_SPI3
                0x18016d80       0x18 ./generate/inthandler.o
                0x18016d80                INT_Excep_SPI3
 .text.INT_Excep_STI3
                0x18016d98       0x18 ./generate/inthandler.o
                0x18016d98                INT_Excep_STI3
 .text.INT_Excep_NAKI3
                0x18016db0       0x18 ./generate/inthandler.o
                0x18016db0                INT_Excep_NAKI3
 .text.INT_Excep_ALI3
                0x18016dc8       0x18 ./generate/inthandler.o
                0x18016dc8                INT_Excep_ALI3
 .text.INT_Excep_TMOI3
                0x18016de0       0x18 ./generate/inthandler.o
                0x18016de0                INT_Excep_TMOI3
 .text.INT_Excep_FIFO_BRI0
                0x18016df8       0x18 ./generate/inthandler.o
                0x18016df8                INT_Excep_FIFO_BRI0
 .text.INT_Excep_FIFO_ERI0
                0x18016e10       0x18 ./generate/inthandler.o
                0x18016e10                INT_Excep_FIFO_ERI0
 .text.INT_Excep_FIFO_RXI0
                0x18016e28       0x18 ./generate/inthandler.o
                0x18016e28                INT_Excep_FIFO_RXI0
 .text.INT_Excep_FIFO_TXI0
                0x18016e40       0x18 ./generate/inthandler.o
                0x18016e40                INT_Excep_FIFO_TXI0
 .text.INT_Excep_FIFO_BRI1
                0x18016e58       0x18 ./generate/inthandler.o
                0x18016e58                INT_Excep_FIFO_BRI1
 .text.INT_Excep_FIFO_ERI1
                0x18016e70       0x18 ./generate/inthandler.o
                0x18016e70                INT_Excep_FIFO_ERI1
 .text.INT_Excep_FIFO_RXI1
                0x18016e88       0x18 ./generate/inthandler.o
                0x18016e88                INT_Excep_FIFO_RXI1
 .text.INT_Excep_FIFO_TXI1
                0x18016ea0       0x18 ./generate/inthandler.o
                0x18016ea0                INT_Excep_FIFO_TXI1
 .text.INT_Excep_BRI2
                0x18016eb8       0x18 ./generate/inthandler.o
                0x18016eb8                INT_Excep_BRI2
 .text.INT_Excep_ERI2
                0x18016ed0       0x18 ./generate/inthandler.o
                0x18016ed0                INT_Excep_ERI2
 .text.INT_Excep_RXI2
                0x18016ee8       0x18 ./generate/inthandler.o
                0x18016ee8                INT_Excep_RXI2
 .text.INT_Excep_TXI2
                0x18016f00       0x18 ./generate/inthandler.o
                0x18016f00                INT_Excep_TXI2
 .text.INT_Excep_BRI3
                0x18016f18       0x18 ./generate/inthandler.o
                0x18016f18                INT_Excep_BRI3
 .text.INT_Excep_ERI3
                0x18016f30       0x18 ./generate/inthandler.o
                0x18016f30                INT_Excep_ERI3
 .text.INT_Excep_RXI3
                0x18016f48       0x18 ./generate/inthandler.o
                0x18016f48                INT_Excep_RXI3
 .text.INT_Excep_TXI3
                0x18016f60       0x18 ./generate/inthandler.o
                0x18016f60                INT_Excep_TXI3
 .text.INT_Excep_BRI4
                0x18016f78       0x18 ./generate/inthandler.o
                0x18016f78                INT_Excep_BRI4
 .text.INT_Excep_ERI4
                0x18016f90       0x18 ./generate/inthandler.o
                0x18016f90                INT_Excep_ERI4
 .text.INT_Excep_RXI4
                0x18016fa8       0x18 ./generate/inthandler.o
                0x18016fa8                INT_Excep_RXI4
 .text.INT_Excep_TXI4
                0x18016fc0       0x18 ./generate/inthandler.o
                0x18016fc0                INT_Excep_TXI4
 .text.INT_Excep_BRI5
                0x18016fd8       0x18 ./generate/inthandler.o
                0x18016fd8                INT_Excep_BRI5
 .text.INT_Excep_ERI5
                0x18016ff0       0x18 ./generate/inthandler.o
                0x18016ff0                INT_Excep_ERI5
 .text.INT_Excep_RXI5
                0x18017008       0x18 ./generate/inthandler.o
                0x18017008                INT_Excep_RXI5
 .text.INT_Excep_TXI5
                0x18017020       0x18 ./generate/inthandler.o
                0x18017020                INT_Excep_TXI5
 .text.INT_Excep_BRI6
                0x18017038       0x18 ./generate/inthandler.o
                0x18017038                INT_Excep_BRI6
 .text.INT_Excep_ERI6
                0x18017050       0x18 ./generate/inthandler.o
                0x18017050                INT_Excep_ERI6
 .text.INT_Excep_RXI6
                0x18017068       0x18 ./generate/inthandler.o
                0x18017068                INT_Excep_RXI6
 .text.INT_Excep_TXI6
                0x18017080       0x18 ./generate/inthandler.o
                0x18017080                INT_Excep_TXI6
 .text.INT_Excep_BRI7
                0x18017098       0x18 ./generate/inthandler.o
                0x18017098                INT_Excep_BRI7
 .text.INT_Excep_ERI7
                0x180170b0       0x18 ./generate/inthandler.o
                0x180170b0                INT_Excep_ERI7
 .text.INT_Excep_RXI7
                0x180170c8       0x18 ./generate/inthandler.o
                0x180170c8                INT_Excep_RXI7
 .text.INT_Excep_TXI7
                0x180170e0       0x18 ./generate/inthandler.o
                0x180170e0                INT_Excep_TXI7
 .text.INT_Excep_GERI
                0x180170f8       0x18 ./generate/inthandler.o
                0x180170f8                INT_Excep_GERI
 .text.INT_Excep_RFI
                0x18017110       0x18 ./generate/inthandler.o
                0x18017110                INT_Excep_RFI
 .text.INT_Excep_CFRXI0
                0x18017128       0x18 ./generate/inthandler.o
                0x18017128                INT_Excep_CFRXI0
 .text.INT_Excep_CERI0
                0x18017140       0x18 ./generate/inthandler.o
                0x18017140                INT_Excep_CERI0
 .text.INT_Excep_CTXI0
                0x18017158       0x18 ./generate/inthandler.o
                0x18017158                INT_Excep_CTXI0
 .text.INT_Excep_CFRXI1
                0x18017170       0x18 ./generate/inthandler.o
                0x18017170                INT_Excep_CFRXI1
 .text.INT_Excep_CERI1
                0x18017188       0x18 ./generate/inthandler.o
                0x18017188                INT_Excep_CERI1
 .text.INT_Excep_CTXI1
                0x180171a0       0x18 ./generate/inthandler.o
                0x180171a0                INT_Excep_CTXI1
 .text.INT_Excep_CFRXI2
                0x180171b8       0x18 ./generate/inthandler.o
                0x180171b8                INT_Excep_CFRXI2
 .text.INT_Excep_CERI2
                0x180171d0       0x18 ./generate/inthandler.o
                0x180171d0                INT_Excep_CERI2
 .text.INT_Excep_CTXI2
                0x180171e8       0x18 ./generate/inthandler.o
                0x180171e8                INT_Excep_CTXI2
 .text.INT_Excep_CFRXI3
                0x18017200       0x18 ./generate/inthandler.o
                0x18017200                INT_Excep_CFRXI3
 .text.INT_Excep_CERI3
                0x18017218       0x18 ./generate/inthandler.o
                0x18017218                INT_Excep_CERI3
 .text.INT_Excep_CTXI3
                0x18017230       0x18 ./generate/inthandler.o
                0x18017230                INT_Excep_CTXI3
 .text.INT_Excep_CFRXI4
                0x18017248       0x18 ./generate/inthandler.o
                0x18017248                INT_Excep_CFRXI4
 .text.INT_Excep_CERI4
                0x18017260       0x18 ./generate/inthandler.o
                0x18017260                INT_Excep_CERI4
 .text.INT_Excep_CTXI4
                0x18017278       0x18 ./generate/inthandler.o
                0x18017278                INT_Excep_CTXI4
 .text.INT_Excep_SPEI0
                0x18017290       0x18 ./generate/inthandler.o
                0x18017290                INT_Excep_SPEI0
 .text.INT_Excep_SPRI0
                0x180172a8       0x18 ./generate/inthandler.o
                0x180172a8                INT_Excep_SPRI0
 .text.INT_Excep_SPTI0
                0x180172c0       0x18 ./generate/inthandler.o
                0x180172c0                INT_Excep_SPTI0
 .text.INT_Excep_SPEI1
                0x180172d8       0x18 ./generate/inthandler.o
                0x180172d8                INT_Excep_SPEI1
 .text.INT_Excep_SPRI1
                0x180172f0       0x18 ./generate/inthandler.o
                0x180172f0                INT_Excep_SPRI1
 .text.INT_Excep_SPTI1
                0x18017308       0x18 ./generate/inthandler.o
                0x18017308                INT_Excep_SPTI1
 .text.INT_Excep_SPEI2
                0x18017320       0x18 ./generate/inthandler.o
                0x18017320                INT_Excep_SPEI2
 .text.INT_Excep_SPRI2
                0x18017338       0x18 ./generate/inthandler.o
                0x18017338                INT_Excep_SPRI2
 .text.INT_Excep_SPTI2
                0x18017350       0x18 ./generate/inthandler.o
                0x18017350                INT_Excep_SPTI2
 .text.INT_Excep_SPEI3
                0x18017368       0x18 ./generate/inthandler.o
                0x18017368                INT_Excep_SPEI3
 .text.INT_Excep_SPRI3
                0x18017380       0x18 ./generate/inthandler.o
                0x18017380                INT_Excep_SPRI3
 .text.INT_Excep_SPTI3
                0x18017398       0x18 ./generate/inthandler.o
                0x18017398                INT_Excep_SPTI3
 .text.INT_Excep_SPEI4
                0x180173b0       0x18 ./generate/inthandler.o
                0x180173b0                INT_Excep_SPEI4
 .text.INT_Excep_SPRI4
                0x180173c8       0x18 ./generate/inthandler.o
                0x180173c8                INT_Excep_SPRI4
 .text.INT_Excep_SPTI4
                0x180173e0       0x18 ./generate/inthandler.o
                0x180173e0                INT_Excep_SPTI4
 .text.INT_Excep_IEBBTD
                0x180173f8       0x18 ./generate/inthandler.o
                0x180173f8                INT_Excep_IEBBTD
 .text.INT_Excep_IEBBTERR
                0x18017410       0x18 ./generate/inthandler.o
                0x18017410                INT_Excep_IEBBTERR
 .text.INT_Excep_IEBBTSTA
                0x18017428       0x18 ./generate/inthandler.o
                0x18017428                INT_Excep_IEBBTSTA
 .text.INT_Excep_IEBBTV
                0x18017440       0x18 ./generate/inthandler.o
                0x18017440                INT_Excep_IEBBTV
 .text.INT_Excep_ISY
                0x18017458       0x18 ./generate/inthandler.o
                0x18017458                INT_Excep_ISY
 .text.INT_Excep_IERR
                0x18017470       0x18 ./generate/inthandler.o
                0x18017470                INT_Excep_IERR
 .text.INT_Excep_ITARG
                0x18017488       0x18 ./generate/inthandler.o
                0x18017488                INT_Excep_ITARG
 .text.INT_Excep_ISEC
                0x180174a0       0x18 ./generate/inthandler.o
                0x180174a0                INT_Excep_ISEC
 .text.INT_Excep_IBUF
                0x180174b8       0x18 ./generate/inthandler.o
                0x180174b8                INT_Excep_IBUF
 .text.INT_Excep_IREADY
                0x180174d0       0x18 ./generate/inthandler.o
                0x180174d0                INT_Excep_IREADY
 .text.INT_Excep_STERB
                0x180174e8       0x18 ./generate/inthandler.o
                0x180174e8                INT_Excep_STERB
 .text.INT_Excep_FLTENDI
                0x18017500       0x18 ./generate/inthandler.o
                0x18017500                INT_Excep_FLTENDI
 .text.INT_Excep_FLTREQ0I
                0x18017518       0x18 ./generate/inthandler.o
                0x18017518                INT_Excep_FLTREQ0I
 .text.INT_Excep_FLTREQ1I
                0x18017530       0x18 ./generate/inthandler.o
                0x18017530                INT_Excep_FLTREQ1I
 .text.INT_Excep_MMC0
                0x18017548       0x18 ./generate/inthandler.o
                0x18017548                INT_Excep_MMC0
 .text.INT_Excep_MMC1
                0x18017560       0x18 ./generate/inthandler.o
                0x18017560                INT_Excep_MMC1
 .text.INT_Excep_MMC2
                0x18017578       0x18 ./generate/inthandler.o
                0x18017578                INT_Excep_MMC2
 .text.INT_Excep_SDHI0_3
                0x18017590       0x18 ./generate/inthandler.o
                0x18017590                INT_Excep_SDHI0_3
 .text.INT_Excep_SDHI0_0
                0x180175a8       0x18 ./generate/inthandler.o
                0x180175a8                INT_Excep_SDHI0_0
 .text.INT_Excep_SDHI0_1
                0x180175c0       0x18 ./generate/inthandler.o
                0x180175c0                INT_Excep_SDHI0_1
 .text.INT_Excep_SDHI1_3
                0x180175d8       0x18 ./generate/inthandler.o
                0x180175d8                INT_Excep_SDHI1_3
 .text.INT_Excep_SDHI1_0
                0x180175f0       0x18 ./generate/inthandler.o
                0x180175f0                INT_Excep_SDHI1_0
 .text.INT_Excep_SDHI1_1
                0x18017608       0x18 ./generate/inthandler.o
                0x18017608                INT_Excep_SDHI1_1
 .text.INT_Excep_ARM
                0x18017620       0x18 ./generate/inthandler.o
                0x18017620                INT_Excep_ARM
 .text.INT_Excep_PRD
                0x18017638       0x18 ./generate/inthandler.o
                0x18017638                INT_Excep_PRD
 .text.INT_Excep_CUP
                0x18017650       0x18 ./generate/inthandler.o
                0x18017650                INT_Excep_CUP
 .text.INT_Excep_SCUAI0
                0x18017668       0x18 ./generate/inthandler.o
                0x18017668                INT_Excep_SCUAI0
 .text.INT_Excep_SCUAI1
                0x18017680       0x18 ./generate/inthandler.o
                0x18017680                INT_Excep_SCUAI1
 .text.INT_Excep_SCUFDI0
                0x18017698       0x18 ./generate/inthandler.o
                0x18017698                INT_Excep_SCUFDI0
 .text.INT_Excep_SCUFDI1
                0x180176b0       0x18 ./generate/inthandler.o
                0x180176b0                INT_Excep_SCUFDI1
 .text.INT_Excep_SCUFDI2
                0x180176c8       0x18 ./generate/inthandler.o
                0x180176c8                INT_Excep_SCUFDI2
 .text.INT_Excep_SCUFDI3
                0x180176e0       0x18 ./generate/inthandler.o
                0x180176e0                INT_Excep_SCUFDI3
 .text.INT_Excep_SCUFUI0
                0x180176f8       0x18 ./generate/inthandler.o
                0x180176f8                INT_Excep_SCUFUI0
 .text.INT_Excep_SCUFUI1
                0x18017710       0x18 ./generate/inthandler.o
                0x18017710                INT_Excep_SCUFUI1
 .text.INT_Excep_SCUFUI2
                0x18017728       0x18 ./generate/inthandler.o
                0x18017728                INT_Excep_SCUFUI2
 .text.INT_Excep_SCUFUI3
                0x18017740       0x18 ./generate/inthandler.o
                0x18017740                INT_Excep_SCUFUI3
 .text.INT_Excep_SCUDVI0
                0x18017758       0x18 ./generate/inthandler.o
                0x18017758                INT_Excep_SCUDVI0
 .text.INT_Excep_SCUDVI1
                0x18017770       0x18 ./generate/inthandler.o
                0x18017770                INT_Excep_SCUDVI1
 .text.INT_Excep_SCUDVI2
                0x18017788       0x18 ./generate/inthandler.o
                0x18017788                INT_Excep_SCUDVI2
 .text.INT_Excep_SCUDVI3
                0x180177a0       0x18 ./generate/inthandler.o
                0x180177a0                INT_Excep_SCUDVI3
 .text.INT_Excep_MLBCI
                0x180177b8       0x18 ./generate/inthandler.o
                0x180177b8                INT_Excep_MLBCI
 .text.INT_Excep_MLBSI
                0x180177d0       0x18 ./generate/inthandler.o
                0x180177d0                INT_Excep_MLBSI
 .text.INT_Excep_DRC0
                0x180177e8       0x18 ./generate/inthandler.o
                0x180177e8                INT_Excep_DRC0
 .text.INT_Excep_DRC1
                0x18017800       0x18 ./generate/inthandler.o
                0x18017800                INT_Excep_DRC1
 .text.INT_Excep_LINI0_INT_T
                0x18017818       0x18 ./generate/inthandler.o
                0x18017818                INT_Excep_LINI0_INT_T
 .text.INT_Excep_LINI0_INT_R
                0x18017830       0x18 ./generate/inthandler.o
                0x18017830                INT_Excep_LINI0_INT_R
 .text.INT_Excep_LINI0_INT_S
                0x18017848       0x18 ./generate/inthandler.o
                0x18017848                INT_Excep_LINI0_INT_S
 .text.INT_Excep_LINI0_INT_M
                0x18017860       0x18 ./generate/inthandler.o
                0x18017860                INT_Excep_LINI0_INT_M
 .text.INT_Excep_LINI1_INT_T
                0x18017878       0x18 ./generate/inthandler.o
                0x18017878                INT_Excep_LINI1_INT_T
 .text.INT_Excep_LINI1_INT_R
                0x18017890       0x18 ./generate/inthandler.o
                0x18017890                INT_Excep_LINI1_INT_R
 .text.INT_Excep_LINI1_INT_S
                0x180178a8       0x18 ./generate/inthandler.o
                0x180178a8                INT_Excep_LINI1_INT_S
 .text.INT_Excep_LINI1_INT_M
                0x180178c0       0x18 ./generate/inthandler.o
                0x180178c0                INT_Excep_LINI1_INT_M
 .text.INT_Excep_ERI0
                0x180178d8       0x18 ./generate/inthandler.o
                0x180178d8                INT_Excep_ERI0
 .text.INT_Excep_RXI0
                0x180178f0       0x18 ./generate/inthandler.o
                0x180178f0                INT_Excep_RXI0
 .text.INT_Excep_TXI0
                0x18017908       0x18 ./generate/inthandler.o
                0x18017908                INT_Excep_TXI0
 .text.INT_Excep_TEI0
                0x18017920       0x18 ./generate/inthandler.o
                0x18017920                INT_Excep_TEI0
 .text.INT_Excep_ERI1
                0x18017938       0x18 ./generate/inthandler.o
                0x18017938                INT_Excep_ERI1
 .text.INT_Excep_RXI1
                0x18017950       0x18 ./generate/inthandler.o
                0x18017950                INT_Excep_RXI1
 .text.INT_Excep_TXI1
                0x18017968       0x18 ./generate/inthandler.o
                0x18017968                INT_Excep_TXI1
 .text.INT_Excep_TEI1
                0x18017980       0x18 ./generate/inthandler.o
                0x18017980                INT_Excep_TEI1
 .text.INT_Excep_ETHERI
                0x18017998       0x18 ./generate/inthandler.o
                0x18017998                INT_Excep_ETHERI
 .text.INT_Excep_CEUI
                0x180179b0       0x18 ./generate/inthandler.o
                0x180179b0                INT_Excep_CEUI
 .text.INT_Excep_INT_CSIH0TIR
                0x180179c8       0x18 ./generate/inthandler.o
                0x180179c8                INT_Excep_INT_CSIH0TIR
 .text.INT_Excep_INT_CSIH0TIRE
                0x180179e0       0x18 ./generate/inthandler.o
                0x180179e0                INT_Excep_INT_CSIH0TIRE
 .text.INT_Excep_INT_CSIH1TIC
                0x180179f8       0x18 ./generate/inthandler.o
                0x180179f8                INT_Excep_INT_CSIH1TIC
 .text.INT_Excep_INT_CSIH1TIJC
                0x18017a10       0x18 ./generate/inthandler.o
                0x18017a10                INT_Excep_INT_CSIH1TIJC
 .text.INT_Excep_ECCE10
                0x18017a28       0x18 ./generate/inthandler.o
                0x18017a28                INT_Excep_ECCE10
 .text.INT_Excep_ECCE20
                0x18017a40       0x18 ./generate/inthandler.o
                0x18017a40                INT_Excep_ECCE20
 .text.INT_Excep_ECCOVF0
                0x18017a58       0x18 ./generate/inthandler.o
                0x18017a58                INT_Excep_ECCOVF0
 .text.INT_Excep_ECCE11
                0x18017a70       0x18 ./generate/inthandler.o
                0x18017a70                INT_Excep_ECCE11
 .text.INT_Excep_ECCE21
                0x18017a88       0x18 ./generate/inthandler.o
                0x18017a88                INT_Excep_ECCE21
 .text.INT_Excep_ECCOVF1
                0x18017aa0       0x18 ./generate/inthandler.o
                0x18017aa0                INT_Excep_ECCOVF1
 .text.INT_Excep_ECCE12
                0x18017ab8       0x18 ./generate/inthandler.o
                0x18017ab8                INT_Excep_ECCE12
 .text.INT_Excep_ECCE22
                0x18017ad0       0x18 ./generate/inthandler.o
                0x18017ad0                INT_Excep_ECCE22
 .text.INT_Excep_ECCOVF2
                0x18017ae8       0x18 ./generate/inthandler.o
                0x18017ae8                INT_Excep_ECCOVF2
 .text.INT_Excep_ECCE13
                0x18017b00       0x18 ./generate/inthandler.o
                0x18017b00                INT_Excep_ECCE13
 .text.INT_Excep_ECCE23
                0x18017b18       0x18 ./generate/inthandler.o
                0x18017b18                INT_Excep_ECCE23
 .text.INT_Excep_ECCOVF3
                0x18017b30       0x18 ./generate/inthandler.o
                0x18017b30                INT_Excep_ECCOVF3
 .text.INT_Excep_H2XMLB_ERRINT
                0x18017b48       0x18 ./generate/inthandler.o
                0x18017b48                INT_Excep_H2XMLB_ERRINT
 .text.INT_Excep_H2XIC1_ERRINT
                0x18017b60       0x18 ./generate/inthandler.o
                0x18017b60                INT_Excep_H2XIC1_ERRINT
 .text.INT_Excep_X2HPERI1_ERRINT
                0x18017b78       0x18 ./generate/inthandler.o
                0x18017b78                INT_Excep_X2HPERI1_ERRINT
 .text.INT_Excep_X2HPERI2_ERRINT
                0x18017b90       0x18 ./generate/inthandler.o
                0x18017b90                INT_Excep_X2HPERI2_ERRINT
 .text.INT_Excep_X2HPERI34_ERRINT
                0x18017ba8       0x18 ./generate/inthandler.o
                0x18017ba8                INT_Excep_X2HPERI34_ERRINT
 .text.INT_Excep_X2HPERI5_ERRINT
                0x18017bc0       0x18 ./generate/inthandler.o
                0x18017bc0                INT_Excep_X2HPERI5_ERRINT
 .text.INT_Excep_X2HPERI67_ERRINT
                0x18017bd8       0x18 ./generate/inthandler.o
                0x18017bd8                INT_Excep_X2HPERI67_ERRINT
 .text.INT_Excep_X2HDBGR_ERRINT
                0x18017bf0       0x18 ./generate/inthandler.o
                0x18017bf0                INT_Excep_X2HDBGR_ERRINT
 .text.INT_Excep_X2HBSC_ERRINT
                0x18017c08       0x18 ./generate/inthandler.o
                0x18017c08                INT_Excep_X2HBSC_ERRINT
 .text.INT_Excep_X2HSPI1_ERRINT
                0x18017c20       0x18 ./generate/inthandler.o
                0x18017c20                INT_Excep_X2HSPI1_ERRINT
 .text.INT_Excep_X2HSPI2_ERRINT
                0x18017c38       0x18 ./generate/inthandler.o
                0x18017c38                INT_Excep_X2HSPI2_ERRINT
 .text.INT_Excep_PRRI
                0x18017c50       0x18 ./generate/inthandler.o
                0x18017c50                INT_Excep_PRRI
 .text.INT_Excep_IFEI0
                0x18017c68       0x18 ./generate/inthandler.o
                0x18017c68                INT_Excep_IFEI0
 .text.INT_Excep_OFFI0
                0x18017c80       0x18 ./generate/inthandler.o
                0x18017c80                INT_Excep_OFFI0
 .text.INT_Excep_PFVEI0
                0x18017c98       0x18 ./generate/inthandler.o
                0x18017c98                INT_Excep_PFVEI0
 .text.INT_Excep_IFEI1
                0x18017cb0       0x18 ./generate/inthandler.o
                0x18017cb0                INT_Excep_IFEI1
 .text.INT_Excep_OFFI1
                0x18017cc8       0x18 ./generate/inthandler.o
                0x18017cc8                INT_Excep_OFFI1
 .text.INT_Excep_PFVEI1
                0x18017ce0       0x18 ./generate/inthandler.o
                0x18017ce0                INT_Excep_PFVEI1
 .text.INT_Excep_TINT0
                0x18017cf8       0x18 ./generate/inthandler.o
                0x18017cf8                INT_Excep_TINT0
 .text.INT_Excep_TINT1
                0x18017d10       0x18 ./generate/inthandler.o
                0x18017d10                INT_Excep_TINT1
 .text.INT_Excep_TINT2
                0x18017d28       0x18 ./generate/inthandler.o
                0x18017d28                INT_Excep_TINT2
 .text.INT_Excep_TINT3
                0x18017d40       0x18 ./generate/inthandler.o
                0x18017d40                INT_Excep_TINT3
 .text.INT_Excep_TINT4
                0x18017d58       0x18 ./generate/inthandler.o
                0x18017d58                INT_Excep_TINT4
 .text.INT_Excep_TINT5
                0x18017d70       0x18 ./generate/inthandler.o
                0x18017d70                INT_Excep_TINT5
 .text.INT_Excep_TINT6
                0x18017d88       0x18 ./generate/inthandler.o
                0x18017d88                INT_Excep_TINT6
 .text.INT_Excep_TINT7
                0x18017da0       0x18 ./generate/inthandler.o
                0x18017da0                INT_Excep_TINT7
 .text.INT_Excep_TINT8
                0x18017db8       0x18 ./generate/inthandler.o
                0x18017db8                INT_Excep_TINT8
 .text.INT_Excep_TINT9
                0x18017dd0       0x18 ./generate/inthandler.o
                0x18017dd0                INT_Excep_TINT9
 .text.INT_Excep_TINT10
                0x18017de8       0x18 ./generate/inthandler.o
                0x18017de8                INT_Excep_TINT10
 .text.INT_Excep_TINT11
                0x18017e00       0x18 ./generate/inthandler.o
                0x18017e00                INT_Excep_TINT11
 .text.INT_Excep_TINT12
                0x18017e18       0x18 ./generate/inthandler.o
                0x18017e18                INT_Excep_TINT12
 .text.INT_Excep_TINT13