
Discarded input sections

 .text          0x00000000        0x0 ./src/mcr_camera_2026base.o
 .data          0x00000000        0x0 ./src/mcr_camera_2026base.o
 .bss           0x00000000        0x0 ./src/mcr_camera_2026base.o
 .ARM.extab.text.main
                0x00000000        0x0 ./src/mcr_camera_2026base.o
 .text          0x00000000        0x0 ./generate/hwsetup.o
 .data          0x00000000        0x0 ./generate/hwsetup.o
 .bss           0x00000000        0x0 ./generate/hwsetup.o
 .text          0x00000000        0x0 ./generate/inthandler.o
 .data          0x00000000        0x0 ./generate/inthandler.o
 .bss           0x00000000        0x0 ./generate/inthandler.o
 .text.INT_Excep_SuperVisorInst
                0x00000000       0x18 ./generate/inthandler.o
 .text.Dummy    0x00000000       0x18 ./generate/inthandler.o
 .text          0x00000000        0x0 ./generate/mbed_sf_boot.o
 .data          0x00000000        0x0 ./generate/mbed_sf_boot.o
 .bss           0x00000000        0x0 ./generate/mbed_sf_boot.o
 .data          0x00000000        0x0 ./generate/start.o
 .bss           0x00000000        0x0 ./generate/start.o
 .text          0x00000000        0x0 ./generate/vect_table.o
 .data          0x00000000        0x0 ./generate/vect_table.o
 .bss           0x00000000        0x0 ./generate/vect_table.o
 .text          0x00000000        0x0 ./generate/vects.o
 .data          0x00000000        0x0 ./generate/vects.o
 .bss           0x00000000        0x0 ./generate/vects.o

Memory Configuration

Name             Origin             Length             Attributes
BOOT_LOADER      0x18000000         0x00004000
SFLASH           0x18004000         0x07ffc000
RAM              0x20020000         0x00500000
*default*        0x00000000         0xffffffff

Linker script and memory map

LOAD ./src/mcr_camera_2026base.o
LOAD ./generate/hwsetup.o
LOAD ./generate/inthandler.o
LOAD ./generate/mbed_sf_boot.o
LOAD ./generate/start.o
LOAD ./generate/vect_table.o
LOAD ./generate/vects.o
START GROUP
END GROUP
LOAD C:/Program Files (x86)/Arm GNU Toolchain arm-none-eabi/13.3 rel1/bin/../lib/gcc/arm-none-eabi/13.3.1/thumb/v7-a+fp/hard\libstdc++.a
LOAD C:/Program Files (x86)/Arm GNU Toolchain arm-none-eabi/13.3 rel1/bin/../lib/gcc/arm-none-eabi/13.3.1/thumb/v7-a+fp/hard\libm.a
START GROUP
LOAD C:/Program Files (x86)/Arm GNU Toolchain arm-none-eabi/13.3 rel1/bin/../lib/gcc/arm-none-eabi/13.3.1/thumb/v7-a+fp/hard\libgcc.a
LOAD C:/Program Files (x86)/Arm GNU Toolchain arm-none-eabi/13.3 rel1/bin/../lib/gcc/arm-none-eabi/13.3.1/thumb/v7-a+fp/hard\libg.a
LOAD C:/Program Files (x86)/Arm GNU Toolchain arm-none-eabi/13.3 rel1/bin/../lib/gcc/arm-none-eabi/13.3.1/thumb/v7-a+fp/hard\libc.a
END GROUP
START GROUP
LOAD C:/Program Files (x86)/Arm GNU Toolchain arm-none-eabi/13.3 rel1/bin/../lib/gcc/arm-none-eabi/13.3.1/thumb/v7-a+fp/hard\libgcc.a
LOAD C:/Program Files (x86)/Arm GNU Toolchain arm-none-eabi/13.3 rel1/bin/../lib/gcc/arm-none-eabi/13.3.1/thumb/v7-a+fp/hard\libc.a
LOAD C:/Program Files (x86)/Arm GNU Toolchain arm-none-eabi/13.3 rel1/bin/../lib/gcc/arm-none-eabi/13.3.1/thumb/v7-a+fp/hard\librdimon.a
END GROUP

.boot           0x18000000     0x3100
 *(.boot_loader)
 .boot_loader   0x18000000     0x3100 ./generate/mbed_sf_boot.o
                0x18000000                boot_loader

.fvectors       0x18004000       0x40
 *(.fvectors)
 .fvectors      0x18004000       0x40 ./generate/vect_table.o
                0x18004000                Start
                0x18004000                vector_table

.text           0x18004040     0x3400
 *(.text)
 .text          0x18004040       0xa4 ./generate/start.o
                0x18004054                _PowerON_Reset
 *(.text.*)
 .text.main     0x180040e4      0x164 ./src/mcr_camera_2026base.o
                0x180040e4                main
 .text.HardwareSetup
                0x18004248       0x18 ./generate/hwsetup.o
                0x18004248                HardwareSetup
 .text.INT_Excep_UndefinedInst
                0x18004260       0x18 ./generate/inthandler.o
                0x18004260                INT_Excep_UndefinedInst
 .text.INT_Excep_SWI
                0x18004278       0x18 ./generate/inthandler.o
                0x18004278                INT_Excep_SWI
 .text.INT_Excep_PREFETCH_ABORT
                0x18004290       0x18 ./generate/inthandler.o
                0x18004290                INT_Excep_PREFETCH_ABORT
 .text.INT_Excep_DATA_ABORT
                0x180042a8       0x18 ./generate/inthandler.o
                0x180042a8                INT_Excep_DATA_ABORT
 .text.INT_Excep_Reserved
                0x180042c0       0x18 ./generate/inthandler.o
                0x180042c0                INT_Excep_Reserved
 .text.INT_Excep_IRQ
                0x180042d8       0x18 ./generate/inthandler.o
                0x180042d8                INT_Excep_IRQ
 .text.INT_Excep_FIQ
                0x180042f0       0x18 ./generate/inthandler.o
                0x180042f0                INT_Excep_FIQ
 .text.INT_Excep_GIC0
                0x18004308       0x18 ./generate/inthandler.o
                0x18004308                INT_Excep_GIC0
 .text.INT_Excep_GIC1
                0x18004320       0x18 ./generate/inthandler.o
                0x18004320                INT_Excep_GIC1
 .text.INT_Excep_GIC2
                0x18004338       0x18 ./generate/inthandler.o
                0x18004338                INT_Excep_GIC2
 .text.INT_Excep_GIC3
                0x18004350       0x18 ./generate/inthandler.o
                0x18004350                INT_Excep_GIC3
 .text.INT_Excep_GIC4
                0x18004368       0x18 ./generate/inthandler.o
                0x18004368                INT_Excep_GIC4
 .text.INT_Excep_GIC5
                0x18004380       0x18 ./generate/inthandler.o
                0x18004380                INT_Excep_GIC5
 .text.INT_Excep_GIC6
                0x18004398       0x18 ./generate/inthandler.o
                0x18004398                INT_Excep_GIC6
 .text.INT_Excep_GIC7
                0x180043b0       0x18 ./generate/inthandler.o
                0x180043b0                INT_Excep_GIC7
 .text.INT_Excep_GIC8
                0x180043c8       0x18 ./generate/inthandler.o
                0x180043c8                INT_Excep_GIC8
 .text.INT_Excep_GIC9
                0x180043e0       0x18 ./generate/inthandler.o
                0x180043e0                INT_Excep_GIC9
 .text.INT_Excep_GIC10
                0x180043f8       0x18 ./generate/inthandler.o
                0x180043f8                INT_Excep_GIC10
 .text.INT_Excep_GIC11
                0x18004410       0x18 ./generate/inthandler.o
                0x18004410                INT_Excep_GIC11
 .text.INT_Excep_GIC12
                0x18004428       0x18 ./generate/inthandler.o
                0x18004428                INT_Excep_GIC12
 .text.INT_Excep_GIC13
                0x18004440       0x18 ./generate/inthandler.o
                0x18004440                INT_Excep_GIC13
 .text.INT_Excep_GIC14
                0x18004458       0x18 ./generate/inthandler.o
                0x18004458                INT_Excep_GIC14
 .text.INT_Excep_GIC15
                0x18004470       0x18 ./generate/inthandler.o
                0x18004470                INT_Excep_GIC15
 .text.INT_Excep_CPU_PMUIRQ0
                0x18004488       0x18 ./generate/inthandler.o
                0x18004488                INT_Excep_CPU_PMUIRQ0
 .text.INT_Excep_CPU_COMMRX0
                0x180044a0       0x18 ./generate/inthandler.o
                0x180044a0                INT_Excep_CPU_COMMRX0
 .text.INT_Excep_CPU_COMMTX0
                0x180044b8       0x18 ./generate/inthandler.o
                0x180044b8                INT_Excep_CPU_COMMTX0
 .text.INT_Excep_CPU_CTIIRQ0
                0x180044d0       0x18 ./generate/inthandler.o
                0x180044d0                INT_Excep_CPU_CTIIRQ0
 .text.INT_Excep_IRQ0
                0x180044e8       0x18 ./generate/inthandler.o
                0x180044e8                INT_Excep_IRQ0
 .text.INT_Excep_IRQ1
                0x18004500       0x18 ./generate/inthandler.o
                0x18004500                INT_Excep_IRQ1
 .text.INT_Excep_IRQ2
                0x18004518       0x18 ./generate/inthandler.o
                0x18004518                INT_Excep_IRQ2
 .text.INT_Excep_IRQ3
                0x18004530       0x18 ./generate/inthandler.o
                0x18004530                INT_Excep_IRQ3
 .text.INT_Excep_IRQ4
                0x18004548       0x18 ./generate/inthandler.o
                0x18004548                INT_Excep_IRQ4
 .text.INT_Excep_IRQ5
                0x18004560       0x18 ./generate/inthandler.o
                0x18004560                INT_Excep_IRQ5
 .text.INT_Excep_IRQ6
                0x18004578       0x18 ./generate/inthandler.o
                0x18004578                INT_Excep_IRQ6
 .text.INT_Excep_IRQ7
                0x18004590       0x18 ./generate/inthandler.o
                0x18004590                INT_Excep_IRQ7
 .text.INT_Excep_PL310ERR
                0x180045a8       0x18 ./generate/inthandler.o
                0x180045a8                INT_Excep_PL310ERR
 .text.INT_Excep_DMAINT0
                0x180045c0       0x18 ./generate/inthandler.o
                0x180045c0                INT_Excep_DMAINT0
 .text.INT_Excep_DMAINT1
                0x180045d8       0x18 ./generate/inthandler.o
                0x180045d8                INT_Excep_DMAINT1
 .text.INT_Excep_DMAINT2
                0x180045f0       0x18 ./generate/inthandler.o
                0x180045f0                INT_Excep_DMAINT2
 .text.INT_Excep_DMAINT3
                0x18004608       0x18 ./generate/inthandler.o
                0x18004608                INT_Excep_DMAINT3
 .text.INT_Excep_DMAINT4
                0x18004620       0x18 ./generate/inthandler.o
                0x18004620                INT_Excep_DMAINT4
 .text.INT_Excep_DMAINT5
                0x18004638       0x18 ./generate/inthandler.o
                0x18004638                INT_Excep_DMAINT5
 .text.INT_Excep_DMAINT6
                0x18004650       0x18 ./generate/inthandler.o
                0x18004650                INT_Excep_DMAINT6
 .text.INT_Excep_DMAINT7
                0x18004668       0x18 ./generate/inthandler.o
                0x18004668                INT_Excep_DMAINT7
 .text.INT_Excep_DMAINT8
                0x18004680       0x18 ./generate/inthandler.o
                0x18004680                INT_Excep_DMAINT8
 .text.INT_Excep_DMAINT9
                0x18004698       0x18 ./generate/inthandler.o
                0x18004698                INT_Excep_DMAINT9
 .text.INT_Excep_DMAINT10
                0x180046b0       0x18 ./generate/inthandler.o
                0x180046b0                INT_Excep_DMAINT10
 .text.INT_Excep_DMAINT11
                0x180046c8       0x18 ./generate/inthandler.o
                0x180046c8                INT_Excep_DMAINT11
 .text.INT_Excep_DMAINT12
                0x180046e0       0x18 ./generate/inthandler.o
                0x180046e0                INT_Excep_DMAINT12
 .text.INT_Excep_DMAINT13
                0x180046f8       0x18 ./generate/inthandler.o
                0x180046f8                INT_Excep_DMAINT13
 .text.INT_Excep_DMAINT14
                0x18004710       0x18 ./generate/inthandler.o
                0x18004710                INT_Excep_DMAINT14
 .text.INT_Excep_DMAINT15
                0x18004728       0x18 ./generate/inthandler.o
                0x18004728                INT_Excep_DMAINT15
 .text.INT_Excep_DMAERR
                0x18004740       0x18 ./generate/inthandler.o
                0x18004740                INT_Excep_DMAERR
 .text.INT_Excep_USBI0
                0x18004758       0x18 ./generate/inthandler.o
                0x18004758                INT_Excep_USBI0
 .text.INT_Excep_USBI1
                0x18004770       0x18 ./generate/inthandler.o
                0x18004770                INT_Excep_USBI1
 .text.INT_Excep_S0_VI_VSYNC0
                0x18004788       0x18 ./generate/inthandler.o
                0x18004788                INT_Excep_S0_VI_VSYNC0
 .text.INT_Excep_S0_LO_VSYNC0
                0x180047a0       0x18 ./generate/inthandler.o
                0x180047a0                INT_Excep_S0_LO_VSYNC0
 .text.INT_Excep_S0_VSYNCERR0
                0x180047b8       0x18 ./generate/inthandler.o
                0x180047b8                INT_Excep_S0_VSYNCERR0
 .text.INT_Excep_GR3_VLINE0
                0x180047d0       0x18 ./generate/inthandler.o
                0x180047d0                INT_Excep_GR3_VLINE0
 .text.INT_Excep_S0_VFIELD0
                0x180047e8       0x18 ./generate/inthandler.o
                0x180047e8                INT_Excep_S0_VFIELD0
 .text.INT_Excep_IV1_VBUFERR0
                0x18004800       0x18 ./generate/inthandler.o
                0x18004800                INT_Excep_IV1_VBUFERR0
 .text.INT_Excep_IV3_VBUFERR0
                0x18004818       0x18 ./generate/inthandler.o
                0x18004818                INT_Excep_IV3_VBUFERR0
 .text.INT_Excep_IV5_VBUFERR0
                0x18004830       0x18 ./generate/inthandler.o
                0x18004830                INT_Excep_IV5_VBUFERR0
 .text.INT_Excep_IV6_VBUFERR0
                0x18004848       0x18 ./generate/inthandler.o
                0x18004848                INT_Excep_IV6_VBUFERR0
 .text.INT_Excep_S0_WLINE0
                0x18004860       0x18 ./generate/inthandler.o
                0x18004860                INT_Excep_S0_WLINE0
 .text.INT_Excep_S1_VI_VSYNC0
                0x18004878       0x18 ./generate/inthandler.o
                0x18004878                INT_Excep_S1_VI_VSYNC0
 .text.INT_Excep_S1_LO_VSYNC0
                0x18004890       0x18 ./generate/inthandler.o
                0x18004890                INT_Excep_S1_LO_VSYNC0
 .text.INT_Excep_S1_VSYNCERR0
                0x180048a8       0x18 ./generate/inthandler.o
                0x180048a8                INT_Excep_S1_VSYNCERR0
 .text.INT_Excep_S1_VFIELD0
                0x180048c0       0x18 ./generate/inthandler.o
                0x180048c0                INT_Excep_S1_VFIELD0
 .text.INT_Excep_IV2_VBUFERR0
                0x180048d8       0x18 ./generate/inthandler.o
                0x180048d8                INT_Excep_IV2_VBUFERR0
 .text.INT_Excep_IV4_VBUFERR0
                0x180048f0       0x18 ./generate/inthandler.o
                0x180048f0                INT_Excep_IV4_VBUFERR0
 .text.INT_Excep_S1_WLINE0
                0x18004908       0x18 ./generate/inthandler.o
                0x18004908                INT_Excep_S1_WLINE0
 .text.INT_Excep_OIR_VI_VSYNC0
                0x18004920       0x18 ./generate/inthandler.o
                0x18004920                INT_Excep_OIR_VI_VSYNC0
 .text.INT_Excep_OIR_LO_VSYNC0
                0x18004938       0x18 ./generate/inthandler.o
                0x18004938                INT_Excep_OIR_LO_VSYNC0
 .text.INT_Excep_OIR_VSYNCERR0
                0x18004950       0x18 ./generate/inthandler.o
                0x18004950                INT_Excep_OIR_VSYNCERR0
 .text.INT_Excep_OIR_VFIELD0
                0x18004968       0x18 ./generate/inthandler.o
                0x18004968                INT_Excep_OIR_VFIELD0
 .text.INT_Excep_IV7_VBUFERR0
                0x18004980       0x18 ./generate/inthandler.o
                0x18004980                INT_Excep_IV7_VBUFERR0
 .text.INT_Excep_V8_VBUFERR0
                0x18004998       0x18 ./generate/inthandler.o
                0x18004998                INT_Excep_V8_VBUFERR0
 .text.INT_Excep_OIR_WLINE0
                0x180049b0       0x18 ./generate/inthandler.o
                0x180049b0                INT_Excep_OIR_WLINE0
 .text.INT_Excep_S0_VI_VSYNC1
                0x180049c8       0x18 ./generate/inthandler.o
                0x180049c8                INT_Excep_S0_VI_VSYNC1
 .text.INT_Excep_S0_LO_VSYNC1
                0x180049e0       0x18 ./generate/inthandler.o
                0x180049e0                INT_Excep_S0_LO_VSYNC1
 .text.INT_Excep_S0_VSYNCERR1
                0x180049f8       0x18 ./generate/inthandler.o
                0x180049f8                INT_Excep_S0_VSYNCERR1
 .text.INT_Excep_GR3_VLINE1
                0x18004a10       0x18 ./generate/inthandler.o
                0x18004a10                INT_Excep_GR3_VLINE1
 .text.INT_Excep_S0_VFIELD1
                0x18004a28       0x18 ./generate/inthandler.o
                0x18004a28                INT_Excep_S0_VFIELD1
 .text.INT_Excep_IV1_VBUFERR1
                0x18004a40       0x18 ./generate/inthandler.o
                0x18004a40                INT_Excep_IV1_VBUFERR1
 .text.INT_Excep_IV3_VBUFERR1
                0x18004a58       0x18 ./generate/inthandler.o
                0x18004a58                INT_Excep_IV3_VBUFERR1
 .text.INT_Excep_IV5_VBUFERR1
                0x18004a70       0x18 ./generate/inthandler.o
                0x18004a70                INT_Excep_IV5_VBUFERR1
 .text.INT_Excep_IV6_VBUFERR1
                0x18004a88       0x18 ./generate/inthandler.o
                0x18004a88                INT_Excep_IV6_VBUFERR1
 .text.INT_Excep_S0_WLINE1
                0x18004aa0       0x18 ./generate/inthandler.o
                0x18004aa0                INT_Excep_S0_WLINE1
 .text.INT_Excep_S1_VI_VSYNC1
                0x18004ab8       0x18 ./generate/inthandler.o
                0x18004ab8                INT_Excep_S1_VI_VSYNC1
 .text.INT_Excep_S1_LO_VSYNC1
                0x18004ad0       0x18 ./generate/inthandler.o
                0x18004ad0                INT_Excep_S1_LO_VSYNC1
 .text.INT_Excep_S1_VSYNCERR1
                0x18004ae8       0x18 ./generate/inthandler.o
                0x18004ae8                INT_Excep_S1_VSYNCERR1
 .text.INT_Excep_S1_VFIELD1
                0x18004b00       0x18 ./generate/inthandler.o
                0x18004b00                INT_Excep_S1_VFIELD1
 .text.INT_Excep_IV2_VBUFERR1
                0x18004b18       0x18 ./generate/inthandler.o
                0x18004b18                INT_Excep_IV2_VBUFERR1
 .text.INT_Excep_IV4_VBUFERR1
                0x18004b30       0x18 ./generate/inthandler.o
                0x18004b30                INT_Excep_IV4_VBUFERR1
 .text.INT_Excep_S1_WLINE1
                0x18004b48       0x18 ./generate/inthandler.o
                0x18004b48                INT_Excep_S1_WLINE1
 .text.INT_Excep_OIR_VI_VSYNC1
                0x18004b60       0x18 ./generate/inthandler.o
                0x18004b60                INT_Excep_OIR_VI_VSYNC1
 .text.INT_Excep_OIR_LO_VSYNC1
                0x18004b78       0x18 ./generate/inthandler.o
                0x18004b78                INT_Excep_OIR_LO_VSYNC1
 .text.INT_Excep_OIR_VLINE1
                0x18004b90       0x18 ./generate/inthandler.o
                0x18004b90                INT_Excep_OIR_VLINE1
 .text.INT_Excep_OIR_VFIELD1
                0x18004ba8       0x18 ./generate/inthandler.o
                0x18004ba8                INT_Excep_OIR_VFIELD1
 .text.INT_Excep_IV7_VBUFERR1
                0x18004bc0       0x18 ./generate/inthandler.o
                0x18004bc0                INT_Excep_IV7_VBUFERR1
 .text.INT_Excep_IV8_VBUFERR1
                0x18004bd8       0x18 ./generate/inthandler.o
                0x18004bd8                INT_Excep_IV8_VBUFERR1
 .text.INT_Excep_OIR_WLINE1
                0x18004bf0       0x18 ./generate/inthandler.o
                0x18004bf0                INT_Excep_OIR_WLINE1
 .text.INT_Excep_IMRDI
                0x18004c08       0x18 ./generate/inthandler.o
                0x18004c08                INT_Excep_IMRDI
 .text.INT_Excep_IMR2I0
                0x18004c20       0x18 ./generate/inthandler.o
                0x18004c20                INT_Excep_IMR2I0
 .text.INT_Excep_IMR2I1
                0x18004c38       0x18 ./generate/inthandler.o
                0x18004c38                INT_Excep_IMR2I1
 .text.INT_Excep_JEDI
                0x18004c50       0x18 ./generate/inthandler.o
                0x18004c50                INT_Excep_JEDI
 .text.INT_Excep_JDTI
                0x18004c68       0x18 ./generate/inthandler.o
                0x18004c68                INT_Excep_JDTI
 .text.INT_Excep_CMP0
                0x18004c80       0x18 ./generate/inthandler.o
                0x18004c80                INT_Excep_CMP0
 .text.INT_Excep_CMP1
                0x18004c98       0x18 ./generate/inthandler.o
                0x18004c98                INT_Excep_CMP1
 .text.INT_Excep_INT0
                0x18004cb0       0x18 ./generate/inthandler.o
                0x18004cb0                INT_Excep_INT0
 .text.INT_Excep_INT1
                0x18004cc8       0x18 ./generate/inthandler.o
                0x18004cc8                INT_Excep_INT1
 .text.INT_Excep_INT2
                0x18004ce0       0x18 ./generate/inthandler.o
                0x18004ce0                INT_Excep_INT2
 .text.INT_Excep_INT3
                0x18004cf8       0x18 ./generate/inthandler.o
                0x18004cf8                INT_Excep_INT3
 .text.INT_Excep_OSTMI0
                0x18004d10       0x18 ./generate/inthandler.o
                0x18004d10                INT_Excep_OSTMI0
 .text.INT_Excep_OSTMI1
                0x18004d28       0x18 ./generate/inthandler.o
                0x18004d28                INT_Excep_OSTMI1
 .text.INT_Excep_CMI
                0x18004d40       0x18 ./generate/inthandler.o
                0x18004d40                INT_Excep_CMI
 .text.INT_Excep_WTOUT
                0x18004d58       0x18 ./generate/inthandler.o
                0x18004d58                INT_Excep_WTOUT
 .text.INT_Excep_ITI
                0x18004d70       0x18 ./generate/inthandler.o
                0x18004d70                INT_Excep_ITI
 .text.INT_Excep_TGI0A
                0x18004d88       0x18 ./generate/inthandler.o
                0x18004d88                INT_Excep_TGI0A
 .text.INT_Excep_TGI0B
                0x18004da0       0x18 ./generate/inthandler.o
                0x18004da0                INT_Excep_TGI0B
 .text.INT_Excep_TGI0C
                0x18004db8       0x18 ./generate/inthandler.o
                0x18004db8                INT_Excep_TGI0C
 .text.INT_Excep_TGI0D
                0x18004dd0       0x18 ./generate/inthandler.o
                0x18004dd0                INT_Excep_TGI0D
 .text.INT_Excep_TGI0V
                0x18004de8       0x18 ./generate/inthandler.o
                0x18004de8                INT_Excep_TGI0V
 .text.INT_Excep_TGI0E
                0x18004e00       0x18 ./generate/inthandler.o
                0x18004e00                INT_Excep_TGI0E
 .text.INT_Excep_TGI0F
                0x18004e18       0x18 ./generate/inthandler.o
                0x18004e18                INT_Excep_TGI0F
 .text.INT_Excep_TGI1A
                0x18004e30       0x18 ./generate/inthandler.o
                0x18004e30                INT_Excep_TGI1A
 .text.INT_Excep_TGI1B
                0x18004e48       0x18 ./generate/inthandler.o
                0x18004e48                INT_Excep_TGI1B
 .text.INT_Excep_TGI1V
                0x18004e60       0x18 ./generate/inthandler.o
                0x18004e60                INT_Excep_TGI1V
 .text.INT_Excep_TGI1U
                0x18004e78       0x18 ./generate/inthandler.o
                0x18004e78                INT_Excep_TGI1U
 .text.INT_Excep_TGI2A
                0x18004e90       0x18 ./generate/inthandler.o
                0x18004e90                INT_Excep_TGI2A
 .text.INT_Excep_TGI2B
                0x18004ea8       0x18 ./generate/inthandler.o
                0x18004ea8                INT_Excep_TGI2B
 .text.INT_Excep_TGI2V
                0x18004ec0       0x18 ./generate/inthandler.o
                0x18004ec0                INT_Excep_TGI2V
 .text.INT_Excep_TGI2U
                0x18004ed8       0x18 ./generate/inthandler.o
                0x18004ed8                INT_Excep_TGI2U
 .text.INT_Excep_TGI3A
                0x18004ef0       0x18 ./generate/inthandler.o
                0x18004ef0                INT_Excep_TGI3A
 .text.INT_Excep_TGI3B
                0x18004f08       0x18 ./generate/inthandler.o
                0x18004f08                INT_Excep_TGI3B
 .text.INT_Excep_TGI3C
                0x18004f20       0x18 ./generate/inthandler.o
                0x18004f20                INT_Excep_TGI3C
 .text.INT_Excep_TGI3D
                0x18004f38       0x18 ./generate/inthandler.o
                0x18004f38                INT_Excep_TGI3D
 .text.INT_Excep_TGI3V
                0x18004f50       0x18 ./generate/inthandler.o
                0x18004f50                INT_Excep_TGI3V
 .text.INT_Excep_TGI4A
                0x18004f68       0x18 ./generate/inthandler.o
                0x18004f68                INT_Excep_TGI4A
 .text.INT_Excep_TGI4B
                0x18004f80       0x18 ./generate/inthandler.o
                0x18004f80                INT_Excep_TGI4B
 .text.INT_Excep_TGI4C
                0x18004f98       0x18 ./generate/inthandler.o
                0x18004f98                INT_Excep_TGI4C
 .text.INT_Excep_TGI4D
                0x18004fb0       0x18 ./generate/inthandler.o
                0x18004fb0                INT_Excep_TGI4D
 .text.INT_Excep_TGI4V
                0x18004fc8       0x18 ./generate/inthandler.o
                0x18004fc8                INT_Excep_TGI4V
 .text.INT_Excep_CMI1
                0x18004fe0       0x18 ./generate/inthandler.o
                0x18004fe0                INT_Excep_CMI1
 .text.INT_Excep_CMI2
                0x18004ff8       0x18 ./generate/inthandler.o
                0x18004ff8                INT_Excep_CMI2
 .text.INT_Excep_SGDEI0
                0x18005010       0x18 ./generate/inthandler.o
                0x18005010                INT_Excep_SGDEI0
 .text.INT_Excep_SGDEI1
                0x18005028       0x18 ./generate/inthandler.o
                0x18005028                INT_Excep_SGDEI1
 .text.INT_Excep_SGDEI2
                0x18005040       0x18 ./generate/inthandler.o
                0x18005040                INT_Excep_SGDEI2
 .text.INT_Excep_SGDEI3
                0x18005058       0x18 ./generate/inthandler.o
                0x18005058                INT_Excep_SGDEI3
 .text.INT_Excep_ADI
                0x18005070       0x18 ./generate/inthandler.o
                0x18005070                INT_Excep_ADI
 .text.INT_Excep_ADWAR
                0x18005088       0x18 ./generate/inthandler.o
                0x18005088                INT_Excep_ADWAR
 .text.INT_Excep_SSII0
                0x180050a0       0x18 ./generate/inthandler.o
                0x180050a0                INT_Excep_SSII0
 .text.INT_Excep_SSIRXI0
                0x180050b8       0x18 ./generate/inthandler.o
                0x180050b8                INT_Excep_SSIRXI0
 .text.INT_Excep_SSITXI0
                0x180050d0       0x18 ./generate/inthandler.o
                0x180050d0                INT_Excep_SSITXI0
 .text.INT_Excep_SSII1
                0x180050e8       0x18 ./generate/inthandler.o
                0x180050e8                INT_Excep_SSII1
 .text.INT_Excep_SSIRXI1
                0x18005100       0x18 ./generate/inthandler.o
                0x18005100                INT_Excep_SSIRXI1
 .text.INT_Excep_SSITXI1
                0x18005118       0x18 ./generate/inthandler.o
                0x18005118                INT_Excep_SSITXI1
 .text.INT_Excep_SSII2
                0x18005130       0x18 ./generate/inthandler.o
                0x18005130                INT_Excep_SSII2
 .text.INT_Excep_SSIRTI2
                0x18005148       0x18 ./generate/inthandler.o
                0x18005148                INT_Excep_SSIRTI2
 .text.INT_Excep_SSII3
                0x18005160       0x18 ./generate/inthandler.o
                0x18005160                INT_Excep_SSII3
 .text.INT_Excep_SSIRXI3
                0x18005178       0x18 ./generate/inthandler.o
                0x18005178                INT_Excep_SSIRXI3
 .text.INT_Excep_SSITXI3
                0x18005190       0x18 ./generate/inthandler.o
                0x18005190                INT_Excep_SSITXI3
 .text.INT_Excep_SSII4
                0x180051a8       0x18 ./generate/inthandler.o
                0x180051a8                INT_Excep_SSII4
 .text.INT_Excep_SSIRTI4
                0x180051c0       0x18 ./generate/inthandler.o
                0x180051c0                INT_Excep_SSIRTI4
 .text.INT_Excep_SSII5
                0x180051d8       0x18 ./generate/inthandler.o
                0x180051d8                INT_Excep_SSII5
 .text.INT_Excep_SSIRXI5
                0x180051f0       0x18 ./generate/inthandler.o
                0x180051f0                INT_Excep_SSIRXI5
 .text.INT_Excep_SSITXI5
                0x18005208       0x18 ./generate/inthandler.o
                0x18005208                INT_Excep_SSITXI5
 .text.INT_Excep_SPDIFI
                0x18005220       0x18 ./generate/inthandler.o
                0x18005220                INT_Excep_SPDIFI
 .text.INT_Excep_I2C_TEI0
                0x18005238       0x18 ./generate/inthandler.o
                0x18005238                INT_Excep_I2C_TEI0
 .text.INT_Excep_RI0
                0x18005250       0x18 ./generate/inthandler.o
                0x18005250                INT_Excep_RI0
 .text.INT_Excep_TI0
                0x18005268       0x18 ./generate/inthandler.o
                0x18005268                INT_Excep_TI0
 .text.INT_Excep_SPI0
                0x18005280       0x18 ./generate/inthandler.o
                0x18005280                INT_Excep_SPI0
 .text.INT_Excep_STI0
                0x18005298       0x18 ./generate/inthandler.o
                0x18005298                INT_Excep_STI0
 .text.INT_Excep_NAKI0
                0x180052b0       0x18 ./generate/inthandler.o
                0x180052b0                INT_Excep_NAKI0
 .text.INT_Excep_ALI0
                0x180052c8       0x18 ./generate/inthandler.o
                0x180052c8                INT_Excep_ALI0
 .text.INT_Excep_TMOI0
                0x180052e0       0x18 ./generate/inthandler.o
                0x180052e0                INT_Excep_TMOI0
 .text.INT_Excep_I2C_TEI1
                0x180052f8       0x18 ./generate/inthandler.o
                0x180052f8                INT_Excep_I2C_TEI1
 .text.INT_Excep_RI1
                0x18005310       0x18 ./generate/inthandler.o
                0x18005310                INT_Excep_RI1
 .text.INT_Excep_TI1
                0x18005328       0x18 ./generate/inthandler.o
                0x18005328                INT_Excep_TI1
 .text.INT_Excep_SPI1
                0x18005340       0x18 ./generate/inthandler.o
                0x18005340                INT_Excep_SPI1
 .text.INT_Excep_STI1
                0x18005358       0x18 ./generate/inthandler.o
                0x18005358                INT_Excep_STI1
 .text.INT_Excep_NAKI1
                0x18005370       0x18 ./generate/inthandler.o
                0x18005370                INT_Excep_NAKI1
 .text.INT_Excep_ALI1
                0x18005388       0x18 ./generate/inthandler.o
                0x18005388                INT_Excep_ALI1
 .text.INT_Excep_TMOI1
                0x180053a0       0x18 ./generate/inthandler.o
                0x180053a0                INT_Excep_TMOI1
 .text.INT_Excep_TEI2
                0x180053b8       0x18 ./generate/inthandler.o
                0x180053b8                INT_Excep_TEI2
 .text.INT_Excep_RI2
                0x180053d0       0x18 ./generate/inthandler.o
                0x180053d0                INT_Excep_RI2
 .text.INT_Excep_TI2
                0x180053e8       0x18 ./generate/inthandler.o
                0x180053e8                INT_Excep_TI2
 .text.INT_Excep_SPI2
                0x18005400       0x18 ./generate/inthandler.o
                0x18005400                INT_Excep_SPI2
 .text.INT_Excep_STI2
                0x18005418       0x18 ./generate/inthandler.o
                0x18005418                INT_Excep_STI2
 .text.INT_Excep_NAKI2
                0x18005430       0x18 ./generate/inthandler.o
                0x18005430                INT_Excep_NAKI2
 .text.INT_Excep_ALI2
                0x18005448       0x18 ./generate/inthandler.o
                0x18005448                INT_Excep_ALI2
 .text.INT_Excep_TMOI2
                0x18005460       0x18 ./generate/inthandler.o
                0x18005460                INT_Excep_TMOI2
 .text.INT_Excep_TEI3
                0x18005478       0x18 ./generate/inthandler.o
                0x18005478                INT_Excep_TEI3
 .text.INT_Excep_RI3
                0x18005490       0x18 ./generate/inthandler.o
                0x18005490                INT_Excep_RI3
 .text.INT_Excep_TI3
                0x180054a8       0x18 ./generate/inthandler.o
                0x180054a8                INT_Excep_TI3
 .text.INT_Excep_SPI3
                0x180054c0       0x18 ./generate/inthandler.o
                0x180054c0                INT_Excep_SPI3
 .text.INT_Excep_STI3
                0x180054d8       0x18 ./generate/inthandler.o
                0x180054d8                INT_Excep_STI3
 .text.INT_Excep_NAKI3
                0x180054f0       0x18 ./generate/inthandler.o
                0x180054f0                INT_Excep_NAKI3
 .text.INT_Excep_ALI3
                0x18005508       0x18 ./generate/inthandler.o
                0x18005508                INT_Excep_ALI3
 .text.INT_Excep_TMOI3
                0x18005520       0x18 ./generate/inthandler.o
                0x18005520                INT_Excep_TMOI3
 .text.INT_Excep_FIFO_BRI0
                0x18005538       0x18 ./generate/inthandler.o
                0x18005538                INT_Excep_FIFO_BRI0
 .text.INT_Excep_FIFO_ERI0
                0x18005550       0x18 ./generate/inthandler.o
                0x18005550                INT_Excep_FIFO_ERI0
 .text.INT_Excep_FIFO_RXI0
                0x18005568       0x18 ./generate/inthandler.o
                0x18005568                INT_Excep_FIFO_RXI0
 .text.INT_Excep_FIFO_TXI0
                0x18005580       0x18 ./generate/inthandler.o
                0x18005580                INT_Excep_FIFO_TXI0
 .text.INT_Excep_FIFO_BRI1
                0x18005598       0x18 ./generate/inthandler.o
                0x18005598                INT_Excep_FIFO_BRI1
 .text.INT_Excep_FIFO_ERI1
                0x180055b0       0x18 ./generate/inthandler.o
                0x180055b0                INT_Excep_FIFO_ERI1
 .text.INT_Excep_FIFO_RXI1
                0x180055c8       0x18 ./generate/inthandler.o
                0x180055c8                INT_Excep_FIFO_RXI1
 .text.INT_Excep_FIFO_TXI1
                0x180055e0       0x18 ./generate/inthandler.o
                0x180055e0                INT_Excep_FIFO_TXI1
 .text.INT_Excep_BRI2
                0x180055f8       0x18 ./generate/inthandler.o
                0x180055f8                INT_Excep_BRI2
 .text.INT_Excep_ERI2
                0x18005610       0x18 ./generate/inthandler.o
                0x18005610                INT_Excep_ERI2
 .text.INT_Excep_RXI2
                0x18005628       0x18 ./generate/inthandler.o
                0x18005628                INT_Excep_RXI2
 .text.INT_Excep_TXI2
                0x18005640       0x18 ./generate/inthandler.o
                0x18005640                INT_Excep_TXI2
 .text.INT_Excep_BRI3
                0x18005658       0x18 ./generate/inthandler.o
                0x18005658                INT_Excep_BRI3
 .text.INT_Excep_ERI3
                0x18005670       0x18 ./generate/inthandler.o
                0x18005670                INT_Excep_ERI3
 .text.INT_Excep_RXI3
                0x18005688       0x18 ./generate/inthandler.o
                0x18005688                INT_Excep_RXI3
 .text.INT_Excep_TXI3
                0x180056a0       0x18 ./generate/inthandler.o
                0x180056a0                INT_Excep_TXI3
 .text.INT_Excep_BRI4
                0x180056b8       0x18 ./generate/inthandler.o
                0x180056b8                INT_Excep_BRI4
 .text.INT_Excep_ERI4
                0x180056d0       0x18 ./generate/inthandler.o
                0x180056d0                INT_Excep_ERI4
 .text.INT_Excep_RXI4
                0x180056e8       0x18 ./generate/inthandler.o
                0x180056e8                INT_Excep_RXI4
 .text.INT_Excep_TXI4
                0x18005700       0x18 ./generate/inthandler.o
                0x18005700                INT_Excep_TXI4
 .text.INT_Excep_BRI5
                0x18005718       0x18 ./generate/inthandler.o
                0x18005718                INT_Excep_BRI5
 .text.INT_Excep_ERI5
                0x18005730       0x18 ./generate/inthandler.o
                0x18005730                INT_Excep_ERI5
 .text.INT_Excep_RXI5
                0x18005748       0x18 ./generate/inthandler.o
                0x18005748                INT_Excep_RXI5
 .text.INT_Excep_TXI5
                0x18005760       0x18 ./generate/inthandler.o
                0x18005760                INT_Excep_TXI5
 .text.INT_Excep_BRI6
                0x18005778       0x18 ./generate/inthandler.o
                0x18005778                INT_Excep_BRI6
 .text.INT_Excep_ERI6
                0x18005790       0x18 ./generate/inthandler.o
                0x18005790                INT_Excep_ERI6
 .text.INT_Excep_RXI6
                0x180057a8       0x18 ./generate/inthandler.o
                0x180057a8                INT_Excep_RXI6
 .text.INT_Excep_TXI6
                0x180057c0       0x18 ./generate/inthandler.o
                0x180057c0                INT_Excep_TXI6
 .text.INT_Excep_BRI7
                0x180057d8       0x18 ./generate/inthandler.o
                0x180057d8                INT_Excep_BRI7
 .text.INT_Excep_ERI7
                0x180057f0       0x18 ./generate/inthandler.o
                0x180057f0                INT_Excep_ERI7
 .text.INT_Excep_RXI7
                0x18005808       0x18 ./generate/inthandler.o
                0x18005808                INT_Excep_RXI7
 .text.INT_Excep_TXI7
                0x18005820       0x18 ./generate/inthandler.o
                0x18005820                INT_Excep_TXI7
 .text.INT_Excep_GERI
                0x18005838       0x18 ./generate/inthandler.o
                0x18005838                INT_Excep_GERI
 .text.INT_Excep_RFI
                0x18005850       0x18 ./generate/inthandler.o
                0x18005850                INT_Excep_RFI
 .text.INT_Excep_CFRXI0
                0x18005868       0x18 ./generate/inthandler.o
                0x18005868                INT_Excep_CFRXI0
 .text.INT_Excep_CERI0
                0x18005880       0x18 ./generate/inthandler.o
                0x18005880                INT_Excep_CERI0
 .text.INT_Excep_CTXI0
                0x18005898       0x18 ./generate/inthandler.o
                0x18005898                INT_Excep_CTXI0
 .text.INT_Excep_CFRXI1
                0x180058b0       0x18 ./generate/inthandler.o
                0x180058b0                INT_Excep_CFRXI1
 .text.INT_Excep_CERI1
                0x180058c8       0x18 ./generate/inthandler.o
                0x180058c8                INT_Excep_CERI1
 .text.INT_Excep_CTXI1
                0x180058e0       0x18 ./generate/inthandler.o
                0x180058e0                INT_Excep_CTXI1
 .text.INT_Excep_CFRXI2
                0x180058f8       0x18 ./generate/inthandler.o
                0x180058f8                INT_Excep_CFRXI2
 .text.INT_Excep_CERI2
                0x18005910       0x18 ./generate/inthandler.o
                0x18005910                INT_Excep_CERI2
 .text.INT_Excep_CTXI2
                0x18005928       0x18 ./generate/inthandler.o
                0x18005928                INT_Excep_CTXI2
 .text.INT_Excep_CFRXI3
                0x18005940       0x18 ./generate/inthandler.o
                0x18005940                INT_Excep_CFRXI3
 .text.INT_Excep_CERI3
                0x18005958       0x18 ./generate/inthandler.o
                0x18005958                INT_Excep_CERI3
 .text.INT_Excep_CTXI3
                0x18005970       0x18 ./generate/inthandler.o
                0x18005970                INT_Excep_CTXI3
 .text.INT_Excep_CFRXI4
                0x18005988       0x18 ./generate/inthandler.o
                0x18005988                INT_Excep_CFRXI4
 .text.INT_Excep_CERI4
                0x180059a0       0x18 ./generate/inthandler.o
                0x180059a0                INT_Excep_CERI4
 .text.INT_Excep_CTXI4
                0x180059b8       0x18 ./generate/inthandler.o
                0x180059b8                INT_Excep_CTXI4
 .text.INT_Excep_SPEI0
                0x180059d0       0x18 ./generate/inthandler.o
                0x180059d0                INT_Excep_SPEI0
 .text.INT_Excep_SPRI0
                0x180059e8       0x18 ./generate/inthandler.o
                0x180059e8                INT_Excep_SPRI0
 .text.INT_Excep_SPTI0
                0x18005a00       0x18 ./generate/inthandler.o
                0x18005a00                INT_Excep_SPTI0
 .text.INT_Excep_SPEI1
                0x18005a18       0x18 ./generate/inthandler.o
                0x18005a18                INT_Excep_SPEI1
 .text.INT_Excep_SPRI1
                0x18005a30       0x18 ./generate/inthandler.o
                0x18005a30                INT_Excep_SPRI1
 .text.INT_Excep_SPTI1
                0x18005a48       0x18 ./generate/inthandler.o
                0x18005a48                INT_Excep_SPTI1
 .text.INT_Excep_SPEI2
                0x18005a60       0x18 ./generate/inthandler.o
                0x18005a60                INT_Excep_SPEI2
 .text.INT_Excep_SPRI2
                0x18005a78       0x18 ./generate/inthandler.o
                0x18005a78                INT_Excep_SPRI2
 .text.INT_Excep_SPTI2
                0x18005a90       0x18 ./generate/inthandler.o
                0x18005a90                INT_Excep_SPTI2
 .text.INT_Excep_SPEI3
                0x18005aa8       0x18 ./generate/inthandler.o
                0x18005aa8                INT_Excep_SPEI3
 .text.INT_Excep_SPRI3
                0x18005ac0       0x18 ./generate/inthandler.o
                0x18005ac0                INT_Excep_SPRI3
 .text.INT_Excep_SPTI3
                0x18005ad8       0x18 ./generate/inthandler.o
                0x18005ad8                INT_Excep_SPTI3
 .text.INT_Excep_SPEI4
                0x18005af0       0x18 ./generate/inthandler.o
                0x18005af0                INT_Excep_SPEI4
 .text.INT_Excep_SPRI4
                0x18005b08       0x18 ./generate/inthandler.o
                0x18005b08                INT_Excep_SPRI4
 .text.INT_Excep_SPTI4
                0x18005b20       0x18 ./generate/inthandler.o
                0x18005b20                INT_Excep_SPTI4
 .text.INT_Excep_IEBBTD
                0x18005b38       0x18 ./generate/inthandler.o
                0x18005b38                INT_Excep_IEBBTD
 .text.INT_Excep_IEBBTERR
                0x18005b50       0x18 ./generate/inthandler.o
                0x18005b50                INT_Excep_IEBBTERR
 .text.INT_Excep_IEBBTSTA
                0x18005b68       0x18 ./generate/inthandler.o
                0x18005b68                INT_Excep_IEBBTSTA
 .text.INT_Excep_IEBBTV
                0x18005b80       0x18 ./generate/inthandler.o
                0x18005b80                INT_Excep_IEBBTV
 .text.INT_Excep_ISY
                0x18005b98       0x18 ./generate/inthandler.o
                0x18005b98                INT_Excep_ISY
 .text.INT_Excep_IERR
                0x18005bb0       0x18 ./generate/inthandler.o
                0x18005bb0                INT_Excep_IERR
 .text.INT_Excep_ITARG
                0x18005bc8       0x18 ./generate/inthandler.o
                0x18005bc8                INT_Excep_ITARG
 .text.INT_Excep_ISEC
                0x18005be0       0x18 ./generate/inthandler.o
                0x18005be0                INT_Excep_ISEC
 .text.INT_Excep_IBUF
                0x18005bf8       0x18 ./generate/inthandler.o
                0x18005bf8                INT_Excep_IBUF
 .text.INT_Excep_IREADY
                0x18005c10       0x18 ./generate/inthandler.o
                0x18005c10                INT_Excep_IREADY
 .text.INT_Excep_STERB
                0x18005c28       0x18 ./generate/inthandler.o
                0x18005c28                INT_Excep_STERB
 .text.INT_Excep_FLTENDI
                0x18005c40       0x18 ./generate/inthandler.o
                0x18005c40                INT_Excep_FLTENDI
 .text.INT_Excep_FLTREQ0I
                0x18005c58       0x18 ./generate/inthandler.o
                0x18005c58                INT_Excep_FLTREQ0I
 .text.INT_Excep_FLTREQ1I
                0x18005c70       0x18 ./generate/inthandler.o
                0x18005c70                INT_Excep_FLTREQ1I
 .text.INT_Excep_MMC0
                0x18005c88       0x18 ./generate/inthandler.o
                0x18005c88                INT_Excep_MMC0
 .text.INT_Excep_MMC1
                0x18005ca0       0x18 ./generate/inthandler.o
                0x18005ca0                INT_Excep_MMC1
 .text.INT_Excep_MMC2
                0x18005cb8       0x18 ./generate/inthandler.o
                0x18005cb8                INT_Excep_MMC2
 .text.INT_Excep_SDHI0_3
                0x18005cd0       0x18 ./generate/inthandler.o
                0x18005cd0                INT_Excep_SDHI0_3
 .text.INT_Excep_SDHI0_0
                0x18005ce8       0x18 ./generate/inthandler.o
                0x18005ce8                INT_Excep_SDHI0_0
 .text.INT_Excep_SDHI0_1
                0x18005d00       0x18 ./generate/inthandler.o
                0x18005d00                INT_Excep_SDHI0_1
 .text.INT_Excep_SDHI1_3
                0x18005d18       0x18 ./generate/inthandler.o
                0x18005d18                INT_Excep_SDHI1_3
 .text.INT_Excep_SDHI1_0
                0x18005d30       0x18 ./generate/inthandler.o
                0x18005d30                INT_Excep_SDHI1_0
 .text.INT_Excep_SDHI1_1
                0x18005d48       0x18 ./generate/inthandler.o
                0x18005d48                INT_Excep_SDHI1_1
 .text.INT_Excep_ARM
                0x18005d60       0x18 ./generate/inthandler.o
                0x18005d60                INT_Excep_ARM
 .text.INT_Excep_PRD
                0x18005d78       0x18 ./generate/inthandler.o
                0x18005d78                INT_Excep_PRD
 .text.INT_Excep_CUP
                0x18005d90       0x18 ./generate/inthandler.o
                0x18005d90                INT_Excep_CUP
 .text.INT_Excep_SCUAI0
                0x18005da8       0x18 ./generate/inthandler.o
                0x18005da8                INT_Excep_SCUAI0
 .text.INT_Excep_SCUAI1
                0x18005dc0       0x18 ./generate/inthandler.o
                0x18005dc0                INT_Excep_SCUAI1
 .text.INT_Excep_SCUFDI0
                0x18005dd8       0x18 ./generate/inthandler.o
                0x18005dd8                INT_Excep_SCUFDI0
 .text.INT_Excep_SCUFDI1
                0x18005df0       0x18 ./generate/inthandler.o
                0x18005df0                INT_Excep_SCUFDI1
 .text.INT_Excep_SCUFDI2
                0x18005e08       0x18 ./generate/inthandler.o
                0x18005e08                INT_Excep_SCUFDI2
 .text.INT_Excep_SCUFDI3
                0x18005e20       0x18 ./generate/inthandler.o
                0x18005e20                INT_Excep_SCUFDI3
 .text.INT_Excep_SCUFUI0
                0x18005e38       0x18 ./generate/inthandler.o
                0x18005e38                INT_Excep_SCUFUI0
 .text.INT_Excep_SCUFUI1
                0x18005e50       0x18 ./generate/inthandler.o
                0x18005e50                INT_Excep_SCUFUI1
 .text.INT_Excep_SCUFUI2
                0x18005e68       0x18 ./generate/inthandler.o
                0x18005e68                INT_Excep_SCUFUI2
 .text.INT_Excep_SCUFUI3
                0x18005e80       0x18 ./generate/inthandler.o
                0x18005e80                INT_Excep_SCUFUI3
 .text.INT_Excep_SCUDVI0
                0x18005e98       0x18 ./generate/inthandler.o
                0x18005e98                INT_Excep_SCUDVI0
 .text.INT_Excep_SCUDVI1
                0x18005eb0       0x18 ./generate/inthandler.o
                0x18005eb0                INT_Excep_SCUDVI1
 .text.INT_Excep_SCUDVI2
                0x18005ec8       0x18 ./generate/inthandler.o
                0x18005ec8                INT_Excep_SCUDVI2
 .text.INT_Excep_SCUDVI3
                0x18005ee0       0x18 ./generate/inthandler.o
                0x18005ee0                INT_Excep_SCUDVI3
 .text.INT_Excep_MLBCI
                0x18005ef8       0x18 ./generate/inthandler.o
                0x18005ef8                INT_Excep_MLBCI
 .text.INT_Excep_MLBSI
                0x18005f10       0x18 ./generate/inthandler.o
                0x18005f10                INT_Excep_MLBSI
 .text.INT_Excep_DRC0
                0x18005f28       0x18 ./generate/inthandler.o
                0x18005f28                INT_Excep_DRC0
 .text.INT_Excep_DRC1
                0x18005f40       0x18 ./generate/inthandler.o
                0x18005f40                INT_Excep_DRC1
 .text.INT_Excep_LINI0_INT_T
                0x18005f58       0x18 ./generate/inthandler.o
                0x18005f58                INT_Excep_LINI0_INT_T
 .text.INT_Excep_LINI0_INT_R
                0x18005f70       0x18 ./generate/inthandler.o
                0x18005f70                INT_Excep_LINI0_INT_R
 .text.INT_Excep_LINI0_INT_S
                0x18005f88       0x18 ./generate/inthandler.o
                0x18005f88                INT_Excep_LINI0_INT_S
 .text.INT_Excep_LINI0_INT_M
                0x18005fa0       0x18 ./generate/inthandler.o
                0x18005fa0                INT_Excep_LINI0_INT_M
 .text.INT_Excep_LINI1_INT_T
                0x18005fb8       0x18 ./generate/inthandler.o
                0x18005fb8                INT_Excep_LINI1_INT_T
 .text.INT_Excep_LINI1_INT_R
                0x18005fd0       0x18 ./generate/inthandler.o
                0x18005fd0                INT_Excep_LINI1_INT_R
 .text.INT_Excep_LINI1_INT_S
                0x18005fe8       0x18 ./generate/inthandler.o
                0x18005fe8                INT_Excep_LINI1_INT_S
 .text.INT_Excep_LINI1_INT_M
                0x18006000       0x18 ./generate/inthandler.o
                0x18006000                INT_Excep_LINI1_INT_M
 .text.INT_Excep_ERI0
                0x18006018       0x18 ./generate/inthandler.o
                0x18006018                INT_Excep_ERI0
 .text.INT_Excep_RXI0
                0x18006030       0x18 ./generate/inthandler.o
                0x18006030                INT_Excep_RXI0
 .text.INT_Excep_TXI0
                0x18006048       0x18 ./generate/inthandler.o
                0x18006048                INT_Excep_TXI0
 .text.INT_Excep_TEI0
                0x18006060       0x18 ./generate/inthandler.o
                0x18006060                INT_Excep_TEI0
 .text.INT_Excep_ERI1
                0x18006078       0x18 ./generate/inthandler.o
                0x18006078                INT_Excep_ERI1
 .text.INT_Excep_RXI1
                0x18006090       0x18 ./generate/inthandler.o
                0x18006090                INT_Excep_RXI1
 .text.INT_Excep_TXI1
                0x180060a8       0x18 ./generate/inthandler.o
                0x180060a8                INT_Excep_TXI1
 .text.INT_Excep_TEI1
                0x180060c0       0x18 ./generate/inthandler.o
                0x180060c0                INT_Excep_TEI1
 .text.INT_Excep_ETHERI
                0x180060d8       0x18 ./generate/inthandler.o
                0x180060d8                INT_Excep_ETHERI
 .text.INT_Excep_CEUI
                0x180060f0       0x18 ./generate/inthandler.o
                0x180060f0                INT_Excep_CEUI
 .text.INT_Excep_INT_CSIH0TIR
                0x18006108       0x18 ./generate/inthandler.o
                0x18006108                INT_Excep_INT_CSIH0TIR
 .text.INT_Excep_INT_CSIH0TIRE
                0x18006120       0x18 ./generate/inthandler.o
                0x18006120                INT_Excep_INT_CSIH0TIRE
 .text.INT_Excep_INT_CSIH1TIC
                0x18006138       0x18 ./generate/inthandler.o
                0x18006138                INT_Excep_INT_CSIH1TIC
 .text.INT_Excep_INT_CSIH1TIJC
                0x18006150       0x18 ./generate/inthandler.o
                0x18006150                INT_Excep_INT_CSIH1TIJC
 .text.INT_Excep_ECCE10
                0x18006168       0x18 ./generate/inthandler.o
                0x18006168                INT_Excep_ECCE10
 .text.INT_Excep_ECCE20
                0x18006180       0x18 ./generate/inthandler.o
                0x18006180                INT_Excep_ECCE20
 .text.INT_Excep_ECCOVF0
                0x18006198       0x18 ./generate/inthandler.o
                0x18006198                INT_Excep_ECCOVF0
 .text.INT_Excep_ECCE11
                0x180061b0       0x18 ./generate/inthandler.o
                0x180061b0                INT_Excep_ECCE11
 .text.INT_Excep_ECCE21
                0x180061c8       0x18 ./generate/inthandler.o
                0x180061c8                INT_Excep_ECCE21
 .text.INT_Excep_ECCOVF1
                0x180061e0       0x18 ./generate/inthandler.o
                0x180061e0                INT_Excep_ECCOVF1
 .text.INT_Excep_ECCE12
                0x180061f8       0x18 ./generate/inthandler.o
                0x180061f8                INT_Excep_ECCE12
 .text.INT_Excep_ECCE22
                0x18006210       0x18 ./generate/inthandler.o
                0x18006210                INT_Excep_ECCE22
 .text.INT_Excep_ECCOVF2
                0x18006228       0x18 ./generate/inthandler.o
                0x18006228                INT_Excep_ECCOVF2
 .text.INT_Excep_ECCE13
                0x18006240       0x18 ./generate/inthandler.o
                0x18006240                INT_Excep_ECCE13
 .text.INT_Excep_ECCE23
                0x18006258       0x18 ./generate/inthandler.o
                0x18006258                INT_Excep_ECCE23
 .text.INT_Excep_ECCOVF3
                0x18006270       0x18 ./generate/inthandler.o
                0x18006270                INT_Excep_ECCOVF3
 .text.INT_Excep_H2XMLB_ERRINT
                0x18006288       0x18 ./generate/inthandler.o
                0x18006288                INT_Excep_H2XMLB_ERRINT
 .text.INT_Excep_H2XIC1_ERRINT
                0x180062a0       0x18 ./generate/inthandler.o
                0x180062a0                INT_Excep_H2XIC1_ERRINT
 .text.INT_Excep_X2HPERI1_ERRINT
                0x180062b8       0x18 ./generate/inthandler.o
                0x180062b8                INT_Excep_X2HPERI1_ERRINT
 .text.INT_Excep_X2HPERI2_ERRINT
                0x180062d0       0x18 ./generate/inthandler.o
                0x180062d0                INT_Excep_X2HPERI2_ERRINT
 .text.INT_Excep_X2HPERI34_ERRINT
                0x180062e8       0x18 ./generate/inthandler.o
                0x180062e8                INT_Excep_X2HPERI34_ERRINT
 .text.INT_Excep_X2HPERI5_ERRINT
                0x18006300       0x18 ./generate/inthandler.o
                0x18006300                INT_Excep_X2HPERI5_ERRINT
 .text.INT_Excep_X2HPERI67_ERRINT
                0x18006318       0x18 ./generate/inthandler.o
                0x18006318                INT_Excep_X2HPERI67_ERRINT
 .text.INT_Excep_X2HDBGR_ERRINT
                0x18006330       0x18 ./generate/inthandler.o
                0x18006330                INT_Excep_X2HDBGR_ERRINT
 .text.INT_Excep_X2HBSC_ERRINT
                0x18006348       0x18 ./generate/inthandler.o
                0x18006348                INT_Excep_X2HBSC_ERRINT
 .text.INT_Excep_X2HSPI1_ERRINT
                0x18006360       0x18 ./generate/inthandler.o
                0x18006360                INT_Excep_X2HSPI1_ERRINT
 .text.INT_Excep_X2HSPI2_ERRINT
                0x18006378       0x18 ./generate/inthandler.o
                0x18006378                INT_Excep_X2HSPI2_ERRINT
 .text.INT_Excep_PRRI
                0x18006390       0x18 ./generate/inthandler.o
                0x18006390                INT_Excep_PRRI
 .text.INT_Excep_IFEI0
                0x180063a8       0x18 ./generate/inthandler.o
                0x180063a8                INT_Excep_IFEI0
 .text.INT_Excep_OFFI0
                0x180063c0       0x18 ./generate/inthandler.o
                0x180063c0                INT_Excep_OFFI0
 .text.INT_Excep_PFVEI0
                0x180063d8       0x18 ./generate/inthandler.o
                0x180063d8                INT_Excep_PFVEI0
 .text.INT_Excep_IFEI1
                0x180063f0       0x18 ./generate/inthandler.o
                0x180063f0                INT_Excep_IFEI1
 .text.INT_Excep_OFFI1
                0x18006408       0x18 ./generate/inthandler.o
                0x18006408                INT_Excep_OFFI1
 .text.INT_Excep_PFVEI1
                0x18006420       0x18 ./generate/inthandler.o
                0x18006420                INT_Excep_PFVEI1
 .text.INT_Excep_TINT0
                0x18006438       0x18 ./generate/inthandler.o
                0x18006438                INT_Excep_TINT0
 .text.INT_Excep_TINT1
                0x18006450       0x18 ./generate/inthandler.o
                0x18006450                INT_Excep_TINT1
 .text.INT_Excep_TINT2
                0x18006468       0x18 ./generate/inthandler.o
                0x18006468                INT_Excep_TINT2
 .text.INT_Excep_TINT3
                0x18006480       0x18 ./generate/inthandler.o
                0x18006480                INT_Excep_TINT3
 .text.INT_Excep_TINT4
                0x18006498       0x18 ./generate/inthandler.o
                0x18006498                INT_Excep_TINT4
 .text.INT_Excep_TINT5
                0x180064b0       0x18 ./generate/inthandler.o
                0x180064b0                INT_Excep_TINT5
 .text.INT_Excep_TINT6
                0x180064c8       0x18 ./generate/inthandler.o
                0x180064c8                INT_Excep_TINT6
 .text.INT_Excep_TINT7
                0x180064e0       0x18 ./generate/inthandler.o
                0x180064e0                INT_Excep_TINT7
 .text.INT_Excep_TINT8
                0x180064f8       0x18 ./generate/inthandler.o
                0x180064f8                INT_Excep_TINT8
 .text.INT_Excep_TINT9
                0x18006510       0x18 ./generate/inthandler.o
                0x18006510                INT_Excep_TINT9
 .text.INT_Excep_TINT10
                0x18006528       0x18 ./generate/inthandler.o
                0x18006528                INT_Excep_TINT10
 .text.INT_Excep_TINT11
                0x18006540       0x18 ./generate/inthandler.o
                0x18006540                INT_Excep_TINT11
 .text.INT_Excep_TINT12
                0x18006558       0x18 ./generate/inthandler.o
                0x18006558                INT_Excep_TINT12
 .text.INT_Excep_TINT13
                0x18006570       0x18 ./generate/inthandler.o
                0x18006570                INT_Excep_TINT13
 .text.INT_Excep_TINT14
                0x18006588       0x18 ./generate/inthandler.o
                0x18006588                INT_Excep_TINT14
 .text.INT_Excep_TINT15
                0x180065a0       0x18 ./generate/inthandler.o
                0x180065a0                INT_Excep_TINT15
 .text.INT_Excep_TINT16
                0x180065b8       0x18 ./generate/inthandler.o
                0x180065b8                INT_Excep_TINT16
 .text.INT_Excep_TINT17
                0x180065d0       0x18 ./generate/inthandler.o
                0x180065d0                INT_Excep_TINT17
 .text.INT_Excep_TINT18
                0x180065e8       0x18 ./generate/inthandler.o
                0x180065e8                INT_Excep_TINT18
 .text.INT_Excep_TINT19
                0x18006600       0x18 ./generate/inthandler.o
                0x18006600                INT_Excep_TINT19
 .text.INT_Excep_TINT20
                0x18006618       0x18 ./generate/inthandler.o
                0x18006618                INT_Excep_TINT20
 .text.INT_Excep_TINT21
                0x18006630       0x18 ./generate/inthandler.o
                0x18006630                INT_Excep_TINT21
 .text.INT_Excep_TINT22
                0x18006648       0x18 ./generate/inthandler.o
                0x18006648                INT_Excep_TINT22
 .text.INT_Excep_TINT23
                0x18006660       0x18 ./generate/inthandler.o
                0x18006660                INT_Excep_TINT23
 .text.INT_Excep_TINT24
                0x18006678       0x18 ./generate/inthandler.o
                0x18006678                INT_Excep_TINT24
 .text.INT_Excep_TINT25
                0x18006690       0x18 ./generate/inthandler.o
                0x18006690                INT_Excep_TINT25
 .text.INT_Excep_TINT26
                0x180066a8       0x18 ./generate/inthandler.o
                0x180066a8                INT_Excep_TINT26
 .text.INT_Excep_TINT27
                0x180066c0       0x18 ./generate/inthandler.o
                0x180066c0                INT_Excep_TINT27
 .text.INT_Excep_TINT28
                0x180066d8       0x18 ./generate/inthandler.o
                0x180066d8                INT_Excep_TINT28
 .text.INT_Excep_TINT29
                0x180066f0       0x18 ./generate/inthandler.o
                0x180066f0                INT_Excep_TINT29
 .text.INT_Excep_TINT30
                0x18006708       0x18 ./generate/inthandler.o
                0x18006708                INT_Excep_TINT30
 .text.INT_Excep_TINT31
                0x18006720       0x18 ./generate/inthandler.o
                0x18006720                INT_Excep_TINT31
 .text.INT_Excep_TINT32
                0x18006738       0x18 ./generate/inthandler.o
                0x18006738                INT_Excep_TINT32
 .text.INT_Excep_TINT33
                0x18006750       0x18 ./generate/inthandler.o
                0x18006750                INT_Excep_TINT33
 .text.INT_Excep_TINT34
                0x18006768       0x18 ./generate/inthandler.o
                0x18006768                INT_Excep_TINT34
 .text.INT_Excep_TINT35
                0x18006780       0x18 ./generate/inthandler.o
                0x18006780                INT_Excep_TINT35
 .text.INT_Excep_TINT36
                0x18006798       0x18 ./generate/inthandler.o
                0x18006798                INT_Excep_TINT36
 .text.INT_Excep_TINT37
                0x180067b0       0x18 ./generate/inthandler.o
                0x180067b0                INT_Excep_TINT37
 .text.INT_Excep_TINT38
                0x180067c8       0x18 ./generate/inthandler.o
                0x180067c8                INT_Excep_TINT38
 .text.INT_Excep_TINT39
                0x180067e0       0x18 ./generate/inthandler.o
                0x180067e0                INT_Excep_TINT39
 .text.INT_Excep_TINT40
                0x180067f8       0x18 ./generate/inthandler.o
                0x180067f8                INT_Excep_TINT40
 .text.INT_Excep_TINT41
                0x18006810       0x18 ./generate/inthandler.o
                0x18006810                INT_Excep_TINT41
 .text.INT_Excep_TINT42
                0x18006828       0x18 ./generate/inthandler.o
                0x18006828                INT_Excep_TINT42
 .text.INT_Excep_TINT43
                0x18006840       0x18 ./generate/inthandler.o
                0x18006840                INT_Excep_TINT43
 .text.INT_Excep_TINT44
                0x18006858       0x18 ./generate/inthandler.o
                0x18006858                INT_Excep_TINT44
 .text.INT_Excep_TINT45
                0x18006870       0x18 ./generate/inthandler.o
                0x18006870                INT_Excep_TINT45
 .text.INT_Excep_TINT46
                0x18006888       0x18 ./generate/inthandler.o
                0x18006888                INT_Excep_TINT46
 .text.INT_Excep_TINT47
                0x180068a0       0x18 ./generate/inthandler.o
                0x180068a0                INT_Excep_TINT47
 .text.INT_Excep_TINT48
                0x180068b8       0x18 ./generate/inthandler.o
                0x180068b8                INT_Excep_TINT48
 .text.INT_Excep_TINT49
                0x180068d0       0x18 ./generate/inthandler.o
                0x180068d0                INT_Excep_TINT49
 .text.INT_Excep_TINT50
                0x180068e8       0x18 ./generate/inthandler.o
                0x180068e8                INT_Excep_TINT50
 .text.INT_Excep_TINT51
                0x18006900       0x18 ./generate/inthandler.o
                0x18006900                INT_Excep_TINT51
 .text.INT_Excep_TINT52
                0x18006918       0x18 ./generate/inthandler.o
                0x18006918                INT_Excep_TINT52
 .text.INT_Excep_TINT53
                0x18006930       0x18 ./generate/inthandler.o
                0x18006930                INT_Excep_TINT53
 .text.INT_Excep_TINT54
                0x18006948       0x18 ./generate/inthandler.o
                0x18006948                INT_Excep_TINT54
 .text.INT_Excep_TINT55
                0x18006960       0x18 ./generate/inthandler.o
                0x18006960                INT_Excep_TINT55
 .text.INT_Excep_TINT56
                0x18006978       0x18 ./generate/inthandler.o
                0x18006978                INT_Excep_TINT56
 .text.INT_Excep_TINT57
                0x18006990       0x18 ./generate/inthandler.o
                0x18006990                INT_Excep_TINT57
 .text.INT_Excep_TINT58
                0x180069a8       0x18 ./generate/inthandler.o
                0x180069a8                INT_Excep_TINT58
 .text.INT_Excep_TINT59
                0x180069c0       0x18 ./generate/inthandler.o
                0x180069c0                INT_Excep_TINT59
 .text.INT_Excep_TINT60
                0x180069d8       0x18 ./generate/inthandler.o
                0x180069d8                INT_Excep_TINT60
 .text.INT_Excep_TINT61
                0x180069f0       0x18 ./generate/inthandler.o
                0x180069f0                INT_Excep_TINT61
 .text.INT_Excep_TINT62
                0x18006a08       0x18 ./generate/inthandler.o
                0x18006a08                INT_Excep_TINT62
 .text.INT_Excep_TINT63
                0x18006a20       0x18 ./generate/inthandler.o
                0x18006a20                INT_Excep_TINT63
 .text.INT_Excep_TINT64
                0x18006a38       0x18 ./generate/inthandler.o
                0x18006a38                INT_Excep_TINT64
 .text.INT_Excep_TINT65
                0x18006a50       0x18 ./generate/inthandler.o
                0x18006a50                INT_Excep_TINT65
 .text.INT_Excep_TINT66
                0x18006a68       0x18 ./generate/inthandler.o
                0x18006a68                INT_Excep_TINT66
 .text.INT_Excep_TINT67
                0x18006a80       0x18 ./generate/inthandler.o
                0x18006a80                INT_Excep_TINT67
 .text.INT_Excep_TINT68
                0x18006a98       0x18 ./generate/inthandler.o
                0x18006a98                INT_Excep_TINT68
 .text.INT_Excep_TINT69
                0x18006ab0       0x18 ./generate/inthandler.o
                0x18006ab0                INT_Excep_TINT69
 .text.INT_Excep_TINT70
                0x18006ac8       0x18 ./generate/inthandler.o
                0x18006ac8                INT_Excep_TINT70
 .text.INT_Excep_TINT71
                0x18006ae0       0x18 ./generate/inthandler.o
                0x18006ae0                INT_Excep_TINT71
 .text.INT_Excep_TINT72
                0x18006af8       0x18 ./generate/inthandler.o
                0x18006af8                INT_Excep_TINT72
 .text.INT_Excep_TINT73
                0x18006b10       0x18 ./generate/inthandler.o
                0x18006b10                INT_Excep_TINT73
 .text.INT_Excep_TINT74
                0x18006b28       0x18 ./generate/inthandler.o
                0x18006b28                INT_Excep_TINT74
 .text.INT_Excep_TINT75
                0x18006b40       0x18 ./generate/inthandler.o
                0x18006b40                INT_Excep_TINT75
 .text.INT_Excep_TINT76
                0x18006b58       0x18 ./generate/inthandler.o
                0x18006b58                INT_Excep_TINT76
 .text.INT_Excep_TINT77
                0x18006b70       0x18 ./generate/inthandler.o
                0x18006b70                INT_Excep_TINT77
 .text.INT_Excep_TINT78
                0x18006b88       0x18 ./generate/inthandler.o
                0x18006b88                INT_Excep_TINT78
 .text.INT_Excep_TINT79
                0x18006ba0       0x18 ./generate/inthandler.o
                0x18006ba0                INT_Excep_TINT79
 .text.INT_Excep_TINT80
                0x18006bb8       0x18 ./generate/inthandler.o
                0x18006bb8                INT_Excep_TINT80
 .text.INT_Excep_TINT81
                0x18006bd0       0x18 ./generate/inthandler.o
                0x18006bd0                INT_Excep_TINT81
 .text.INT_Excep_TINT82
                0x18006be8       0x18 ./generate/inthandler.o
                0x18006be8                INT_Excep_TINT82
 .text.INT_Excep_TINT83
                0x18006c00       0x18 ./generate/inthandler.o
                0x18006c00                INT_Excep_TINT83
 .text.INT_Excep_TINT84
                0x18006c18       0x18 ./generate/inthandler.o
                0x18006c18                INT_Excep_TINT84
 .text.INT_Excep_TINT85
                0x18006c30       0x18 ./generate/inthandler.o
                0x18006c30                INT_Excep_TINT85
 .text.INT_Excep_TINT86
                0x18006c48       0x18 ./generate/inthandler.o
                0x18006c48                INT_Excep_TINT86
 .text.INT_Excep_TINT87
                0x18006c60       0x18 ./generate/inthandler.o
                0x18006c60                INT_Excep_TINT87
 .text.INT_Excep_TINT88
                0x18006c78       0x18 ./generate/inthandler.o
                0x18006c78                INT_Excep_TINT88
 .text.INT_Excep_TINT89
                0x18006c90       0x18 ./generate/inthandler.o
                0x18006c90                INT_Excep_TINT89
 .text.INT_Excep_TINT90
                0x18006ca8       0x18 ./generate/inthandler.o
                0x18006ca8                INT_Excep_TINT90
 .text.INT_Excep_TINT91
                0x18006cc0       0x18 ./generate/inthandler.o
                0x18006cc0                INT_Excep_TINT91
 .text.INT_Excep_TINT92
                0x18006cd8       0x18 ./generate/inthandler.o
                0x18006cd8                INT_Excep_TINT92
 .text.INT_Excep_TINT93
                0x18006cf0       0x18 ./generate/inthandler.o
                0x18006cf0                INT_Excep_TINT93
 .text.INT_Excep_TINT94
                0x18006d08       0x18 ./generate/inthandler.o
                0x18006d08                INT_Excep_TINT94
 .text.INT_Excep_TINT95
                0x18006d20       0x18 ./generate/inthandler.o
                0x18006d20                INT_Excep_TINT95
 .text.INT_Excep_TINT96
                0x18006d38       0x18 ./generate/inthandler.o
                0x18006d38                INT_Excep_TINT96
 .text.INT_Excep_TINT97
                0x18006d50       0x18 ./generate/inthandler.o
                0x18006d50                INT_Excep_TINT97
 .text.INT_Excep_TINT98
                0x18006d68       0x18 ./generate/inthandler.o
                0x18006d68                INT_Excep_TINT98
 .text.INT_Excep_TINT99
                0x18006d80       0x18 ./generate/inthandler.o
                0x18006d80                INT_Excep_TINT99
 .text.INT_Excep_TINT100
                0x18006d98       0x18 ./generate/inthandler.o
                0x18006d98                INT_Excep_TINT100
 .text.INT_Excep_TINT101
                0x18006db0       0x18 ./generate/inthandler.o
                0x18006db0                INT_Excep_TINT101
 .text.INT_Excep_TINT102
                0x18006dc8       0x18 ./generate/inthandler.o
                0x18006dc8                INT_Excep_TINT102
 .text.INT_Excep_TINT103
                0x18006de0       0x18 ./generate/inthandler.o
                0x18006de0                INT_Excep_TINT103
 .text.INT_Excep_TINT104
                0x18006df8       0x18 ./generate/inthandler.o
                0x18006df8                INT_Excep_TINT104
 .text.INT_Excep_TINT105
                0x18006e10       0x18 ./generate/inthandler.o
                0x18006e10                INT_Excep_TINT105
 .text.INT_Excep_TINT106
                0x18006e28       0x18 ./generate/inthandler.o
                0x18006e28                INT_Excep_TINT106
 .text.INT_Excep_TINT107
                0x18006e40       0x18 ./generate/inthandler.o
                0x18006e40                INT_Excep_TINT107
 .text.INT_Excep_TINT108
                0x18006e58       0x18 ./generate/inthandler.o
                0x18006e58                INT_Excep_TINT108
 .text.INT_Excep_TINT109
                0x18006e70       0x18 ./generate/inthandler.o
                0x18006e70                INT_Excep_TINT109
 .text.INT_Excep_TINT110
                0x18006e88       0x18 ./generate/inthandler.o
                0x18006e88                INT_Excep_TINT110
 .text.INT_Excep_TINT111
                0x18006ea0       0x18 ./generate/inthandler.o
                0x18006ea0                INT_Excep_TINT111
 .text.INT_Excep_TINT112
                0x18006eb8       0x18 ./generate/inthandler.o
                0x18006eb8                INT_Excep_TINT112
 .text.INT_Excep_TINT113
                0x18006ed0       0x18 ./generate/inthandler.o
                0x18006ed0                INT_Excep_TINT113
 .text.INT_Excep_TINT114
                0x18006ee8       0x18 ./generate/inthandler.o
                0x18006ee8                INT_Excep_TINT114
 .text.INT_Excep_TINT115
                0x18006f00       0x18 ./generate/inthandler.o
                0x18006f00                INT_Excep_TINT115
 .text.INT_Excep_TINT116
                0x18006f18       0x18 ./generate/inthandler.o
                0x18006f18                INT_Excep_TINT116
 .text.INT_Excep_TINT117
                0x18006f30       0x18 ./generate/inthandler.o
                0x18006f30                INT_Excep_TINT117
 .text.INT_Excep_TINT118
                0x18006f48       0x18 ./generate/inthandler.o
                0x18006f48                INT_Excep_TINT118
 .text.INT_Excep_TINT119
                0x18006f60       0x18 ./generate/inthandler.o
                0x18006f60                INT_Excep_TINT119
 .text.INT_Excep_TINT120
                0x18006f78       0x18 ./generate/inthandler.o
                0x18006f78                INT_Excep_TINT120
 .text.INT_Excep_TINT121
                0x18006f90       0x18 ./generate/inthandler.o
                0x18006f90                INT_Excep_TINT121
 .text.INT_Excep_TINT122
                0x18006fa8       0x18 ./generate/inthandler.o
                0x18006fa8                INT_Excep_TINT122
 .text.INT_Excep_TINT123
                0x18006fc0       0x18 ./generate/inthandler.o
                0x18006fc0                INT_Excep_TINT123
 .text.INT_Excep_TINT124
                0x18006fd8       0x18 ./generate/inthandler.o
                0x18006fd8                INT_Excep_TINT124
 .text.INT_Excep_TINT125
                0x18006ff0       0x18 ./generate/inthandler.o
                0x18006ff0                INT_Excep_TINT125
 .text.INT_Excep_TINT126
                0x18007008       0x18 ./generate/inthandler.o
                0x18007008                INT_Excep_TINT126
 .text.INT_Excep_TINT127
                0x18007020       0x18 ./generate/inthandler.o
                0x18007020                INT_Excep_TINT127
 .text.INT_Excep_TINT128
                0x18007038       0x18 ./generate/inthandler.o
                0x18007038                INT_Excep_TINT128
 .text.INT_Excep_TINT129
                0x18007050       0x18 ./generate/inthandler.o
                0x18007050                INT_Excep_TINT129
 .text.INT_Excep_TINT130
                0x18007068       0x18 ./generate/inthandler.o
                0x18007068                INT_Excep_TINT130
 .text.INT_Excep_TINT131
                0x18007080       0x18 ./generate/inthandler.o
                0x18007080                INT_Excep_TINT131
 .text.INT_Excep_TINT132
                0x18007098       0x18 ./generate/inthandler.o
                0x18007098                INT_Excep_TINT132
 .text.INT_Excep_TINT133
                0x180070b0       0x18 ./generate/inthandler.o
                0x180070b0                INT_Excep_TINT133
 .text.INT_Excep_TINT134
                0x180070c8       0x18 ./generate/inthandler.o
                0x180070c8                INT_Excep_TINT134
 .text.INT_Excep_TINT135
                0x180070e0       0x18 ./generate/inthandler.o
                0x180070e0                INT_Excep_TINT135
 .text.INT_Excep_TINT136
                0x180070f8       0x18 ./generate/inthandler.o
                0x180070f8                INT_Excep_TINT136
 .text.INT_Excep_TINT137
                0x18007110       0x18 ./generate/inthandler.o
                0x18007110                INT_Excep_TINT137
 .text.INT_Excep_TINT138
                0x18007128       0x18 ./generate/inthandler.o
                0x18007128                INT_Excep_TINT138
 .text.INT_Excep_TINT139
                0x18007140       0x18 ./generate/inthandler.o
                0x18007140                INT_Excep_TINT139
 .text.INT_Excep_TINT140
                0x18007158       0x18 ./generate/inthandler.o
                0x18007158                INT_Excep_TINT140
 .text.INT_Excep_TINT141
                0x18007170       0x18 ./generate/inthandler.o
                0x18007170                INT_Excep_TINT141
 .text.INT_Excep_TINT142
                0x18007188       0x18 ./generate/inthandler.o
                0x18007188                INT_Excep_TINT142
 .text.INT_Excep_TINT143
                0x180071a0       0x18 ./generate/inthandler.o
                0x180071a0                INT_Excep_TINT143
 .text.INT_Excep_TINT144
                0x180071b8       0x18 ./generate/inthandler.o
                0x180071b8                INT_Excep_TINT144
 .text.INT_Excep_TINT145
                0x180071d0       0x18 ./generate/inthandler.o
                0x180071d0                INT_Excep_TINT145
 .text.INT_Excep_TINT146
                0x180071e8       0x18 ./generate/inthandler.o
                0x180071e8                INT_Excep_TINT146
 .text.INT_Excep_TINT147
                0x18007200       0x18 ./generate/inthandler.o
                0x18007200                INT_Excep_TINT147
 .text.INT_Excep_TINT148
                0x18007218       0x18 ./generate/inthandler.o
                0x18007218                INT_Excep_TINT148
 .text.INT_Excep_TINT149
                0x18007230       0x18 ./generate/inthandler.o
                0x18007230                INT_Excep_TINT149
 .text.INT_Excep_TINT150
                0x18007248       0x18 ./generate/inthandler.o
                0x18007248                INT_Excep_TINT150
 .text.INT_Excep_TINT151
                0x18007260       0x18 ./generate/inthandler.o
                0x18007260                INT_Excep_TINT151
 .text.INT_Excep_TINT152
                0x18007278       0x18 ./generate/inthandler.o
                0x18007278                INT_Excep_TINT152
 .text.INT_Excep_TINT153
                0x18007290       0x18 ./generate/inthandler.o
                0x18007290                INT_Excep_TINT153
 .text.INT_Excep_TINT154
                0x180072a8       0x18 ./generate/inthandler.o
                0x180072a8                INT_Excep_TINT154
 .text.INT_Excep_TINT155
                0x180072c0       0x18 ./generate/inthandler.o
                0x180072c0                INT_Excep_TINT155
 .text.INT_Excep_TINT156
                0x180072d8       0x18 ./generate/inthandler.o
                0x180072d8                INT_Excep_TINT156
 .text.INT_Excep_TINT157
                0x180072f0       0x18 ./generate/inthandler.o
                0x180072f0                INT_Excep_TINT157
 .text.INT_Excep_TINT158
                0x18007308       0x18 ./generate/inthandler.o
                0x18007308                INT_Excep_TINT158
 .text.INT_Excep_TINT159
                0x18007320       0x18 ./generate/inthandler.o
                0x18007320                INT_Excep_TINT159
 .text.INT_Excep_TINT160
                0x18007338       0x18 ./generate/inthandler.o
                0x18007338                INT_Excep_TINT160
 .text.INT_Excep_TINT161
                0x18007350       0x18 ./generate/inthandler.o
                0x18007350                INT_Excep_TINT161
 .text.INT_Excep_TINT162
                0x18007368       0x18 ./generate/inthandler.o
                0x18007368                INT_Excep_TINT162
 .text.INT_Excep_TINT163
                0x18007380       0x18 ./generate/inthandler.o
                0x18007380                INT_Excep_TINT163
 .text.INT_Excep_TINT164
                0x18007398       0x18 ./generate/inthandler.o
                0x18007398                INT_Excep_TINT164
 .text.INT_Excep_TINT165
                0x180073b0       0x18 ./generate/inthandler.o
                0x180073b0                INT_Excep_TINT165
 .text.INT_Excep_TINT166
                0x180073c8       0x18 ./generate/inthandler.o
                0x180073c8                INT_Excep_TINT166
 .text.INT_Excep_TINT167
                0x180073e0       0x18 ./generate/inthandler.o
                0x180073e0                INT_Excep_TINT167
 .text.INT_Excep_TINT168
                0x180073f8       0x18 ./generate/inthandler.o
                0x180073f8                INT_Excep_TINT168
 .text.INT_Excep_TINT169
                0x18007410       0x18 ./generate/inthandler.o
                0x18007410                INT_Excep_TINT169
 .text.INT_Excep_TINT170
                0x18007428       0x18 ./generate/inthandler.o
                0x18007428                INT_Excep_TINT170

.glue_7         0x18007440        0x0
 .glue_7        0x18007440        0x0 linker stubs

.glue_7t        0x18007440        0x0
 .glue_7t       0x18007440        0x0 linker stubs

.vfp11_veneer   0x18007440        0x0
 .vfp11_veneer  0x18007440        0x0 linker stubs

.v4_bx          0x18007440        0x0
 .v4_bx         0x18007440        0x0 linker stubs

.iplt           0x18007440        0x0
 .iplt          0x18007440        0x0 ./src/mcr_camera_2026base.o

.rvectors       0x18007440      0x92c
                0x18007440                        _rvectors_start = .
 *(.rvectors)
 .rvectors      0x18007440      0x92c ./generate/vects.o
                0x18007440                RelocatableVectors
                0x18007d6c                        _rvectors_end = .

.init
 *(.init)

.ARM.extab      0x18007d6c        0x0
 *(.ARM.extab* .gnu.linkonce.armextab.*)
                [!provide]                        PROVIDE (__exidx_start = .)

.ARM.exidx      0x18007d6c        0x0
 *(.ARM.exidx .gnu.linkonce.armexidx.*)
                [!provide]                        PROVIDE (__exidx_end = .)

.fini
 *(.fini)

.got
 *(.got)
 *(.got.plt)

.rodata         0x18007d6c        0x0
 *(.rodata)
 *(.rodata.*)
                0x18007d6c                        _erodata = .

.ARM.exidx.text.main
                0x18007d6c        0x8
 .ARM.exidx.text.main
                0x18007d6c        0x8 ./src/mcr_camera_2026base.o

.rel.dyn        0x18007d74        0x0
 .rel.iplt      0x18007d74        0x0 ./src/mcr_camera_2026base.o

.eh_frame_hdr
 *(.eh_frame_hdr)

.eh_frame
 *(.eh_frame)

.jcr
 *(.jcr)

.tors           0x18007d74        0x0
                0x18007d74                        __CTOR_LIST__ = .
                0x18007d74                        . = ALIGN (0x2)
                0x18007d74                        __ctors = .
 *(.ctors)
                0x18007d74                        __ctors_end = .
                0x18007d74                        __CTOR_END__ = .
                0x18007d74                        __DTOR_LIST__ = .
                0x18007d74                        ___dtors = .
 *(.dtors)
                0x18007d74                        ___dtors_end = .
                0x18007d74                        __DTOR_END__ = .
                0x18007d74                        . = ALIGN (0x2)
                0x18007d74                        _mdata = .

.data           0x20020000        0x0 load address 0x18007d74
                0x20020000                        _data = .
 *(.data)
 *(.data.*)
                0x20020000                        _edata = .

.igot.plt       0x20020000        0x0
 .igot.plt      0x20020000        0x0 ./src/mcr_camera_2026base.o

.bss            0x20020000        0x0
                0x20020000                        PROVIDE (__bss_start__ = .)
                0x20020000                        _bss = .
 *(.bss)
 *(.bss.**)
 *(COMMON)
                0x20020000                        PROVIDE (__bss_end__ = .)
                0x20020000                        _ebss = .
                0x20020000                        _end = .
                [!provide]                        PROVIDE (end = .)

.stack          0x20900000        0x0
                0x20900000                        _stack = .
OUTPUT(mcr_camera_2026base.elf elf32-littlearm)
LOAD linker stubs

.debug_info     0x00000000     0x4df2
 .debug_info    0x00000000     0x1305 ./src/mcr_camera_2026base.o
 .debug_info    0x00001305       0x38 ./generate/hwsetup.o
 .debug_info    0x0000133d     0x2779 ./generate/inthandler.o
 .debug_info    0x00003ab6       0x59 ./generate/mbed_sf_boot.o
 .debug_info    0x00003b0f       0x24 ./generate/start.o
 .debug_info    0x00003b33       0x23 ./generate/vect_table.o
 .debug_info    0x00003b56     0x129c ./generate/vects.o

.debug_abbrev   0x00000000      0x25d
 .debug_abbrev  0x00000000       0xec ./src/mcr_camera_2026base.o
 .debug_abbrev  0x000000ec       0x2e ./generate/hwsetup.o
 .debug_abbrev  0x0000011a       0x48 ./generate/inthandler.o
 .debug_abbrev  0x00000162       0x47 ./generate/mbed_sf_boot.o
 .debug_abbrev  0x000001a9       0x14 ./generate/start.o
 .debug_abbrev  0x000001bd       0x14 ./generate/vect_table.o
 .debug_abbrev  0x000001d1       0x8c ./generate/vects.o

.debug_aranges  0x00000000     0x1178
 .debug_aranges
                0x00000000       0x20 ./src/mcr_camera_2026base.o
 .debug_aranges
                0x00000020       0x20 ./generate/hwsetup.o
 .debug_aranges
                0x00000040     0x10c8 ./generate/inthandler.o
 .debug_aranges
                0x00001108       0x18 ./generate/mbed_sf_boot.o
 .debug_aranges
                0x00001120       0x20 ./generate/start.o
 .debug_aranges
                0x00001140       0x20 ./generate/vect_table.o
 .debug_aranges
                0x00001160       0x18 ./generate/vects.o

.debug_ranges   0x00000000     0x10d8
 .debug_ranges  0x00000000       0x10 ./src/mcr_camera_2026base.o
 .debug_ranges  0x00000010       0x10 ./generate/hwsetup.o
 .debug_ranges  0x00000020     0x10b8 ./generate/inthandler.o

.debug_line     0x00000000     0x2f7a
 .debug_line    0x00000000      0x1f3 ./src/mcr_camera_2026base.o
 .debug_line    0x000001f3       0x48 ./generate/hwsetup.o
 .debug_line    0x0000023b     0x2bf8 ./generate/inthandler.o
 .debug_line    0x00002e33       0x3b ./generate/mbed_sf_boot.o
 .debug_line    0x00002e6e       0x66 ./generate/start.o
 .debug_line    0x00002ed4       0x5a ./generate/vect_table.o
 .debug_line    0x00002f2e       0x4c ./generate/vects.o

.debug_str      0x00000000     0x30c2
 .debug_str     0x00000000     0x30c2 ./src/mcr_camera_2026base.o
                                0xab2 (size before relaxing)
 .debug_str     0x000030c2      0x176 ./generate/hwsetup.o
 .debug_str     0x000030c2     0x260d ./generate/inthandler.o
 .debug_str     0x000030c2      0x18b ./generate/mbed_sf_boot.o
 .debug_str     0x000030c2       0x67 ./generate/start.o
 .debug_str     0x000030c2       0x6c ./generate/vect_table.o
 .debug_str     0x000030c2     0x2586 ./generate/vects.o

.comment        0x00000000       0x45
 .comment       0x00000000       0x45 ./src/mcr_camera_2026base.o
                                 0x46 (size before relaxing)
 .comment       0x00000045       0x46 ./generate/hwsetup.o
 .comment       0x00000045       0x46 ./generate/inthandler.o
 .comment       0x00000045       0x46 ./generate/mbed_sf_boot.o
 .comment       0x00000045       0x46 ./generate/vects.o

.ARM.attributes
                0x00000000       0x35
 .ARM.attributes
                0x00000000       0x37 ./src/mcr_camera_2026base.o
 .ARM.attributes
                0x00000037       0x37 ./generate/hwsetup.o
 .ARM.attributes
                0x0000006e       0x37 ./generate/inthandler.o
 .ARM.attributes
                0x000000a5       0x37 ./generate/mbed_sf_boot.o
 .ARM.attributes
                0x000000dc       0x23 ./generate/start.o
 .ARM.attributes
                0x000000ff       0x23 ./generate/vect_table.o
 .ARM.attributes
                0x00000122       0x37 ./generate/vects.o

.debug_frame    0x00000000     0x4328
 .debug_frame   0x00000000       0x28 ./src/mcr_camera_2026base.o
 .debug_frame   0x00000028       0x30 ./generate/hwsetup.o
 .debug_frame   0x00000058     0x42d0 ./generate/inthandler.o
