Archive member included to satisfy reference by file (symbol)

C:/Program Files (x86)/Arm GNU Toolchain arm-none-eabi/13.3 rel1/bin/../lib/gcc/arm-none-eabi/13.3.1/thumb/v7-a+fp/hard\libstdc++.a(atexit_arm.o)
                              ./src/drivers/Camera.o (__aeabi_atexit)
C:/Program Files (x86)/Arm GNU Toolchain arm-none-eabi/13.3 rel1/bin/../lib/gcc/arm-none-eabi/13.3.1/thumb/v7-a+fp/hard\libstdc++.a(class_type_info.o)
                              ./src/drivers/Camera.o (vtable for __cxxabiv1::__class_type_info)
C:/Program Files (x86)/Arm GNU Toolchain arm-none-eabi/13.3 rel1/bin/../lib/gcc/arm-none-eabi/13.3.1/thumb/v7-a+fp/hard\libstdc++.a(del_ops.o)
                              ./src/drivers/Camera.o (operator delete(void*, unsigned int))
C:/Program Files (x86)/Arm GNU Toolchain arm-none-eabi/13.3 rel1/bin/../lib/gcc/arm-none-eabi/13.3.1/thumb/v7-a+fp/hard\libstdc++.a(si_class_type_info.o)
                              ./src/drivers/Camera.o (vtable for __cxxabiv1::__si_class_type_info)
C:/Program Files (x86)/Arm GNU Toolchain arm-none-eabi/13.3 rel1/bin/../lib/gcc/arm-none-eabi/13.3.1/thumb/v7-a+fp/hard\libstdc++.a(tinfo.o)
                              C:/Program Files (x86)/Arm GNU Toolchain arm-none-eabi/13.3 rel1/bin/../lib/gcc/arm-none-eabi/13.3.1/thumb/v7-a+fp/hard\libstdc++.a(class_type_info.o) (std::type_info::~type_info())
C:/Program Files (x86)/Arm GNU Toolchain arm-none-eabi/13.3 rel1/bin/../lib/gcc/arm-none-eabi/13.3.1/thumb/v7-a+fp/hard\libstdc++.a(del_op.o)
                              C:/Program Files (x86)/Arm GNU Toolchain arm-none-eabi/13.3 rel1/bin/../lib/gcc/arm-none-eabi/13.3.1/thumb/v7-a+fp/hard\libstdc++.a(del_ops.o) (operator delete(void*))
C:/Program Files (x86)/Arm GNU Toolchain arm-none-eabi/13.3 rel1/bin/../lib/gcc/arm-none-eabi/13.3.1/thumb/v7-a+fp/hard\libgcc.a(unwind-arm.o)
                              C:/Program Files (x86)/Arm GNU Toolchain arm-none-eabi/13.3 rel1/bin/../lib/gcc/arm-none-eabi/13.3.1/thumb/v7-a+fp/hard\libstdc++.a(class_type_info.o) (__aeabi_unwind_cpp_pr0)
C:/Program Files (x86)/Arm GNU Toolchain arm-none-eabi/13.3 rel1/bin/../lib/gcc/arm-none-eabi/13.3.1/thumb/v7-a+fp/hard\libgcc.a(libunwind.o)
                              C:/Program Files (x86)/Arm GNU Toolchain arm-none-eabi/13.3 rel1/bin/../lib/gcc/arm-none-eabi/13.3.1/thumb/v7-a+fp/hard\libgcc.a(unwind-arm.o) (restore_core_regs)
C:/Program Files (x86)/Arm GNU Toolchain arm-none-eabi/13.3 rel1/bin/../lib/gcc/arm-none-eabi/13.3.1/thumb/v7-a+fp/hard\libgcc.a(pr-support.o)
                              C:/Program Files (x86)/Arm GNU Toolchain arm-none-eabi/13.3 rel1/bin/../lib/gcc/arm-none-eabi/13.3.1/thumb/v7-a+fp/hard\libgcc.a(unwind-arm.o) (__gnu_unwind_execute)
C:/Program Files (x86)/Arm GNU Toolchain arm-none-eabi/13.3 rel1/bin/../lib/gcc/arm-none-eabi/13.3.1/thumb/v7-a+fp/hard\libg.a(libc_a-abort.o)
                              C:/Program Files (x86)/Arm GNU Toolchain arm-none-eabi/13.3 rel1/bin/../lib/gcc/arm-none-eabi/13.3.1/thumb/v7-a+fp/hard\libgcc.a(unwind-arm.o) (abort)
C:/Program Files (x86)/Arm GNU Toolchain arm-none-eabi/13.3 rel1/bin/../lib/gcc/arm-none-eabi/13.3.1/thumb/v7-a+fp/hard\libg.a(libc_a-malloc.o)
                              C:/Program Files (x86)/Arm GNU Toolchain arm-none-eabi/13.3 rel1/bin/../lib/gcc/arm-none-eabi/13.3.1/thumb/v7-a+fp/hard\libstdc++.a(del_op.o) (free)
C:/Program Files (x86)/Arm GNU Toolchain arm-none-eabi/13.3 rel1/bin/../lib/gcc/arm-none-eabi/13.3.1/thumb/v7-a+fp/hard\libg.a(libc_a-mallocr.o)
                              C:/Program Files (x86)/Arm GNU Toolchain arm-none-eabi/13.3 rel1/bin/../lib/gcc/arm-none-eabi/13.3.1/thumb/v7-a+fp/hard\libg.a(libc_a-malloc.o) (_malloc_r)
C:/Program Files (x86)/Arm GNU Toolchain arm-none-eabi/13.3 rel1/bin/../lib/gcc/arm-none-eabi/13.3.1/thumb/v7-a+fp/hard\libg.a(libc_a-mlock.o)
                              C:/Program Files (x86)/Arm GNU Toolchain arm-none-eabi/13.3 rel1/bin/../lib/gcc/arm-none-eabi/13.3.1/thumb/v7-a+fp/hard\libg.a(libc_a-mallocr.o) (__malloc_lock)
C:/Program Files (x86)/Arm GNU Toolchain arm-none-eabi/13.3 rel1/bin/../lib/gcc/arm-none-eabi/13.3.1/thumb/v7-a+fp/hard\libg.a(libc_a-cxa_atexit.o)
                              C:/Program Files (x86)/Arm GNU Toolchain arm-none-eabi/13.3 rel1/bin/../lib/gcc/arm-none-eabi/13.3.1/thumb/v7-a+fp/hard\libstdc++.a(atexit_arm.o) (__cxa_atexit)
C:/Program Files (x86)/Arm GNU Toolchain arm-none-eabi/13.3 rel1/bin/../lib/gcc/arm-none-eabi/13.3.1/thumb/v7-a+fp/hard\libg.a(libc_a-vsnprintf.o)
                              ./src/drivers/Serial.o (vsnprintf)
C:/Program Files (x86)/Arm GNU Toolchain arm-none-eabi/13.3 rel1/bin/../lib/gcc/arm-none-eabi/13.3.1/thumb/v7-a+fp/hard\libg.a(libc_a-memset.o)
                              ./src/drivers/Camera.o (memset)
C:/Program Files (x86)/Arm GNU Toolchain arm-none-eabi/13.3 rel1/bin/../lib/gcc/arm-none-eabi/13.3.1/thumb/v7-a+fp/hard\libg.a(libc_a-signal.o)
[...]
Memory Configuration

Name             Origin             Length             Attributes
BOOT_LOADER      0x18000000         0x00004000
SFLASH           0x18004000         0x07ffc000
RAM              0x20020000         0x00500000
*default*        0x00000000         0xffffffff

Linker script and memory map

LOAD ./src/drivers/Camera.o
LOAD ./src/drivers/Onboard.o
LOAD ./src/drivers/Serial.o
LOAD ./src/mcr_camera_2026base.o
LOAD ./generate/hwsetup.o
LOAD ./generate/inthandler.o
LOAD ./generate/mbed_sf_boot.o
LOAD ./generate/start.o
LOAD ./generate/vect_table.o
LOAD ./generate/vects.o
START GROUP
END GROUP
LOAD C:/Program Files (x86)/Arm GNU Toolchain arm-none-eabi/13.3 rel1/bin/../lib/gcc/arm-none-eabi/13.3.1/thumb/v7-a+fp/hard\libstdc++.a
LOAD C:/Program Files (x86)/Arm GNU Toolchain arm-none-eabi/13.3 rel1/bin/../lib/gcc/arm-none-eabi/13.3.1/thumb/v7-a+fp/hard\libm.a
START GROUP
LOAD C:/Program Files (x86)/Arm GNU Toolchain arm-none-eabi/13.3 rel1/bin/../lib/gcc/arm-none-eabi/13.3.1/thumb/v7-a+fp/hard\libgcc.a
LOAD C:/Program Files (x86)/Arm GNU Toolchain arm-none-eabi/13.3 rel1/bin/../lib/gcc/arm-none-eabi/13.3.1/thumb/v7-a+fp/hard\libg.a
LOAD C:/Program Files (x86)/Arm GNU Toolchain arm-none-eabi/13.3 rel1/bin/../lib/gcc/arm-none-eabi/13.3.1/thumb/v7-a+fp/hard\libc.a
END GROUP
START GROUP
LOAD C:/Program Files (x86)/Arm GNU Toolchain arm-none-eabi/13.3 rel1/bin/../lib/gcc/arm-none-eabi/13.3.1/thumb/v7-a+fp/hard\libgcc.a
LOAD C:/Program Files (x86)/Arm GNU Toolchain arm-none-eabi/13.3 rel1/bin/../lib/gcc/arm-none-eabi/13.3.1/thumb/v7-a+fp/hard\libc.a
LOAD C:/Program Files (x86)/Arm GNU Toolchain arm-none-eabi/13.3 rel1/bin/../lib/gcc/arm-none-eabi/13.3.1/thumb/v7-a+fp/hard\librdimon.a
END GROUP

.boot           0x18000000     0x3100
 *(.boot_loader)
 .boot_loader   0x18000000     0x3100 ./generate/mbed_sf_boot.o
                0x18000000                boot_loader

.fvectors       0x18004000       0x40
 *(.fvectors)
 .fvectors      0x18004000       0x40 ./generate/vect_table.o
                0x18004000                Start
                0x18004000                vector_table

.text           0x18004040     0xd224
 *(.text)
 .text          0x18004040       0xc0 ./generate/start.o
                0x18004054                _PowerON_Reset
 .text          0x18004100      0x1ac C:/Program Files (x86)/Arm GNU Toolchain arm-none-eabi/13.3 rel1/bin/../lib/gcc/arm-none-eabi/13.3.1/thumb/v7-a+fp/hard\libgcc.a(libunwind.o)
                0x18004100                __restore_core_regs
                0x18004100                restore_core_regs
                0x18004118                __gnu_Unwind_Restore_VFP
                0x18004120                __gnu_Unwind_Save_VFP
                0x18004128                __gnu_Unwind_Restore_VFP_D
                0x18004130                __gnu_Unwind_Save_VFP_D
                0x18004138                __gnu_Unwind_Restore_VFP_D_16_to_31
                0x18004140                __gnu_Unwind_Save_VFP_D_16_to_31
                0x18004148                __gnu_Unwind_Restore_WMMXD
                0x1800418c                __gnu_Unwind_Save_WMMXD
                0x180041d0                __gnu_Unwind_Restore_WMMXC
                0x180041e4                __gnu_Unwind_Save_WMMXC
                0x180041f8                ___Unwind_RaiseException
                0x180041f8                _Unwind_RaiseException
                0x1800421c                _Unwind_Resume
                0x1800421c                ___Unwind_Resume
                0x18004240                _Unwind_Resume_or_Rethrow
                0x18004240                ___Unwind_Resume_or_Rethrow
                0x18004264                _Unwind_ForcedUnwind
                0x18004264                ___Unwind_ForcedUnwind
                0x18004288                ___Unwind_Backtrace
                0x18004288                _Unwind_Backtrace
 *fill*         0x180042ac       0x14 
 .text          0x180042c0      0x5e0 C:/Program Files (x86)/Arm GNU Toolchain arm-none-eabi/13.3 rel1/bin/../lib/gcc/arm-none-eabi/13.3.1/thumb/v7-a+fp/hard\libg.a(libc_a-memcpy.o)
                0x180042c0                memcpy
 .text          0x180048a0       0xa0 C:/Program Files (x86)/Arm GNU Toolchain arm-none-eabi/13.3 rel1/bin/../lib/gcc/arm-none-eabi/13.3.1/thumb/v7-a+fp/hard\libg.a(libc_a-memchr.o)
                0x180048a0                memchr
 .text          0x18004940       0xd8 C:/Program Files (x86)/Arm GNU Toolchain arm-none-eabi/13.3 rel1/bin/../lib/gcc/arm-none-eabi/13.3.1/thumb/v7-a+fp/hard\libg.a(libc_a-strlen.o)
                0x18004940                strlen
 .text          0x18004a18      0x278 C:/Program Files (x86)/Arm GNU Toolchain arm-none-eabi/13.3 rel1/bin/../lib/gcc/arm-none-eabi/13.3.1/thumb/v7-a+fp/hard\libgcc.a(_udivsi3.o)
                0x18004a18                __aeabi_uidiv
                0x18004a18                __udivsi3
                0x18004c74                __aeabi_uidivmod
 .text          0x18004c90      0x2b0 C:/Program Files (x86)/Arm GNU Toolchain arm-none-eabi/13.3 rel1/bin/../lib/gcc/arm-none-eabi/13.3.1/thumb/v7-a+fp/hard\libgcc.a(_divsi3.o)
                0x18004c90                __divsi3
                0x18004c90                __aeabi_idiv
                0x18004f24                __aeabi_idivmod
 .text          0x18004f40        0x4 C:/Program Files (x86)/Arm GNU Toolchain arm-none-eabi/13.3 rel1/bin/../lib/gcc/arm-none-eabi/13.3.1/thumb/v7-a+fp/hard\libgcc.a(_dvmd_tls.o)
                0x18004f40                __aeabi_idiv0
                0x18004f40                __aeabi_ldiv0
 *(.text.*)
 .text._ZN6Camera4initEv
                0x18004f44       0xb0 ./src/drivers/Camera.o
                0x18004f44                Camera::init()
 .text._ZN6Camera8initVDC5Ev
                0x18004ff4      0x294 ./src/drivers/Camera.o
                0x18004ff4                Camera::initVDC5()
 .text._ZN6Camera9initDVDECEv
                0x18005288      0x130 ./src/drivers/Camera.o
                0x18005288                Camera::initDVDEC()
 .text._ZN6Camera12startCaptureEv
                0x180053b8       0x4c ./src/drivers/Camera.o
                0x180053b8                Camera::startCapture()
 .text._ZN6Camera6updateEv
                0x18005404      0x108 ./src/drivers/Camera.o
                0x18005404                Camera::update()
 .text._ZN6Camera9imageCopyEi
                0x1800550c      0x218 ./src/drivers/Camera.o
                0x1800550c                Camera::imageCopy(int)
 .text._ZN6Camera17extractBrightnessEi
                0x18005724      0x384 ./src/drivers/Camera.o
                0x18005724                Camera::extractBrightness(int)
 .text._ZNK6Camera8getPixelEii
                0x18005aa8       0x90 ./src/drivers/Camera.o
                0x18005aa8                Camera::getPixel(int, int) const
 .text._ZNK6Camera16thresholdConvertEiii
                0x18005b38      0x33c ./src/drivers/Camera.o
                0x18005b38                Camera::thresholdConvert(int, int, int) const
 .text._ZN7Onboard4initEv
                0x18005e74      0x1e0 ./src/drivers/Onboard.o
                0x18005e74                Onboard::init()
 .text._ZN7Onboard10setUserLedEi
                0x18006054       0x44 ./src/drivers/Onboard.o
                0x18006054                Onboard::setUserLed(int)
 .text._ZN7Onboard11setColorLedEiii
                0x18006098       0x8c ./src/drivers/Onboard.o
                0x18006098                Onboard::setColorLed(int, int, int)
 .text._ZN7Onboard6updateEv
                0x18006124       0xfc ./src/drivers/Onboard.o
                0x18006124                Onboard::update()
 .text._ZN7Onboard2swEv
                0x18006220       0x5c ./src/drivers/Onboard.o
                0x18006220                Onboard::sw()
 .text._ZN6Serial4initEv
                0x1800627c      0x2c4 ./src/drivers/Serial.o
                0x1800627c                Serial::init()
 .text._ZN6Serial7putCharEc
                0x18006540       0x8c ./src/drivers/Serial.o
                0x18006540                Serial::putChar(char)
 .text._ZN6Serial5printEPKc
                0x180065cc       0x70 ./src/drivers/Serial.o
                0x180065cc                Serial::print(char const*)
 .text._ZN6Serial6printfEPKcz
                0x1800663c       0x5c ./src/drivers/Serial.o
                0x1800663c                Serial::printf(char const*, ...)
 .text._ZL9initOSTM0v
                0x18006698      0x1c0 ./src/mcr_camera_2026base.o
 .text.ostm0_interrupt_callback
                0x18006858      0x144 ./src/mcr_camera_2026base.o
                0x18006858                ostm0_interrupt_callback
 .text.main     0x1800699c      0x300 ./src/mcr_camera_2026base.o
                0x1800699c                main
 .text.HardwareSetup
                0x18006c9c       0x18 ./generate/hwsetup.o
                0x18006c9c                HardwareSetup
 .text.INT_Excep_UndefinedInst
                0x18006cb4       0x18 ./generate/inthandler.o
                0x18006cb4                INT_Excep_UndefinedInst
 .text.INT_Excep_SWI
                0x18006ccc       0x18 ./generate/inthandler.o
                0x18006ccc                INT_Excep_SWI
 .text.INT_Excep_PREFETCH_ABORT
                0x18006ce4       0x18 ./generate/inthandler.o
                0x18006ce4                INT_Excep_PREFETCH_ABORT
 .text.INT_Excep_DATA_ABORT
                0x18006cfc       0x18 ./generate/inthandler.o
                0x18006cfc                INT_Excep_DATA_ABORT
 .text.INT_Excep_Reserved
                0x18006d14       0x18 ./generate/inthandler.o
                0x18006d14                INT_Excep_Reserved
 .text.INT_Excep_IRQ
                0x18006d2c       0x90 ./generate/inthandler.o
                0x18006d2c                INT_Excep_IRQ
 .text.INT_Excep_FIQ
                0x18006dbc       0x18 ./generate/inthandler.o
                0x18006dbc                INT_Excep_FIQ
 .text.INT_Excep_GIC0
                0x18006dd4       0x18 ./generate/inthandler.o
                0x18006dd4                INT_Excep_GIC0
 .text.INT_Excep_GIC1
                0x18006dec       0x18 ./generate/inthandler.o
                0x18006dec                INT_Excep_GIC1
 .text.INT_Excep_GIC2
                0x18006e04       0x18 ./generate/inthandler.o
                0x18006e04                INT_Excep_GIC2
 .text.INT_Excep_GIC3
                0x18006e1c       0x18 ./generate/inthandler.o
                0x18006e1c                INT_Excep_GIC3
 .text.INT_Excep_GIC4
                0x18006e34       0x18 ./generate/inthandler.o
                0x18006e34                INT_Excep_GIC4
 .text.INT_Excep_GIC5
                0x18006e4c       0x18 ./generate/inthandler.o
                0x18006e4c                INT_Excep_GIC5
 .text.INT_Excep_GIC6
                0x18006e64       0x18 ./generate/inthandler.o
                0x18006e64                INT_Excep_GIC6
 .text.INT_Excep_GIC7
                0x18006e7c       0x18 ./generate/inthandler.o
                0x18006e7c                INT_Excep_GIC7
 .text.INT_Excep_GIC8
                0x18006e94       0x18 ./generate/inthandler.o
                0x18006e94                INT_Excep_GIC8
 .text.INT_Excep_GIC9
                0x18006eac       0x18 ./generate/inthandler.o
                0x18006eac                INT_Excep_GIC9
 .text.INT_Excep_GIC10
                0x18006ec4       0x18 ./generate/inthandler.o
                0x18006ec4                INT_Excep_GIC10
 .text.INT_Excep_GIC11
                0x18006edc       0x18 ./generate/inthandler.o
                0x18006edc                INT_Excep_GIC11
 .text.INT_Excep_GIC12
                0x18006ef4       0x18 ./generate/inthandler.o
                0x18006ef4                INT_Excep_GIC12
 .text.INT_Excep_GIC13
                0x18006f0c       0x18 ./generate/inthandler.o
                0x18006f0c                INT_Excep_GIC13
 .text.INT_Excep_GIC14
                0x18006f24       0x18 ./generate/inthandler.o
                0x18006f24                INT_Excep_GIC14
 .text.INT_Excep_GIC15
                0x18006f3c       0x18 ./generate/inthandler.o
                0x18006f3c                INT_Excep_GIC15
 .text.INT_Excep_CPU_PMUIRQ0
                0x18006f54       0x18 ./generate/inthandler.o
                0x18006f54                INT_Excep_CPU_PMUIRQ0
 .text.INT_Excep_CPU_COMMRX0
                0x18006f6c       0x18 ./generate/inthandler.o
                0x18006f6c                INT_Excep_CPU_COMMRX0
 .text.INT_Excep_CPU_COMMTX0
                0x18006f84       0x18 ./generate/inthandler.o
                0x18006f84                INT_Excep_CPU_COMMTX0
 .text.INT_Excep_CPU_CTIIRQ0
                0x18006f9c       0x18 ./generate/inthandler.o
                0x18006f9c                INT_Excep_CPU_CTIIRQ0
 .text.INT_Excep_IRQ0
                0x18006fb4       0x18 ./generate/inthandler.o
                0x18006fb4                INT_Excep_IRQ0
 .text.INT_Excep_IRQ1
                0x18006fcc       0x18 ./generate/inthandler.o
                0x18006fcc                INT_Excep_IRQ1
 .text.INT_Excep_IRQ2
                0x18006fe4       0x18 ./generate/inthandler.o
                0x18006fe4                INT_Excep_IRQ2
 .text.INT_Excep_IRQ3
                0x18006ffc       0x18 ./generate/inthandler.o
                0x18006ffc                INT_Excep_IRQ3
 .text.INT_Excep_IRQ4
                0x18007014       0x18 ./generate/inthandler.o
                0x18007014                INT_Excep_IRQ4
 .text.INT_Excep_IRQ5
                0x1800702c       0x18 ./generate/inthandler.o
                0x1800702c                INT_Excep_IRQ5
 .text.INT_Excep_IRQ6
                0x18007044       0x18 ./generate/inthandler.o
                0x18007044                INT_Excep_IRQ6
 .text.INT_Excep_IRQ7
                0x1800705c       0x18 ./generate/inthandler.o
                0x1800705c                INT_Excep_IRQ7
 .text.INT_Excep_PL310ERR
                0x18007074       0x18 ./generate/inthandler.o
                0x18007074                INT_Excep_PL310ERR
 .text.INT_Excep_DMAINT0
                0x1800708c       0x18 ./generate/inthandler.o
                0x1800708c                INT_Excep_DMAINT0
 .text.INT_Excep_DMAINT1
                0x180070a4       0x18 ./generate/inthandler.o
                0x180070a4                INT_Excep_DMAINT1
 .text.INT_Excep_DMAINT2
                0x180070bc       0x18 ./generate/inthandler.o
                0x180070bc                INT_Excep_DMAINT2
 .text.INT_Excep_DMAINT3
                0x180070d4       0x18 ./generate/inthandler.o
                0x180070d4                INT_Excep_DMAINT3
 .text.INT_Excep_DMAINT4
                0x180070ec       0x18 ./generate/inthandler.o
                0x180070ec                INT_Excep_DMAINT4
 .text.INT_Excep_DMAINT5
                0x18007104       0x18 ./generate/inthandler.o
                0x18007104                INT_Excep_DMAINT5
 .text.INT_Excep_DMAINT6
                0x1800711c       0x18 ./generate/inthandler.o
                0x1800711c                INT_Excep_DMAINT6
 .text.INT_Excep_DMAINT7
                0x18007134       0x18 ./generate/inthandler.o
                0x18007134                INT_Excep_DMAINT7
 .text.INT_Excep_DMAINT8
                0x1800714c       0x18 ./generate/inthandler.o
                0x1800714c                INT_Excep_DMAINT8
 .text.INT_Excep_DMAINT9
                0x18007164       0x18 ./generate/inthandler.o
                0x18007164                INT_Excep_DMAINT9
 .text.INT_Excep_DMAINT10
                0x1800717c       0x18 ./generate/inthandler.o
                0x1800717c                INT_Excep_DMAINT10
 .text.INT_Excep_DMAINT11
                0x18007194       0x18 ./generate/inthandler.o
                0x18007194                INT_Excep_DMAINT11
 .text.INT_Excep_DMAINT12
                0x180071ac       0x18 ./generate/inthandler.o
                0x180071ac                INT_Excep_DMAINT12
 .text.INT_Excep_DMAINT13
                0x180071c4       0x18 ./generate/inthandler.o
                0x180071c4                INT_Excep_DMAINT13
 .text.INT_Excep_DMAINT14
                0x180071dc       0x18 ./generate/inthandler.o
                0x180071dc                INT_Excep_DMAINT14
 .text.INT_Excep_DMAINT15
                0x180071f4       0x18 ./generate/inthandler.o
                0x180071f4                INT_Excep_DMAINT15
 .text.INT_Excep_DMAERR
                0x1800720c       0x18 ./generate/inthandler.o
                0x1800720c                INT_Excep_DMAERR
 .text.INT_Excep_USBI0
                0x18007224       0x18 ./generate/inthandler.o
                0x18007224                INT_Excep_USBI0
 .text.INT_Excep_USBI1
                0x1800723c       0x18 ./generate/inthandler.o
                0x1800723c                INT_Excep_USBI1
 .text.INT_Excep_S0_VI_VSYNC0
                0x18007254       0x18 ./generate/inthandler.o
                0x18007254                INT_Excep_S0_VI_VSYNC0
 .text.INT_Excep_S0_LO_VSYNC0
                0x1800726c       0x18 ./generate/inthandler.o
                0x1800726c                INT_Excep_S0_LO_VSYNC0
 .text.INT_Excep_S0_VSYNCERR0
                0x18007284       0x18 ./generate/inthandler.o
                0x18007284                INT_Excep_S0_VSYNCERR0
 .text.INT_Excep_GR3_VLINE0
                0x1800729c       0x18 ./generate/inthandler.o
                0x1800729c                INT_Excep_GR3_VLINE0
 .text.INT_Excep_S0_VFIELD0
                0x180072b4       0x18 ./generate/inthandler.o
                0x180072b4                INT_Excep_S0_VFIELD0
 .text.INT_Excep_IV1_VBUFERR0
                0x180072cc       0x18 ./generate/inthandler.o
                0x180072cc                INT_Excep_IV1_VBUFERR0
 .text.INT_Excep_IV3_VBUFERR0
                0x180072e4       0x18 ./generate/inthandler.o
                0x180072e4                INT_Excep_IV3_VBUFERR0
 .text.INT_Excep_IV5_VBUFERR0
                0x180072fc       0x18 ./generate/inthandler.o
                0x180072fc                INT_Excep_IV5_VBUFERR0
 .text.INT_Excep_IV6_VBUFERR0
                0x18007314       0x18 ./generate/inthandler.o
                0x18007314                INT_Excep_IV6_VBUFERR0
 .text.INT_Excep_S0_WLINE0
                0x1800732c       0x18 ./generate/inthandler.o
                0x1800732c                INT_Excep_S0_WLINE0
 .text.INT_Excep_S1_VI_VSYNC0
                0x18007344       0x18 ./generate/inthandler.o
                0x18007344                INT_Excep_S1_VI_VSYNC0
 .text.INT_Excep_S1_LO_VSYNC0
                0x1800735c       0x18 ./generate/inthandler.o
                0x1800735c                INT_Excep_S1_LO_VSYNC0
 .text.INT_Excep_S1_VSYNCERR0
                0x18007374       0x18 ./generate/inthandler.o
                0x18007374                INT_Excep_S1_VSYNCERR0
 .text.INT_Excep_S1_VFIELD0
                0x1800738c       0x18 ./generate/inthandler.o
                0x1800738c                INT_Excep_S1_VFIELD0
 .text.INT_Excep_IV2_VBUFERR0
                0x180073a4       0x18 ./generate/inthandler.o
                0x180073a4                INT_Excep_IV2_VBUFERR0
 .text.INT_Excep_IV4_VBUFERR0
                0x180073bc       0x18 ./generate/inthandler.o
                0x180073bc                INT_Excep_IV4_VBUFERR0
 .text.INT_Excep_S1_WLINE0
                0x180073d4       0x18 ./generate/inthandler.o
                0x180073d4                INT_Excep_S1_WLINE0
 .text.INT_Excep_OIR_VI_VSYNC0
                0x180073ec       0x18 ./generate/inthandler.o
                0x180073ec                INT_Excep_OIR_VI_VSYNC0
 .text.INT_Excep_OIR_LO_VSYNC0
                0x18007404       0x18 ./generate/inthandler.o
                0x18007404                INT_Excep_OIR_LO_VSYNC0
 .text.INT_Excep_OIR_VSYNCERR0
                0x1800741c       0x18 ./generate/inthandler.o
                0x1800741c                INT_Excep_OIR_VSYNCERR0
 .text.INT_Excep_OIR_VFIELD0
                0x18007434       0x18 ./generate/inthandler.o
                0x18007434                INT_Excep_OIR_VFIELD0
 .text.INT_Excep_IV7_VBUFERR0
                0x1800744c       0x18 ./generate/inthandler.o
                0x1800744c                INT_Excep_IV7_VBUFERR0
 .text.INT_Excep_V8_VBUFERR0
                0x18007464       0x18 ./generate/inthandler.o
                0x18007464                INT_Excep_V8_VBUFERR0
 .text.INT_Excep_OIR_WLINE0
                0x1800747c       0x18 ./generate/inthandler.o
                0x1800747c                INT_Excep_OIR_WLINE0
 .text.INT_Excep_S0_VI_VSYNC1
                0x18007494       0x18 ./generate/inthandler.o
                0x18007494                INT_Excep_S0_VI_VSYNC1
 .text.INT_Excep_S0_LO_VSYNC1
                0x180074ac       0x18 ./generate/inthandler.o
                0x180074ac                INT_Excep_S0_LO_VSYNC1
 .text.INT_Excep_S0_VSYNCERR1
                0x180074c4       0x18 ./generate/inthandler.o
                0x180074c4                INT_Excep_S0_VSYNCERR1
 .text.INT_Excep_GR3_VLINE1
                0x180074dc       0x18 ./generate/inthandler.o
                0x180074dc                INT_Excep_GR3_VLINE1
 .text.INT_Excep_S0_VFIELD1
                0x180074f4       0x18 ./generate/inthandler.o
                0x180074f4                INT_Excep_S0_VFIELD1
 .text.INT_Excep_IV1_VBUFERR1
                0x1800750c       0x18 ./generate/inthandler.o
                0x1800750c                INT_Excep_IV1_VBUFERR1
 .text.INT_Excep_IV3_VBUFERR1
                0x18007524       0x18 ./generate/inthandler.o
                0x18007524                INT_Excep_IV3_VBUFERR1
 .text.INT_Excep_IV5_VBUFERR1
                0x1800753c       0x18 ./generate/inthandler.o
                0x1800753c                INT_Excep_IV5_VBUFERR1
 .text.INT_Excep_IV6_VBUFERR1
                0x18007554       0x18 ./generate/inthandler.o
                0x18007554                INT_Excep_IV6_VBUFERR1
 .text.INT_Excep_S0_WLINE1
                0x1800756c       0x18 ./generate/inthandler.o
                0x1800756c                INT_Excep_S0_WLINE1
 .text.INT_Excep_S1_VI_VSYNC1
                0x18007584       0x18 ./generate/inthandler.o
                0x18007584                INT_Excep_S1_VI_VSYNC1
 .text.INT_Excep_S1_LO_VSYNC1
                0x1800759c       0x18 ./generate/inthandler.o
                0x1800759c                INT_Excep_S1_LO_VSYNC1
 .text.INT_Excep_S1_VSYNCERR1
                0x180075b4       0x18 ./generate/inthandler.o
                0x180075b4                INT_Excep_S1_VSYNCERR1
 .text.INT_Excep_S1_VFIELD1
                0x180075cc       0x18 ./generate/inthandler.o
                0x180075cc                INT_Excep_S1_VFIELD1
 .text.INT_Excep_IV2_VBUFERR1
                0x180075e4       0x18 ./generate/inthandler.o
                0x180075e4                INT_Excep_IV2_VBUFERR1
 .text.INT_Excep_IV4_VBUFERR1
                0x180075fc       0x18 ./generate/inthandler.o
                0x180075fc                INT_Excep_IV4_VBUFERR1
 .text.INT_Excep_S1_WLINE1
                0x18007614       0x18 ./generate/inthandler.o
                0x18007614                INT_Excep_S1_WLINE1
 .text.INT_Excep_OIR_VI_VSYNC1
                0x1800762c       0x18 ./generate/inthandler.o
                0x1800762c                INT_Excep_OIR_VI_VSYNC1
 .text.INT_Excep_OIR_LO_VSYNC1
                0x18007644       0x18 ./generate/inthandler.o
                0x18007644                INT_Excep_OIR_LO_VSYNC1
 .text.INT_Excep_OIR_VLINE1
                0x1800765c       0x18 ./generate/inthandler.o
                0x1800765c                INT_Excep_OIR_VLINE1
 .text.INT_Excep_OIR_VFIELD1
                0x18007674       0x18 ./generate/inthandler.o
                0x18007674                INT_Excep_OIR_VFIELD1
 .text.INT_Excep_IV7_VBUFERR1
                0x1800768c       0x18 ./generate/inthandler.o
                0x1800768c                INT_Excep_IV7_VBUFERR1
 .text.INT_Excep_IV8_VBUFERR1
                0x180076a4       0x18 ./generate/inthandler.o
                0x180076a4                INT_Excep_IV8_VBUFERR1
 .text.INT_Excep_OIR_WLINE1
                0x180076bc       0x18 ./generate/inthandler.o
                0x180076bc                INT_Excep_OIR_WLINE1
 .text.INT_Excep_IMRDI
                0x180076d4       0x18 ./generate/inthandler.o
                0x180076d4                INT_Excep_IMRDI
 .text.INT_Excep_IMR2I0
                0x180076ec       0x18 ./generate/inthandler.o
                0x180076ec                INT_Excep_IMR2I0
 .text.INT_Excep_IMR2I1
                0x18007704       0x18 ./generate/inthandler.o
                0x18007704                INT_Excep_IMR2I1
 .text.INT_Excep_JEDI
                0x1800771c       0x18 ./generate/inthandler.o
                0x1800771c                INT_Excep_JEDI
 .text.INT_Excep_JDTI
                0x18007734       0x18 ./generate/inthandler.o
                0x18007734                INT_Excep_JDTI
 .text.INT_Excep_CMP0
                0x1800774c       0x18 ./generate/inthandler.o
                0x1800774c                INT_Excep_CMP0
 .text.INT_Excep_CMP1
                0x18007764       0x18 ./generate/inthandler.o
                0x18007764                INT_Excep_CMP1
 .text.INT_Excep_INT0
                0x1800777c       0x18 ./generate/inthandler.o
                0x1800777c                INT_Excep_INT0
 .text.INT_Excep_INT1
                0x18007794       0x18 ./generate/inthandler.o
                0x18007794                INT_Excep_INT1
 .text.INT_Excep_INT2
                0x180077ac       0x18 ./generate/inthandler.o
                0x180077ac                INT_Excep_INT2
 .text.INT_Excep_INT3
                0x180077c4       0x18 ./generate/inthandler.o
                0x180077c4                INT_Excep_INT3
 .text.INT_Excep_OSTMI0
                0x180077dc       0x14 ./generate/inthandler.o
                0x180077dc                INT_Excep_OSTMI0
 .text.INT_Excep_OSTMI1
                0x180077f0       0x18 ./generate/inthandler.o
                0x180077f0                INT_Excep_OSTMI1
 .text.INT_Excep_CMI
                0x18007808       0x18 ./generate/inthandler.o
                0x18007808                INT_Excep_CMI
 .text.INT_Excep_WTOUT
                0x18007820       0x18 ./generate/inthandler.o
                0x18007820                INT_Excep_WTOUT
 .text.INT_Excep_ITI
                0x18007838       0x18 ./generate/inthandler.o
                0x18007838                INT_Excep_ITI
 .text.INT_Excep_TGI0A
                0x18007850       0x18 ./generate/inthandler.o
                0x18007850                INT_Excep_TGI0A
 .text.INT_Excep_TGI0B
                0x18007868       0x18 ./generate/inthandler.o
                0x18007868                INT_Excep_TGI0B
 .text.INT_Excep_TGI0C
                0x18007880       0x18 ./generate/inthandler.o
                0x18007880                INT_Excep_TGI0C
 .text.INT_Excep_TGI0D
                0x18007898       0x18 ./generate/inthandler.o
                0x18007898                INT_Excep_TGI0D
 .text.INT_Excep_TGI0V
                0x180078b0       0x18 ./generate/inthandler.o
                0x180078b0                INT_Excep_TGI0V
 .text.INT_Excep_TGI0E
                0x180078c8       0x18 ./generate/inthandler.o
                0x180078c8                INT_Excep_TGI0E
 .text.INT_Excep_TGI0F
                0x180078e0       0x18 ./generate/inthandler.o
                0x180078e0                INT_Excep_TGI0F
 .text.INT_Excep_TGI1A
                0x180078f8       0x18 ./generate/inthandler.o
                0x180078f8                INT_Excep_TGI1A
 .text.INT_Excep_TGI1B
                0x18007910       0x18 ./generate/inthandler.o
                0x18007910                INT_Excep_TGI1B
 .text.INT_Excep_TGI1V
                0x18007928       0x18 ./generate/inthandler.o
                0x18007928                INT_Excep_TGI1V
 .text.INT_Excep_TGI1U
                0x18007940       0x18 ./generate/inthandler.o
                0x18007940                INT_Excep_TGI1U
 .text.INT_Excep_TGI2A
                0x18007958       0x18 ./generate/inthandler.o
                0x18007958                INT_Excep_TGI2A
 .text.INT_Excep_TGI2B
                0x18007970       0x18 ./generate/inthandler.o
                0x18007970                INT_Excep_TGI2B
 .text.INT_Excep_TGI2V
                0x18007988       0x18 ./generate/inthandler.o
                0x18007988                INT_Excep_TGI2V
 .text.INT_Excep_TGI2U
                0x180079a0       0x18 ./generate/inthandler.o
                0x180079a0                INT_Excep_TGI2U
 .text.INT_Excep_TGI3A
                0x180079b8       0x18 ./generate/inthandler.o
                0x180079b8                INT_Excep_TGI3A
 .text.INT_Excep_TGI3B
                0x180079d0       0x18 ./generate/inthandler.o
                0x180079d0                INT_Excep_TGI3B
 .text.INT_Excep_TGI3C
                0x180079e8       0x18 ./generate/inthandler.o
                0x180079e8                INT_Excep_TGI3C
 .text.INT_Excep_TGI3D
                0x18007a00       0x18 ./generate/inthandler.o
                0x18007a00                INT_Excep_TGI3D
 .text.INT_Excep_TGI3V
                0x18007a18       0x18 ./generate/inthandler.o
                0x18007a18                INT_Excep_TGI3V
 .text.INT_Excep_TGI4A
                0x18007a30       0x18 ./generate/inthandler.o
                0x18007a30                INT_Excep_TGI4A
 .text.INT_Excep_TGI4B
                0x18007a48       0x18 ./generate/inthandler.o
                0x18007a48                INT_Excep_TGI4B
 .text.INT_Excep_TGI4C
                0x18007a60       0x18 ./generate/inthandler.o
                0x18007a60                INT_Excep_TGI4C
 .text.INT_Excep_TGI4D
                0x18007a78       0x18 ./generate/inthandler.o
                0x18007a78                INT_Excep_TGI4D
 .text.INT_Excep_TGI4V
                0x18007a90       0x18 ./generate/inthandler.o
                0x18007a90                INT_Excep_TGI4V
 .text.INT_Excep_CMI1
                0x18007aa8       0x18 ./generate/inthandler.o
                0x18007aa8                INT_Excep_CMI1
 .text.INT_Excep_CMI2
                0x18007ac0       0x18 ./generate/inthandler.o
                0x18007ac0                INT_Excep_CMI2
 .text.INT_Excep_SGDEI0
                0x18007ad8       0x18 ./generate/inthandler.o
                0x18007ad8                INT_Excep_SGDEI0
 .text.INT_Excep_SGDEI1
                0x18007af0       0x18 ./generate/inthandler.o
                0x18007af0                INT_Excep_SGDEI1
 .text.INT_Excep_SGDEI2
                0x18007b08       0x18 ./generate/inthandler.o
                0x18007b08                INT_Excep_SGDEI2
 .text.INT_Excep_SGDEI3
                0x18007b20       0x18 ./generate/inthandler.o
                0x18007b20                INT_Excep_SGDEI3
 .text.INT_Excep_ADI
                0x18007b38       0x18 ./generate/inthandler.o
                0x18007b38                INT_Excep_ADI
 .text.INT_Excep_ADWAR
                0x18007b50       0x18 ./generate/inthandler.o
                0x18007b50                INT_Excep_ADWAR
 .text.INT_Excep_SSII0
                0x18007b68       0x18 ./generate/inthandler.o
                0x18007b68                INT_Excep_SSII0
 .text.INT_Excep_SSIRXI0
                0x18007b80       0x18 ./generate/inthandler.o
                0x18007b80                INT_Excep_SSIRXI0
 .text.INT_Excep_SSITXI0
                0x18007b98       0x18 ./generate/inthandler.o
                0x18007b98                INT_Excep_SSITXI0
 .text.INT_Excep_SSII1
                0x18007bb0       0x18 ./generate/inthandler.o
                0x18007bb0                INT_Excep_SSII1
 .text.INT_Excep_SSIRXI1
                0x18007bc8       0x18 ./generate/inthandler.o
                0x18007bc8                INT_Excep_SSIRXI1
 .text.INT_Excep_SSITXI1
                0x18007be0       0x18 ./generate/inthandler.o
                0x18007be0                INT_Excep_SSITXI1
 .text.INT_Excep_SSII2
                0x18007bf8       0x18 ./generate/inthandler.o
                0x18007bf8                INT_Excep_SSII2
 .text.INT_Excep_SSIRTI2
                0x18007c10       0x18 ./generate/inthandler.o
                0x18007c10                INT_Excep_SSIRTI2
 .text.INT_Excep_SSII3
                0x18007c28       0x18 ./generate/inthandler.o
                0x18007c28                INT_Excep_SSII3
 .text.INT_Excep_SSIRXI3
                0x18007c40       0x18 ./generate/inthandler.o
                0x18007c40                INT_Excep_SSIRXI3
 .text.INT_Excep_SSITXI3
                0x18007c58       0x18 ./generate/inthandler.o
                0x18007c58                INT_Excep_SSITXI3
 .text.INT_Excep_SSII4
                0x18007c70       0x18 ./generate/inthandler.o
                0x18007c70                INT_Excep_SSII4
 .text.INT_Excep_SSIRTI4
                0x18007c88       0x18 ./generate/inthandler.o
                0x18007c88                INT_Excep_SSIRTI4
 .text.INT_Excep_SSII5
                0x18007ca0       0x18 ./generate/inthandler.o
                0x18007ca0                INT_Excep_SSII5
 .text.INT_Excep_SSIRXI5
                0x18007cb8       0x18 ./generate/inthandler.o
                0x18007cb8                INT_Excep_SSIRXI5
 .text.INT_Excep_SSITXI5
                0x18007cd0       0x18 ./generate/inthandler.o
                0x18007cd0                INT_Excep_SSITXI5
 .text.INT_Excep_SPDIFI
                0x18007ce8       0x18 ./generate/inthandler.o
                0x18007ce8                INT_Excep_SPDIFI
 .text.INT_Excep_I2C_TEI0
                0x18007d00       0x18 ./generate/inthandler.o
                0x18007d00                INT_Excep_I2C_TEI0
 .text.INT_Excep_RI0
                0x18007d18       0x18 ./generate/inthandler.o
                0x18007d18                INT_Excep_RI0
 .text.INT_Excep_TI0
                0x18007d30       0x18 ./generate/inthandler.o
                0x18007d30                INT_Excep_TI0
 .text.INT_Excep_SPI0
                0x18007d48       0x18 ./generate/inthandler.o
                0x18007d48                INT_Excep_SPI0
 .text.INT_Excep_STI0
                0x18007d60       0x18 ./generate/inthandler.o
                0x18007d60                INT_Excep_STI0
 .text.INT_Excep_NAKI0
                0x18007d78       0x18 ./generate/inthandler.o
                0x18007d78                INT_Excep_NAKI0
 .text.INT_Excep_ALI0
                0x18007d90       0x18 ./generate/inthandler.o
                0x18007d90                INT_Excep_ALI0
 .text.INT_Excep_TMOI0
                0x18007da8       0x18 ./generate/inthandler.o
                0x18007da8                INT_Excep_TMOI0
 .text.INT_Excep_I2C_TEI1
                0x18007dc0       0x18 ./generate/inthandler.o
                0x18007dc0                INT_Excep_I2C_TEI1
 .text.INT_Excep_RI1
                0x18007dd8       0x18 ./generate/inthandler.o
                0x18007dd8                INT_Excep_RI1
 .text.INT_Excep_TI1
                0x18007df0       0x18 ./generate/inthandler.o
                0x18007df0                INT_Excep_TI1
 .text.INT_Excep_SPI1
                0x18007e08       0x18 ./generate/inthandler.o
                0x18007e08                INT_Excep_SPI1
 .text.INT_Excep_STI1
                0x18007e20       0x18 ./generate/inthandler.o
                0x18007e20                INT_Excep_STI1
 .text.INT_Excep_NAKI1
                0x18007e38       0x18 ./generate/inthandler.o
                0x18007e38                INT_Excep_NAKI1
 .text.INT_Excep_ALI1
                0x18007e50       0x18 ./generate/inthandler.o
                0x18007e50                INT_Excep_ALI1
 .text.INT_Excep_TMOI1
                0x18007e68       0x18 ./generate/inthandler.o
                0x18007e68                INT_Excep_TMOI1
 .text.INT_Excep_TEI2
                0x18007e80       0x18 ./generate/inthandler.o
                0x18007e80                INT_Excep_TEI2
 .text.INT_Excep_RI2
                0x18007e98       0x18 ./generate/inthandler.o
                0x18007e98                INT_Excep_RI2
 .text.INT_Excep_TI2
                0x18007eb0       0x18 ./generate/inthandler.o
                0x18007eb0                INT_Excep_TI2
 .text.INT_Excep_SPI2
                0x18007ec8       0x18 ./generate/inthandler.o
                0x18007ec8                INT_Excep_SPI2
 .text.INT_Excep_STI2
                0x18007ee0       0x18 ./generate/inthandler.o
                0x18007ee0                INT_Excep_STI2
 .text.INT_Excep_NAKI2
                0x18007ef8       0x18 ./generate/inthandler.o
                0x18007ef8                INT_Excep_NAKI2
 .text.INT_Excep_ALI2
                0x18007f10       0x18 ./generate/inthandler.o
                0x18007f10                INT_Excep_ALI2
 .text.INT_Excep_TMOI2
                0x18007f28       0x18 ./generate/inthandler.o
                0x18007f28                INT_Excep_TMOI2
 .text.INT_Excep_TEI3
                0x18007f40       0x18 ./generate/inthandler.o
                0x18007f40                INT_Excep_TEI3
 .text.INT_Excep_RI3
                0x18007f58       0x18 ./generate/inthandler.o
                0x18007f58                INT_Excep_RI3
 .text.INT_Excep_TI3
                0x18007f70       0x18 ./generate/inthandler.o
                0x18007f70                INT_Excep_TI3
 .text.INT_Excep_SPI3
                0x18007f88       0x18 ./generate/inthandler.o
                0x18007f88                INT_Excep_SPI3
 .text.INT_Excep_STI3
                0x18007fa0       0x18 ./generate/inthandler.o
                0x18007fa0                INT_Excep_STI3
 .text.INT_Excep_NAKI3
                0x18007fb8       0x18 ./generate/inthandler.o
                0x18007fb8                INT_Excep_NAKI3
 .text.INT_Excep_ALI3
                0x18007fd0       0x18 ./generate/inthandler.o
                0x18007fd0                INT_Excep_ALI3
 .text.INT_Excep_TMOI3
                0x18007fe8       0x18 ./generate/inthandler.o
                0x18007fe8                INT_Excep_TMOI3
 .text.INT_Excep_FIFO_BRI0
                0x18008000       0x18 ./generate/inthandler.o
                0x18008000                INT_Excep_FIFO_BRI0
 .text.INT_Excep_FIFO_ERI0
                0x18008018       0x18 ./generate/inthandler.o
                0x18008018                INT_Excep_FIFO_ERI0
 .text.INT_Excep_FIFO_RXI0
                0x18008030       0x18 ./generate/inthandler.o
                0x18008030                INT_Excep_FIFO_RXI0
 .text.INT_Excep_FIFO_TXI0
                0x18008048       0x18 ./generate/inthandler.o
                0x18008048                INT_Excep_FIFO_TXI0
 .text.INT_Excep_FIFO_BRI1
                0x18008060       0x18 ./generate/inthandler.o
                0x18008060                INT_Excep_FIFO_BRI1
 .text.INT_Excep_FIFO_ERI1
                0x18008078       0x18 ./generate/inthandler.o
                0x18008078                INT_Excep_FIFO_ERI1
 .text.INT_Excep_FIFO_RXI1
                0x18008090       0x18 ./generate/inthandler.o
                0x18008090                INT_Excep_FIFO_RXI1
 .text.INT_Excep_FIFO_TXI1
                0x180080a8       0x18 ./generate/inthandler.o
                0x180080a8                INT_Excep_FIFO_TXI1
 .text.INT_Excep_BRI2
                0x180080c0       0x18 ./generate/inthandler.o
                0x180080c0                INT_Excep_BRI2
 .text.INT_Excep_ERI2
                0x180080d8       0x18 ./generate/inthandler.o
                0x180080d8                INT_Excep_ERI2
 .text.INT_Excep_RXI2
                0x180080f0       0x18 ./generate/inthandler.o
                0x180080f0                INT_Excep_RXI2
 .text.INT_Excep_TXI2
                0x18008108       0x18 ./generate/inthandler.o
                0x18008108                INT_Excep_TXI2
 .text.INT_Excep_BRI3
                0x18008120       0x18 ./generate/inthandler.o
                0x18008120                INT_Excep_BRI3
 .text.INT_Excep_ERI3
                0x18008138       0x18 ./generate/inthandler.o
                0x18008138                INT_Excep_ERI3
 .text.INT_Excep_RXI3
                0x18008150       0x18 ./generate/inthandler.o
                0x18008150                INT_Excep_RXI3
 .text.INT_Excep_TXI3
                0x18008168       0x18 ./generate/inthandler.o
                0x18008168                INT_Excep_TXI3
 .text.INT_Excep_BRI4
                0x18008180       0x18 ./generate/inthandler.o
                0x18008180                INT_Excep_BRI4
 .text.INT_Excep_ERI4
                0x18008198       0x18 ./generate/inthandler.o
                0x18008198                INT_Excep_ERI4
 .text.INT_Excep_RXI4
                0x180081b0       0x18 ./generate/inthandler.o
                0x180081b0                INT_Excep_RXI4
 .text.INT_Excep_TXI4
                0x180081c8       0x18 ./generate/inthandler.o
                0x180081c8                INT_Excep_TXI4
 .text.INT_Excep_BRI5
                0x180081e0       0x18 ./generate/inthandler.o
                0x180081e0                INT_Excep_BRI5
 .text.INT_Excep_ERI5
                0x180081f8       0x18 ./generate/inthandler.o
                0x180081f8                INT_Excep_ERI5
 .text.INT_Excep_RXI5
                0x18008210       0x18 ./generate/inthandler.o
                0x18008210                INT_Excep_RXI5
 .text.INT_Excep_TXI5
                0x18008228       0x18 ./generate/inthandler.o
                0x18008228                INT_Excep_TXI5
 .text.INT_Excep_BRI6
                0x18008240       0x18 ./generate/inthandler.o
                0x18008240                INT_Excep_BRI6
 .text.INT_Excep_ERI6
                0x18008258       0x18 ./generate/inthandler.o
                0x18008258                INT_Excep_ERI6
 .text.INT_Excep_RXI6
                0x18008270       0x18 ./generate/inthandler.o
                0x18008270                INT_Excep_RXI6
 .text.INT_Excep_TXI6
                0x18008288       0x18 ./generate/inthandler.o
                0x18008288                INT_Excep_TXI6
 .text.INT_Excep_BRI7
                0x180082a0       0x18 ./generate/inthandler.o
                0x180082a0                INT_Excep_BRI7
 .text.INT_Excep_ERI7
                0x180082b8       0x18 ./generate/inthandler.o
                0x180082b8                INT_Excep_ERI7
 .text.INT_Excep_RXI7
                0x180082d0       0x18 ./generate/inthandler.o
                0x180082d0                INT_Excep_RXI7
 .text.INT_Excep_TXI7
                0x180082e8       0x18 ./generate/inthandler.o
                0x180082e8                INT_Excep_TXI7
 .text.INT_Excep_GERI
                0x18008300       0x18 ./generate/inthandler.o
                0x18008300                INT_Excep_GERI
 .text.INT_Excep_RFI
                0x18008318       0x18 ./generate/inthandler.o
                0x18008318                INT_Excep_RFI
 .text.INT_Excep_CFRXI0
                0x18008330       0x18 ./generate/inthandler.o
                0x18008330                INT_Excep_CFRXI0
 .text.INT_Excep_CERI0
                0x18008348       0x18 ./generate/inthandler.o
                0x18008348                INT_Excep_CERI0
 .text.INT_Excep_CTXI0
                0x18008360       0x18 ./generate/inthandler.o
                0x18008360                INT_Excep_CTXI0
 .text.INT_Excep_CFRXI1
                0x18008378       0x18 ./generate/inthandler.o
                0x18008378                INT_Excep_CFRXI1
 .text.INT_Excep_CERI1
                0x18008390       0x18 ./generate/inthandler.o
                0x18008390                INT_Excep_CERI1
 .text.INT_Excep_CTXI1
                0x180083a8       0x18 ./generate/inthandler.o
                0x180083a8                INT_Excep_CTXI1
 .text.INT_Excep_CFRXI2
                0x180083c0       0x18 ./generate/inthandler.o
                0x180083c0                INT_Excep_CFRXI2
 .text.INT_Excep_CERI2
                0x180083d8       0x18 ./generate/inthandler.o
                0x180083d8                INT_Excep_CERI2
 .text.INT_Excep_CTXI2
                0x180083f0       0x18 ./generate/inthandler.o
                0x180083f0                INT_Excep_CTXI2
 .text.INT_Excep_CFRXI3
                0x18008408       0x18 ./generate/inthandler.o
                0x18008408                INT_Excep_CFRXI3
 .text.INT_Excep_CERI3
                0x18008420       0x18 ./generate/inthandler.o
                0x18008420                INT_Excep_CERI3
 .text.INT_Excep_CTXI3
                0x18008438       0x18 ./generate/inthandler.o
                0x18008438                INT_Excep_CTXI3
 .text.INT_Excep_CFRXI4
                0x18008450       0x18 ./generate/inthandler.o
                0x18008450                INT_Excep_CFRXI4
 .text.INT_Excep_CERI4
                0x18008468       0x18 ./generate/inthandler.o
                0x18008468                INT_Excep_CERI4
 .text.INT_Excep_CTXI4
                0x18008480       0x18 ./generate/inthandler.o
                0x18008480                INT_Excep_CTXI4
 .text.INT_Excep_SPEI0
                0x18008498       0x18 ./generate/inthandler.o
                0x18008498                INT_Excep_SPEI0
 .text.INT_Excep_SPRI0
                0x180084b0       0x18 ./generate/inthandler.o
                0x180084b0                INT_Excep_SPRI0
 .text.INT_Excep_SPTI0
                0x180084c8       0x18 ./generate/inthandler.o
                0x180084c8                INT_Excep_SPTI0
 .text.INT_Excep_SPEI1
                0x180084e0       0x18 ./generate/inthandler.o
                0x180084e0                INT_Excep_SPEI1
 .text.INT_Excep_SPRI1
                0x180084f8       0x18 ./generate/inthandler.o
                0x180084f8                INT_Excep_SPRI1
 .text.INT_Excep_SPTI1
                0x18008510       0x18 ./generate/inthandler.o
                0x18008510                INT_Excep_SPTI1
 .text.INT_Excep_SPEI2
                0x18008528       0x18 ./generate/inthandler.o
                0x18008528                INT_Excep_SPEI2
 .text.INT_Excep_SPRI2
                0x18008540       0x18 ./generate/inthandler.o
                0x18008540                INT_Excep_SPRI2
 .text.INT_Excep_SPTI2
                0x18008558       0x18 ./generate/inthandler.o
                0x18008558                INT_Excep_SPTI2
 .text.INT_Excep_SPEI3
                0x18008570       0x18 ./generate/inthandler.o
                0x18008570                INT_Excep_SPEI3
 .text.INT_Excep_SPRI3
                0x18008588       0x18 ./generate/inthandler.o
                0x18008588                INT_Excep_SPRI3
 .text.INT_Excep_SPTI3
                0x180085a0       0x18 ./generate/inthandler.o
                0x180085a0                INT_Excep_SPTI3
 .text.INT_Excep_SPEI4
                0x180085b8       0x18 ./generate/inthandler.o
                0x180085b8                INT_Excep_SPEI4
 .text.INT_Excep_SPRI4
                0x180085d0       0x18 ./generate/inthandler.o
                0x180085d0                INT_Excep_SPRI4
 .text.INT_Excep_SPTI4
                0x180085e8       0x18 ./generate/inthandler.o
                0x180085e8                INT_Excep_SPTI4
 .text.INT_Excep_IEBBTD
                0x18008600       0x18 ./generate/inthandler.o
                0x18008600                INT_Excep_IEBBTD
 .text.INT_Excep_IEBBTERR
                0x18008618       0x18 ./generate/inthandler.o
                0x18008618                INT_Excep_IEBBTERR
 .text.INT_Excep_IEBBTSTA
                0x18008630       0x18 ./generate/inthandler.o
                0x18008630                INT_Excep_IEBBTSTA
 .text.INT_Excep_IEBBTV
                0x18008648       0x18 ./generate/inthandler.o
                0x18008648                INT_Excep_IEBBTV
 .text.INT_Excep_ISY
                0x18008660       0x18 ./generate/inthandler.o
                0x18008660                INT_Excep_ISY
 .text.INT_Excep_IERR
                0x18008678       0x18 ./generate/inthandler.o
                0x18008678                INT_Excep_IERR
 .text.INT_Excep_ITARG
                0x18008690       0x18 ./generate/inthandler.o
                0x18008690                INT_Excep_ITARG
 .text.INT_Excep_ISEC
                0x180086a8       0x18 ./generate/inthandler.o
                0x180086a8                INT_Excep_ISEC
 .text.INT_Excep_IBUF
                0x180086c0       0x18 ./generate/inthandler.o
                0x180086c0                INT_Excep_IBUF
 .text.INT_Excep_IREADY
                0x180086d8       0x18 ./generate/inthandler.o
                0x180086d8                INT_Excep_IREADY
 .text.INT_Excep_STERB
                0x180086f0       0x18 ./generate/inthandler.o
                0x180086f0                INT_Excep_STERB
 .text.INT_Excep_FLTENDI
                0x18008708       0x18 ./generate/inthandler.o
                0x18008708                INT_Excep_FLTENDI
 .text.INT_Excep_FLTREQ0I
                0x18008720       0x18 ./generate/inthandler.o
                0x18008720                INT_Excep_FLTREQ0I
 .text.INT_Excep_FLTREQ1I
                0x18008738       0x18 ./generate/inthandler.o
                0x18008738                INT_Excep_FLTREQ1I
 .text.INT_Excep_MMC0
                0x18008750       0x18 ./generate/inthandler.o
                0x18008750                INT_Excep_MMC0
 .text.INT_Excep_MMC1
                0x18008768       0x18 ./generate/inthandler.o
                0x18008768                INT_Excep_MMC1
 .text.INT_Excep_MMC2
                0x18008780       0x18 ./generate/inthandler.o
                0x18008780                INT_Excep_MMC2
 .text.INT_Excep_SDHI0_3
                0x18008798       0x18 ./generate/inthandler.o
                0x18008798                INT_Excep_SDHI0_3
 .text.INT_Excep_SDHI0_0
                0x180087b0       0x18 ./generate/inthandler.o
                0x180087b0                INT_Excep_SDHI0_0
 .text.INT_Excep_SDHI0_1
                0x180087c8       0x18 ./generate/inthandler.o
                0x180087c8                INT_Excep_SDHI0_1
 .text.INT_Excep_SDHI1_3
                0x180087e0       0x18 ./generate/inthandler.o
                0x180087e0                INT_Excep_SDHI1_3
 .text.INT_Excep_SDHI1_0
                0x180087f8       0x18 ./generate/inthandler.o
                0x180087f8                INT_Excep_SDHI1_0
 .text.INT_Excep_SDHI1_1
                0x18008810       0x18 ./generate/inthandler.o
                0x18008810                INT_Excep_SDHI1_1
 .text.INT_Excep_ARM
                0x18008828       0x18 ./generate/inthandler.o
                0x18008828                INT_Excep_ARM
 .text.INT_Excep_PRD
                0x18008840       0x18 ./generate/inthandler.o
                0x18008840                INT_Excep_PRD
 .text.INT_Excep_CUP
                0x18008858       0x18 ./generate/inthandler.o
                0x18008858                INT_Excep_CUP
 .text.INT_Excep_SCUAI0
                0x18008870       0x18 ./generate/inthandler.o
                0x18008870                INT_Excep_SCUAI0
 .text.INT_Excep_SCUAI1
                0x18008888       0x18 ./generate/inthandler.o
                0x18008888                INT_Excep_SCUAI1
 .text.INT_Excep_SCUFDI0
                0x180088a0       0x18 ./generate/inthandler.o
                0x180088a0                INT_Excep_SCUFDI0
 .text.INT_Excep_SCUFDI1
                0x180088b8       0x18 ./generate/inthandler.o
                0x180088b8                INT_Excep_SCUFDI1
 .text.INT_Excep_SCUFDI2
                0x180088d0       0x18 ./generate/inthandler.o
                0x180088d0                INT_Excep_SCUFDI2
 .text.INT_Excep_SCUFDI3
                0x180088e8       0x18 ./generate/inthandler.o
                0x180088e8                INT_Excep_SCUFDI3
 .text.INT_Excep_SCUFUI0
                0x18008900       0x18 ./generate/inthandler.o
                0x18008900                INT_Excep_SCUFUI0
 .text.INT_Excep_SCUFUI1
                0x18008918       0x18 ./generate/inthandler.o
                0x18008918                INT_Excep_SCUFUI1
 .text.INT_Excep_SCUFUI2
                0x18008930       0x18 ./generate/inthandler.o
                0x18008930                INT_Excep_SCUFUI2
 .text.INT_Excep_SCUFUI3
                0x18008948       0x18 ./generate/inthandler.o
                0x18008948                INT_Excep_SCUFUI3
 .text.INT_Excep_SCUDVI0
                0x18008960       0x18 ./generate/inthandler.o
                0x18008960                INT_Excep_SCUDVI0
 .text.INT_Excep_SCUDVI1
                0x18008978       0x18 ./generate/inthandler.o
                0x18008978                INT_Excep_SCUDVI1
 .text.INT_Excep_SCUDVI2
                0x18008990       0x18 ./generate/inthandler.o
                0x18008990                INT_Excep_SCUDVI2
 .text.INT_Excep_SCUDVI3
                0x180089a8       0x18 ./generate/inthandler.o
                0x180089a8                INT_Excep_SCUDVI3
 .text.INT_Excep_MLBCI
                0x180089c0       0x18 ./generate/inthandler.o
                0x180089c0                INT_Excep_MLBCI
 .text.INT_Excep_MLBSI
                0x180089d8       0x18 ./generate/inthandler.o
                0x180089d8                INT_Excep_MLBSI
 .text.INT_Excep_DRC0
                0x180089f0       0x18 ./generate/inthandler.o
                0x180089f0                INT_Excep_DRC0
 .text.INT_Excep_DRC1
                0x18008a08       0x18 ./generate/inthandler.o
                0x18008a08                INT_Excep_DRC1
 .text.INT_Excep_LINI0_INT_T
                0x18008a20       0x18 ./generate/inthandler.o
                0x18008a20                INT_Excep_LINI0_INT_T
 .text.INT_Excep_LINI0_INT_R
                0x18008a38       0x18 ./generate/inthandler.o
                0x18008a38                INT_Excep_LINI0_INT_R
 .text.INT_Excep_LINI0_INT_S
                0x18008a50       0x18 ./generate/inthandler.o
                0x18008a50                INT_Excep_LINI0_INT_S
 .text.INT_Excep_LINI0_INT_M
                0x18008a68       0x18 ./generate/inthandler.o
                0x18008a68                INT_Excep_LINI0_INT_M
 .text.INT_Excep_LINI1_INT_T
                0x18008a80       0x18 ./generate/inthandler.o
                0x18008a80                INT_Excep_LINI1_INT_T
 .text.INT_Excep_LINI1_INT_R
                0x18008a98       0x18 ./generate/inthandler.o
                0x18008a98                INT_Excep_LINI1_INT_R
 .text.INT_Excep_LINI1_INT_S
                0x18008ab0       0x18 ./generate/inthandler.o
                0x18008ab0                INT_Excep_LINI1_INT_S
 .text.INT_Excep_LINI1_INT_M
                0x18008ac8       0x18 ./generate/inthandler.o
                0x18008ac8                INT_Excep_LINI1_INT_M
 .text.INT_Excep_ERI0
                0x18008ae0       0x18 ./generate/inthandler.o
                0x18008ae0                INT_Excep_ERI0
 .text.INT_Excep_RXI0
                0x18008af8       0x18 ./generate/inthandler.o
                0x18008af8                INT_Excep_RXI0
 .text.INT_Excep_TXI0
                0x18008b10       0x18 ./generate/inthandler.o
                0x18008b10                INT_Excep_TXI0
 .text.INT_Excep_TEI0
                0x18008b28       0x18 ./generate/inthandler.o
                0x18008b28                INT_Excep_TEI0
 .text.INT_Excep_ERI1
                0x18008b40       0x18 ./generate/inthandler.o
                0x18008b40                INT_Excep_ERI1
 .text.INT_Excep_RXI1
                0x18008b58       0x18 ./generate/inthandler.o
                0x18008b58                INT_Excep_RXI1
 .text.INT_Excep_TXI1
                0x18008b70       0x18 ./generate/inthandler.o
                0x18008b70                INT_Excep_TXI1
 .text.INT_Excep_TEI1
                0x18008b88       0x18 ./generate/inthandler.o
                0x18008b88                INT_Excep_TEI1
 .text.INT_Excep_ETHERI
                0x18008ba0       0x18 ./generate/inthandler.o
                0x18008ba0                INT_Excep_ETHERI
 .text.INT_Excep_CEUI
                0x18008bb8       0x18 ./generate/inthandler.o
                0x18008bb8                INT_Excep_CEUI
 .text.INT_Excep_INT_CSIH0TIR
                0x18008bd0       0x18 ./generate/inthandler.o
                0x18008bd0                INT_Excep_INT_CSIH0TIR
 .text.INT_Excep_INT_CSIH0TIRE
                0x18008be8       0x18 ./generate/inthandler.o
                0x18008be8                INT_Excep_INT_CSIH0TIRE
 .text.INT_Excep_INT_CSIH1TIC
                0x18008c00       0x18 ./generate/inthandler.o
                0x18008c00                INT_Excep_INT_CSIH1TIC
 .text.INT_Excep_INT_CSIH1TIJC
                0x18008c18       0x18 ./generate/inthandler.o
                0x18008c18                INT_Excep_INT_CSIH1TIJC
 .text.INT_Excep_ECCE10
                0x18008c30       0x18 ./generate/inthandler.o
                0x18008c30                INT_Excep_ECCE10
 .text.INT_Excep_ECCE20
                0x18008c48       0x18 ./generate/inthandler.o
                0x18008c48                INT_Excep_ECCE20
 .text.INT_Excep_ECCOVF0
                0x18008c60       0x18 ./generate/inthandler.o
                0x18008c60                INT_Excep_ECCOVF0
 .text.INT_Excep_ECCE11
                0x18008c78       0x18 ./generate/inthandler.o
                0x18008c78                INT_Excep_ECCE11
 .text.INT_Excep_ECCE21
                0x18008c90       0x18 ./generate/inthandler.o
                0x18008c90                INT_Excep_ECCE21
 .text.INT_Excep_ECCOVF1
                0x18008ca8       0x18 ./generate/inthandler.o
                0x18008ca8                INT_Excep_ECCOVF1
 .text.INT_Excep_ECCE12
                0x18008cc0       0x18 ./generate/inthandler.o
                0x18008cc0                INT_Excep_ECCE12
 .text.INT_Excep_ECCE22
                0x18008cd8       0x18 ./generate/inthandler.o
                0x18008cd8                INT_Excep_ECCE22
 .text.INT_Excep_ECCOVF2
                0x18008cf0       0x18 ./generate/inthandler.o
                0x18008cf0                INT_Excep_ECCOVF2
 .text.INT_Excep_ECCE13
                0x18008d08       0x18 ./generate/inthandler.o
                0x18008d08                INT_Excep_ECCE13
 .text.INT_Excep_ECCE23
                0x18008d20       0x18 ./generate/inthandler.o
                0x18008d20                INT_Excep_ECCE23
 .text.INT_Excep_ECCOVF3
                0x18008d38       0x18 ./generate/inthandler.o
                0x18008d38                INT_Excep_ECCOVF3
 .text.INT_Excep_H2XMLB_ERRINT
                0x18008d50       0x18 ./generate/inthandler.o
                0x18008d50                INT_Excep_H2XMLB_ERRINT
 .text.INT_Excep_H2XIC1_ERRINT
                0x18008d68       0x18 ./generate/inthandler.o
                0x18008d68                INT_Excep_H2XIC1_ERRINT
 .text.INT_Excep_X2HPERI1_ERRINT
                0x18008d80       0x18 ./generate/inthandler.o
                0x18008d80                INT_Excep_X2HPERI1_ERRINT
 .text.INT_Excep_X2HPERI2_ERRINT
                0x18008d98       0x18 ./generate/inthandler.o
                0x18008d98                INT_Excep_X2HPERI2_ERRINT
 .text.INT_Excep_X2HPERI34_ERRINT
                0x18008db0       0x18 ./generate/inthandler.o
                0x18008db0                INT_Excep_X2HPERI34_ERRINT
 .text.INT_Excep_X2HPERI5_ERRINT
                0x18008dc8       0x18 ./generate/inthandler.o
                0x18008dc8                INT_Excep_X2HPERI5_ERRINT
 .text.INT_Excep_X2HPERI67_ERRINT
                0x18008de0       0x18 ./generate/inthandler.o
                0x18008de0                INT_Excep_X2HPERI67_ERRINT
 .text.INT_Excep_X2HDBGR_ERRINT
                0x18008df8       0x18 ./generate/inthandler.o
                0x18008df8                INT_Excep_X2HDBGR_ERRINT
 .text.INT_Excep_X2HBSC_ERRINT
                0x18008e10       0x18 ./generate/inthandler.o
                0x18008e10                INT_Excep_X2HBSC_ERRINT
 .text.INT_Excep_X2HSPI1_ERRINT
                0x18008e28       0x18 ./generate/inthandler.o
                0x18008e28                INT_Excep_X2HSPI1_ERRINT
 .text.INT_Excep_X2HSPI2_ERRINT
                0x18008e40       0x18 ./generate/inthandler.o
                0x18008e40                INT_Excep_X2HSPI2_ERRINT
 .text.INT_Excep_PRRI
                0x18008e58       0x18 ./generate/inthandler.o
                0x18008e58                INT_Excep_PRRI
 .text.INT_Excep_IFEI0
                0x18008e70       0x18 ./generate/inthandler.o
                0x18008e70                INT_Excep_IFEI0
 .text.INT_Excep_OFFI0
                0x18008e88       0x18 ./generate/inthandler.o
                0x18008e88                INT_Excep_OFFI0
 .text.INT_Excep_PFVEI0
                0x18008ea0       0x18 ./generate/inthandler.o
                0x18008ea0                INT_Excep_PFVEI0
 .text.INT_Excep_IFEI1
                0x18008eb8       0x18 ./generate/inthandler.o
                0x18008eb8                INT_Excep_IFEI1
 .text.INT_Excep_OFFI1
                0x18008ed0       0x18 ./generate/inthandler.o
                0x18008ed0                INT_Excep_OFFI1
 .text.INT_Excep_PFVEI1
                0x18008ee8       0x18 ./generate/inthandler.o
                0x18008ee8                INT_Excep_PFVEI1
 .text.INT_Excep_TINT0
                0x18008f00       0x18 ./generate/inthandler.o
                0x18008f00                INT_Excep_TINT0
 .text.INT_Excep_TINT1
                0x18008f18       0x18 ./generate/inthandler.o
                0x18008f18                INT_Excep_TINT1
 .text.INT_Excep_TINT2
                0x18008f30       0x18 ./generate/inthandler.o
                0x18008f30                INT_Excep_TINT2
 .text.INT_Excep_TINT3
                0x18008f48       0x18 ./generate/inthandler.o
                0x18008f48                INT_Excep_TINT3
 .text.INT_Excep_TINT4
                0x18008f60       0x18 ./generate/inthandler.o
                0x18008f60                INT_Excep_TINT4
 .text.INT_Excep_TINT5
                0x18008f78       0x18 ./generate/inthandler.o
                0x18008f78                INT_Excep_TINT5
 .text.INT_Excep_TINT6
                0x18008f90       0x18 ./generate/inthandler.o
                0x18008f90                INT_Excep_TINT6
 .text.INT_Excep_TINT7
                0x18008fa8       0x18 ./generate/inthandler.o
                0x18008fa8                INT_Excep_TINT7
 .text.INT_Excep_TINT8
                0x18008fc0       0x18 ./generate/inthandler.o
                0x18008fc0                INT_Excep_TINT8
 .text.INT_Excep_TINT9
                0x18008fd8       0x18 ./generate/inthandler.o
                0x18008fd8                INT_Excep_TINT9
 .text.INT_Excep_TINT10
                0x18008ff0       0x18 ./generate/inthandler.o
                0x18008ff0                INT_Excep_TINT10
 .text.INT_Excep_TINT11
                0x18009008       0x18 ./generate/inthandler.o
                0x18009008                INT_Excep_TINT11
 .text.INT_Excep_TINT12
                0x18009020       0x18 ./generate/inthandler.o
                0x18009020                INT_Excep_TINT12
 .text.INT_Excep_TINT13
                0x18009038       0x18 ./generate/inthandler.o
                0x18009038                INT_Excep_TINT13
 .text.INT_Excep_TINT14
                0x18009050       0x18 ./generate/inthandler.o
                0x18009050                INT_Excep_TINT14
 .text.INT_Excep_TINT15
                0x18009068       0x18 ./generate/inthandler.o
                0x18009068                INT_Excep_TINT15
 .text.INT_Excep_TINT16
                0x18009080       0x18 ./generate/inthandler.o
                0x18009080                INT_Excep_TINT16
 .text.INT_Excep_TINT17
                0x18009098       0x18 ./generate/inthandler.o
                0x18009098                INT_Excep_TINT17
 .text.INT_Excep_TINT18
                0x180090b0       0x18 ./generate/inthandler.o
                0x180090b0                INT_Excep_TINT18
 .text.INT_Excep_TINT19
                0x180090c8       0x18 ./generate/inthandler.o
                0x180090c8                INT_Excep_TINT19
 .text.INT_Excep_TINT20
                0x180090e0       0x18 ./generate/inthandler.o
                0x180090e0                INT_Excep_TINT20
 .text.INT_Excep_TINT21
                0x180090f8       0x18 ./generate/inthandler.o
                0x180090f8                INT_Excep_TINT21
 .text.INT_Excep_TINT22
                0x18009110       0x18 ./generate/inthandler.o
                0x18009110                INT_Excep_TINT22
 .text.INT_Excep_TINT23
                0x18009128       0x18 ./generate/inthandler.o
                0x18009128                INT_Excep_TINT23
 .text.INT_Excep_TINT24
                0x18009140       0x18 ./generate/inthandler.o
                0x18009140                INT_Excep_TINT24
 .text.INT_Excep_TINT25
                0x18009158       0x18 ./generate/inthandler.o
                0x18009158                INT_Excep_TINT25
 .text.INT_Excep_TINT26
                0x18009170       0x18 ./generate/inthandler.o
                0x18009170                INT_Excep_TINT26
 .text.INT_Excep_TINT27
                0x18009188       0x18 ./generate/inthandler.o
                0x18009188                INT_Excep_TINT27
 .text.INT_Excep_TINT28
                0x180091a0       0x18 ./generate/inthandler.o
                0x180091a0                INT_Excep_TINT28
 .text.INT_Excep_TINT29
                0x180091b8       0x18 ./generate/inthandler.o
                0x180091b8                INT_Excep_TINT29
 .text.INT_Excep_TINT30
                0x180091d0       0x18 ./generate/inthandler.o
                0x180091d0                INT_Excep_TINT30
 .text.INT_Excep_TINT31
                0x180091e8       0x18 ./generate/inthandler.o
                0x180091e8                INT_Excep_TINT31
 .text.INT_Excep_TINT32
                0x18009200       0x18 ./generate/inthandler.o
                0x18009200                INT_Excep_TINT32
 .text.INT_Excep_TINT33
                0x18009218       0x18 ./generate/inthandler.o
                0x18009218                INT_Excep_TINT33
 .text.INT_Excep_TINT34
                0x18009230       0x18 ./generate/inthandler.o
                0x18009230                INT_Excep_TINT34
 .text.INT_Excep_TINT35
                0x18009248       0x18 ./generate/inthandler.o
                0x18009248                INT_Excep_TINT35
 .text.INT_Excep_TINT36
                0x18009260       0x18 ./generate/inthandler.o
                0x18009260                INT_Excep_TINT36
 .text.INT_Excep_TINT37
                0x18009278       0x18 ./generate/inthandler.o
                0x18009278                INT_Excep_TINT37
 .text.INT_Excep_TINT38
                0x18009290       0x18 ./generate/inthandler.o
                0x18009290                INT_Excep_TINT38
 .text.INT_Excep_TINT39
                0x180092a8       0x18 ./generate/inthandler.o
                0x180092a8                INT_Excep_TINT39
 .text.INT_Excep_TINT40
                0x180092c0       0x18 ./generate/inthandler.o
                0x180092c0                INT_Excep_TINT40
 .text.INT_Excep_TINT41
                0x180092d8       0x18 ./generate/inthandler.o
                0x180092d8                INT_Excep_TINT41
 .text.INT_Excep_TINT42
                0x180092f0       0x18 ./generate/inthandler.o
                0x180092f0                INT_Excep_TINT42
 .text.INT_Excep_TINT43
                0x18009308       0x18 ./generate/inthandler.o
                0x18009308                INT_Excep_TINT43
 .text.INT_Excep_TINT44
                0x18009320       0x18 ./generate/inthandler.o
                0x18009320                INT_Excep_TINT44
 .text.INT_Excep_TINT45
                0x18009338       0x18 ./generate/inthandler.o
                0x18009338                INT_Excep_TINT45
 .text.INT_Excep_TINT46
                0x18009350       0x18 ./generate/inthandler.o
                0x18009350                INT_Excep_TINT46
 .text.INT_Excep_TINT47
                0x18009368       0x18 ./generate/inthandler.o
                0x18009368                INT_Excep_TINT47
 .text.INT_Excep_TINT48
                0x18009380       0x18 ./generate/inthandler.o
                0x18009380                INT_Excep_TINT48
 .text.INT_Excep_TINT49
                0x18009398       0x18 ./generate/inthandler.o
                0x18009398                INT_Excep_TINT49
 .text.INT_Excep_TINT50
                0x180093b0       0x18 ./generate/inthandler.o
                0x180093b0                INT_Excep_TINT50
 .text.INT_Excep_TINT51
                0x180093c8       0x18 ./generate/inthandler.o
                0x180093c8                INT_Excep_TINT51
 .text.INT_Excep_TINT52
                0x180093e0       0x18 ./generate/inthandler.o
                0x180093e0                INT_Excep_TINT52
 .text.INT_Excep_TINT53
                0x180093f8       0x18 ./generate/inthandler.o
                0x180093f8                INT_Excep_TINT53
 .text.INT_Excep_TINT54
                0x18009410       0x18 ./generate/inthandler.o
                0x18009410                INT_Excep_TINT54
 .text.INT_Excep_TINT55
                0x18009428       0x18 ./generate/inthandler.o
                0x18009428                INT_Excep_TINT55
 .text.INT_Excep_TINT56
                0x18009440       0x18 ./generate/inthandler.o
                0x18009440                INT_Excep_TINT56
 .text.INT_Excep_TINT57
                0x18009458       0x18 ./generate/inthandler.o
                0x18009458                INT_Excep_TINT57
 .text.INT_Excep_TINT58
                0x18009470       0x18 ./generate/inthandler.o
                0x18009470                INT_Excep_TINT58
 .text.INT_Excep_TINT59
                0x18009488       0x18 ./generate/inthandler.o
                0x18009488                INT_Excep_TINT59
 .text.INT_Excep_TINT60
                0x180094a0       0x18 ./generate/inthandler.o
                0x180094a0                INT_Excep_TINT60
 .text.INT_Excep_TINT61
                0x180094b8       0x18 ./generate/inthandler.o
                0x180094b8                INT_Excep_TINT61
 .text.INT_Excep_TINT62
                0x180094d0       0x18 ./generate/inthandler.o
                0x180094d0                INT_Excep_TINT62
 .text.INT_Excep_TINT63
                0x180094e8       0x18 ./generate/inthandler.o
                0x180094e8                INT_Excep_TINT63
 .text.INT_Excep_TINT64
                0x18009500       0x18 ./generate/inthandler.o
                0x18009500                INT_Excep_TINT64
 .text.INT_Excep_TINT65
                0x18009518       0x18 ./generate/inthandler.o
                0x18009518                INT_Excep_TINT65
 .text.INT_Excep_TINT66
                0x18009530       0x18 ./generate/inthandler.o
                0x18009530                INT_Excep_TINT66
 .text.INT_Excep_TINT67
                0x18009548       0x18 ./generate/inthandler.o
                0x18009548                INT_Excep_TINT67
 .text.INT_Excep_TINT68
                0x18009560       0x18 ./generate/inthandler.o
                0x18009560                INT_Excep_TINT68
 .text.INT_Excep_TINT69
                0x18009578       0x18 ./generate/inthandler.o
                0x18009578                INT_Excep_TINT69
 .text.INT_Excep_TINT70
                0x18009590       0x18 ./generate/inthandler.o
                0x18009590                INT_Excep_TINT70
 .text.INT_Excep_TINT71
                0x180095a8       0x18 ./generate/inthandler.o
                0x180095a8                INT_Excep_TINT71
 .text.INT_Excep_TINT72
                0x180095c0       0x18 ./generate/inthandler.o
                0x180095c0                INT_Excep_TINT72
 .text.INT_Excep_TINT73
                0x180095d8       0x18 ./generate/inthandler.o
                0x180095d8                INT_Excep_TINT73
 .text.INT_Excep_TINT74
                0x180095f0       0x18 ./generate/inthandler.o
                0x180095f0                INT_Excep_TINT74
 .text.INT_Excep_TINT75
                0x18009608       0x18 ./generate/inthandler.o
                0x18009608                INT_Excep_TINT75
 .text.INT_Excep_TINT76
                0x18009620       0x18 ./generate/inthandler.o
                0x18009620                INT_Excep_TINT76
 .text.INT_Excep_TINT77
                0x18009638       0x18 ./generate/inthandler.o
                0x18009638                INT_Excep_TINT77
 .text.INT_Excep_TINT78
                0x18009650       0x18 ./generate/inthandler.o
                0x18009650                INT_Excep_TINT78
 .text.INT_Excep_TINT79
                0x18009668       0x18 ./generate/inthandler.o
                0x18009668                INT_Excep_TINT79
 .text.INT_Excep_TINT80
                0x18009680       0x18 ./generate/inthandler.o
                0x18009680                INT_Excep_TINT80
 .text.INT_Excep_TINT81
                0x18009698       0x18 ./generate/inthandler.o
                0x18009698                INT_Excep_TINT81
 .text.INT_Excep_TINT82
                0x180096b0       0x18 ./generate/inthandler.o
                0x180096b0                INT_Excep_TINT82
 .text.INT_Excep_TINT83
                0x180096c8       0x18 ./generate/inthandler.o
                0x180096c8                INT_Excep_TINT83
 .text.INT_Excep_TINT84
                0x180096e0       0x18 ./generate/inthandler.o
                0x180096e0                INT_Excep_TINT84
 .text.INT_Excep_TINT85
                0x180096f8       0x18 ./generate/inthandler.o
                0x180096f8                INT_Excep_TINT85
 .text.INT_Excep_TINT86
                0x18009710       0x18 ./generate/inthandler.o
                0x18009710                INT_Excep_TINT86
 .text.INT_Excep_TINT87
                0x18009728       0x18 ./generate/inthandler.o
                0x18009728                INT_Excep_TINT87
 .text.INT_Excep_TINT88
                0x18009740       0x18 ./generate/inthandler.o
                0x18009740                INT_Excep_TINT88
 .text.INT_Excep_TINT89
                0x18009758       0x18 ./generate/inthandler.o
                0x18009758                INT_Excep_TINT89
 .text.INT_Excep_TINT90
                0x18009770       0x18 ./generate/inthandler.o
                0x18009770                INT_Excep_TINT90
 .text.INT_Excep_TINT91
                0x18009788       0x18 ./generate/inthandler.o
                0x18009788                INT_Excep_TINT91
 .text.INT_Excep_TINT92
                0x180097a0       0x18 ./generate/inthandler.o
                0x180097a0                INT_Excep_TINT92
 .text.INT_Excep_TINT93
                0x180097b8       0x18 ./generate/inthandler.o
                0x180097b8                INT_Excep_TINT93
 .text.INT_Excep_TINT94
                0x180097d0       0x18 ./generate/inthandler.o
                0x180097d0                INT_Excep_TINT94
 .text.INT_Excep_TINT95
                0x180097e8       0x18 ./generate/inthandler.o
                0x180097e8                INT_Excep_TINT95
 .text.INT_Excep_TINT96
                0x18009800       0x18 ./generate/inthandler.o
                0x18009800                INT_Excep_TINT96
 .text.INT_Excep_TINT97
                0x18009818       0x18 ./generate/inthandler.o
                0x18009818                INT_Excep_TINT97
 .text.INT_Excep_TINT98
                0x18009830       0x18 ./generate/inthandler.o
                0x18009830                INT_Excep_TINT98
 .text.INT_Excep_TINT99
                0x18009848       0x18 ./generate/inthandler.o
                0x18009848                INT_Excep_TINT99
 .text.INT_Excep_TINT100
                0x18009860       0x18 ./generate/inthandler.o
                0x18009860                INT_Excep_TINT100
 .text.INT_Excep_TINT101
                0x18009878       0x18 ./generate/inthandler.o
                0x18009878                INT_Excep_TINT101
 .text.INT_Excep_TINT102
                0x18009890       0x18 ./generate/inthandler.o
                0x18009890                INT_Excep_TINT102
 .text.INT_Excep_TINT103
                0x180098a8       0x18 ./generate/inthandler.o
                0x180098a8                INT_Excep_TINT103
 .text.INT_Excep_TINT104
                0x180098c0       0x18 ./generate/inthandler.o
                0x180098c0                INT_Excep_TINT104
 .text.INT_Excep_TINT105
                0x180098d8       0x18 ./generate/inthandler.o
                0x180098d8                INT_Excep_TINT105
 .text.INT_Excep_TINT106
                0x180098f0       0x18 ./generate/inthandler.o
                0x180098f0                INT_Excep_TINT106
 .text.INT_Excep_TINT107
                0x18009908       0x18 ./generate/inthandler.o
                0x18009908                INT_Excep_TINT107
 .text.INT_Excep_TINT108
                0x18009920       0x18 ./generate/inthandler.o
                0x18009920                INT_Excep_TINT108
 .text.INT_Excep_TINT109
                0x18009938       0x18 ./generate/inthandler.o
                0x18009938                INT_Excep_TINT109
 .text.INT_Excep_TINT110
                0x18009950       0x18 ./generate/inthandler.o
                0x18009950                INT_Excep_TINT110
 .text.INT_Excep_TINT111
                0x18009968       0x18 ./generate/inthandler.o
                0x18009968                INT_Excep_TINT111
 .text.INT_Excep_TINT112
                0x18009980       0x18 ./generate/inthandler.o
                0x18009980                INT_Excep_TINT112
 .text.INT_Excep_TINT113
                0x18009998       0x18 ./generate/inthandler.o
                0x18009998                INT_Excep_TINT113
 .text.INT_Excep_TINT114
                0x180099b0       0x18 ./generate/inthandler.o
                0x180099b0                INT_Excep_TINT114
 .text.INT_Excep_TINT115
                0x180099c8       0x18 ./generate/inthandler.o
                0x180099c8                INT_Excep_TINT115
 .text.INT_Excep_TINT116
                0x180099e0       0x18 ./generate/inthandler.o
                0x180099e0                INT_Excep_TINT116
 .text.INT_Excep_TINT117
                0x180099f8       0x18 ./generate/inthandler.o
                0x180099f8                INT_Excep_TINT117
 .text.INT_Excep_TINT118
                0x18009a10       0x18 ./generate/inthandler.o
                0x18009a10                INT_Excep_TINT118
 .text.INT_Excep_TINT119
                0x18009a28       0x18 ./generate/inthandler.o
                0x18009a28                INT_Excep_TINT119
 .text.INT_Excep_TINT120
                0x18009a40       0x18 ./generate/inthandler.o
                0x18009a40                INT_Excep_TINT120
 .text.INT_Excep_TINT121
                0x18009a58       0x18 ./generate/inthandler.o
                0x18009a58                INT_Excep_TINT121
 .text.INT_Excep_TINT122
                0x18009a70       0x18 ./generate/inthandler.o
                0x18009a70                INT_Excep_TINT122
 .text.INT_Excep_TINT123
                0x18009a88       0x18 ./generate/inthandler.o
                0x18009a88                INT_Excep_TINT123
 .text.INT_Excep_TINT124
                0x18009aa0       0x18 ./generate/inthandler.o
                0x18009aa0                INT_Excep_TINT124
 .text.INT_Excep_TINT125
                0x18009ab8       0x18 ./generate/inthandler.o
                0x18009ab8                INT_Excep_TINT125
 .text.INT_Excep_TINT126
                0x18009ad0       0x18 ./generate/inthandler.o
                0x18009ad0                INT_Excep_TINT126
 .text.INT_Excep_TINT127
                0x18009ae8       0x18 ./generate/inthandler.o
                0x18009ae8                INT_Excep_TINT127
 .text.INT_Excep_TINT128
                0x18009b00       0x18 ./generate/inthandler.o
                0x18009b00                INT_Excep_TINT128
 .text.INT_Excep_TINT129
                0x18009b18       0x18 ./generate/inthandler.o
                0x18009b18                INT_Excep_TINT129
 .text.INT_Excep_TINT130
                0x18009b30       0x18 ./generate/inthandler.o
                0x18009b30                INT_Excep_TINT130
 .text.INT_Excep_TINT131
                0x18009b48       0x18 ./generate/inthandler.o
                0x18009b48                INT_Excep_TINT131
 .text.INT_Excep_TINT132
                0x18009b60       0x18 ./generate/inthandler.o
                0x18009b60                INT_Excep_TINT132
 .text.INT_Excep_TINT133
                0x18009b78       0x18 ./generate/inthandler.o
                0x18009b78                INT_Excep_TINT133
 .text.INT_Excep_TINT134
                0x18009b90       0x18 ./generate/inthandler.o
                0x18009b90                INT_Excep_TINT134
 .text.INT_Excep_TINT135
                0x18009ba8       0x18 ./generate/inthandler.o
                0x18009ba8                INT_Excep_TINT135
 .text.INT_Excep_TINT136
                0x18009bc0       0x18 ./generate/inthandler.o
                0x18009bc0                INT_Excep_TINT136
 .text.INT_Excep_TINT137
                0x18009bd8       0x18 ./generate/inthandler.o
                0x18009bd8                INT_Excep_TINT137
 .text.INT_Excep_TINT138
                0x18009bf0       0x18 ./generate/inthandler.o
                0x18009bf0                INT_Excep_TINT138
 .text.INT_Excep_TINT139
                0x18009c08       0x18 ./generate/inthandler.o
                0x18009c08                INT_Excep_TINT139
 .text.INT_Excep_TINT140
                0x18009c20       0x18 ./generate/inthandler.o
                0x18009c20                INT_Excep_TINT140
 .text.INT_Excep_TINT141
                0x18009c38       0x18 ./generate/inthandler.o
                0x18009c38                INT_Excep_TINT141
 .text.INT_Excep_TINT142
                0x18009c50       0x18 ./generate/inthandler.o
                0x18009c50                INT_Excep_TINT142
 .text.INT_Excep_TINT143
                0x18009c68       0x18 ./generate/inthandler.o
                0x18009c68                INT_Excep_TINT143
 .text.INT_Excep_TINT144
                0x18009c80       0x18 ./generate/inthandler.o
                0x18009c80                INT_Excep_TINT144
 .text.INT_Excep_TINT145
                0x18009c98       0x18 ./generate/inthandler.o
                0x18009c98                INT_Excep_TINT145
 .text.INT_Excep_TINT146
                0x18009cb0       0x18 ./generate/inthandler.o
                0x18009cb0                INT_Excep_TINT146
 .text.INT_Excep_TINT147
                0x18009cc8       0x18 ./generate/inthandler.o
                0x18009cc8                INT_Excep_TINT147
 .text.INT_Excep_TINT148
                0x18009ce0       0x18 ./generate/inthandler.o
                0x18009ce0                INT_Excep_TINT148
 .text.INT_Excep_TINT149
                0x18009cf8       0x18 ./generate/inthandler.o
                0x18009cf8                INT_Excep_TINT149
 .text.INT_Excep_TINT150
                0x18009d10       0x18 ./generate/inthandler.o
                0x18009d10                INT_Excep_TINT150
 .text.INT_Excep_TINT151
                0x18009d28       0x18 ./generate/inthandler.o
                0x18009d28                INT_Excep_TINT151
 .text.INT_Excep_TINT152
                0x18009d40       0x18 ./generate/inthandler.o
                0x18009d40                INT_Excep_TINT152
 .text.INT_Excep_TINT153
                0x18009d58       0x18 ./generate/inthandler.o
                0x18009d58                INT_Excep_TINT153
 .text.INT_Excep_TINT154
                0x18009d70       0x18 ./generate/inthandler.o
                0x18009d70                INT_Excep_TINT154
 .text.INT_Excep_TINT155
                0x18009d88       0x18 ./generate/inthandler.o
                0x18009d88                INT_Excep_TINT155
 .text.INT_Excep_TINT156
                0x18009da0       0x18 ./generate/inthandler.o
                0x18009da0                INT_Excep_TINT156
 .text.INT_Excep_TINT157
                0x18009db8       0x18 ./generate/inthandler.o
                0x18009db8                INT_Excep_TINT157
 .text.INT_Excep_TINT158
                0x18009dd0       0x18 ./generate/inthandler.o
                0x18009dd0                INT_Excep_TINT158
 .text.INT_Excep_TINT159
                0x18009de8       0x18 ./generate/inthandler.o
                0x18009de8                INT_Excep_TINT159
 .text.INT_Excep_TINT160
                0x18009e00       0x18 ./generate/inthandler.o
                0x18009e00                INT_Excep_TINT160
 .text.INT_Excep_TINT161
                0x18009e18       0x18 ./generate/inthandler.o
                0x18009e18                INT_Excep_TINT161
 .text.INT_Excep_TINT162
                0x18009e30       0x18 ./generate/inthandler.o
                0x18009e30                INT_Excep_TINT162
 .text.INT_Excep_TINT163
                0x18009e48       0x18 ./generate/inthandler.o
                0x18009e48                INT_Excep_TINT163
 .text.INT_Excep_TINT164
                0x18009e60       0x18 ./generate/inthandler.o
                0x18009e60                INT_Excep_TINT164
 .text.INT_Excep_TINT165
                0x18009e78       0x18 ./generate/inthandler.o
                0x18009e78                INT_Excep_TINT165
 .text.INT_Excep_TINT166
                0x18009e90       0x18 ./generate/inthandler.o
                0x18009e90                INT_Excep_TINT166
 .text.INT_Excep_TINT167
                0x18009ea8       0x18 ./generate/inthandler.o
                0x18009ea8                INT_Excep_TINT167
 .text.INT_Excep_TINT168
                0x18009ec0       0x18 ./generate/inthandler.o
                0x18009ec0                INT_Excep_TINT168
 .text.INT_Excep_TINT169
                0x18009ed8       0x18 ./generate/inthandler.o
                0x18009ed8                INT_Excep_TINT169
 .text.INT_Excep_TINT170
                0x18009ef0       0x18 ./generate/inthandler.o
                0x18009ef0                INT_Excep_TINT170
 .text.selfrel_offset31
                0x18009f08       0x14 C:/Program Files (x86)/Arm GNU Toolchain arm-none-eabi/13.3 rel1/bin/../lib/gcc/arm-none-eabi/13.3.1/thumb/v7-a+fp/hard\libgcc.a(unwind-arm.o)
 .text.search_EIT_table
                0x18009f1c       0x60 C:/Program Files (x86)/Arm GNU Toolchain arm-none-eabi/13.3 rel1/bin/../lib/gcc/arm-none-eabi/13.3.1/thumb/v7-a+fp/hard\libgcc.a(unwind-arm.o)
 .text.__gnu_unwind_get_pr_addr
                0x18009f7c       0x2c C:/Program Files (x86)/Arm GNU Toolchain arm-none-eabi/13.3 rel1/bin/../lib/gcc/arm-none-eabi/13.3.1/thumb/v7-a+fp/hard\libgcc.a(unwind-arm.o)
 .text.get_eit_entry
                0x18009fa8       0x9c C:/Program Files (x86)/Arm GNU Toolchain arm-none-eabi/13.3 rel1/bin/../lib/gcc/arm-none-eabi/13.3.1/thumb/v7-a+fp/hard\libgcc.a(unwind-arm.o)
 .text.restore_non_core_regs
                0x1800a044       0x58 C:/Program Files (x86)/Arm GNU Toolchain arm-none-eabi/13.3 rel1/bin/../lib/gcc/arm-none-eabi/13.3.1/thumb/v7-a+fp/hard\libgcc.a(unwind-arm.o)
 .text._Unwind_decode_typeinfo_ptr.constprop.0
                0x1800a09c        0xc C:/Program Files (x86)/Arm GNU Toolchain arm-none-eabi/13.3 rel1/bin/../lib/gcc/arm-none-eabi/13.3.1/thumb/v7-a+fp/hard\libgcc.a(unwind-arm.o)
 .text._Unwind_DebugHook
                0x1800a0a8        0x4 C:/Program Files (x86)/Arm GNU Toolchain arm-none-eabi/13.3 rel1/bin/../lib/gcc/arm-none-eabi/13.3.1/thumb/v7-a+fp/hard\libgcc.a(unwind-arm.o)
 .text.unwind_phase2
                0x1800a0ac       0x3c C:/Program Files (x86)/Arm GNU Toolchain arm-none-eabi/13.3 rel1/bin/../lib/gcc/arm-none-eabi/13.3.1/thumb/v7-a+fp/hard\libgcc.a(unwind-arm.o)
 .text.unwind_phase2_forced
                0x1800a0e8       0xd4 C:/Program Files (x86)/Arm GNU Toolchain arm-none-eabi/13.3 rel1/bin/../lib/gcc/arm-none-eabi/13.3.1/thumb/v7-a+fp/hard\libgcc.a(unwind-arm.o)
 .text.__gnu_Unwind_RaiseException
                0x1800a1bc       0x68 C:/Program Files (x86)/Arm GNU Toolchain arm-none-eabi/13.3 rel1/bin/../lib/gcc/arm-none-eabi/13.3.1/thumb/v7-a+fp/hard\libgcc.a(unwind-arm.o)
                0x1800a1bc                __gnu_Unwind_RaiseException
 .text.__gnu_Unwind_ForcedUnwind
                0x1800a224       0x14 C:/Program Files (x86)/Arm GNU Toolchain arm-none-eabi/13.3 rel1/bin/../lib/gcc/arm-none-eabi/13.3.1/thumb/v7-a+fp/hard\libgcc.a(unwind-arm.o)
                0x1800a224                __gnu_Unwind_ForcedUnwind
 .text.__gnu_Unwind_Resume
                0x1800a238       0x44 C:/Program Files (x86)/Arm GNU Toolchain arm-none-eabi/13.3 rel1/bin/../lib/gcc/arm-none-eabi/13.3.1/thumb/v7-a+fp/hard\libgcc.a(unwind-arm.o)
                0x1800a238                __gnu_Unwind_Resume
 .text.__gnu_Unwind_Resume_or_Rethrow
                0x1800a27c       0x18 C:/Program Files (x86)/Arm GNU Toolchain arm-none-eabi/13.3 rel1/bin/../lib/gcc/arm-none-eabi/13.3.1/thumb/v7-a+fp/hard\libgcc.a(unwind-arm.o)
                0x1800a27c                __gnu_Unwind_Resume_or_Rethrow
 .text._Unwind_VRS_Get
                0x1800a294       0x38 C:/Program Files (x86)/Arm GNU Toolchain arm-none-eabi/13.3 rel1/bin/../lib/gcc/arm-none-eabi/13.3.1/thumb/v7-a+fp/hard\libgcc.a(unwind-arm.o)
                0x1800a294                _Unwind_VRS_Get
 .text._Unwind_GetGR
                0x1800a2cc       0x18 C:/Program Files (x86)/Arm GNU Toolchain arm-none-eabi/13.3 rel1/bin/../lib/gcc/arm-none-eabi/13.3.1/thumb/v7-a+fp/hard\libgcc.a(unwind-arm.o)
 .text._Unwind_VRS_Set
                0x1800a2e4       0x38 C:/Program Files (x86)/Arm GNU Toolchain arm-none-eabi/13.3 rel1/bin/../lib/gcc/arm-none-eabi/13.3.1/thumb/v7-a+fp/hard\libgcc.a(unwind-arm.o)
                0x1800a2e4                _Unwind_VRS_Set
 .text._Unwind_SetGR
                0x1800a31c       0x18 C:/Program Files (x86)/Arm GNU Toolchain arm-none-eabi/13.3 rel1/bin/../lib/gcc/arm-none-eabi/13.3.1/thumb/v7-a+fp/hard\libgcc.a(unwind-arm.o)
 .text.__gnu_Unwind_Backtrace
                0x1800a334       0x7c C:/Program Files (x86)/Arm GNU Toolchain arm-none-eabi/13.3 rel1/bin/../lib/gcc/arm-none-eabi/13.3.1/thumb/v7-a+fp/hard\libgcc.a(unwind-arm.o)
                0x1800a334                __gnu_Unwind_Backtrace
 .text.__gnu_unwind_pr_common
                0x1800a3b0      0x2d0 C:/Program Files (x86)/Arm GNU Toolchain arm-none-eabi/13.3 rel1/bin/../lib/gcc/arm-none-eabi/13.3.1/thumb/v7-a+fp/hard\libgcc.a(unwind-arm.o)
 .text.__aeabi_unwind_cpp_pr0
                0x1800a680        0x8 C:/Program Files (x86)/Arm GNU Toolchain arm-none-eabi/13.3 rel1/bin/../lib/gcc/arm-none-eabi/13.3.1/thumb/v7-a+fp/hard\libgcc.a(unwind-arm.o)
                0x1800a680                __aeabi_unwind_cpp_pr0
 .text.__aeabi_unwind_cpp_pr1
                0x1800a688        0x8 C:/Program Files (x86)/Arm GNU Toolchain arm-none-eabi/13.3 rel1/bin/../lib/gcc/arm-none-eabi/13.3.1/thumb/v7-a+fp/hard\libgcc.a(unwind-arm.o)
                0x1800a688                __aeabi_unwind_cpp_pr1
 .text.__aeabi_unwind_cpp_pr2
                0x1800a690        0x8 C:/Program Files (x86)/Arm GNU Toolchain arm-none-eabi/13.3 rel1/bin/../lib/gcc/arm-none-eabi/13.3.1/thumb/v7-a+fp/hard\libgcc.a(unwind-arm.o)
                0x1800a690                __aeabi_unwind_cpp_pr2
 .text._Unwind_VRS_Pop
                0x1800a698      0x304 C:/Program Files (x86)/Arm GNU Toolchain arm-none-eabi/13.3 rel1/bin/../lib/gcc/arm-none-eabi/13.3.1/thumb/v7-a+fp/hard\libgcc.a(unwind-arm.o)
                0x1800a698                _Unwind_VRS_Pop
 .text.next_unwind_byte
                0x1800a99c       0x34 C:/Program Files (x86)/Arm GNU Toolchain arm-none-eabi/13.3 rel1/bin/../lib/gcc/arm-none-eabi/13.3.1/thumb/v7-a+fp/hard\libgcc.a(pr-support.o)
 .text.__gnu_unwind_execute
                0x1800a9d0      0x2fc C:/Program Files (x86)/Arm GNU Toolchain arm-none-eabi/13.3 rel1/bin/../lib/gcc/arm-none-eabi/13.3.1/thumb/v7-a+fp/hard\libgcc.a(pr-support.o)
                0x1800a9d0                __gnu_unwind_execute
 .text.abort    0x1800accc       0x10 C:/Program Files (x86)/Arm GNU Toolchain arm-none-eabi/13.3 rel1/bin/../lib/gcc/arm-none-eabi/13.3.1/thumb/v7-a+fp/hard\libg.a(libc_a-abort.o)
                0x1800accc                abort
 .text._malloc_r
                0x1800acdc      0x58c C:/Program Files (x86)/Arm GNU Toolchain arm-none-eabi/13.3 rel1/bin/../lib/gcc/arm-none-eabi/13.3.1/thumb/v7-a+fp/hard\libg.a(libc_a-mallocr.o)
                0x1800acdc                _malloc_r
 .text.__malloc_lock
                0x1800b268        0xc C:/Program Files (x86)/Arm GNU Toolchain arm-none-eabi/13.3 rel1/bin/../lib/gcc/arm-none-eabi/13.3.1/thumb/v7-a+fp/hard\libg.a(libc_a-mlock.o)
                0x1800b268                __malloc_lock
 .text.__malloc_unlock
                0x1800b274        0xc C:/Program Files (x86)/Arm GNU Toolchain arm-none-eabi/13.3 rel1/bin/../lib/gcc/arm-none-eabi/13.3.1/thumb/v7-a+fp/hard\libg.a(libc_a-mlock.o)
                0x1800b274                __malloc_unlock
 .text.vsnprintf
                0x1800b280       0x7c C:/Program Files (x86)/Arm GNU Toolchain arm-none-eabi/13.3 rel1/bin/../lib/gcc/arm-none-eabi/13.3.1/thumb/v7-a+fp/hard\libg.a(libc_a-vsnprintf.o)
                0x1800b280                vsnprintf
 .text.memset   0x1800b2fc       0xa8 C:/Program Files (x86)/Arm GNU Toolchain arm-none-eabi/13.3 rel1/bin/../lib/gcc/arm-none-eabi/13.3.1/thumb/v7-a+fp/hard\libg.a(libc_a-memset.o)
                0x1800b2fc                memset
 .text.raise    0x1800b3a4       0x5c C:/Program Files (x86)/Arm GNU Toolchain arm-none-eabi/13.3 rel1/bin/../lib/gcc/arm-none-eabi/13.3.1/thumb/v7-a+fp/hard\libg.a(libc_a-signal.o)
                0x1800b3a4                raise
 .text._kill_r  0x1800b400       0x2c C:/Program Files (x86)/Arm GNU Toolchain arm-none-eabi/13.3 rel1/bin/../lib/gcc/arm-none-eabi/13.3.1/thumb/v7-a+fp/hard\libg.a(libc_a-signalr.o)
                0x1800b400                _kill_r
 .text._getpid_r
                0x1800b42c        0x4 C:/Program Files (x86)/Arm GNU Toolchain arm-none-eabi/13.3 rel1/bin/../lib/gcc/arm-none-eabi/13.3.1/thumb/v7-a+fp/hard\libg.a(libc_a-signalr.o)
                0x1800b42c                _getpid_r